................[P57.JOBSET] RENDERED arm=zero path=/tmp/tmpgdz28rau/render/jobset-p57-frozenlake-zero-300.yaml
[P57.JOBSET] RENDERED arm=zero path=/tmp/tmp7ml8cseb/render/jobset-p57-frozenlake-zero-300.yaml
[P57.JOBSET] RENDERED arm=zero path=/tmp/tmp5fsktzlk/render/jobset-p57-frozenlake-zero-300.yaml
[P57.JOBSET] RENDERED arm=zero path=/tmp/tmpx00i_vwz/render/jobset-p57-frozenlake-zero-m15-main-300.yaml
[P57.CALIBRATION.JOBSET] RENDERED mode=stochastic path=/tmp/tmpebr0j54_/jobset-p57-frozenlake-calibration-stochastic.yaml
[P57.CALIBRATION.JOBSET] RENDERED mode=stochastic path=/tmp/tmpjdtsirce/jobset-p57-frozenlake-calibration-stochastic.yaml
[P57.CALIBRATION.JOBSET] RENDERED mode=stochastic path=/tmp/tmpp36uxkzo/jobset-p57-frozenlake-calibration-stochastic.yaml
[P57.CALIBRATION.JOBSET] RENDERED mode=stochastic path=/tmp/tmp_odnf1jz/rendered/jobset-p57-frozenlake-calibration-stochastic.yaml
[P57.JOBSET] RENDERED arm=zero path=/tmp/tmpfka0pzbh/jobset-p57-frozenlake-zero-300.yaml
[P57.CALIBRATION.JOBSET] RENDERED mode=stochastic path=/tmp/tmpowvdmwgs/good/jobset-p57-frozenlake-calibration-stochastic.yaml
[P57.CALIBRATION.JOBSET] RENDERED mode=stochastic path=/tmp/tmp83hw6502/good/jobset-p57-frozenlake-calibration-stochastic.yaml
[P57.STOCK] INTENT_PASS run_kind=train candidate=m15 split=selection fixed_lm_head=0
.......[P57.JOBSET] RENDERED arm=mismatch path=/tmp/tmpvlrpy00h/rendered/jobset-p57-frozenlake-mismatch-m15-selection-200.yaml
[P57.JOBSET] RENDERED arm=mismatch path=/tmp/tmpb3dcw_fu/eval-300/jobset-p57-frozenlake-mismatch-eval-300.yaml
[P57.JOBSET] RENDERED arm=mismatch path=/tmp/tmpmjzm_oav/rendered/jobset-p57-frozenlake-mismatch-300.yaml
[P57.STOCK] INTENT_PASS run_kind=train candidate=m15 split=selection fixed_lm_head=0
..[P57.JOBSET] RENDERED arm=mismatch path=/tmp/tmpbkxm58ik/jobset-p57-frozenlake-mismatch-m15-selection-200.yaml
[P57.JOBSET] RENDERED arm=mismatch path=/tmp/tmpyy_86ri3/jobset-p57-frozenlake-mismatch-m15-main-300.yaml
[P57.STOCK] INTENT_PASS run_kind=train candidate=m15 split=selection fixed_lm_head=0
[P57.JOBSET] RENDERED arm=mismatch path=/tmp/tmpkppg1p6d/train/jobset-p57-frozenlake-mismatch-m15-selection-200.yaml
[P57.STOCK] INTENT_PASS run_kind=eval candidate=m15 split=selection fixed_lm_head=0
.[P57.JOBSET] RENDERED arm=mismatch path=/tmp/tmpkppg1p6d/eval/jobset-p57-frozenlake-mismatch-m15-selection-eval-0.yaml
[P57.STOCK] INTENT_PASS run_kind=train candidate=m15 split=selection fixed_lm_head=0
........................................[P57.JOBSET] RENDERED arm=mismatch path=/tmp/tmp81m0_2nt/jobset-p57-frozenlake-mismatch-m15-selection-200.yaml
[P57.JOBSET] RENDERED arm=mismatch path=/tmp/tmppzve5tbw/p45-mismatch/jobset-p57-frozenlake-mismatch-300.yaml
[P57.JOBSET] RENDERED arm=is path=/tmp/tmppzve5tbw/p45-is/jobset-p57-frozenlake-is-300.yaml
[P57.JOBSET] RENDERED arm=zero path=/tmp/tmppzve5tbw/p45-zero/jobset-p57-frozenlake-zero-300.yaml
[P57.JOBSET] RENDERED arm=mismatch path=/tmp/tmppzve5tbw/m15-mismatch/jobset-p57-frozenlake-mismatch-m15-main-300.yaml
[P57.JOBSET] RENDERED arm=is path=/tmp/tmppzve5tbw/m15-is/jobset-p57-frozenlake-is-m15-main-300.yaml
[P57.JOBSET] RENDERED arm=zero path=/tmp/tmppzve5tbw/m15-zero/jobset-p57-frozenlake-zero-m15-main-300.yaml
P57_INPROCESS_EVAL_CLASSIFIER_PASS steps=7
.........................[CANON_ALIGN_PRE_JSON] {"N_action":3,"action_geometry":{"max_logical_kv_prefix_length":2,"min_logical_kv_prefix_length":0,"rows_reaching_1686":0,"valid":true},"admission_policy":{"bounded_ab_only":false,"byte_fraction_limit":null,"claim_level":"convergence-only","enabled":true,"id":"frozenlake-full-alignment-warning-v1","max_abs_limit":null,"stage":"full","warning_boundaries":["S_decode_vs_S_prefill"],"warning_items":["S_decode_vs_S_prefill","w_all_exactly_1","wr_all_exactly_1","clip_hits","tis_hits"],"warning_only":true,"workload":"frozenlake"},"all_compact_filtered":false,"blocking_reds":["S_prefill_vs_T_old"],"boundaries":{"S_decode_vs_S_prefill":{"byte_fraction":0.0,"differing_bytes":0,"differing_elements":0,"element_fraction":0.0,"finite":true,"first_mismatch":null,"max_abs":0.0,"max_abs_mismatch":null,"mismatches":[],"mismatches_truncated":false,"reported_mismatches":0,"total_bytes":12,"total_elements":3,"valid":true},"S_prefill_vs_T_old":{"byte_fraction":0.25,"differing_bytes":3,"differing_elements":1,"element_fraction":0.3333333333333333,"finite":true,"first_mismatch":{"a":0.25,"a_bits":"0x3e800000","abs_delta":0.19999998807907104,"action_run_end":false,"action_run_start":false,"b":0.44999998807907104,"b_bits":"0x3ee66666","completion_chunk_index":0,"completion_position":1,"completion_valid_length":3,"coordinate":[0,1],"differing_byte_offsets":[0,1,2],"distance_to_next_sequence_chunk":255,"logical_kv_prefix_length":1,"masked_index":1,"offset_in_action_run":1,"offset_in_sequence_chunk":1,"previous_token_is_environment":false,"prompt_length":0,"sequence_chunk_index":0,"sequence_row":0,"token_id":11,"turn_index":0,"ulp_distance":6710886,"xor_bits":"0x00666666"},"max_abs":0.19999998807907104,"max_abs_mismatch":{"a":0.25,"a_bits":"0x3e800000","abs_delta":0.19999998807907104,"action_run_end":false,"action_run_start":false,"b":0.44999998807907104,"b_bits":"0x3ee66666","completion_chunk_index":0,"completion_position":1,"completion_valid_length":3,"coordinate":[0,1],"differing_byte_offsets":[0,1,2],"distance_to_next_sequence_chunk":255,"logical_kv_prefix_length":1,"masked_index":1,"offset_in_action_run":1,"offset_in_sequence_chunk":1,"previous_token_is_environment":false,"prompt_length":0,"sequence_chunk_index":0,"sequence_row":0,"token_id":11,"turn_index":0,"ulp_distance":6710886,"xor_bits":"0x00666666"},"mismatches":[{"a":0.25,"a_bits":"0x3e800000","abs_delta":0.19999998807907104,"action_run_end":false,"action_run_start":false,"b":0.44999998807907104,"b_bits":"0x3ee66666","completion_chunk_index":0,"completion_position":1,"completion_valid_length":3,"coordinate":[0,1],"differing_byte_offsets":[0,1,2],"distance_to_next_sequence_chunk":255,"logical_kv_prefix_length":1,"masked_index":1,"offset_in_action_run":1,"offset_in_sequence_chunk":1,"previous_token_is_environment":false,"prompt_length":0,"sequence_chunk_index":0,"sequence_row":0,"token_id":11,"turn_index":0,"ulp_distance":6710886,"xor_bits":"0x00666666"}],"mismatches_truncated":false,"reported_mismatches":1,"total_bytes":12,"total_elements":3,"valid":true}},"context":{"bucket":"","mesh":"","run_stage":"full","source":"VllmRollout.get_prefill_rescore_logps"},"hashes":{"S_decode":"0e46b0f0450941b9cf7ce388df558a92c5d042dae3f9a46a64c946ea56f25415","S_prefill":"0e46b0f0450941b9cf7ce388df558a92c5d042dae3f9a46a64c946ea56f25415","T_old":"af43808a133cce38bb959475eaec59bac18f68f11ce1c1756cb4c49d80cfa408","action_mask":"75c8fd04ad916aec3e3d5cb76a452b116b3d4d0912a0a485e9fb8e3d240e210c","policy_version":"df3f619804a92fdb4057192dc43dd748ea778adc52bc498ce80524c014b81119","tokens":"a56d6bbbe254a23749343fb727e7f348b719bc6314763d6a792843e2f7c466ee"},"masked_hashes":{"S_decode":"0e46b0f0450941b9cf7ce388df558a92c5d042dae3f9a46a64c946ea56f25415","S_prefill":"0e46b0f0450941b9cf7ce388df558a92c5d042dae3f9a46a64c946ea56f25415","T_old":"af43808a133cce38bb959475eaec59bac18f68f11ce1c1756cb4c49d80cfa408"},"no_signal_admitted":false,"reds":["S_prefill_vs_T_old"],"reported_reds":[],"step":0,"timestamp":1788772320.3110685,"verdict":"FAIL","warning_reds":[]}
[CANON_ALIGN_PRE_EVIDENCE] path=/tmp/tmppr_6zlxb/pre.jsonl sha256=6c330be93c0d05081b6069341e18e9e1b7ee65349a86ded3e53de18369289ac7
[CANON_ALIGN_PRE] step=0 verdict=FAIL N_action=3 bounds=[('S_decode_vs_S_prefill', 0), ('S_prefill_vs_T_old', 3)]
[CANON_ALIGN_PRE_JSON] {"N_action":3,"action_geometry":{"max_logical_kv_prefix_length":2,"min_logical_kv_prefix_length":0,"rows_reaching_1686":0,"valid":true},"admission_policy":{"bounded_ab_only":false,"byte_fraction_limit":null,"claim_level":"convergence-only","enabled":true,"id":"frozenlake-full-alignment-warning-v1","max_abs_limit":null,"stage":"full","warning_boundaries":["S_decode_vs_S_prefill"],"warning_items":["S_decode_vs_S_prefill","w_all_exactly_1","wr_all_exactly_1","clip_hits","tis_hits"],"warning_only":true,"workload":"frozenlake"},"all_compact_filtered":false,"blocking_reds":["S_decode_vs_S_prefill"],"boundaries":{"S_decode_vs_S_prefill":{"byte_fraction":0.16666666666666666,"differing_bytes":2,"differing_elements":1,"element_fraction":0.3333333333333333,"finite":false,"first_mismatch":{"a":"nan","a_bits":"0x7fc00000","abs_delta":"nan","action_run_end":false,"action_run_start":false,"b":0.25,"b_bits":"0x3e800000","completion_chunk_index":0,"completion_position":1,"completion_valid_length":3,"coordinate":[0,1],"differing_byte_offsets":[2,3],"distance_to_next_sequence_chunk":255,"logical_kv_prefix_length":1,"masked_index":1,"offset_in_action_run":1,"offset_in_sequence_chunk":1,"previous_token_is_environment":false,"prompt_length":0,"sequence_chunk_index":0,"sequence_row":0,"token_id":11,"turn_index":0,"ulp_distance":null,"xor_bits":"0x41400000"},"max_abs":"nan","max_abs_mismatch":{"a":"nan","a_bits":"0x7fc00000","abs_delta":"nan","action_run_end":false,"action_run_start":false,"b":0.25,"b_bits":"0x3e800000","completion_chunk_index":0,"completion_position":1,"completion_valid_length":3,"coordinate":[0,1],"differing_byte_offsets":[2,3],"distance_to_next_sequence_chunk":255,"logical_kv_prefix_length":1,"masked_index":1,"offset_in_action_run":1,"offset_in_sequence_chunk":1,"previous_token_is_environment":false,"prompt_length":0,"sequence_chunk_index":0,"sequence_row":0,"token_id":11,"turn_index":0,"ulp_distance":null,"xor_bits":"0x41400000"},"mismatches":[{"a":"nan","a_bits":"0x7fc00000","abs_delta":"nan","action_run_end":false,"action_run_start":false,"b":0.25,"b_bits":"0x3e800000","completion_chunk_index":0,"completion_position":1,"completion_valid_length":3,"coordinate":[0,1],"differing_byte_offsets":[2,3],"distance_to_next_sequence_chunk":255,"logical_kv_prefix_length":1,"masked_index":1,"offset_in_action_run":1,"offset_in_sequence_chunk":1,"previous_token_is_environment":false,"prompt_length":0,"sequence_chunk_index":0,"sequence_row":0,"token_id":11,"turn_index":0,"ulp_distance":null,"xor_bits":"0x41400000"}],"mismatches_truncated":false,"reported_mismatches":1,"total_bytes":12,"total_elements":3,"valid":true},"S_prefill_vs_T_old":{"byte_fraction":0.0,"differing_bytes":0,"differing_elements":0,"element_fraction":0.0,"finite":true,"first_mismatch":null,"max_abs":0.0,"max_abs_mismatch":null,"mismatches":[],"mismatches_truncated":false,"reported_mismatches":0,"total_bytes":12,"total_elements":3,"valid":true}},"context":{"bucket":"","mesh":"","run_stage":"full","source":"VllmRollout.get_prefill_rescore_logps"},"hashes":{"S_decode":"86bb4dbfd9d34a28f7559d8c2773bf54ccfe5c7500a5b5c59fd3b4ef8a754a1a","S_prefill":"0e46b0f0450941b9cf7ce388df558a92c5d042dae3f9a46a64c946ea56f25415","T_old":"0e46b0f0450941b9cf7ce388df558a92c5d042dae3f9a46a64c946ea56f25415","action_mask":"75c8fd04ad916aec3e3d5cb76a452b116b3d4d0912a0a485e9fb8e3d240e210c","policy_version":"df3f619804a92fdb4057192dc43dd748ea778adc52bc498ce80524c014b81119","tokens":"a56d6bbbe254a23749343fb727e7f348b719bc6314763d6a792843e2f7c466ee"},"masked_hashes":{"S_decode":"86bb4dbfd9d34a28f7559d8c2773bf54ccfe5c7500a5b5c59fd3b4ef8a754a1a","S_prefill":"0e46b0f0450941b9cf7ce388df558a92c5d042dae3f9a46a64c946ea56f25415","T_old":"0e46b0f0450941b9cf7ce388df558a92c5d042dae3f9a46a64c946ea56f25415"},"no_signal_admitted":false,"reds":["S_decode_vs_S_prefill"],"reported_reds":[],"step":0,"timestamp":1788772320.3157024,"verdict":"FAIL","warning_reds":[]}
[CANON_ALIGN_PRE_EVIDENCE] path=/tmp/tmpkgz8w3w3/pre.jsonl sha256=0f7106d5b0e467410efea3c97ed61ece8c300531c5b2e519d05c1d20f1b8b34b
[CANON_ALIGN_PRE] step=0 verdict=FAIL N_action=3 bounds=[('S_decode_vs_S_prefill', 2), ('S_prefill_vs_T_old', 0)]
...[CANON_ALIGN_PRE_JSON] {"N_action":3,"action_geometry":{"max_logical_kv_prefix_length":2,"min_logical_kv_prefix_length":0,"rows_reaching_1686":0,"valid":true},"admission_policy":{"bounded_ab_only":false,"byte_fraction_limit":null,"claim_level":"convergence-only","enabled":true,"id":"frozenlake-full-alignment-warning-v1","max_abs_limit":null,"stage":"full","warning_boundaries":["S_decode_vs_S_prefill"],"warning_items":["S_decode_vs_S_prefill","w_all_exactly_1","wr_all_exactly_1","clip_hits","tis_hits"],"warning_only":true,"workload":"frozenlake"},"all_compact_filtered":false,"blocking_reds":[],"boundaries":{"S_decode_vs_S_prefill":{"byte_fraction":0.25,"differing_bytes":3,"differing_elements":1,"element_fraction":0.3333333333333333,"finite":true,"first_mismatch":{"a":0.3499999940395355,"a_bits":"0x3eb33333","abs_delta":0.09999999403953552,"action_run_end":false,"action_run_start":false,"b":0.25,"b_bits":"0x3e800000","completion_chunk_index":0,"completion_position":1,"completion_valid_length":3,"coordinate":[0,1],"differing_byte_offsets":[0,1,2],"distance_to_next_sequence_chunk":255,"logical_kv_prefix_length":1,"masked_index":1,"offset_in_action_run":1,"offset_in_sequence_chunk":1,"previous_token_is_environment":false,"prompt_length":0,"sequence_chunk_index":0,"sequence_row":0,"token_id":11,"turn_index":0,"ulp_distance":3355443,"xor_bits":"0x00333333"},"max_abs":0.09999999403953552,"max_abs_mismatch":{"a":0.3499999940395355,"a_bits":"0x3eb33333","abs_delta":0.09999999403953552,"action_run_end":false,"action_run_start":false,"b":0.25,"b_bits":"0x3e800000","completion_chunk_index":0,"completion_position":1,"completion_valid_length":3,"coordinate":[0,1],"differing_byte_offsets":[0,1,2],"distance_to_next_sequence_chunk":255,"logical_kv_prefix_length":1,"masked_index":1,"offset_in_action_run":1,"offset_in_sequence_chunk":1,"previous_token_is_environment":false,"prompt_length":0,"sequence_chunk_index":0,"sequence_row":0,"token_id":11,"turn_index":0,"ulp_distance":3355443,"xor_bits":"0x00333333"},"mismatches":[{"a":0.3499999940395355,"a_bits":"0x3eb33333","abs_delta":0.09999999403953552,"action_run_end":false,"action_run_start":false,"b":0.25,"b_bits":"0x3e800000","completion_chunk_index":0,"completion_position":1,"completion_valid_length":3,"coordinate":[0,1],"differing_byte_offsets":[0,1,2],"distance_to_next_sequence_chunk":255,"logical_kv_prefix_length":1,"masked_index":1,"offset_in_action_run":1,"offset_in_sequence_chunk":1,"previous_token_is_environment":false,"prompt_length":0,"sequence_chunk_index":0,"sequence_row":0,"token_id":11,"turn_index":0,"ulp_distance":3355443,"xor_bits":"0x00333333"}],"mismatches_truncated":false,"reported_mismatches":1,"total_bytes":12,"total_elements":3,"valid":true},"S_prefill_vs_T_old":{"byte_fraction":0.0,"differing_bytes":0,"differing_elements":0,"element_fraction":0.0,"finite":true,"first_mismatch":null,"max_abs":0.0,"max_abs_mismatch":null,"mismatches":[],"mismatches_truncated":false,"reported_mismatches":0,"total_bytes":12,"total_elements":3,"valid":true}},"context":{"bucket":"","mesh":"","run_stage":"full","source":"VllmRollout.get_prefill_rescore_logps"},"hashes":{"S_decode":"a0263baf472490746da250e51d9850fd3d68d16cd43822919760438ee97da945","S_prefill":"0e46b0f0450941b9cf7ce388df558a92c5d042dae3f9a46a64c946ea56f25415","T_old":"0e46b0f0450941b9cf7ce388df558a92c5d042dae3f9a46a64c946ea56f25415","action_mask":"75c8fd04ad916aec3e3d5cb76a452b116b3d4d0912a0a485e9fb8e3d240e210c","policy_version":"df3f619804a92fdb4057192dc43dd748ea778adc52bc498ce80524c014b81119","tokens":"a56d6bbbe254a23749343fb727e7f348b719bc6314763d6a792843e2f7c466ee"},"masked_hashes":{"S_decode":"a0263baf472490746da250e51d9850fd3d68d16cd43822919760438ee97da945","S_prefill":"0e46b0f0450941b9cf7ce388df558a92c5d042dae3f9a46a64c946ea56f25415","T_old":"0e46b0f0450941b9cf7ce388df558a92c5d042dae3f9a46a64c946ea56f25415"},"no_signal_admitted":false,"reds":["S_decode_vs_S_prefill"],"reported_reds":[],"step":0,"timestamp":1788772320.3199902,"verdict":"PASS_WITH_ALIGNMENT_WARNINGS","warning_reds":["S_decode_vs_S_prefill"]}
[CANON_ALIGN_PRE_EVIDENCE] path=/tmp/tmp72xh8lyv/pre.jsonl sha256=3d98ddf4830465df750527193d806ec6841f30518b3d070ab60762e9d1b70c15
[CANON_ALIGN_PRE] step=0 verdict=PASS_WITH_ALIGNMENT_WARNINGS N_action=3 bounds=[('S_decode_vs_S_prefill', 3), ('S_prefill_vs_T_old', 0)]
[CANON_ALIGN_WARNING] boundary=pre_backward step=0 warnings=['S_decode_vs_S_prefill']
..[P57.TITO.UPDATE_SIDECAR] PASS step=0 rows=1 bytes=6084 logical_bytes=133 write_seconds=0.002145 sha256=d632cadf8e4977bed0c3f7b8eb4b255450695537e3a02dcee0198ef3b5f7f6f7 path=/tmp/tmpnjst1qhg/p57_tito_witness/update-sidecars/step-000000.npz
[CANON_ALIGN_PRE_JSON] {"N_action":3,"action_geometry":{"max_logical_kv_prefix_length":2,"min_logical_kv_prefix_length":0,"rows_reaching_1686":0,"valid":true},"admission_policy":{"bounded_ab_only":false,"byte_fraction_limit":null,"claim_level":"convergence-only","enabled":true,"id":"frozenlake-full-alignment-warning-v1","max_abs_limit":null,"stage":"full","warning_boundaries":["S_decode_vs_S_prefill"],"warning_items":["S_decode_vs_S_prefill","w_all_exactly_1","wr_all_exactly_1","clip_hits","tis_hits"],"warning_only":true,"workload":"frozenlake"},"all_compact_filtered":false,"blocking_reds":[],"boundaries":{"S_decode_vs_S_prefill":{"byte_fraction":0.0,"differing_bytes":0,"differing_elements":0,"element_fraction":0.0,"finite":true,"first_mismatch":null,"max_abs":0.0,"max_abs_mismatch":null,"mismatches":[],"mismatches_truncated":false,"reported_mismatches":0,"total_bytes":12,"total_elements":3,"valid":true},"S_prefill_vs_T_old":{"byte_fraction":0.0,"differing_bytes":0,"differing_elements":0,"element_fraction":0.0,"finite":true,"first_mismatch":null,"max_abs":0.0,"max_abs_mismatch":null,"mismatches":[],"mismatches_truncated":false,"reported_mismatches":0,"total_bytes":12,"total_elements":3,"valid":true}},"context":{"bucket":"","mesh":"","run_stage":"full","source":"VllmRollout.get_prefill_rescore_logps"},"hashes":{"S_decode":"0e46b0f0450941b9cf7ce388df558a92c5d042dae3f9a46a64c946ea56f25415","S_prefill":"0e46b0f0450941b9cf7ce388df558a92c5d042dae3f9a46a64c946ea56f25415","T_old":"0e46b0f0450941b9cf7ce388df558a92c5d042dae3f9a46a64c946ea56f25415","action_mask":"75c8fd04ad916aec3e3d5cb76a452b116b3d4d0912a0a485e9fb8e3d240e210c","policy_version":"df3f619804a92fdb4057192dc43dd748ea778adc52bc498ce80524c014b81119","tokens":"a56d6bbbe254a23749343fb727e7f348b719bc6314763d6a792843e2f7c466ee"},"masked_hashes":{"S_decode":"0e46b0f0450941b9cf7ce388df558a92c5d042dae3f9a46a64c946ea56f25415","S_prefill":"0e46b0f0450941b9cf7ce388df558a92c5d042dae3f9a46a64c946ea56f25415","T_old":"0e46b0f0450941b9cf7ce388df558a92c5d042dae3f9a46a64c946ea56f25415"},"no_signal_admitted":false,"reds":[],"reported_reds":[],"step":0,"timestamp":1788772320.323415,"tito_update_sidecar":{"bytes":6084,"logical_bytes":133,"path":"/tmp/tmpnjst1qhg/p57_tito_witness/update-sidecars/step-000000.npz","rows":1,"schema":"canon.p57-tito-update-sidecar-receipt.v1","sha256":"d632cadf8e4977bed0c3f7b8eb4b255450695537e3a02dcee0198ef3b5f7f6f7","step":0,"write_seconds":0.002144866972230375},"verdict":"PASS","warning_reds":[]}
[CANON_ALIGN_PRE_EVIDENCE] path=/tmp/tmpnjst1qhg/pre.jsonl sha256=d07048441f12d7b580079c5f7a19b1608c648b23a736310ec57fd510c1da985f
[CANON_ALIGN_PRE] step=0 verdict=PASS N_action=3 bounds=[('S_decode_vs_S_prefill', 0), ('S_prefill_vs_T_old', 0)]
.[P57.TITO.ACTOR_SNAPSHOT_REQUEST] PASS step=0 categories=first-any max_abs=0.2 sha256=9aae2a467a62a6b273d7baf0b55ee2f70ca6b7b24fdb3d90c1cb1dd5f857b088 path=/tmp/tmpnifpavm6/p57_tito_witness/actor-snapshot-requests/step-000000.json
[P57.TITO.ACTOR_SNAPSHOT_REQUEST] PASS step=1 categories=first-ge-1 max_abs=2.0 sha256=539d3dfe20869b5aaa7493ae636500e18134ef433c227f8f325771f2378b8429 path=/tmp/tmpnifpavm6/p57_tito_witness/actor-snapshot-requests/step-000001.json
[P57.TITO.ACTOR_SNAPSHOT_REQUEST] PASS step=2 categories=first-ge-8 max_abs=9.0 sha256=d0bdce0bafb957a1d0d48927413bdb6a77bbf6eae425add5d5d4c3f1e147aaa7 path=/tmp/tmpnifpavm6/p57_tito_witness/actor-snapshot-requests/step-000002.json
[P57.TITO.ACTOR_SNAPSHOT_REQUEST] PASS step=3 categories=first-ge-32 max_abs=33.0 sha256=c96fe8f37ddf59db8d73d4619e06ad174419099701fa00e26b22576a2454969c path=/tmp/tmpnifpavm6/p57_tito_witness/actor-snapshot-requests/step-000003.json
.[P57.TITO.ACTOR_SNAPSHOT] status=PASS step=5 categories=first-any,first-ge-1,first-ge-8 optimizer_included=0 resumable=0 latest_step=5 save_seconds=0.000035 receipt_sha256=d4bd4263cae48311e50418fe7a93fe310e36cf3b9ad1c19f7e293facc63c2e5c
..............[P57.TITO.ORBAX_PROBE] PASS workload=p45 dp=8 tp=8 restored_equal=1 root_sha256=476845a21c2155330471259fca46b517a57ad8a327925ef9efc8b608ad9afb72
Traceback (most recent call last):
  File "/home/yuxuan/code_rl_repro/worktrees/p57_tito_pair_0902/tunix/rl/agentic/token_continuity.py", line 522, in run_tito_orbax_admission_probe
    raise RuntimeError("Orbax admission probe restore differs")
RuntimeError: Orbax admission probe restore differs
[P57.TITO.ORBAX_PROBE] FAIL workload=p45 dp=8 tp=8 restored_equal=0 root_sha256=476845a21c2155330471259fca46b517a57ad8a327925ef9efc8b608ad9afb72
.....[P57.TITO.SINGLE_WRITER] PASS workload=p45 dp=8 tp=8 pid=9 path=/tmp/tmpcgq84e53/p57_tito_witness/single-writer.json
.[P57.TITO.SINGLE_WRITER] PASS workload=p45 dp=1 tp=4 pid=9 path=/tmp/tmpghsj9pe9/p57_tito_witness/single-writer.json
..[P57.TITO.SINGLE_WRITER] PASS workload=p45 dp=1 tp=4 pid=9 path=/tmp/tmpyclmx9e8/p57_tito_witness/single-writer.json
[P57.TITO.FIRST_UPDATE_TOKEN_GATE] PASS step=0 rows=2 different_rows=0 continue_training=1
[P57.TITO.FIRST_UPDATE_TOKEN_GATE] OBSERVED_DIFFERENT step=0 rows=1 different_rows=1 continue_training=1
..........................................................................................................E..................
======================================================================
ERROR: test_p59_local_dp4_m1024_rejects_wrong_shapes_or_missing_reduction (canon-zero-tim.tests.p38_serving.test_fixed_lm_head_receipts.FixedLmHeadReceiptTest.test_p59_local_dp4_m1024_rejects_wrong_shapes_or_missing_reduction)
----------------------------------------------------------------------
Traceback (most recent call last):
  File "/home/yuxuan/code_rl_repro/worktrees/p57_tito_pair_0902/canon-zero-tim/tests/p38_serving/test_fixed_lm_head_receipts.py", line 299, in test_p59_local_dp4_m1024_rejects_wrong_shapes_or_missing_reduction
    receipts.classify(text, endpoint="untied_lm_head", hidden=4096,
    ~~~~~~~~~~~~~~~~~^^^^^^^^^^^^^^^^^^^^^^^^^^^^^^^^^^^^^^^^^^^^^^
                     tp_size=4, learner_m=1024, p59_local_dp_size=4)
                     ^^^^^^^^^^^^^^^^^^^^^^^^^^^^^^^^^^^^^^^^^^^^^^^
TypeError: classify() missing 1 required keyword-only argument: 'require_vjp'

----------------------------------------------------------------------
Ran 245 tests in 18.977s

FAILED (errors=1)
[P57.JOBSET] RENDERED arm=zero path=/tmp/tmpjjplhoyj/rendered/p45/jobset-p57-frozenlake-zero-tito-diagnostic.yaml
[P57.JOBSET] RENDERED arm=zero path=/tmp/tmpjjplhoyj/rendered/m15/jobset-p57-frozenlake-zero-m15-main-tito-diagnostic.yaml
[P57.JOBSET] RENDERED arm=zero path=/tmp/tmpjkw3u_gp/rendered/p45/jobset-p57-frozenlake-zero-tito-diagnostic.yaml
[P57.JOBSET] RENDERED arm=zero path=/tmp/tmpjkw3u_gp/rendered/m15/jobset-p57-frozenlake-zero-m15-main-tito-diagnostic.yaml
