=== P38s18r2 Main Learner Head Pod Traceback ===
[CANON_ALIGN_PRE_EVIDENCE] path=/tmp/canon-state/canon-p38-fl-stock-p38s18r2-10fe951f/pre_alignment.jsonl sha256=379beed1e45b38e2adf44235abe78d0a8083634fdb70e5bcb5a4597bb2993d43
[CANON_ALIGN_PRE] step=0 verdict=FAIL N_action=45559 bounds=[('S_decode_vs_S_prefill', 45), ('S_prefill_vs_T_old', 0)]
[CANON_P38] PRECHECK_ROUND_COMPLETE round=1/3 step=0 N_action=45559 verdict=FAIL a_b_differing_bytes=45 backward=0 optimizer_commits=0
[CANON_P38] ROUND_SEAL_REQUESTED round=0 request=/tmp/canon-state/canon-p38-fl-stock-p38s18r2-10fe951f/p38_round_seal_requests/round-000000.request
INFO 08-17 05:38:09 [loggers.py:273] Engine 000: Avg prompt throughput: 2092.3 tokens/s, Avg generation throughput: 1.2 tokens/s, Running: 0 reqs, Waiting: 0 reqs, GPU KV cache usage: 0.0%, Prefix cache hit rate: 0.0%
INFO 08-17 05:38:19 [loggers.py:273] Engine 000: Avg prompt throughput: 0.0 tokens/s, Avg generation throughput: 0.0 tokens/s, Running: 0 reqs, Waiting: 0 reqs, GPU KV cache usage: 0.0%, Prefix cache hit rate: 0.0%
[rank0]: Traceback (most recent call last):
[rank0]:   File "/app/examples/frozenlake/train_frozenlake_qwen3.py", line 1302, in <module>
[rank0]:     grpo_trainer.train(
[rank0]:   File "/app/tunix/rl/agentic/agentic_rl_learner.py", line 2202, in train
[rank0]:     train_examples = self._batch_to_train_example(
[rank0]:                      ^^^^^^^^^^^^^^^^^^^^^^^^^^^^^
[rank0]:   File "/app/tunix/rl/agentic/agentic_rl_learner.py", line 1871, in _batch_to_train_example
[rank0]:     return self._process_results(
[rank0]:            ^^^^^^^^^^^^^^^^^^^^^^
[rank0]:   File "/app/tunix/rl/agentic/agentic_grpo_learner.py", line 1447, in _process_results
[rank0]:     alignment.stop_after_diagnostic_precheck(precheck_record)
[rank0]:   File "/app/tunix/rl/alignment.py", line 334, in stop_after_diagnostic_precheck
[rank0]:     _seal_p38_diagnostic_round(round_index)
[rank0]:   File "/app/tunix/rl/alignment.py", line 194, in _seal_p38_diagnostic_round
[rank0]:     raise AlignmentGateError(
[rank0]: tunix.rl.alignment.AlignmentGateError: timed out waiting for P38 round 0 durability acknowledgement

=== P38s18r2 Background GCS Worker Sealing Log ===
[P38.GCS] ROUND_UPLOADED round=0 name=pre-alignment.jsonl bytes=26074
[P38.GCS] ROUND_UPLOADED round=0 name=request-journal.jsonl bytes=1971975
[P38.GCS] ROUND_UPLOADED round=0 name=run.log bytes=970127
[P38.GCS] ROUND_UPLOADED round=0 name=SHA256SUMS bytes=336822
[P38.GCS] ROUND_COMPLETE round=0 prefix=gs://yuxzhang-tunix-models/canon-zero-tim/evidence/p38/canon-p38-fl-stock-p38s18r2-10fe951f/attempt-0/rounds/000000 manifest_sha256=ce7df453259dd070472486e053dbb26b03dad7b6259784cde74da7fe9efe227e
[P38.GCS] LIVE_ROUND_PASS round=0 ack=/tmp/canon-state/canon-p38-fl-stock-p38s18r2-10fe951f/p38_round_seal_acks/round-000000.ack
