[P3_APC_CONFIG] enabled=0 workload=frozenlake reader=train_frozenlake_qwen3
[CANON_APC_M15_TARGET_CONTRACT] arm=off topology=DP8xTP8 workload=m15/main backward=0 optimizer_commits=0
2026-08-25 22:58:54 - INFO - [absl] [CANON_APC_M15_A_CONTRACT] prompt_logprobs=None logprobs=1 skip_reading_prefix_cache=False
[CANON_APC_M15_REPLAY_LEDGER] records=1 call=1 requests=1 bytes=625
INFO 08-25 22:59:15 [loggers.py:273] Engine 000: Avg prompt throughput: 895.2 tokens/s, Avg generation throughput: 2.5 tokens/s, Running: 16 reqs, Waiting: 240 reqs, GPU KV cache usage: 0.3%, Prefix cache hit rate: 0.0%
INFO 08-25 22:59:22 [loggers.py:273] Engine 000: Avg prompt throughput: 4587.4 tokens/s, Avg generation throughput: 64.7 tokens/s, Running: 49 reqs, Waiting: 207 reqs, GPU KV cache usage: 1.1%, Prefix cache hit rate: 0.0%
INFO 08-25 22:59:25 [loggers.py:273] Engine 000: Avg prompt throughput: 6976.3 tokens/s, Avg generation throughput: 127.7 tokens/s, Running: 64 reqs, Waiting: 192 reqs, GPU KV cache usage: 1.3%, Prefix cache hit rate: 0.0%
INFO 08-25 22:59:33 [loggers.py:273] Engine 000: Avg prompt throughput: 4492.5 tokens/s, Avg generation throughput: 162.2 tokens/s, Running: 96 reqs, Waiting: 160 reqs, GPU KV cache usage: 2.1%, Prefix cache hit rate: 0.0%
INFO 08-25 22:59:35 [loggers.py:273] Engine 000: Avg prompt throughput: 4255.9 tokens/s, Avg generation throughput: 223.1 tokens/s, Running: 102 reqs, Waiting: 153 reqs, GPU KV cache usage: 2.3%, Prefix cache hit rate: 0.0%
INFO 08-25 22:59:43 [loggers.py:273] Engine 000: Avg prompt throughput: 4278.1 tokens/s, Avg generation throughput: 248.4 tokens/s, Running: 123 reqs, Waiting: 131 reqs, GPU KV cache usage: 2.8%, Prefix cache hit rate: 0.0%
INFO 08-25 22:59:45 [loggers.py:273] Engine 000: Avg prompt throughput: 4876.3 tokens/s, Avg generation throughput: 269.8 tokens/s, Running: 129 reqs, Waiting: 127 reqs, GPU KV cache usage: 2.9%, Prefix cache hit rate: 0.0%
INFO 08-25 22:59:54 [loggers.py:273] Engine 000: Avg prompt throughput: 4890.4 tokens/s, Avg generation throughput: 323.5 tokens/s, Running: 146 reqs, Waiting: 107 reqs, GPU KV cache usage: 3.3%, Prefix cache hit rate: 0.0%
INFO 08-25 22:59:55 [loggers.py:273] Engine 000: Avg prompt throughput: 5391.7 tokens/s, Avg generation throughput: 336.0 tokens/s, Running: 151 reqs, Waiting: 104 reqs, GPU KV cache usage: 3.4%, Prefix cache hit rate: 0.0%
INFO 08-25 23:00:04 [loggers.py:273] Engine 000: Avg prompt throughput: 4415.5 tokens/s, Avg generation throughput: 367.8 tokens/s, Running: 158 reqs, Waiting: 95 reqs, GPU KV cache usage: 3.7%, Prefix cache hit rate: 0.0%
INFO 08-25 23:00:05 [loggers.py:273] Engine 000: Avg prompt throughput: 4108.8 tokens/s, Avg generation throughput: 286.4 tokens/s, Running: 162 reqs, Waiting: 92 reqs, GPU KV cache usage: 3.8%, Prefix cache hit rate: 0.0%
INFO 08-25 23:00:14 [loggers.py:273] Engine 000: Avg prompt throughput: 4431.2 tokens/s, Avg generation throughput: 377.0 tokens/s, Running: 157 reqs, Waiting: 90 reqs, GPU KV cache usage: 3.7%, Prefix cache hit rate: 0.0%
INFO 08-25 23:00:15 [loggers.py:273] Engine 000: Avg prompt throughput: 3785.6 tokens/s, Avg generation throughput: 278.5 tokens/s, Running: 160 reqs, Waiting: 90 reqs, GPU KV cache usage: 3.8%, Prefix cache hit rate: 0.0%
INFO 08-25 23:00:24 [loggers.py:273] Engine 000: Avg prompt throughput: 4522.4 tokens/s, Avg generation throughput: 340.5 tokens/s, Running: 146 reqs, Waiting: 95 reqs, GPU KV cache usage: 3.6%, Prefix cache hit rate: 0.0%
INFO 08-25 23:00:25 [loggers.py:273] Engine 000: Avg prompt throughput: 1377.6 tokens/s, Avg generation throughput: 297.0 tokens/s, Running: 144 reqs, Waiting: 99 reqs, GPU KV cache usage: 3.7%, Prefix cache hit rate: 0.0%
INFO 08-25 23:00:34 [loggers.py:273] Engine 000: Avg prompt throughput: 4520.1 tokens/s, Avg generation throughput: 287.2 tokens/s, Running: 134 reqs, Waiting: 104 reqs, GPU KV cache usage: 3.5%, Prefix cache hit rate: 0.0%
INFO 08-25 23:00:35 [loggers.py:273] Engine 000: Avg prompt throughput: 0.0 tokens/s, Avg generation throughput: 157.2 tokens/s, Running: 133 reqs, Waiting: 104 reqs, GPU KV cache usage: 3.5%, Prefix cache hit rate: 0.0%
INFO 08-25 23:00:44 [loggers.py:273] Engine 000: Avg prompt throughput: 4366.1 tokens/s, Avg generation throughput: 267.7 tokens/s, Running: 113 reqs, Waiting: 120 reqs, GPU KV cache usage: 3.1%, Prefix cache hit rate: 0.0%
INFO 08-25 23:00:45 [loggers.py:273] Engine 000: Avg prompt throughput: 11443.4 tokens/s, Avg generation throughput: 222.7 tokens/s, Running: 116 reqs, Waiting: 118 reqs, GPU KV cache usage: 3.1%, Prefix cache hit rate: 0.0%
INFO 08-25 23:00:54 [loggers.py:273] Engine 000: Avg prompt throughput: 4190.5 tokens/s, Avg generation throughput: 233.6 tokens/s, Running: 102 reqs, Waiting: 125 reqs, GPU KV cache usage: 2.8%, Prefix cache hit rate: 0.0%
INFO 08-25 23:00:55 [loggers.py:273] Engine 000: Avg prompt throughput: 0.0 tokens/s, Avg generation throughput: 0.0 tokens/s, Running: 102 reqs, Waiting: 125 reqs, GPU KV cache usage: 2.8%, Prefix cache hit rate: 0.0%
[CANON_APC_M15_REPLAY_LEDGER] records=256 call=256 requests=95 bytes=24170879
INFO 08-25 23:01:05 [loggers.py:273] Engine 000: Avg prompt throughput: 4868.6 tokens/s, Avg generation throughput: 221.0 tokens/s, Running: 98 reqs, Waiting: 125 reqs, GPU KV cache usage: 2.7%, Prefix cache hit rate: 0.0%
INFO 08-25 23:01:05 [loggers.py:273] Engine 000: Avg prompt throughput: 0.0 tokens/s, Avg generation throughput: 0.0 tokens/s, Running: 98 reqs, Waiting: 125 reqs, GPU KV cache usage: 2.7%, Prefix cache hit rate: 0.0%
INFO 08-25 23:01:15 [loggers.py:273] Engine 000: Avg prompt throughput: 4619.2 tokens/s, Avg generation throughput: 213.6 tokens/s, Running: 103 reqs, Waiting: 115 reqs, GPU KV cache usage: 2.9%, Prefix cache hit rate: 0.0%
INFO 08-25 23:01:15 [loggers.py:273] Engine 000: Avg prompt throughput: 0.0 tokens/s, Avg generation throughput: 322.7 tokens/s, Running: 102 reqs, Waiting: 116 reqs, GPU KV cache usage: 2.9%, Prefix cache hit rate: 0.0%
INFO 08-25 23:01:25 [loggers.py:273] Engine 000: Avg prompt throughput: 4603.9 tokens/s, Avg generation throughput: 217.2 tokens/s, Running: 102 reqs, Waiting: 111 reqs, GPU KV cache usage: 3.0%, Prefix cache hit rate: 0.0%
INFO 08-25 23:01:26 [loggers.py:273] Engine 000: Avg prompt throughput: 4860.0 tokens/s, Avg generation throughput: 278.8 tokens/s, Running: 96 reqs, Waiting: 111 reqs, GPU KV cache usage: 2.8%, Prefix cache hit rate: 0.0%
INFO 08-25 23:01:35 [loggers.py:273] Engine 000: Avg prompt throughput: 4252.9 tokens/s, Avg generation throughput: 203.2 tokens/s, Running: 95 reqs, Waiting: 114 reqs, GPU KV cache usage: 2.9%, Prefix cache hit rate: 0.0%
INFO 08-25 23:01:36 [loggers.py:273] Engine 000: Avg prompt throughput: 8575.6 tokens/s, Avg generation throughput: 239.4 tokens/s, Running: 98 reqs, Waiting: 113 reqs, GPU KV cache usage: 2.9%, Prefix cache hit rate: 0.0%
INFO 08-25 23:01:45 [loggers.py:273] Engine 000: Avg prompt throughput: 4166.0 tokens/s, Avg generation throughput: 191.3 tokens/s, Running: 91 reqs, Waiting: 115 reqs, GPU KV cache usage: 2.7%, Prefix cache hit rate: 0.0%
INFO 08-25 23:01:46 [loggers.py:273] Engine 000: Avg prompt throughput: 4223.5 tokens/s, Avg generation throughput: 248.0 tokens/s, Running: 90 reqs, Waiting: 113 reqs, GPU KV cache usage: 2.7%, Prefix cache hit rate: 0.0%
INFO 08-25 23:01:55 [loggers.py:273] Engine 000: Avg prompt throughput: 4522.0 tokens/s, Avg generation throughput: 188.1 tokens/s, Running: 89 reqs, Waiting: 116 reqs, GPU KV cache usage: 2.8%, Prefix cache hit rate: 0.0%
INFO 08-25 23:01:56 [loggers.py:273] Engine 000: Avg prompt throughput: 4762.9 tokens/s, Avg generation throughput: 212.0 tokens/s, Running: 91 reqs, Waiting: 113 reqs, GPU KV cache usage: 2.8%, Prefix cache hit rate: 0.0%
INFO 08-25 23:02:05 [loggers.py:273] Engine 000: Avg prompt throughput: 4555.2 tokens/s, Avg generation throughput: 185.0 tokens/s, Running: 84 reqs, Waiting: 117 reqs, GPU KV cache usage: 2.7%, Prefix cache hit rate: 0.0%
INFO 08-25 23:02:06 [loggers.py:273] Engine 000: Avg prompt throughput: 4727.8 tokens/s, Avg generation throughput: 213.3 tokens/s, Running: 85 reqs, Waiting: 115 reqs, GPU KV cache usage: 2.7%, Prefix cache hit rate: 0.0%
INFO 08-25 23:02:15 [loggers.py:273] Engine 000: Avg prompt throughput: 4807.0 tokens/s, Avg generation throughput: 184.5 tokens/s, Running: 83 reqs, Waiting: 109 reqs, GPU KV cache usage: 2.7%, Prefix cache hit rate: 0.0%
INFO 08-25 23:02:17 [loggers.py:273] Engine 000: Avg prompt throughput: 5098.3 tokens/s, Avg generation throughput: 178.4 tokens/s, Running: 82 reqs, Waiting: 113 reqs, GPU KV cache usage: 2.7%, Prefix cache hit rate: 0.0%
INFO 08-25 23:02:25 [loggers.py:273] Engine 000: Avg prompt throughput: 4286.6 tokens/s, Avg generation throughput: 167.6 tokens/s, Running: 80 reqs, Waiting: 110 reqs, GPU KV cache usage: 2.7%, Prefix cache hit rate: 0.0%
INFO 08-25 23:02:27 [loggers.py:273] Engine 000: Avg prompt throughput: 5151.9 tokens/s, Avg generation throughput: 205.7 tokens/s, Running: 81 reqs, Waiting: 107 reqs, GPU KV cache usage: 2.8%, Prefix cache hit rate: 0.0%
INFO 08-25 23:02:35 [loggers.py:273] Engine 000: Avg prompt throughput: 4611.9 tokens/s, Avg generation throughput: 172.4 tokens/s, Running: 79 reqs, Waiting: 103 reqs, GPU KV cache usage: 2.8%, Prefix cache hit rate: 0.0%
INFO 08-25 23:02:37 [loggers.py:273] Engine 000: Avg prompt throughput: 4192.9 tokens/s, Avg generation throughput: 179.5 tokens/s, Running: 77 reqs, Waiting: 103 reqs, GPU KV cache usage: 2.7%, Prefix cache hit rate: 0.0%
INFO 08-25 23:02:45 [loggers.py:273] Engine 000: Avg prompt throughput: 4752.7 tokens/s, Avg generation throughput: 171.9 tokens/s, Running: 82 reqs, Waiting: 99 reqs, GPU KV cache usage: 2.9%, Prefix cache hit rate: 0.0%
INFO 08-25 23:02:47 [loggers.py:273] Engine 000: Avg prompt throughput: 5843.3 tokens/s, Avg generation throughput: 182.0 tokens/s, Running: 86 reqs, Waiting: 94 reqs, GPU KV cache usage: 3.0%, Prefix cache hit rate: 0.0%
[CANON_APC_M15_REPLAY_LEDGER] records=512 call=512 requests=79 bytes=45668764
INFO 08-25 23:02:55 [loggers.py:273] Engine 000: Avg prompt throughput: 4342.0 tokens/s, Avg generation throughput: 167.6 tokens/s, Running: 79 reqs, Waiting: 100 reqs, GPU KV cache usage: 2.8%, Prefix cache hit rate: 0.0%
INFO 08-25 23:02:57 [loggers.py:273] Engine 000: Avg prompt throughput: 4386.6 tokens/s, Avg generation throughput: 181.5 tokens/s, Running: 78 reqs, Waiting: 98 reqs, GPU KV cache usage: 2.8%, Prefix cache hit rate: 0.0%
INFO 08-25 23:03:05 [loggers.py:273] Engine 000: Avg prompt throughput: 4248.1 tokens/s, Avg generation throughput: 161.5 tokens/s, Running: 79 reqs, Waiting: 94 reqs, GPU KV cache usage: 2.8%, Prefix cache hit rate: 0.0%
INFO 08-25 23:03:08 [loggers.py:273] Engine 000: Avg prompt throughput: 6458.1 tokens/s, Avg generation throughput: 193.2 tokens/s, Running: 82 reqs, Waiting: 89 reqs, GPU KV cache usage: 2.8%, Prefix cache hit rate: 0.0%
INFO 08-25 23:03:15 [loggers.py:273] Engine 000: Avg prompt throughput: 4063.6 tokens/s, Avg generation throughput: 164.0 tokens/s, Running: 79 reqs, Waiting: 89 reqs, GPU KV cache usage: 2.8%, Prefix cache hit rate: 0.0%
INFO 08-25 23:03:18 [loggers.py:273] Engine 000: Avg prompt throughput: 5194.2 tokens/s, Avg generation throughput: 181.9 tokens/s, Running: 81 reqs, Waiting: 87 reqs, GPU KV cache usage: 2.9%, Prefix cache hit rate: 0.0%
INFO 08-25 23:03:25 [loggers.py:273] Engine 000: Avg prompt throughput: 4424.8 tokens/s, Avg generation throughput: 159.7 tokens/s, Running: 78 reqs, Waiting: 88 reqs, GPU KV cache usage: 2.8%, Prefix cache hit rate: 0.0%
INFO 08-25 23:03:28 [loggers.py:273] Engine 000: Avg prompt throughput: 4709.2 tokens/s, Avg generation throughput: 191.2 tokens/s, Running: 81 reqs, Waiting: 84 reqs, GPU KV cache usage: 3.0%, Prefix cache hit rate: 0.0%
INFO 08-25 23:03:35 [loggers.py:273] Engine 000: Avg prompt throughput: 4389.6 tokens/s, Avg generation throughput: 164.4 tokens/s, Running: 77 reqs, Waiting: 82 reqs, GPU KV cache usage: 2.9%, Prefix cache hit rate: 0.0%
INFO 08-25 23:03:38 [loggers.py:273] Engine 000: Avg prompt throughput: 5361.0 tokens/s, Avg generation throughput: 177.4 tokens/s, Running: 81 reqs, Waiting: 76 reqs, GPU KV cache usage: 3.1%, Prefix cache hit rate: 0.0%
INFO 08-25 23:03:45 [loggers.py:273] Engine 000: Avg prompt throughput: 4431.7 tokens/s, Avg generation throughput: 155.9 tokens/s, Running: 76 reqs, Waiting: 78 reqs, GPU KV cache usage: 2.9%, Prefix cache hit rate: 0.0%
INFO 08-25 23:03:48 [loggers.py:273] Engine 000: Avg prompt throughput: 4777.4 tokens/s, Avg generation throughput: 173.3 tokens/s, Running: 73 reqs, Waiting: 77 reqs, GPU KV cache usage: 2.8%, Prefix cache hit rate: 0.0%
INFO 08-25 23:03:55 [loggers.py:273] Engine 000: Avg prompt throughput: 4749.2 tokens/s, Avg generation throughput: 150.7 tokens/s, Running: 72 reqs, Waiting: 77 reqs, GPU KV cache usage: 2.8%, Prefix cache hit rate: 0.0%
INFO 08-25 23:03:59 [loggers.py:273] Engine 000: Avg prompt throughput: 4088.0 tokens/s, Avg generation throughput: 152.2 tokens/s, Running: 73 reqs, Waiting: 77 reqs, GPU KV cache usage: 2.9%, Prefix cache hit rate: 0.0%
INFO 08-25 23:04:05 [loggers.py:273] Engine 000: Avg prompt throughput: 4696.1 tokens/s, Avg generation throughput: 145.9 tokens/s, Running: 70 reqs, Waiting: 74 reqs, GPU KV cache usage: 2.9%, Prefix cache hit rate: 0.0%
INFO 08-25 23:04:09 [loggers.py:273] Engine 000: Avg prompt throughput: 5347.9 tokens/s, Avg generation throughput: 154.8 tokens/s, Running: 68 reqs, Waiting: 73 reqs, GPU KV cache usage: 2.7%, Prefix cache hit rate: 0.0%
INFO 08-25 23:04:15 [loggers.py:273] Engine 000: Avg prompt throughput: 4308.9 tokens/s, Avg generation throughput: 138.7 tokens/s, Running: 63 reqs, Waiting: 77 reqs, GPU KV cache usage: 2.5%, Prefix cache hit rate: 0.0%
INFO 08-25 23:04:19 [loggers.py:273] Engine 000: Avg prompt throughput: 5551.7 tokens/s, Avg generation throughput: 143.4 tokens/s, Running: 68 reqs, Waiting: 71 reqs, GPU KV cache usage: 2.7%, Prefix cache hit rate: 0.0%
INFO 08-25 23:04:25 [loggers.py:273] Engine 000: Avg prompt throughput: 3384.7 tokens/s, Avg generation throughput: 148.7 tokens/s, Running: 68 reqs, Waiting: 67 reqs, GPU KV cache usage: 2.9%, Prefix cache hit rate: 0.0%
INFO 08-25 23:04:29 [loggers.py:273] Engine 000: Avg prompt throughput: 5958.5 tokens/s, Avg generation throughput: 137.8 tokens/s, Running: 64 reqs, Waiting: 71 reqs, GPU KV cache usage: 2.6%, Prefix cache hit rate: 0.0%
INFO 08-25 23:04:35 [loggers.py:273] Engine 000: Avg prompt throughput: 4363.1 tokens/s, Avg generation throughput: 128.9 tokens/s, Running: 65 reqs, Waiting: 69 reqs, GPU KV cache usage: 2.7%, Prefix cache hit rate: 0.0%
INFO 08-25 23:04:39 [loggers.py:273] Engine 000: Avg prompt throughput: 4716.0 tokens/s, Avg generation throughput: 145.9 tokens/s, Running: 65 reqs, Waiting: 67 reqs, GPU KV cache usage: 2.8%, Prefix cache hit rate: 0.0%
[CANON_APC_M15_REPLAY_LEDGER] records=768 call=768 requests=65 bytes=65539765
INFO 08-25 23:04:45 [loggers.py:273] Engine 000: Avg prompt throughput: 4872.0 tokens/s, Avg generation throughput: 135.1 tokens/s, Running: 65 reqs, Waiting: 63 reqs, GPU KV cache usage: 2.8%, Prefix cache hit rate: 0.0%
INFO 08-25 23:04:49 [loggers.py:273] Engine 000: Avg prompt throughput: 4365.9 tokens/s, Avg generation throughput: 141.8 tokens/s, Running: 67 reqs, Waiting: 62 reqs, GPU KV cache usage: 2.9%, Prefix cache hit rate: 0.0%
INFO 08-25 23:04:55 [loggers.py:273] Engine 000: Avg prompt throughput: 4766.3 tokens/s, Avg generation throughput: 134.5 tokens/s, Running: 68 reqs, Waiting: 58 reqs, GPU KV cache usage: 3.0%, Prefix cache hit rate: 0.0%
INFO 08-25 23:05:00 [loggers.py:273] Engine 000: Avg prompt throughput: 4663.9 tokens/s, Avg generation throughput: 153.2 tokens/s, Running: 69 reqs, Waiting: 59 reqs, GPU KV cache usage: 3.1%, Prefix cache hit rate: 0.0%
INFO 08-25 23:05:05 [loggers.py:273] Engine 000: Avg prompt throughput: 3711.4 tokens/s, Avg generation throughput: 128.2 tokens/s, Running: 69 reqs, Waiting: 59 reqs, GPU KV cache usage: 3.2%, Prefix cache hit rate: 0.0%
INFO 08-25 23:05:10 [loggers.py:273] Engine 000: Avg prompt throughput: 5515.7 tokens/s, Avg generation throughput: 138.4 tokens/s, Running: 65 reqs, Waiting: 62 reqs, GPU KV cache usage: 2.9%, Prefix cache hit rate: 0.0%
INFO 08-25 23:05:15 [loggers.py:273] Engine 000: Avg prompt throughput: 4372.3 tokens/s, Avg generation throughput: 125.5 tokens/s, Running: 63 reqs, Waiting: 61 reqs, GPU KV cache usage: 2.8%, Prefix cache hit rate: 0.0%
INFO 08-25 23:05:20 [loggers.py:273] Engine 000: Avg prompt throughput: 4267.4 tokens/s, Avg generation throughput: 126.8 tokens/s, Running: 60 reqs, Waiting: 64 reqs, GPU KV cache usage: 2.7%, Prefix cache hit rate: 0.0%
INFO 08-25 23:05:25 [loggers.py:273] Engine 000: Avg prompt throughput: 4944.8 tokens/s, Avg generation throughput: 125.3 tokens/s, Running: 59 reqs, Waiting: 61 reqs, GPU KV cache usage: 2.7%, Prefix cache hit rate: 0.0%
INFO 08-25 23:05:30 [loggers.py:273] Engine 000: Avg prompt throughput: 5437.5 tokens/s, Avg generation throughput: 136.3 tokens/s, Running: 63 reqs, Waiting: 54 reqs, GPU KV cache usage: 2.9%, Prefix cache hit rate: 0.0%
INFO 08-25 23:05:35 [loggers.py:273] Engine 000: Avg prompt throughput: 4260.0 tokens/s, Avg generation throughput: 122.6 tokens/s, Running: 60 reqs, Waiting: 59 reqs, GPU KV cache usage: 2.8%, Prefix cache hit rate: 0.0%
INFO 08-25 23:05:40 [loggers.py:273] Engine 000: Avg prompt throughput: 4145.1 tokens/s, Avg generation throughput: 128.3 tokens/s, Running: 57 reqs, Waiting: 58 reqs, GPU KV cache usage: 2.7%, Prefix cache hit rate: 0.0%
INFO 08-25 23:05:45 [loggers.py:273] Engine 000: Avg prompt throughput: 5967.6 tokens/s, Avg generation throughput: 110.8 tokens/s, Running: 57 reqs, Waiting: 56 reqs, GPU KV cache usage: 2.6%, Prefix cache hit rate: 0.0%
INFO 08-25 23:05:50 [loggers.py:273] Engine 000: Avg prompt throughput: 4109.5 tokens/s, Avg generation throughput: 122.5 tokens/s, Running: 55 reqs, Waiting: 58 reqs, GPU KV cache usage: 2.7%, Prefix cache hit rate: 0.0%
INFO 08-25 23:05:55 [loggers.py:273] Engine 000: Avg prompt throughput: 4047.1 tokens/s, Avg generation throughput: 110.0 tokens/s, Running: 58 reqs, Waiting: 54 reqs, GPU KV cache usage: 2.9%, Prefix cache hit rate: 0.0%
INFO 08-25 23:06:01 [loggers.py:273] Engine 000: Avg prompt throughput: 5946.1 tokens/s, Avg generation throughput: 133.6 tokens/s, Running: 62 reqs, Waiting: 50 reqs, GPU KV cache usage: 3.0%, Prefix cache hit rate: 0.0%
INFO 08-25 23:06:05 [loggers.py:273] Engine 000: Avg prompt throughput: 3467.1 tokens/s, Avg generation throughput: 119.0 tokens/s, Running: 61 reqs, Waiting: 49 reqs, GPU KV cache usage: 3.1%, Prefix cache hit rate: 0.0%
INFO 08-25 23:06:11 [loggers.py:273] Engine 000: Avg prompt throughput: 5381.4 tokens/s, Avg generation throughput: 131.2 tokens/s, Running: 60 reqs, Waiting: 51 reqs, GPU KV cache usage: 3.0%, Prefix cache hit rate: 0.0%
INFO 08-25 23:06:15 [loggers.py:273] Engine 000: Avg prompt throughput: 4546.4 tokens/s, Avg generation throughput: 114.6 tokens/s, Running: 57 reqs, Waiting: 54 reqs, GPU KV cache usage: 2.8%, Prefix cache hit rate: 0.0%
INFO 08-25 23:06:21 [loggers.py:273] Engine 000: Avg prompt throughput: 4944.4 tokens/s, Avg generation throughput: 116.1 tokens/s, Running: 54 reqs, Waiting: 55 reqs, GPU KV cache usage: 2.7%, Prefix cache hit rate: 0.0%
INFO 08-25 23:06:25 [loggers.py:273] Engine 000: Avg prompt throughput: 4175.8 tokens/s, Avg generation throughput: 100.6 tokens/s, Running: 54 reqs, Waiting: 56 reqs, GPU KV cache usage: 2.7%, Prefix cache hit rate: 0.0%
[CANON_APC_M15_REPLAY_LEDGER] records=1024 call=1024 requests=56 bytes=84112788
INFO 08-25 23:06:31 [loggers.py:273] Engine 000: Avg prompt throughput: 4753.7 tokens/s, Avg generation throughput: 119.8 tokens/s, Running: 54 reqs, Waiting: 52 reqs, GPU KV cache usage: 2.8%, Prefix cache hit rate: 0.0%
INFO 08-25 23:06:35 [loggers.py:273] Engine 000: Avg prompt throughput: 4445.5 tokens/s, Avg generation throughput: 103.8 tokens/s, Running: 54 reqs, Waiting: 52 reqs, GPU KV cache usage: 2.7%, Prefix cache hit rate: 0.0%
INFO 08-25 23:06:41 [loggers.py:273] Engine 000: Avg prompt throughput: 5643.3 tokens/s, Avg generation throughput: 119.7 tokens/s, Running: 57 reqs, Waiting: 50 reqs, GPU KV cache usage: 2.9%, Prefix cache hit rate: 0.0%
INFO 08-25 23:06:45 [loggers.py:273] Engine 000: Avg prompt throughput: 2766.1 tokens/s, Avg generation throughput: 109.4 tokens/s, Running: 57 reqs, Waiting: 50 reqs, GPU KV cache usage: 3.1%, Prefix cache hit rate: 0.0%
INFO 08-25 23:06:51 [loggers.py:273] Engine 000: Avg prompt throughput: 5141.4 tokens/s, Avg generation throughput: 118.3 tokens/s, Running: 54 reqs, Waiting: 50 reqs, GPU KV cache usage: 2.9%, Prefix cache hit rate: 0.0%
INFO 08-25 23:06:55 [loggers.py:273] Engine 000: Avg prompt throughput: 5737.3 tokens/s, Avg generation throughput: 107.5 tokens/s, Running: 55 reqs, Waiting: 49 reqs, GPU KV cache usage: 2.9%, Prefix cache hit rate: 0.0%
INFO 08-25 23:07:01 [loggers.py:273] Engine 000: Avg prompt throughput: 4658.7 tokens/s, Avg generation throughput: 114.8 tokens/s, Running: 55 reqs, Waiting: 48 reqs, GPU KV cache usage: 3.0%, Prefix cache hit rate: 0.0%
INFO 08-25 23:07:05 [loggers.py:273] Engine 000: Avg prompt throughput: 5298.1 tokens/s, Avg generation throughput: 97.5 tokens/s, Running: 52 reqs, Waiting: 47 reqs, GPU KV cache usage: 2.7%, Prefix cache hit rate: 0.0%
INFO 08-25 23:07:12 [loggers.py:273] Engine 000: Avg prompt throughput: 3618.7 tokens/s, Avg generation throughput: 103.1 tokens/s, Running: 50 reqs, Waiting: 49 reqs, GPU KV cache usage: 2.8%, Prefix cache hit rate: 0.0%
INFO 08-25 23:07:15 [loggers.py:273] Engine 000: Avg prompt throughput: 5317.9 tokens/s, Avg generation throughput: 93.4 tokens/s, Running: 52 reqs, Waiting: 47 reqs, GPU KV cache usage: 2.8%, Prefix cache hit rate: 0.0%
INFO 08-25 23:07:22 [loggers.py:273] Engine 000: Avg prompt throughput: 4594.2 tokens/s, Avg generation throughput: 110.4 tokens/s, Running: 50 reqs, Waiting: 45 reqs, GPU KV cache usage: 2.8%, Prefix cache hit rate: 0.0%
INFO 08-25 23:07:25 [loggers.py:273] Engine 000: Avg prompt throughput: 4239.5 tokens/s, Avg generation throughput: 94.3 tokens/s, Running: 52 reqs, Waiting: 43 reqs, GPU KV cache usage: 2.9%, Prefix cache hit rate: 0.0%
INFO 08-25 23:07:32 [loggers.py:273] Engine 000: Avg prompt throughput: 4971.7 tokens/s, Avg generation throughput: 112.8 tokens/s, Running: 49 reqs, Waiting: 43 reqs, GPU KV cache usage: 2.8%, Prefix cache hit rate: 0.0%
INFO 08-25 23:07:35 [loggers.py:273] Engine 000: Avg prompt throughput: 4892.0 tokens/s, Avg generation throughput: 89.1 tokens/s, Running: 45 reqs, Waiting: 45 reqs, GPU KV cache usage: 2.6%, Prefix cache hit rate: 0.0%
INFO 08-25 23:07:42 [loggers.py:273] Engine 000: Avg prompt throughput: 4578.7 tokens/s, Avg generation throughput: 102.0 tokens/s, Running: 46 reqs, Waiting: 41 reqs, GPU KV cache usage: 2.7%, Prefix cache hit rate: 0.0%
INFO 08-25 23:07:45 [loggers.py:273] Engine 000: Avg prompt throughput: 4656.7 tokens/s, Avg generation throughput: 86.6 tokens/s, Running: 47 reqs, Waiting: 41 reqs, GPU KV cache usage: 2.7%, Prefix cache hit rate: 0.0%
INFO 08-25 23:07:53 [loggers.py:273] Engine 000: Avg prompt throughput: 5582.0 tokens/s, Avg generation throughput: 104.4 tokens/s, Running: 52 reqs, Waiting: 35 reqs, GPU KV cache usage: 3.0%, Prefix cache hit rate: 0.0%
INFO 08-25 23:07:55 [loggers.py:273] Engine 000: Avg prompt throughput: 2725.5 tokens/s, Avg generation throughput: 86.6 tokens/s, Running: 45 reqs, Waiting: 38 reqs, GPU KV cache usage: 2.7%, Prefix cache hit rate: 0.0%
INFO 08-25 23:08:03 [loggers.py:273] Engine 000: Avg prompt throughput: 4868.9 tokens/s, Avg generation throughput: 102.8 tokens/s, Running: 51 reqs, Waiting: 34 reqs, GPU KV cache usage: 3.0%, Prefix cache hit rate: 0.0%
INFO 08-25 23:08:05 [loggers.py:273] Engine 000: Avg prompt throughput: 5383.7 tokens/s, Avg generation throughput: 87.9 tokens/s, Running: 50 reqs, Waiting: 34 reqs, GPU KV cache usage: 2.9%, Prefix cache hit rate: 0.0%
INFO 08-25 23:08:13 [loggers.py:273] Engine 000: Avg prompt throughput: 4722.5 tokens/s, Avg generation throughput: 105.2 tokens/s, Running: 49 reqs, Waiting: 31 reqs, GPU KV cache usage: 2.9%, Prefix cache hit rate: 0.0%
INFO 08-25 23:08:15 [loggers.py:273] Engine 000: Avg prompt throughput: 5872.9 tokens/s, Avg generation throughput: 75.9 tokens/s, Running: 51 reqs, Waiting: 31 reqs, GPU KV cache usage: 3.0%, Prefix cache hit rate: 0.0%
[CANON_APC_M15_REPLAY_LEDGER] records=1280 call=1280 requests=49 bytes=101761598
INFO 08-25 23:08:24 [loggers.py:273] Engine 000: Avg prompt throughput: 4388.1 tokens/s, Avg generation throughput: 101.1 tokens/s, Running: 50 reqs, Waiting: 32 reqs, GPU KV cache usage: 3.1%, Prefix cache hit rate: 0.0%
INFO 08-25 23:08:25 [loggers.py:273] Engine 000: Avg prompt throughput: 6467.8 tokens/s, Avg generation throughput: 94.4 tokens/s, Running: 49 reqs, Waiting: 30 reqs, GPU KV cache usage: 2.9%, Prefix cache hit rate: 0.0%
INFO 08-25 23:08:34 [loggers.py:273] Engine 000: Avg prompt throughput: 4424.8 tokens/s, Avg generation throughput: 98.4 tokens/s, Running: 48 reqs, Waiting: 30 reqs, GPU KV cache usage: 3.0%, Prefix cache hit rate: 0.0%
INFO 08-25 23:08:35 [loggers.py:273] Engine 000: Avg prompt throughput: 2276.9 tokens/s, Avg generation throughput: 92.4 tokens/s, Running: 48 reqs, Waiting: 31 reqs, GPU KV cache usage: 3.0%, Prefix cache hit rate: 0.0%
INFO 08-25 23:08:44 [loggers.py:273] Engine 000: Avg prompt throughput: 5245.7 tokens/s, Avg generation throughput: 96.6 tokens/s, Running: 45 reqs, Waiting: 32 reqs, GPU KV cache usage: 2.8%, Prefix cache hit rate: 0.0%
INFO 08-25 23:08:45 [loggers.py:273] Engine 000: Avg prompt throughput: 0.0 tokens/s, Avg generation throughput: 61.6 tokens/s, Running: 45 reqs, Waiting: 32 reqs, GPU KV cache usage: 2.9%, Prefix cache hit rate: 0.0%
INFO 08-25 23:08:54 [loggers.py:273] Engine 000: Avg prompt throughput: 5545.4 tokens/s, Avg generation throughput: 89.6 tokens/s, Running: 43 reqs, Waiting: 32 reqs, GPU KV cache usage: 2.6%, Prefix cache hit rate: 0.0%
INFO 08-25 23:08:55 [loggers.py:273] Engine 000: Avg prompt throughput: 3905.3 tokens/s, Avg generation throughput: 67.1 tokens/s, Running: 43 reqs, Waiting: 31 reqs, GPU KV cache usage: 2.7%, Prefix cache hit rate: 0.0%
INFO 08-25 23:09:04 [loggers.py:273] Engine 000: Avg prompt throughput: 5165.1 tokens/s, Avg generation throughput: 92.9 tokens/s, Running: 45 reqs, Waiting: 29 reqs, GPU KV cache usage: 2.8%, Prefix cache hit rate: 0.0%
INFO 08-25 23:09:05 [loggers.py:273] Engine 000: Avg prompt throughput: 6865.1 tokens/s, Avg generation throughput: 58.2 tokens/s, Running: 45 reqs, Waiting: 28 reqs, GPU KV cache usage: 2.8%, Prefix cache hit rate: 0.0%
INFO 08-25 23:09:14 [loggers.py:273] Engine 000: Avg prompt throughput: 4079.3 tokens/s, Avg generation throughput: 90.2 tokens/s, Running: 45 reqs, Waiting: 26 reqs, GPU KV cache usage: 3.0%, Prefix cache hit rate: 0.0%
INFO 08-25 23:09:15 [loggers.py:273] Engine 000: Avg prompt throughput: 0.0 tokens/s, Avg generation throughput: 62.4 tokens/s, Running: 43 reqs, Waiting: 26 reqs, GPU KV cache usage: 2.9%, Prefix cache hit rate: 0.0%
INFO 08-25 23:09:25 [loggers.py:273] Engine 000: Avg prompt throughput: 5258.9 tokens/s, Avg generation throughput: 87.6 tokens/s, Running: 43 reqs, Waiting: 25 reqs, GPU KV cache usage: 2.8%, Prefix cache hit rate: 0.0%
INFO 08-25 23:09:25 [loggers.py:273] Engine 000: Avg prompt throughput: 0.0 tokens/s, Avg generation throughput: 70.5 tokens/s, Running: 43 reqs, Waiting: 25 reqs, GPU KV cache usage: 2.9%, Prefix cache hit rate: 0.0%
INFO 08-25 23:09:35 [loggers.py:273] Engine 000: Avg prompt throughput: 5162.9 tokens/s, Avg generation throughput: 90.3 tokens/s, Running: 45 reqs, Waiting: 20 reqs, GPU KV cache usage: 2.9%, Prefix cache hit rate: 0.0%
INFO 08-25 23:09:35 [loggers.py:273] Engine 000: Avg prompt throughput: 0.0 tokens/s, Avg generation throughput: 73.9 tokens/s, Running: 45 reqs, Waiting: 22 reqs, GPU KV cache usage: 3.0%, Prefix cache hit rate: 0.0%
INFO 08-25 23:09:45 [loggers.py:273] Engine 000: Avg prompt throughput: 4388.8 tokens/s, Avg generation throughput: 87.1 tokens/s, Running: 43 reqs, Waiting: 21 reqs, GPU KV cache usage: 2.9%, Prefix cache hit rate: 0.0%
INFO 08-25 23:09:45 [loggers.py:273] Engine 000: Avg prompt throughput: 0.0 tokens/s, Avg generation throughput: 79.0 tokens/s, Running: 42 reqs, Waiting: 22 reqs, GPU KV cache usage: 2.9%, Prefix cache hit rate: 0.0%
INFO 08-25 23:09:55 [loggers.py:273] Engine 000: Avg prompt throughput: 5570.0 tokens/s, Avg generation throughput: 84.3 tokens/s, Running: 45 reqs, Waiting: 19 reqs, GPU KV cache usage: 3.0%, Prefix cache hit rate: 0.0%
INFO 08-25 23:09:55 [loggers.py:273] Engine 000: Avg prompt throughput: 0.0 tokens/s, Avg generation throughput: 0.0 tokens/s, Running: 45 reqs, Waiting: 19 reqs, GPU KV cache usage: 3.0%, Prefix cache hit rate: 0.0%
INFO 08-25 23:10:05 [loggers.py:273] Engine 000: Avg prompt throughput: 4180.8 tokens/s, Avg generation throughput: 85.4 tokens/s, Running: 39 reqs, Waiting: 21 reqs, GPU KV cache usage: 2.7%, Prefix cache hit rate: 0.0%
[CANON_APC_M15_REPLAY_LEDGER] records=1536 call=1536 requests=41 bytes=118881051
INFO 08-25 23:10:05 [loggers.py:273] Engine 000: Avg prompt throughput: 0.0 tokens/s, Avg generation throughput: 0.0 tokens/s, Running: 39 reqs, Waiting: 21 reqs, GPU KV cache usage: 2.7%, Prefix cache hit rate: 0.0%
INFO 08-25 23:10:15 [loggers.py:273] Engine 000: Avg prompt throughput: 5017.1 tokens/s, Avg generation throughput: 82.7 tokens/s, Running: 40 reqs, Waiting: 20 reqs, GPU KV cache usage: 2.8%, Prefix cache hit rate: 0.0%
INFO 08-25 23:10:15 [loggers.py:273] Engine 000: Avg prompt throughput: 0.0 tokens/s, Avg generation throughput: 0.0 tokens/s, Running: 40 reqs, Waiting: 20 reqs, GPU KV cache usage: 2.8%, Prefix cache hit rate: 0.0%
INFO 08-25 23:10:25 [loggers.py:273] Engine 000: Avg prompt throughput: 4644.0 tokens/s, Avg generation throughput: 81.8 tokens/s, Running: 43 reqs, Waiting: 14 reqs, GPU KV cache usage: 3.1%, Prefix cache hit rate: 0.0%
INFO 08-25 23:10:25 [loggers.py:273] Engine 000: Avg prompt throughput: 183089.5 tokens/s, Avg generation throughput: 805.6 tokens/s, Running: 44 reqs, Waiting: 14 reqs, GPU KV cache usage: 3.1%, Prefix cache hit rate: 0.0%
INFO 08-25 23:10:35 [loggers.py:273] Engine 000: Avg prompt throughput: 4601.8 tokens/s, Avg generation throughput: 82.9 tokens/s, Running: 43 reqs, Waiting: 13 reqs, GPU KV cache usage: 3.1%, Prefix cache hit rate: 0.0%
INFO 08-25 23:10:35 [loggers.py:273] Engine 000: Avg prompt throughput: 0.0 tokens/s, Avg generation throughput: 107.0 tokens/s, Running: 43 reqs, Waiting: 13 reqs, GPU KV cache usage: 3.2%, Prefix cache hit rate: 0.0%
INFO 08-25 23:10:45 [loggers.py:273] Engine 000: Avg prompt throughput: 4372.3 tokens/s, Avg generation throughput: 80.7 tokens/s, Running: 39 reqs, Waiting: 16 reqs, GPU KV cache usage: 3.0%, Prefix cache hit rate: 0.0%
INFO 08-25 23:10:46 [loggers.py:273] Engine 000: Avg prompt throughput: 12120.3 tokens/s, Avg generation throughput: 100.4 tokens/s, Running: 39 reqs, Waiting: 15 reqs, GPU KV cache usage: 2.8%, Prefix cache hit rate: 0.0%
INFO 08-25 23:10:55 [loggers.py:273] Engine 000: Avg prompt throughput: 4931.2 tokens/s, Avg generation throughput: 72.6 tokens/s, Running: 39 reqs, Waiting: 14 reqs, GPU KV cache usage: 2.8%, Prefix cache hit rate: 0.0%
INFO 08-25 23:10:56 [loggers.py:273] Engine 000: Avg prompt throughput: 0.0 tokens/s, Avg generation throughput: 84.1 tokens/s, Running: 39 reqs, Waiting: 16 reqs, GPU KV cache usage: 2.9%, Prefix cache hit rate: 0.0%
INFO 08-25 23:11:05 [loggers.py:273] Engine 000: Avg prompt throughput: 5053.0 tokens/s, Avg generation throughput: 72.8 tokens/s, Running: 37 reqs, Waiting: 13 reqs, GPU KV cache usage: 2.7%, Prefix cache hit rate: 0.0%
INFO 08-25 23:11:06 [loggers.py:273] Engine 000: Avg prompt throughput: 0.0 tokens/s, Avg generation throughput: 79.6 tokens/s, Running: 37 reqs, Waiting: 15 reqs, GPU KV cache usage: 2.8%, Prefix cache hit rate: 0.0%
INFO 08-25 23:11:15 [loggers.py:273] Engine 000: Avg prompt throughput: 4083.9 tokens/s, Avg generation throughput: 73.5 tokens/s, Running: 36 reqs, Waiting: 16 reqs, GPU KV cache usage: 2.9%, Prefix cache hit rate: 0.0%
INFO 08-25 23:11:16 [loggers.py:273] Engine 000: Avg prompt throughput: 8351.5 tokens/s, Avg generation throughput: 75.4 tokens/s, Running: 38 reqs, Waiting: 14 reqs, GPU KV cache usage: 3.0%, Prefix cache hit rate: 0.0%
INFO 08-25 23:11:25 [loggers.py:273] Engine 000: Avg prompt throughput: 5278.3 tokens/s, Avg generation throughput: 75.7 tokens/s, Running: 40 reqs, Waiting: 7 reqs, GPU KV cache usage: 3.2%, Prefix cache hit rate: 0.0%
INFO 08-25 23:11:26 [loggers.py:273] Engine 000: Avg prompt throughput: 3852.5 tokens/s, Avg generation throughput: 76.3 tokens/s, Running: 39 reqs, Waiting: 9 reqs, GPU KV cache usage: 3.2%, Prefix cache hit rate: 0.0%
INFO 08-25 23:11:35 [loggers.py:273] Engine 000: Avg prompt throughput: 5062.2 tokens/s, Avg generation throughput: 72.7 tokens/s, Running: 40 reqs, Waiting: 9 reqs, GPU KV cache usage: 3.2%, Prefix cache hit rate: 0.0%
INFO 08-25 23:11:37 [loggers.py:273] Engine 000: Avg prompt throughput: 9058.7 tokens/s, Avg generation throughput: 92.5 tokens/s, Running: 40 reqs, Waiting: 7 reqs, GPU KV cache usage: 3.0%, Prefix cache hit rate: 0.0%
INFO 08-25 23:11:45 [loggers.py:273] Engine 000: Avg prompt throughput: 3936.4 tokens/s, Avg generation throughput: 73.9 tokens/s, Running: 40 reqs, Waiting: 7 reqs, GPU KV cache usage: 3.2%, Prefix cache hit rate: 0.0%
INFO 08-25 23:11:47 [loggers.py:273] Engine 000: Avg prompt throughput: 2462.4 tokens/s, Avg generation throughput: 75.7 tokens/s, Running: 37 reqs, Waiting: 9 reqs, GPU KV cache usage: 3.0%, Prefix cache hit rate: 0.0%
[CANON_APC_M15_REPLAY_LEDGER] records=1792 call=1792 requests=38 bytes=135901574
INFO 08-25 23:11:55 [loggers.py:273] Engine 000: Avg prompt throughput: 4679.8 tokens/s, Avg generation throughput: 70.8 tokens/s, Running: 36 reqs, Waiting: 8 reqs, GPU KV cache usage: 3.0%, Prefix cache hit rate: 0.0%
INFO 08-25 23:11:57 [loggers.py:273] Engine 000: Avg prompt throughput: 5450.1 tokens/s, Avg generation throughput: 66.0 tokens/s, Running: 35 reqs, Waiting: 10 reqs, GPU KV cache usage: 2.9%, Prefix cache hit rate: 0.0%
INFO 08-25 23:12:05 [loggers.py:273] Engine 000: Avg prompt throughput: 4422.7 tokens/s, Avg generation throughput: 61.9 tokens/s, Running: 33 reqs, Waiting: 8 reqs, GPU KV cache usage: 2.9%, Prefix cache hit rate: 0.0%
INFO 08-25 23:12:07 [loggers.py:273] Engine 000: Avg prompt throughput: 9437.7 tokens/s, Avg generation throughput: 67.9 tokens/s, Running: 35 reqs, Waiting: 10 reqs, GPU KV cache usage: 2.9%, Prefix cache hit rate: 0.0%
INFO 08-25 23:12:15 [loggers.py:273] Engine 000: Avg prompt throughput: 4363.0 tokens/s, Avg generation throughput: 59.6 tokens/s, Running: 32 reqs, Waiting: 8 reqs, GPU KV cache usage: 2.6%, Prefix cache hit rate: 0.0%
INFO 08-25 23:12:17 [loggers.py:273] Engine 000: Avg prompt throughput: 3579.9 tokens/s, Avg generation throughput: 65.5 tokens/s, Running: 34 reqs, Waiting: 7 reqs, GPU KV cache usage: 2.9%, Prefix cache hit rate: 0.0%
INFO 08-25 23:12:25 [loggers.py:273] Engine 000: Avg prompt throughput: 4915.1 tokens/s, Avg generation throughput: 65.2 tokens/s, Running: 37 reqs, Waiting: 2 reqs, GPU KV cache usage: 3.1%, Prefix cache hit rate: 0.0%
INFO 08-25 23:12:27 [loggers.py:273] Engine 000: Avg prompt throughput: 5838.5 tokens/s, Avg generation throughput: 77.0 tokens/s, Running: 38 reqs, Waiting: 1 reqs, GPU KV cache usage: 3.2%, Prefix cache hit rate: 0.0%
INFO 08-25 23:12:35 [loggers.py:273] Engine 000: Avg prompt throughput: 5437.4 tokens/s, Avg generation throughput: 69.6 tokens/s, Running: 35 reqs, Waiting: 0 reqs, GPU KV cache usage: 3.0%, Prefix cache hit rate: 0.0%
INFO 08-25 23:12:38 [loggers.py:273] Engine 000: Avg prompt throughput: 3370.7 tokens/s, Avg generation throughput: 72.3 tokens/s, Running: 34 reqs, Waiting: 0 reqs, GPU KV cache usage: 2.9%, Prefix cache hit rate: 0.0%
INFO 08-25 23:12:45 [loggers.py:273] Engine 000: Avg prompt throughput: 3556.2 tokens/s, Avg generation throughput: 65.8 tokens/s, Running: 33 reqs, Waiting: 0 reqs, GPU KV cache usage: 2.9%, Prefix cache hit rate: 0.0%
INFO 08-25 23:12:48 [loggers.py:273] Engine 000: Avg prompt throughput: 7065.7 tokens/s, Avg generation throughput: 70.0 tokens/s, Running: 34 reqs, Waiting: 0 reqs, GPU KV cache usage: 3.0%, Prefix cache hit rate: 0.0%
INFO 08-25 23:12:55 [loggers.py:273] Engine 000: Avg prompt throughput: 3508.8 tokens/s, Avg generation throughput: 58.4 tokens/s, Running: 30 reqs, Waiting: 0 reqs, GPU KV cache usage: 2.5%, Prefix cache hit rate: 0.0%
INFO 08-25 23:12:58 [loggers.py:273] Engine 000: Avg prompt throughput: 2994.6 tokens/s, Avg generation throughput: 60.9 tokens/s, Running: 27 reqs, Waiting: 0 reqs, GPU KV cache usage: 2.4%, Prefix cache hit rate: 0.0%
INFO 08-25 23:13:05 [loggers.py:273] Engine 000: Avg prompt throughput: 3349.8 tokens/s, Avg generation throughput: 58.0 tokens/s, Running: 27 reqs, Waiting: 0 reqs, GPU KV cache usage: 2.6%, Prefix cache hit rate: 0.0%
INFO 08-25 23:13:08 [loggers.py:273] Engine 000: Avg prompt throughput: 4350.3 tokens/s, Avg generation throughput: 59.9 tokens/s, Running: 26 reqs, Waiting: 0 reqs, GPU KV cache usage: 2.4%, Prefix cache hit rate: 0.0%
INFO 08-25 23:13:15 [loggers.py:273] Engine 000: Avg prompt throughput: 522.0 tokens/s, Avg generation throughput: 54.5 tokens/s, Running: 24 reqs, Waiting: 0 reqs, GPU KV cache usage: 2.3%, Prefix cache hit rate: 0.0%
INFO 08-25 23:13:19 [loggers.py:273] Engine 000: Avg prompt throughput: 3135.0 tokens/s, Avg generation throughput: 53.8 tokens/s, Running: 21 reqs, Waiting: 0 reqs, GPU KV cache usage: 1.9%, Prefix cache hit rate: 0.0%
INFO 08-25 23:13:25 [loggers.py:273] Engine 000: Avg prompt throughput: 894.3 tokens/s, Avg generation throughput: 39.5 tokens/s, Running: 12 reqs, Waiting: 0 reqs, GPU KV cache usage: 1.0%, Prefix cache hit rate: 0.0%
INFO 08-25 23:13:29 [loggers.py:273] Engine 000: Avg prompt throughput: 1728.1 tokens/s, Avg generation throughput: 26.5 tokens/s, Running: 12 reqs, Waiting: 0 reqs, GPU KV cache usage: 1.0%, Prefix cache hit rate: 0.0%
INFO 08-25 23:13:35 [loggers.py:273] Engine 000: Avg prompt throughput: 2924.4 tokens/s, Avg generation throughput: 24.8 tokens/s, Running: 12 reqs, Waiting: 0 reqs, GPU KV cache usage: 1.2%, Prefix cache hit rate: 0.0%
INFO 08-25 23:13:45 [loggers.py:273] Engine 000: Avg prompt throughput: 963.7 tokens/s, Avg generation throughput: 2.3 tokens/s, Running: 12 reqs, Waiting: 0 reqs, GPU KV cache usage: 1.2%, Prefix cache hit rate: 0.0%
INFO 08-25 23:13:53 [loggers.py:273] Engine 000: Avg prompt throughput: 0.0 tokens/s, Avg generation throughput: 12.0 tokens/s, Running: 12 reqs, Waiting: 0 reqs, GPU KV cache usage: 1.2%, Prefix cache hit rate: 0.0%
[CANON_APC_M15_REPLAY_LEDGER] records=2048 call=2048 requests=11 bytes=149408410
INFO 08-25 23:13:55 [loggers.py:273] Engine 000: Avg prompt throughput: 0.0 tokens/s, Avg generation throughput: 108.3 tokens/s, Running: 11 reqs, Waiting: 0 reqs, GPU KV cache usage: 0.9%, Prefix cache hit rate: 0.0%
INFO 08-25 23:14:03 [loggers.py:273] Engine 000: Avg prompt throughput: 1098.9 tokens/s, Avg generation throughput: 23.7 tokens/s, Running: 10 reqs, Waiting: 0 reqs, GPU KV cache usage: 0.9%, Prefix cache hit rate: 0.0%
INFO 08-25 23:14:05 [loggers.py:273] Engine 000: Avg prompt throughput: 0.0 tokens/s, Avg generation throughput: 19.0 tokens/s, Running: 10 reqs, Waiting: 0 reqs, GPU KV cache usage: 0.9%, Prefix cache hit rate: 0.0%
INFO 08-25 23:14:14 [loggers.py:273] Engine 000: Avg prompt throughput: 1580.9 tokens/s, Avg generation throughput: 42.7 tokens/s, Running: 9 reqs, Waiting: 0 reqs, GPU KV cache usage: 0.7%, Prefix cache hit rate: 0.0%
INFO 08-25 23:14:15 [loggers.py:273] Engine 000: Avg prompt throughput: 0.0 tokens/s, Avg generation throughput: 16.3 tokens/s, Running: 9 reqs, Waiting: 0 reqs, GPU KV cache usage: 0.8%, Prefix cache hit rate: 0.0%
INFO 08-25 23:14:24 [loggers.py:273] Engine 000: Avg prompt throughput: 1952.9 tokens/s, Avg generation throughput: 17.5 tokens/s, Running: 6 reqs, Waiting: 0 reqs, GPU KV cache usage: 0.6%, Prefix cache hit rate: 0.0%
INFO 08-25 23:14:25 [loggers.py:273] Engine 000: Avg prompt throughput: 0.0 tokens/s, Avg generation throughput: 11.7 tokens/s, Running: 6 reqs, Waiting: 0 reqs, GPU KV cache usage: 0.6%, Prefix cache hit rate: 0.0%
INFO 08-25 23:14:35 [loggers.py:273] Engine 000: Avg prompt throughput: 435.4 tokens/s, Avg generation throughput: 1.1 tokens/s, Running: 6 reqs, Waiting: 0 reqs, GPU KV cache usage: 0.6%, Prefix cache hit rate: 0.0%
INFO 08-25 23:14:45 [loggers.py:273] Engine 000: Avg prompt throughput: 0.0 tokens/s, Avg generation throughput: 0.0 tokens/s, Running: 6 reqs, Waiting: 0 reqs, GPU KV cache usage: 0.6%, Prefix cache hit rate: 0.0%
INFO 08-25 23:14:46 [loggers.py:273] Engine 000: Avg prompt throughput: 0.0 tokens/s, Avg generation throughput: 105.5 tokens/s, Running: 6 reqs, Waiting: 0 reqs, GPU KV cache usage: 0.6%, Prefix cache hit rate: 0.0%
INFO 08-25 23:14:55 [loggers.py:273] Engine 000: Avg prompt throughput: 394.3 tokens/s, Avg generation throughput: 42.0 tokens/s, Running: 4 reqs, Waiting: 0 reqs, GPU KV cache usage: 0.2%, Prefix cache hit rate: 0.0%
INFO 08-25 23:14:56 [loggers.py:273] Engine 000: Avg prompt throughput: 0.0 tokens/s, Avg generation throughput: 6.1 tokens/s, Running: 4 reqs, Waiting: 0 reqs, GPU KV cache usage: 0.3%, Prefix cache hit rate: 0.0%
INFO 08-25 23:15:05 [loggers.py:273] Engine 000: Avg prompt throughput: 1249.1 tokens/s, Avg generation throughput: 30.4 tokens/s, Running: 3 reqs, Waiting: 0 reqs, GPU KV cache usage: 0.3%, Prefix cache hit rate: 0.0%
INFO 08-25 23:15:06 [loggers.py:273] Engine 000: Avg prompt throughput: 0.0 tokens/s, Avg generation throughput: 6.4 tokens/s, Running: 2 reqs, Waiting: 0 reqs, GPU KV cache usage: 0.2%, Prefix cache hit rate: 0.0%
INFO 08-25 23:15:15 [loggers.py:273] Engine 000: Avg prompt throughput: 440.9 tokens/s, Avg generation throughput: 14.0 tokens/s, Running: 0 reqs, Waiting: 0 reqs, GPU KV cache usage: 0.0%, Prefix cache hit rate: 0.0%
INFO 08-25 23:15:17 [loggers.py:273] Engine 000: Avg prompt throughput: 2545.6 tokens/s, Avg generation throughput: 0.6 tokens/s, Running: 1 reqs, Waiting: 0 reqs, GPU KV cache usage: 0.1%, Prefix cache hit rate: 0.0%
INFO 08-25 23:15:25 [loggers.py:273] Engine 000: Avg prompt throughput: 0.0 tokens/s, Avg generation throughput: 14.7 tokens/s, Running: 0 reqs, Waiting: 0 reqs, GPU KV cache usage: 0.0%, Prefix cache hit rate: 0.0%
INFO 08-25 23:15:35 [loggers.py:273] Engine 000: Avg prompt throughput: 0.0 tokens/s, Avg generation throughput: 0.0 tokens/s, Running: 0 reqs, Waiting: 0 reqs, GPU KV cache usage: 0.0%, Prefix cache hit rate: 0.0%
[CANON_APC_M15_SAMPLER_CONTRACT] PASS sampler_is=none use_rollout_logps=1 rollout_logps=present tis_weights=absent
INFO 08-25 23:24:38 [loggers.py:273] Engine 000: Avg prompt throughput: 3175.8 tokens/s, Avg generation throughput: 2.8 tokens/s, Running: 8 reqs, Waiting: 240 reqs, GPU KV cache usage: 0.0%, Prefix cache hit rate: 0.0%
INFO 08-25 23:24:45 [loggers.py:273] Engine 000: Avg prompt throughput: 5164.1 tokens/s, Avg generation throughput: 3.2 tokens/s, Running: 8 reqs, Waiting: 217 reqs, GPU KV cache usage: 0.1%, Prefix cache hit rate: 0.0%
[CANON_APC_M15_REPLAY_LEDGER] records=2304 call=2304 requests=8 bytes=151857032
INFO 08-25 23:24:48 [loggers.py:273] Engine 000: Avg prompt throughput: 4558.6 tokens/s, Avg generation throughput: 3.2 tokens/s, Running: 8 reqs, Waiting: 207 reqs, GPU KV cache usage: 0.2%, Prefix cache hit rate: 0.0%
INFO 08-25 23:24:55 [loggers.py:273] Engine 000: Avg prompt throughput: 5526.8 tokens/s, Avg generation throughput: 3.4 tokens/s, Running: 8 reqs, Waiting: 184 reqs, GPU KV cache usage: 0.2%, Prefix cache hit rate: 0.0%
INFO 08-25 23:24:59 [loggers.py:273] Engine 000: Avg prompt throughput: 6215.7 tokens/s, Avg generation throughput: 2.6 tokens/s, Running: 8 reqs, Waiting: 175 reqs, GPU KV cache usage: 0.2%, Prefix cache hit rate: 0.0%
INFO 08-25 23:25:05 [loggers.py:273] Engine 000: Avg prompt throughput: 4169.9 tokens/s, Avg generation throughput: 1.5 tokens/s, Running: 8 reqs, Waiting: 165 reqs, GPU KV cache usage: 0.1%, Prefix cache hit rate: 0.0%
INFO 08-25 23:25:09 [loggers.py:273] Engine 000: Avg prompt throughput: 6809.9 tokens/s, Avg generation throughput: 2.2 tokens/s, Running: 8 reqs, Waiting: 157 reqs, GPU KV cache usage: 0.2%, Prefix cache hit rate: 0.0%
INFO 08-25 23:25:15 [loggers.py:273] Engine 000: Avg prompt throughput: 3706.3 tokens/s, Avg generation throughput: 1.3 tokens/s, Running: 8 reqs, Waiting: 149 reqs, GPU KV cache usage: 0.3%, Prefix cache hit rate: 0.0%
INFO 08-25 23:25:19 [loggers.py:273] Engine 000: Avg prompt throughput: 8059.1 tokens/s, Avg generation throughput: 2.2 tokens/s, Running: 8 reqs, Waiting: 141 reqs, GPU KV cache usage: 0.3%, Prefix cache hit rate: 0.0%
INFO 08-25 23:25:25 [loggers.py:273] Engine 000: Avg prompt throughput: 5562.4 tokens/s, Avg generation throughput: 1.7 tokens/s, Running: 8 reqs, Waiting: 130 reqs, GPU KV cache usage: 0.2%, Prefix cache hit rate: 0.0%
INFO 08-25 23:25:30 [loggers.py:273] Engine 000: Avg prompt throughput: 4080.4 tokens/s, Avg generation throughput: 1.7 tokens/s, Running: 8 reqs, Waiting: 122 reqs, GPU KV cache usage: 0.4%, Prefix cache hit rate: 0.0%
INFO 08-25 23:25:35 [loggers.py:273] Engine 000: Avg prompt throughput: 6481.8 tokens/s, Avg generation throughput: 2.4 tokens/s, Running: 8 reqs, Waiting: 109 reqs, GPU KV cache usage: 0.2%, Prefix cache hit rate: 0.0%
INFO 08-25 23:25:40 [loggers.py:273] Engine 000: Avg prompt throughput: 4902.5 tokens/s, Avg generation throughput: 1.9 tokens/s, Running: 8 reqs, Waiting: 99 reqs, GPU KV cache usage: 0.4%, Prefix cache hit rate: 0.0%
INFO 08-25 23:25:45 [loggers.py:273] Engine 000: Avg prompt throughput: 4550.3 tokens/s, Avg generation throughput: 1.1 tokens/s, Running: 8 reqs, Waiting: 94 reqs, GPU KV cache usage: 0.4%, Prefix cache hit rate: 0.0%
INFO 08-25 23:25:51 [loggers.py:273] Engine 000: Avg prompt throughput: 7663.7 tokens/s, Avg generation throughput: 2.5 tokens/s, Running: 8 reqs, Waiting: 80 reqs, GPU KV cache usage: 0.3%, Prefix cache hit rate: 0.0%
INFO 08-25 23:25:55 [loggers.py:273] Engine 000: Avg prompt throughput: 3959.6 tokens/s, Avg generation throughput: 1.4 tokens/s, Running: 8 reqs, Waiting: 74 reqs, GPU KV cache usage: 0.3%, Prefix cache hit rate: 0.0%
INFO 08-25 23:26:01 [loggers.py:273] Engine 000: Avg prompt throughput: 6421.5 tokens/s, Avg generation throughput: 2.0 tokens/s, Running: 8 reqs, Waiting: 62 reqs, GPU KV cache usage: 0.2%, Prefix cache hit rate: 0.0%
INFO 08-25 23:26:05 [loggers.py:273] Engine 000: Avg prompt throughput: 4525.0 tokens/s, Avg generation throughput: 2.0 tokens/s, Running: 8 reqs, Waiting: 54 reqs, GPU KV cache usage: 0.2%, Prefix cache hit rate: 0.0%
INFO 08-25 23:26:12 [loggers.py:273] Engine 000: Avg prompt throughput: 6413.7 tokens/s, Avg generation throughput: 2.1 tokens/s, Running: 8 reqs, Waiting: 41 reqs, GPU KV cache usage: 0.2%, Prefix cache hit rate: 0.0%
INFO 08-25 23:26:15 [loggers.py:273] Engine 000: Avg prompt throughput: 5483.9 tokens/s, Avg generation throughput: 2.2 tokens/s, Running: 8 reqs, Waiting: 33 reqs, GPU KV cache usage: 0.2%, Prefix cache hit rate: 0.0%
[CANON_APC_M15_REPLAY_LEDGER] records=2560 call=2560 requests=9 bytes=154198264
INFO 08-25 23:26:22 [loggers.py:273] Engine 000: Avg prompt throughput: 4515.5 tokens/s, Avg generation throughput: 1.4 tokens/s, Running: 8 reqs, Waiting: 23 reqs, GPU KV cache usage: 0.4%, Prefix cache hit rate: 0.0%
INFO 08-25 23:26:25 [loggers.py:273] Engine 000: Avg prompt throughput: 6908.6 tokens/s, Avg generation throughput: 1.4 tokens/s, Running: 8 reqs, Waiting: 19 reqs, GPU KV cache usage: 0.2%, Prefix cache hit rate: 0.0%
INFO 08-25 23:26:33 [loggers.py:273] Engine 000: Avg prompt throughput: 4251.0 tokens/s, Avg generation throughput: 1.2 tokens/s, Running: 7 reqs, Waiting: 10 reqs, GPU KV cache usage: 0.5%, Prefix cache hit rate: 0.0%
INFO 08-25 23:26:35 [loggers.py:273] Engine 000: Avg prompt throughput: 5971.6 tokens/s, Avg generation throughput: 1.1 tokens/s, Running: 8 reqs, Waiting: 7 reqs, GPU KV cache usage: 0.5%, Prefix cache hit rate: 0.0%
INFO 08-25 23:26:45 [loggers.py:273] Engine 000: Avg prompt throughput: 5861.8 tokens/s, Avg generation throughput: 1.6 tokens/s, Running: 0 reqs, Waiting: 0 reqs, GPU KV cache usage: 0.0%, Prefix cache hit rate: 0.0%
[CANON_APC_M15_B_CONTRACT] reset_prefix_cache=True all_num_cached_tokens_zero=True
INFO 08-25 23:26:45 [loggers.py:273] Engine 000: Avg prompt throughput: 0.0 tokens/s, Avg generation throughput: 0.0 tokens/s, Running: 0 reqs, Waiting: 0 reqs, GPU KV cache usage: 0.0%, Prefix cache hit rate: 0.0%
[CANON_APC_M15_PRODUCER_CARRIER] arm=off path=/tmp/canon-state/canon-v1-apc-m15-off-d12-9f91d930/p38_serving_capture/m15_producer_unit.npz sha256=7c703920bc08520818a19c7427089ba06583076e7cbbf36bb723bf87f5ff73fe rows=256 logical_bytes=42995712
[CANON_ALIGN_PRE_JSON] {"N_action":117415,"action_geometry":{"max_logical_kv_prefix_length":6884,"min_logical_kv_prefix_length":988,"rows_reaching_1686":180,"valid":true},"admission_policy":{"bounded_ab_only":false,"byte_fraction_limit":0.004,"claim_level":"strict-zero-tim","enabled":false,"id":"gsm8k-full-ab-report-v1","max_abs_limit":0.0001,"stage":"backward-no-commit","warning_boundaries":null,"warning_only":false,"workload":"frozenlake-dp8-tp8"},"all_compact_filtered":false,"blocking_reds":[],"boundaries":{"S_decode_vs_S_prefill":{"byte_fraction":0.0,"differing_bytes":0,"differing_elements":0,"element_fraction":0.0,"finite":true,"first_mismatch":null,"max_abs":0.0,"max_abs_mismatch":null,"mismatches":[],"mismatches_truncated":false,"reported_mismatches":0,"total_bytes":469660,"total_elements":117415,"valid":true},"S_prefill_vs_T_old":{"byte_fraction":0.0,"differing_bytes":0,"differing_elements":0,"element_fraction":0.0,"finite":true,"first_mismatch":null,"max_abs":0.0,"max_abs_mismatch":null,"mismatches":[],"mismatches_truncated":false,"reported_mismatches":0,"total_bytes":469660,"total_elements":117415,"valid":true}},"context":{"bucket":"2048","mesh":"8,8","run_stage":"backward-no-commit","source":"VllmRollout.get_prefill_rescore_logps"},"diagnostic_round":0,"hashes":{"S_decode":"b77bd36dfae0587836f9c5d2a24fa780a7399cc5c3b3d1ee6f815e3e9d7f9772","S_prefill":"de5468026ed03003590c1015d7cc39edf94bc37273821ee4daf60437bfb722e4","T_old":"de5468026ed03003590c1015d7cc39edf94bc37273821ee4daf60437bfb722e4","action_mask":"c95ba2d7d279d02a58cd919601c870873246c5ab34073c9c066e82129a86f845","policy_version":"5f70bf18a086007016e948b04aed3b82103a36bea41755b6cddfaf10ace3c6ef","tokens":"59cf4ccea861446a70ee03ae6b25ea632fb19253cb3a57f3725d4e767a2d160f"},"m15_producer_unit":{"logical_bytes":42995712,"path":"/tmp/canon-state/canon-v1-apc-m15-off-d12-9f91d930/p38_serving_capture/m15_producer_unit.npz","rows":256,"sha256":"7c703920bc08520818a19c7427089ba06583076e7cbbf36bb723bf87f5ff73fe"},"masked_hashes":{"S_decode":"d71502af6a93e77482ba4d4ef564cddcfe5c08ca91398728ccb9a0407d4e4cf8","S_prefill":"d71502af6a93e77482ba4d4ef564cddcfe5c08ca91398728ccb9a0407d4e4cf8","T_old":"d71502af6a93e77482ba4d4ef564cddcfe5c08ca91398728ccb9a0407d4e4cf8"},"no_signal_admitted":false,"reds":[],"reported_reds":[],"step":0,"timestamp":1787700405.595412,"verdict":"PASS","warning_reds":[]}
[CANON_ALIGN_PRE] step=0 verdict=PASS N_action=117415 bounds=[('S_decode_vs_S_prefill', 0), ('S_prefill_vs_T_old', 0)]
[CANON_P38] CONTROLLED_EXIT code=42 backward=0 optimizer_commits=0
