[CANON_ALIGN] step=0 verdict=PASS N_action=15157 bounds=[('S_decode_vs_S_prefill', 0), ('S_prefill_vs_T_old', 0), ('T_old_vs_T_current', 0)] w/r/wr={'w_all_exactly_1': True, 'r_all_exactly_1': True, 'wr_all_exactly_1': True} clip=0 tis=0 grad_norm=0.0115954
[CANON_ALIGN] step=1 verdict=PASS N_action=24771 bounds=[('S_decode_vs_S_prefill', 0), ('S_prefill_vs_T_old', 0), ('T_old_vs_T_current', 0)] w/r/wr={'w_all_exactly_1': True, 'r_all_exactly_1': True, 'wr_all_exactly_1': True} clip=0 tis=0 grad_norm=0.012391
[CANON_ALIGN] step=2 verdict=PASS N_action=15847 bounds=[('S_decode_vs_S_prefill', 0), ('S_prefill_vs_T_old', 0), ('T_old_vs_T_current', 0)] w/r/wr={'w_all_exactly_1': True, 'r_all_exactly_1': True, 'wr_all_exactly_1': True} clip=0 tis=0 grad_norm=0.0148135
[CANON_ALIGN] step=3 verdict=PASS N_action=25860 bounds=[('S_decode_vs_S_prefill', 0), ('S_prefill_vs_T_old', 0), ('T_old_vs_T_current', 0)] w/r/wr={'w_all_exactly_1': True, 'r_all_exactly_1': True, 'wr_all_exactly_1': True} clip=0 tis=0 grad_norm=0.134443
[CANON_ALIGN] step=4 verdict=PASS N_action=15760 bounds=[('S_decode_vs_S_prefill', 0), ('S_prefill_vs_T_old', 0), ('T_old_vs_T_current', 0)] w/r/wr={'w_all_exactly_1': True, 'r_all_exactly_1': True, 'wr_all_exactly_1': True} clip=0 tis=0 grad_norm=0.0139737
[CANON_ALIGN] step=5 verdict=PASS N_action=31411 bounds=[('S_decode_vs_S_prefill', 0), ('S_prefill_vs_T_old', 0), ('T_old_vs_T_current', 0)] w/r/wr={'w_all_exactly_1': True, 'r_all_exactly_1': True, 'wr_all_exactly_1': True} clip=0 tis=0 grad_norm=0.0158572
[CANON_ALIGN] step=6 verdict=PASS N_action=14715 bounds=[('S_decode_vs_S_prefill', 0), ('S_prefill_vs_T_old', 0), ('T_old_vs_T_current', 0)] w/r/wr={'w_all_exactly_1': True, 'r_all_exactly_1': True, 'wr_all_exactly_1': True} clip=0 tis=0 grad_norm=0.0159641
[CANON_ALIGN] step=7 verdict=PASS N_action=31484 bounds=[('S_decode_vs_S_prefill', 0), ('S_prefill_vs_T_old', 0), ('T_old_vs_T_current', 0)] w/r/wr={'w_all_exactly_1': True, 'r_all_exactly_1': True, 'wr_all_exactly_1': True} clip=0 tis=0 grad_norm=0.0149659
[CANON_ALIGN] step=8 verdict=PASS N_action=16984 bounds=[('S_decode_vs_S_prefill', 0), ('S_prefill_vs_T_old', 0), ('T_old_vs_T_current', 0)] w/r/wr={'w_all_exactly_1': True, 'r_all_exactly_1': True, 'wr_all_exactly_1': True} clip=0 tis=0 grad_norm=0.0181841
[CANON_ALIGN] step=9 verdict=PASS N_action=30451 bounds=[('S_decode_vs_S_prefill', 0), ('S_prefill_vs_T_old', 0), ('T_old_vs_T_current', 0)] w/r/wr={'w_all_exactly_1': True, 'r_all_exactly_1': True, 'wr_all_exactly_1': True} clip=0 tis=0 grad_norm=0.0161051
[CANON_ALIGN] step=10 verdict=PASS N_action=12708 bounds=[('S_decode_vs_S_prefill', 0), ('S_prefill_vs_T_old', 0), ('T_old_vs_T_current', 0)] w/r/wr={'w_all_exactly_1': True, 'r_all_exactly_1': True, 'wr_all_exactly_1': True} clip=0 tis=0 grad_norm=0.0163856
[CANON_ALIGN] step=11 verdict=PASS N_action=32909 bounds=[('S_decode_vs_S_prefill', 0), ('S_prefill_vs_T_old', 0), ('T_old_vs_T_current', 0)] w/r/wr={'w_all_exactly_1': True, 'r_all_exactly_1': True, 'wr_all_exactly_1': True} clip=0 tis=0 grad_norm=0.0166581
[CANON_ALIGN] step=12 verdict=PASS N_action=20787 bounds=[('S_decode_vs_S_prefill', 0), ('S_prefill_vs_T_old', 0), ('T_old_vs_T_current', 0)] w/r/wr={'w_all_exactly_1': True, 'r_all_exactly_1': True, 'wr_all_exactly_1': True} clip=0 tis=0 grad_norm=0.0208833
[CANON_ALIGN] step=13 verdict=PASS N_action=32382 bounds=[('S_decode_vs_S_prefill', 0), ('S_prefill_vs_T_old', 0), ('T_old_vs_T_current', 0)] w/r/wr={'w_all_exactly_1': True, 'r_all_exactly_1': True, 'wr_all_exactly_1': True} clip=0 tis=0 grad_norm=0.0171482
[CANON_ALIGN] step=14 verdict=PASS N_action=18784 bounds=[('S_decode_vs_S_prefill', 0), ('S_prefill_vs_T_old', 0), ('T_old_vs_T_current', 0)] w/r/wr={'w_all_exactly_1': True, 'r_all_exactly_1': True, 'wr_all_exactly_1': True} clip=0 tis=0 grad_norm=0.108989
[CANON_ALIGN] step=15 verdict=PASS N_action=43373 bounds=[('S_decode_vs_S_prefill', 0), ('S_prefill_vs_T_old', 0), ('T_old_vs_T_current', 0)] w/r/wr={'w_all_exactly_1': True, 'r_all_exactly_1': True, 'wr_all_exactly_1': True} clip=0 tis=0 grad_norm=0.0179021
[V1.FIRST_UPDATE] {"accumulator_denominator":16.0,"all_finite":true,"any_nonzero":true,"dp":8,"first_nonfinite":null,"leaf_count":398,"max_abs":0.00037993735168129206,"microsteps":16,"naive_norm":0.011750183068215847,"naive_norm_finite":true,"nonzero_leaf_count":398,"scaled_sumsq":956.4571533203125,"schema":"canon-v1-first-update-precommit-v1","stable_norm":0.01175018586218357,"stable_norm_max":1000000.0,"top_leaves":[{"leaf":0,"max_abs":0.00037993735168129206,"path":"['embedder']['input_embedding'].value"},{"leaf":75,"max_abs":0.00031935254810377955,"path":"['layers'][6]['mlp']['down_proj']['kernel'].value"},{"leaf":113,"max_abs":0.0002838292275555432,"path":"['layers'][10]['attn']['k_proj']['w'].value"}],"total_elements":4022468096,"tp":8,"update":0,"workload":"p58-qwen4b-tim-128"}
[PERF] stage=adam_commit_detail seconds=77.521 jit_setup=0.319 call=76.132 block=0.409 evidence_get=0.660
[P63.STABLE_CLIP] update=0 all_finite=1 naive_norm=0.011750183068215847 naive_norm_finite=1 stable_norm=0.01175018586218357 selected_norm=0.011750183068215847 fallback_used=0 clip_factor=1.0 max_norm=1.0
[P30.G2] RESHARD_ACCUMULATOR on arrays=398 logical_bytes=16089872384 target=metadata_pspecs
[PERF] stage=optimizer_transaction seconds=77.583 h2d=0.000 adam=77.521 d2h=0.000
[P41.OPTIMIZER] after_commit placement=device-resident memory_kind=device
[CANON_P34_DP8] update_step_committed train_steps=1
[CANON_P34_DP8] post_update_snapshot verdict=PASS model_changed=12 optimizer_changed=12 parameter_changed_elements=3655535873 effective_lr=None reference_changed=0
[V1.FIRST_UPDATE] {"dp":8,"effective_learning_rate":null,"gradient_finite":true,"optimizer_transaction_valid":true,"outer_weight_sync_pending":true,"parameter_changed_elements":3655535873,"parameter_delta_finite":true,"schema":"canon-v1-first-update-commit-v1","tp":8,"train_steps_after":1,"train_steps_before":0,"update":0,"workload":"p58-qwen4b-tim-128"}
[rank0]: Traceback (most recent call last):
[rank0]:   File "/app/examples/deepswe/canonical_entrypoint.py", line 36, in <module>
[rank0]:     main()
[rank0]:   File "/app/examples/deepswe/canonical_entrypoint.py", line 32, in main
[rank0]:     runpy.run_module("examples.deepswe.train_deepswe_nb", run_name="__main__")
[rank0]:   File "<frozen runpy>", line 229, in run_module
[rank0]:   File "<frozen runpy>", line 88, in _run_code
[rank0]:   File "/app/examples/deepswe/train_deepswe_nb.py", line 2055, in <module>
[rank0]:     agentic_grpo_learner.train(train_dataset=train_dataset)
[rank0]:   File "/app/tunix/rl/agentic/agentic_rl_learner.py", line 4021, in train
[rank0]:     segmented_result = self._run_p28_g6_update(
[rank0]:                        ^^^^^^^^^^^^^^^^^^^^^^^^
[rank0]:   File "/app/tunix/rl/agentic/agentic_rl_learner.py", line 2529, in _run_p28_g6_update
[rank0]:     raise alignment.AlignmentGateError(
[rank0]: tunix.rl.alignment.AlignmentGateError: V1 first-update optimizer admission failed before outer weight sync/checkpoint: reasons=('effective_learning_rate=None',) record={'schema': 'canon-v1-first-update-commit-v1', 'update': 0, 'workload': 'p58-qwen4b-tim-128', 'dp': 8, 'tp': 8, 'train_steps_before': 0, 'train_steps_after': 1, 'optimizer_transaction_valid': True, 'gradient_finite': True, 'parameter_delta_finite': True, 'parameter_changed_elements': 3655535873, 'effective_learning_rate': None, 'outer_weight_sync_pending': True}
