[P38.GCS] LIVE_WORKER_START interval=30 profile=m15-wide-v1
[P38.GCS] RUNTIME_SOURCE_PASS expected=af006872b64c2d6327588b4d4cef757242ddc222 observed=af006872b64c2d6327588b4d4cef757242ddc222
[M15.WIDE.SHARD] EMPTY
[P38.GCS] RUNTIME_SOURCE_PASS expected=af006872b64c2d6327588b4d4cef757242ddc222 observed=af006872b64c2d6327588b4d4cef757242ddc222
[M15.WIDE.SHARD] EMPTY
[P38.GCS] RUNTIME_SOURCE_PASS expected=af006872b64c2d6327588b4d4cef757242ddc222 observed=af006872b64c2d6327588b4d4cef757242ddc222
[M15.WIDE.SHARD] EMPTY
[P38.GCS] RUNTIME_SOURCE_PASS expected=af006872b64c2d6327588b4d4cef757242ddc222 observed=af006872b64c2d6327588b4d4cef757242ddc222
[M15.WIDE.SHARD] EMPTY
[P38.GCS] RUNTIME_SOURCE_PASS expected=af006872b64c2d6327588b4d4cef757242ddc222 observed=af006872b64c2d6327588b4d4cef757242ddc222
[M15.WIDE.SHARD] EMPTY
[P38.GCS] RUNTIME_SOURCE_PASS expected=af006872b64c2d6327588b4d4cef757242ddc222 observed=af006872b64c2d6327588b4d4cef757242ddc222
[M15.WIDE.SHARD] EMPTY
[P38.GCS] RUNTIME_SOURCE_PASS expected=af006872b64c2d6327588b4d4cef757242ddc222 observed=af006872b64c2d6327588b4d4cef757242ddc222
[M15.WIDE.SHARD] EMPTY
[P38.GCS] RUNTIME_SOURCE_PASS expected=af006872b64c2d6327588b4d4cef757242ddc222 observed=af006872b64c2d6327588b4d4cef757242ddc222
[M15.WIDE.SHARD] EMPTY
[P38.GCS] RUNTIME_SOURCE_PASS expected=af006872b64c2d6327588b4d4cef757242ddc222 observed=af006872b64c2d6327588b4d4cef757242ddc222
[M15.WIDE.SHARD] EMPTY
[P38.GCS] RUNTIME_SOURCE_PASS expected=af006872b64c2d6327588b4d4cef757242ddc222 observed=af006872b64c2d6327588b4d4cef757242ddc222
[M15.WIDE.SHARD] EMPTY
[P38.GCS] RUNTIME_SOURCE_PASS expected=af006872b64c2d6327588b4d4cef757242ddc222 observed=af006872b64c2d6327588b4d4cef757242ddc222
[M15.WIDE.SHARD] EMPTY
[P38.GCS] RUNTIME_SOURCE_PASS expected=af006872b64c2d6327588b4d4cef757242ddc222 observed=af006872b64c2d6327588b4d4cef757242ddc222
[M15.WIDE.SHARD] EMPTY
[P38.GCS] RUNTIME_SOURCE_PASS expected=af006872b64c2d6327588b4d4cef757242ddc222 observed=af006872b64c2d6327588b4d4cef757242ddc222
[M15.WIDE.SHARD] EMPTY
[P38.GCS] RUNTIME_SOURCE_PASS expected=af006872b64c2d6327588b4d4cef757242ddc222 observed=af006872b64c2d6327588b4d4cef757242ddc222
[M15.WIDE.SHARD] EMPTY
[P38.GCS] RUNTIME_SOURCE_PASS expected=af006872b64c2d6327588b4d4cef757242ddc222 observed=af006872b64c2d6327588b4d4cef757242ddc222
[M15.WIDE.SHARD] EMPTY
[P38.GCS] RUNTIME_SOURCE_PASS expected=af006872b64c2d6327588b4d4cef757242ddc222 observed=af006872b64c2d6327588b4d4cef757242ddc222
[M15.WIDE.SHARD] EMPTY
[P38.GCS] RUNTIME_SOURCE_PASS expected=af006872b64c2d6327588b4d4cef757242ddc222 observed=af006872b64c2d6327588b4d4cef757242ddc222
[M15.WIDE.SHARD] EMPTY
[P38.GCS] RUNTIME_SOURCE_PASS expected=af006872b64c2d6327588b4d4cef757242ddc222 observed=af006872b64c2d6327588b4d4cef757242ddc222
[M15.WIDE.SHARD] EMPTY
[P38.GCS] RUNTIME_SOURCE_PASS expected=af006872b64c2d6327588b4d4cef757242ddc222 observed=af006872b64c2d6327588b4d4cef757242ddc222
[M15.WIDE.SHARD] EMPTY
[P38.GCS] RUNTIME_SOURCE_PASS expected=af006872b64c2d6327588b4d4cef757242ddc222 observed=af006872b64c2d6327588b4d4cef757242ddc222
[M15.WIDE.SHARD] EMPTY
[P38.GCS] RUNTIME_SOURCE_PASS expected=af006872b64c2d6327588b4d4cef757242ddc222 observed=af006872b64c2d6327588b4d4cef757242ddc222
[M15.WIDE.SHARD] EMPTY
[P38.GCS] RUNTIME_SOURCE_PASS expected=af006872b64c2d6327588b4d4cef757242ddc222 observed=af006872b64c2d6327588b4d4cef757242ddc222
[M15.WIDE.SHARD] EMPTY
[P38.GCS] RUNTIME_SOURCE_PASS expected=af006872b64c2d6327588b4d4cef757242ddc222 observed=af006872b64c2d6327588b4d4cef757242ddc222
[M15.WIDE.SHARD] EMPTY
[P38.GCS] RUNTIME_SOURCE_PASS expected=af006872b64c2d6327588b4d4cef757242ddc222 observed=af006872b64c2d6327588b4d4cef757242ddc222
[M15.WIDE.SHARD] EMPTY
[P38.GCS] RUNTIME_SOURCE_PASS expected=af006872b64c2d6327588b4d4cef757242ddc222 observed=af006872b64c2d6327588b4d4cef757242ddc222
[M15.WIDE.SHARD] EMPTY
[P38.GCS] RUNTIME_SOURCE_PASS expected=af006872b64c2d6327588b4d4cef757242ddc222 observed=af006872b64c2d6327588b4d4cef757242ddc222
[M15.WIDE.SHARD] EMPTY
[P38.GCS] RUNTIME_SOURCE_PASS expected=af006872b64c2d6327588b4d4cef757242ddc222 observed=af006872b64c2d6327588b4d4cef757242ddc222
[M15.WIDE.SHARD] STAGED sequence=0 pairs=5 bytes=524578
[P38.ARCHIVE] CREATED path=/tmp/canon-state/canon-v1-apc-m15-on-d35-af006872/p38_m15_wide_shards/round-000000/000000.tar logical_files=11 sha256=b712fa7f7cd7dadcd5ef988e6bbe360d797531d1d25f1c09d56be12869938fc9
[P38.ARCHIVE] VERIFIED path=/tmp/tmp.aEZz3qG2wp/SHARD_ARCHIVE.tar logical_files=11 sha256=b712fa7f7cd7dadcd5ef988e6bbe360d797531d1d25f1c09d56be12869938fc9
[P38.GCS] M15_SHARD_COMPLETE sequence=000000 round=0 pairs=5 archive_sha256=b712fa7f7cd7dadcd5ef988e6bbe360d797531d1d25f1c09d56be12869938fc9 manifest_sha256=820a9891cc59970d2d2c063883e21edc1d49d04584a1a2defda72610338f2011
[P38.GCS] RUNTIME_SOURCE_PASS expected=af006872b64c2d6327588b4d4cef757242ddc222 observed=af006872b64c2d6327588b4d4cef757242ddc222
[M15.WIDE.SHARD] STAGED sequence=1 pairs=32 bytes=1599293
[P38.ARCHIVE] CREATED path=/tmp/canon-state/canon-v1-apc-m15-on-d35-af006872/p38_m15_wide_shards/round-000000/000001.tar logical_files=65 sha256=c75fe91954eb97e26b73dd81c9a41758f6379ef2504460b4086aaafebb51a354
[P38.ARCHIVE] VERIFIED path=/tmp/tmp.w3eKSKaYUg/SHARD_ARCHIVE.tar logical_files=65 sha256=c75fe91954eb97e26b73dd81c9a41758f6379ef2504460b4086aaafebb51a354
[P38.GCS] M15_SHARD_COMPLETE sequence=000001 round=0 pairs=32 archive_sha256=c75fe91954eb97e26b73dd81c9a41758f6379ef2504460b4086aaafebb51a354 manifest_sha256=a878e2f49525bc025af30b04c5e726e64fb5f915cd163d1cfce3df1ba13dfba5
[P38.GCS] RUNTIME_SOURCE_PASS expected=af006872b64c2d6327588b4d4cef757242ddc222 observed=af006872b64c2d6327588b4d4cef757242ddc222
[M15.WIDE.SHARD] STAGED sequence=2 pairs=32 bytes=1927076
[P38.ARCHIVE] CREATED path=/tmp/canon-state/canon-v1-apc-m15-on-d35-af006872/p38_m15_wide_shards/round-000000/000002.tar logical_files=65 sha256=d0c4ca7c2b85825c1dc5189f07aebccff1ba2d1790dec3420d8db1abea964c35
[P38.ARCHIVE] VERIFIED path=/tmp/tmp.EmKHNqgJzx/SHARD_ARCHIVE.tar logical_files=65 sha256=d0c4ca7c2b85825c1dc5189f07aebccff1ba2d1790dec3420d8db1abea964c35
[P38.GCS] M15_SHARD_COMPLETE sequence=000002 round=0 pairs=32 archive_sha256=d0c4ca7c2b85825c1dc5189f07aebccff1ba2d1790dec3420d8db1abea964c35 manifest_sha256=2cc2948ecaf28a698f4ee34f44b70d2ae362c48485f79cf7c4b163d6c8203c3c
[P38.GCS] RUNTIME_SOURCE_PASS expected=af006872b64c2d6327588b4d4cef757242ddc222 observed=af006872b64c2d6327588b4d4cef757242ddc222
[M15.WIDE.SHARD] STAGED sequence=3 pairs=32 bytes=1595489
[P38.ARCHIVE] CREATED path=/tmp/canon-state/canon-v1-apc-m15-on-d35-af006872/p38_m15_wide_shards/round-000000/000003.tar logical_files=65 sha256=40bd809a075340143f20784a8fbf21ae04dbf33c44b30fd1083669e21f2d5fb2
[P38.ARCHIVE] VERIFIED path=/tmp/tmp.tS9NOa9Bg5/SHARD_ARCHIVE.tar logical_files=65 sha256=40bd809a075340143f20784a8fbf21ae04dbf33c44b30fd1083669e21f2d5fb2
[P38.GCS] M15_SHARD_COMPLETE sequence=000003 round=0 pairs=32 archive_sha256=40bd809a075340143f20784a8fbf21ae04dbf33c44b30fd1083669e21f2d5fb2 manifest_sha256=3c6a11293b5c03a2f3ae0050cdb11f39a50f8ffabf69ed729f21ff2b7fefa5bd
[P38.GCS] RUNTIME_SOURCE_PASS expected=af006872b64c2d6327588b4d4cef757242ddc222 observed=af006872b64c2d6327588b4d4cef757242ddc222
[M15.WIDE.SHARD] STAGED sequence=4 pairs=32 bytes=1891567
[P38.ARCHIVE] CREATED path=/tmp/canon-state/canon-v1-apc-m15-on-d35-af006872/p38_m15_wide_shards/round-000000/000004.tar logical_files=65 sha256=71e828e6d01014896d5715fed5e2f9a69389dcba94476f9f8a595f10c6487a8f
[P38.ARCHIVE] VERIFIED path=/tmp/tmp.PDWnWKeDvM/SHARD_ARCHIVE.tar logical_files=65 sha256=71e828e6d01014896d5715fed5e2f9a69389dcba94476f9f8a595f10c6487a8f
[P38.GCS] M15_SHARD_COMPLETE sequence=000004 round=0 pairs=32 archive_sha256=71e828e6d01014896d5715fed5e2f9a69389dcba94476f9f8a595f10c6487a8f manifest_sha256=f32c77c155bca881cb47040a251409c85a4ba970130400309d3def2fd2cfeed0
[P38.GCS] RUNTIME_SOURCE_PASS expected=af006872b64c2d6327588b4d4cef757242ddc222 observed=af006872b64c2d6327588b4d4cef757242ddc222
[M15.WIDE.SHARD] STAGED sequence=5 pairs=32 bytes=1723669
[P38.ARCHIVE] CREATED path=/tmp/canon-state/canon-v1-apc-m15-on-d35-af006872/p38_m15_wide_shards/round-000000/000005.tar logical_files=65 sha256=1bfa8bf88076ecf07a0afe10a3241b28a307487ba14b1d5b5c8860be7bd1d1ac
[P38.ARCHIVE] VERIFIED path=/tmp/tmp.cIP8hQTClK/SHARD_ARCHIVE.tar logical_files=65 sha256=1bfa8bf88076ecf07a0afe10a3241b28a307487ba14b1d5b5c8860be7bd1d1ac
[P38.GCS] M15_SHARD_COMPLETE sequence=000005 round=0 pairs=32 archive_sha256=1bfa8bf88076ecf07a0afe10a3241b28a307487ba14b1d5b5c8860be7bd1d1ac manifest_sha256=10e1dd53fae1ecac2f5dc76a3958037d47f00254165d27d41ca184b1da631c02
[P38.GCS] RUNTIME_SOURCE_PASS expected=af006872b64c2d6327588b4d4cef757242ddc222 observed=af006872b64c2d6327588b4d4cef757242ddc222
[M15.WIDE.SHARD] STAGED sequence=6 pairs=32 bytes=1440681
[P38.ARCHIVE] CREATED path=/tmp/canon-state/canon-v1-apc-m15-on-d35-af006872/p38_m15_wide_shards/round-000000/000006.tar logical_files=65 sha256=5762a2a1b2de794b929966ce3ace6a30f498b005163190b40f4fe66cf377ce16
[P38.ARCHIVE] VERIFIED path=/tmp/tmp.KD6cQCTAjN/SHARD_ARCHIVE.tar logical_files=65 sha256=5762a2a1b2de794b929966ce3ace6a30f498b005163190b40f4fe66cf377ce16
[P38.GCS] M15_SHARD_COMPLETE sequence=000006 round=0 pairs=32 archive_sha256=5762a2a1b2de794b929966ce3ace6a30f498b005163190b40f4fe66cf377ce16 manifest_sha256=fa92a00f7d6b6cbb6873d48d805a222c3ae9939317e6b1e88afbb086b5333914
[P38.GCS] RUNTIME_SOURCE_PASS expected=af006872b64c2d6327588b4d4cef757242ddc222 observed=af006872b64c2d6327588b4d4cef757242ddc222
[M15.WIDE.SHARD] STAGED sequence=7 pairs=32 bytes=4468125
[P38.ARCHIVE] CREATED path=/tmp/canon-state/canon-v1-apc-m15-on-d35-af006872/p38_m15_wide_shards/round-000000/000007.tar logical_files=65 sha256=edb883c7d0d06562f5433635769ed3549c7b4d6d0a4dc5896d17c85c89c087d0
[P38.ARCHIVE] VERIFIED path=/tmp/tmp.2sUg8ufu8n/SHARD_ARCHIVE.tar logical_files=65 sha256=edb883c7d0d06562f5433635769ed3549c7b4d6d0a4dc5896d17c85c89c087d0
[P38.GCS] M15_SHARD_COMPLETE sequence=000007 round=0 pairs=32 archive_sha256=edb883c7d0d06562f5433635769ed3549c7b4d6d0a4dc5896d17c85c89c087d0 manifest_sha256=fcb54e1d5d4886c2dca61511d9caeefc3046f24569d2a33d7cef3acf542aeb59
[P38.GCS] RUNTIME_SOURCE_PASS expected=af006872b64c2d6327588b4d4cef757242ddc222 observed=af006872b64c2d6327588b4d4cef757242ddc222
[M15.WIDE.SHARD] STAGED sequence=8 pairs=32 bytes=4142711
[P38.ARCHIVE] CREATED path=/tmp/canon-state/canon-v1-apc-m15-on-d35-af006872/p38_m15_wide_shards/round-000000/000008.tar logical_files=65 sha256=61b1a460dd280d4e6cd1983d55c3e96c248611ab58a5d79d473408e600abbfff
[P38.ARCHIVE] VERIFIED path=/tmp/tmp.gUagQLFKOH/SHARD_ARCHIVE.tar logical_files=65 sha256=61b1a460dd280d4e6cd1983d55c3e96c248611ab58a5d79d473408e600abbfff
[P38.GCS] M15_SHARD_COMPLETE sequence=000008 round=0 pairs=32 archive_sha256=61b1a460dd280d4e6cd1983d55c3e96c248611ab58a5d79d473408e600abbfff manifest_sha256=311d95f1b2d4cfac539213cb7e38c9cbbcd0b13df6fd2f2cf22ae4f0759f6fe8
[P38.GCS] RUNTIME_SOURCE_PASS expected=af006872b64c2d6327588b4d4cef757242ddc222 observed=af006872b64c2d6327588b4d4cef757242ddc222
[M15.WIDE.SHARD] STAGED sequence=9 pairs=32 bytes=4457044
[P38.ARCHIVE] CREATED path=/tmp/canon-state/canon-v1-apc-m15-on-d35-af006872/p38_m15_wide_shards/round-000000/000009.tar logical_files=65 sha256=0580ecda5da46f1e8b08bf9b63beec8744dd390b560ad32139c6bc1f24d2c5c3
[P38.ARCHIVE] VERIFIED path=/tmp/tmp.BkLKsItSLR/SHARD_ARCHIVE.tar logical_files=65 sha256=0580ecda5da46f1e8b08bf9b63beec8744dd390b560ad32139c6bc1f24d2c5c3
[P38.GCS] M15_SHARD_COMPLETE sequence=000009 round=0 pairs=32 archive_sha256=0580ecda5da46f1e8b08bf9b63beec8744dd390b560ad32139c6bc1f24d2c5c3 manifest_sha256=3b10a3b7782b0b6bb4aa785fdf4f53fa2e9b6982dc34ed870a70fce781b868ee
[P38.GCS] RUNTIME_SOURCE_PASS expected=af006872b64c2d6327588b4d4cef757242ddc222 observed=af006872b64c2d6327588b4d4cef757242ddc222
[M15.WIDE.SHARD] STAGED sequence=10 pairs=32 bytes=4464726
[P38.ARCHIVE] CREATED path=/tmp/canon-state/canon-v1-apc-m15-on-d35-af006872/p38_m15_wide_shards/round-000000/000010.tar logical_files=65 sha256=267fd27993e842a6362b6ba075bc471b5e78a0a074b8f6e4ed6b68dc7e8fb46b
[P38.ARCHIVE] VERIFIED path=/tmp/tmp.5c113HdHpT/SHARD_ARCHIVE.tar logical_files=65 sha256=267fd27993e842a6362b6ba075bc471b5e78a0a074b8f6e4ed6b68dc7e8fb46b
[P38.GCS] M15_SHARD_COMPLETE sequence=000010 round=0 pairs=32 archive_sha256=267fd27993e842a6362b6ba075bc471b5e78a0a074b8f6e4ed6b68dc7e8fb46b manifest_sha256=e9f37b21059fdd83b7bb7c3a06103e725ce1a56cacf9a62fe16dfe0336a5beb1
[P38.GCS] RUNTIME_SOURCE_PASS expected=af006872b64c2d6327588b4d4cef757242ddc222 observed=af006872b64c2d6327588b4d4cef757242ddc222
[M15.WIDE.SHARD] STAGED sequence=11 pairs=32 bytes=4225211
[P38.ARCHIVE] CREATED path=/tmp/canon-state/canon-v1-apc-m15-on-d35-af006872/p38_m15_wide_shards/round-000000/000011.tar logical_files=65 sha256=302863e14c582acaf3409fd062edf6e1e036958e0a664dca55039588ef69ac7f
[P38.ARCHIVE] VERIFIED path=/tmp/tmp.pdME9bwi91/SHARD_ARCHIVE.tar logical_files=65 sha256=302863e14c582acaf3409fd062edf6e1e036958e0a664dca55039588ef69ac7f
[P38.GCS] M15_SHARD_COMPLETE sequence=000011 round=0 pairs=32 archive_sha256=302863e14c582acaf3409fd062edf6e1e036958e0a664dca55039588ef69ac7f manifest_sha256=c79f87d60ed5f8646f1fff9782747b0bcc2457bda6054b13c4e7e228849ec1ca
[P38.GCS] RUNTIME_SOURCE_PASS expected=af006872b64c2d6327588b4d4cef757242ddc222 observed=af006872b64c2d6327588b4d4cef757242ddc222
[M15.WIDE.SHARD] STAGED sequence=12 pairs=32 bytes=4585335
[P38.ARCHIVE] CREATED path=/tmp/canon-state/canon-v1-apc-m15-on-d35-af006872/p38_m15_wide_shards/round-000000/000012.tar logical_files=65 sha256=9ed50a7b20e708aebd50b6f4bc1fe88c6473d2f08100c4ee23da516f4de1c0ae
[P38.ARCHIVE] VERIFIED path=/tmp/tmp.neTjziFisv/SHARD_ARCHIVE.tar logical_files=65 sha256=9ed50a7b20e708aebd50b6f4bc1fe88c6473d2f08100c4ee23da516f4de1c0ae
[P38.GCS] M15_SHARD_COMPLETE sequence=000012 round=0 pairs=32 archive_sha256=9ed50a7b20e708aebd50b6f4bc1fe88c6473d2f08100c4ee23da516f4de1c0ae manifest_sha256=cf0b2f517451472af9ba359b4f609461efe9e428aed494851bd67982b27e3520
[P38.GCS] RUNTIME_SOURCE_PASS expected=af006872b64c2d6327588b4d4cef757242ddc222 observed=af006872b64c2d6327588b4d4cef757242ddc222
[M15.WIDE.SHARD] STAGED sequence=13 pairs=32 bytes=4369646
[P38.ARCHIVE] CREATED path=/tmp/canon-state/canon-v1-apc-m15-on-d35-af006872/p38_m15_wide_shards/round-000000/000013.tar logical_files=65 sha256=ee1aff1a0c004efcdd0b945084593dd6fbbea62c0fe77413992314d2a07d6860
[P38.ARCHIVE] VERIFIED path=/tmp/tmp.jq6fHMw9S4/SHARD_ARCHIVE.tar logical_files=65 sha256=ee1aff1a0c004efcdd0b945084593dd6fbbea62c0fe77413992314d2a07d6860
[P38.GCS] M15_SHARD_COMPLETE sequence=000013 round=0 pairs=32 archive_sha256=ee1aff1a0c004efcdd0b945084593dd6fbbea62c0fe77413992314d2a07d6860 manifest_sha256=dd679f315e81d93bcc11f066a243464fd7789c9455c81d0654f169ecae7f3d04
[P38.GCS] RUNTIME_SOURCE_PASS expected=af006872b64c2d6327588b4d4cef757242ddc222 observed=af006872b64c2d6327588b4d4cef757242ddc222
[M15.WIDE.SHARD] STAGED sequence=14 pairs=32 bytes=4813030
[P38.ARCHIVE] CREATED path=/tmp/canon-state/canon-v1-apc-m15-on-d35-af006872/p38_m15_wide_shards/round-000000/000014.tar logical_files=65 sha256=adf181542fd3ec07cb2504a56c3e5b3090a20d8bac0a3c48a4176bd047cbcee1
[P38.ARCHIVE] VERIFIED path=/tmp/tmp.3WCU3QofAr/SHARD_ARCHIVE.tar logical_files=65 sha256=adf181542fd3ec07cb2504a56c3e5b3090a20d8bac0a3c48a4176bd047cbcee1
[P38.GCS] M15_SHARD_COMPLETE sequence=000014 round=0 pairs=32 archive_sha256=adf181542fd3ec07cb2504a56c3e5b3090a20d8bac0a3c48a4176bd047cbcee1 manifest_sha256=dbae203bc4d58436f4a36e9678f366bbdde2c48bbfdaef6b6660b6a0dd2585c1
[P38.GCS] RUNTIME_SOURCE_PASS expected=af006872b64c2d6327588b4d4cef757242ddc222 observed=af006872b64c2d6327588b4d4cef757242ddc222
[M15.WIDE.SHARD] STAGED sequence=15 pairs=32 bytes=4816987
[P38.ARCHIVE] CREATED path=/tmp/canon-state/canon-v1-apc-m15-on-d35-af006872/p38_m15_wide_shards/round-000000/000015.tar logical_files=65 sha256=03db63fac3f3d917a24bc66bbea9c460c17347a4a1be27ad1a2c741de91812a9
[P38.ARCHIVE] VERIFIED path=/tmp/tmp.VSWJ5DWnQ0/SHARD_ARCHIVE.tar logical_files=65 sha256=03db63fac3f3d917a24bc66bbea9c460c17347a4a1be27ad1a2c741de91812a9
[P38.GCS] M15_SHARD_COMPLETE sequence=000015 round=0 pairs=32 archive_sha256=03db63fac3f3d917a24bc66bbea9c460c17347a4a1be27ad1a2c741de91812a9 manifest_sha256=c9e738d6006fb7bb4f1fe8f68958301127de5d2b60133d9d52f3c5fccbdc95c9
[P38.GCS] RUNTIME_SOURCE_PASS expected=af006872b64c2d6327588b4d4cef757242ddc222 observed=af006872b64c2d6327588b4d4cef757242ddc222
[M15.WIDE.SHARD] STAGED sequence=16 pairs=32 bytes=4370421
[P38.ARCHIVE] CREATED path=/tmp/canon-state/canon-v1-apc-m15-on-d35-af006872/p38_m15_wide_shards/round-000000/000016.tar logical_files=65 sha256=1e4b3dfcee60406c09c59db464011b76c02aeea2b141879c8bf7961c3779b95c
[P38.ARCHIVE] VERIFIED path=/tmp/tmp.a9g7YtbR6d/SHARD_ARCHIVE.tar logical_files=65 sha256=1e4b3dfcee60406c09c59db464011b76c02aeea2b141879c8bf7961c3779b95c
[P38.GCS] M15_SHARD_COMPLETE sequence=000016 round=0 pairs=32 archive_sha256=1e4b3dfcee60406c09c59db464011b76c02aeea2b141879c8bf7961c3779b95c manifest_sha256=5c041c970e75edf85ffef26433feef50f56d6b66a3026209ba45f963cd2a8b6e
[P38.GCS] RUNTIME_SOURCE_PASS expected=af006872b64c2d6327588b4d4cef757242ddc222 observed=af006872b64c2d6327588b4d4cef757242ddc222
[M15.WIDE.SHARD] STAGED sequence=17 pairs=32 bytes=4127536
[P38.ARCHIVE] CREATED path=/tmp/canon-state/canon-v1-apc-m15-on-d35-af006872/p38_m15_wide_shards/round-000000/000017.tar logical_files=65 sha256=1f672dfcdffa1b93ca9fe1ad89316b6996437b27acca56f6ca61e14c9b42c3d0
[P38.ARCHIVE] VERIFIED path=/tmp/tmp.mR8NXoCP3V/SHARD_ARCHIVE.tar logical_files=65 sha256=1f672dfcdffa1b93ca9fe1ad89316b6996437b27acca56f6ca61e14c9b42c3d0
[P38.GCS] M15_SHARD_COMPLETE sequence=000017 round=0 pairs=32 archive_sha256=1f672dfcdffa1b93ca9fe1ad89316b6996437b27acca56f6ca61e14c9b42c3d0 manifest_sha256=f17b5232d89d7c1d92bb877c2b8aa9e1d58258cb4b3fcb851f57b944447788aa
[P38.GCS] RUNTIME_SOURCE_PASS expected=af006872b64c2d6327588b4d4cef757242ddc222 observed=af006872b64c2d6327588b4d4cef757242ddc222
[M15.WIDE.SHARD] STAGED sequence=18 pairs=32 bytes=4705894
[P38.ARCHIVE] CREATED path=/tmp/canon-state/canon-v1-apc-m15-on-d35-af006872/p38_m15_wide_shards/round-000000/000018.tar logical_files=65 sha256=886b657b57d93226edc84ad29bbdef2078a6e3ab8925bd14ee4a8959d1ade6b7
[P38.ARCHIVE] VERIFIED path=/tmp/tmp.4XJaeyVDCP/SHARD_ARCHIVE.tar logical_files=65 sha256=886b657b57d93226edc84ad29bbdef2078a6e3ab8925bd14ee4a8959d1ade6b7
[P38.GCS] M15_SHARD_COMPLETE sequence=000018 round=0 pairs=32 archive_sha256=886b657b57d93226edc84ad29bbdef2078a6e3ab8925bd14ee4a8959d1ade6b7 manifest_sha256=5fc16e129c6c2835b83468231e794476b018f3ad738ee837989a7c3e702b5353
[P38.GCS] RUNTIME_SOURCE_PASS expected=af006872b64c2d6327588b4d4cef757242ddc222 observed=af006872b64c2d6327588b4d4cef757242ddc222
[M15.WIDE.SHARD] STAGED sequence=19 pairs=32 bytes=4364493
[P38.ARCHIVE] CREATED path=/tmp/canon-state/canon-v1-apc-m15-on-d35-af006872/p38_m15_wide_shards/round-000000/000019.tar logical_files=65 sha256=e476fd550774a92ebd5130f122f1700890238eb4904413a0f9d1d71b48193f22
[P38.ARCHIVE] VERIFIED path=/tmp/tmp.94lXN0nbaE/SHARD_ARCHIVE.tar logical_files=65 sha256=e476fd550774a92ebd5130f122f1700890238eb4904413a0f9d1d71b48193f22
[P38.GCS] M15_SHARD_COMPLETE sequence=000019 round=0 pairs=32 archive_sha256=e476fd550774a92ebd5130f122f1700890238eb4904413a0f9d1d71b48193f22 manifest_sha256=f1a24715f81d364ca49756758c43f95c65f126cbcef743e597ce67ce5965fc98
[P38.GCS] RUNTIME_SOURCE_PASS expected=af006872b64c2d6327588b4d4cef757242ddc222 observed=af006872b64c2d6327588b4d4cef757242ddc222
[M15.WIDE.SHARD] STAGED sequence=20 pairs=32 bytes=4442675
[P38.ARCHIVE] CREATED path=/tmp/canon-state/canon-v1-apc-m15-on-d35-af006872/p38_m15_wide_shards/round-000000/000020.tar logical_files=65 sha256=c9dd15674a96a239e8f2faee0a10cef249df9f9a6dd8eb4aa6e129a4b08bc18f
[P38.ARCHIVE] VERIFIED path=/tmp/tmp.xA1NZUQsiU/SHARD_ARCHIVE.tar logical_files=65 sha256=c9dd15674a96a239e8f2faee0a10cef249df9f9a6dd8eb4aa6e129a4b08bc18f
[P38.GCS] M15_SHARD_COMPLETE sequence=000020 round=0 pairs=32 archive_sha256=c9dd15674a96a239e8f2faee0a10cef249df9f9a6dd8eb4aa6e129a4b08bc18f manifest_sha256=0996d6cb9a2dee96b0ab4456c8e0e952158bf1236f928d6dfc036eee5048b52d
[P38.GCS] RUNTIME_SOURCE_PASS expected=af006872b64c2d6327588b4d4cef757242ddc222 observed=af006872b64c2d6327588b4d4cef757242ddc222
[M15.WIDE.SHARD] STAGED sequence=21 pairs=32 bytes=4611758
[P38.ARCHIVE] CREATED path=/tmp/canon-state/canon-v1-apc-m15-on-d35-af006872/p38_m15_wide_shards/round-000000/000021.tar logical_files=65 sha256=5bc49a2df8cc8107dd1b9a93a64812cd0d9b657fb2aa21aff7bd81f240e98c1d
[P38.ARCHIVE] VERIFIED path=/tmp/tmp.HTL5JFK80Q/SHARD_ARCHIVE.tar logical_files=65 sha256=5bc49a2df8cc8107dd1b9a93a64812cd0d9b657fb2aa21aff7bd81f240e98c1d
[P38.GCS] M15_SHARD_COMPLETE sequence=000021 round=0 pairs=32 archive_sha256=5bc49a2df8cc8107dd1b9a93a64812cd0d9b657fb2aa21aff7bd81f240e98c1d manifest_sha256=c5a2834be54e24924fb1d249d17af6101f09f50d29b18c9bff445f0eb529855c
[P38.GCS] RUNTIME_SOURCE_PASS expected=af006872b64c2d6327588b4d4cef757242ddc222 observed=af006872b64c2d6327588b4d4cef757242ddc222
[M15.WIDE.SHARD] STAGED sequence=22 pairs=32 bytes=4650093
[P38.ARCHIVE] CREATED path=/tmp/canon-state/canon-v1-apc-m15-on-d35-af006872/p38_m15_wide_shards/round-000000/000022.tar logical_files=65 sha256=899092052128314480f514bb0da63ed358ce9cf8ed62a411cf3081f7a0719a09
[P38.ARCHIVE] VERIFIED path=/tmp/tmp.6aF1PYSToV/SHARD_ARCHIVE.tar logical_files=65 sha256=899092052128314480f514bb0da63ed358ce9cf8ed62a411cf3081f7a0719a09
[P38.GCS] M15_SHARD_COMPLETE sequence=000022 round=0 pairs=32 archive_sha256=899092052128314480f514bb0da63ed358ce9cf8ed62a411cf3081f7a0719a09 manifest_sha256=7ab0cfe0ddc6d39d0dde2a11f06a4735a5c68294bf99834e74fef8ff86a690b9
[P38.GCS] RUNTIME_SOURCE_PASS expected=af006872b64c2d6327588b4d4cef757242ddc222 observed=af006872b64c2d6327588b4d4cef757242ddc222
[M15.WIDE.SHARD] STAGED sequence=23 pairs=32 bytes=4510781
[P38.ARCHIVE] CREATED path=/tmp/canon-state/canon-v1-apc-m15-on-d35-af006872/p38_m15_wide_shards/round-000000/000023.tar logical_files=65 sha256=8cbdbace0d3e6ba26ca74ab478593d21e293e56dfecf11526342bf862179a7a8
[P38.ARCHIVE] VERIFIED path=/tmp/tmp.XEdM9YvZdz/SHARD_ARCHIVE.tar logical_files=65 sha256=8cbdbace0d3e6ba26ca74ab478593d21e293e56dfecf11526342bf862179a7a8
[P38.GCS] M15_SHARD_COMPLETE sequence=000023 round=0 pairs=32 archive_sha256=8cbdbace0d3e6ba26ca74ab478593d21e293e56dfecf11526342bf862179a7a8 manifest_sha256=5283c56dca6f0b9ca5574acfcc9086bef4968e58601913f2dcc4c34bd9dd9203
[P38.GCS] RUNTIME_SOURCE_PASS expected=af006872b64c2d6327588b4d4cef757242ddc222 observed=af006872b64c2d6327588b4d4cef757242ddc222
[M15.WIDE.SHARD] STAGED sequence=24 pairs=32 bytes=4215758
[P38.ARCHIVE] CREATED path=/tmp/canon-state/canon-v1-apc-m15-on-d35-af006872/p38_m15_wide_shards/round-000000/000024.tar logical_files=65 sha256=e30bf640254bfbea398cba9d1fe363c4d07f8dce491fa8e5a60d71c8bc030d01
[P38.ARCHIVE] VERIFIED path=/tmp/tmp.7yERyE1eb7/SHARD_ARCHIVE.tar logical_files=65 sha256=e30bf640254bfbea398cba9d1fe363c4d07f8dce491fa8e5a60d71c8bc030d01
[P38.GCS] M15_SHARD_COMPLETE sequence=000024 round=0 pairs=32 archive_sha256=e30bf640254bfbea398cba9d1fe363c4d07f8dce491fa8e5a60d71c8bc030d01 manifest_sha256=153dd2bb1831151ee7b5cadb1e32f559e42e0e927441a9580cb89f6dfc8f1aed
[P38.GCS] RUNTIME_SOURCE_PASS expected=af006872b64c2d6327588b4d4cef757242ddc222 observed=af006872b64c2d6327588b4d4cef757242ddc222
[M15.WIDE.SHARD] STAGED sequence=25 pairs=32 bytes=4446450
[P38.ARCHIVE] CREATED path=/tmp/canon-state/canon-v1-apc-m15-on-d35-af006872/p38_m15_wide_shards/round-000000/000025.tar logical_files=65 sha256=8c4f7e12e5bc26d06ef5d8e2775c717d515e7a30782e4a32501a3e33605253a0
[P38.ARCHIVE] VERIFIED path=/tmp/tmp.p1UDhcQpYL/SHARD_ARCHIVE.tar logical_files=65 sha256=8c4f7e12e5bc26d06ef5d8e2775c717d515e7a30782e4a32501a3e33605253a0
[P38.GCS] M15_SHARD_COMPLETE sequence=000025 round=0 pairs=32 archive_sha256=8c4f7e12e5bc26d06ef5d8e2775c717d515e7a30782e4a32501a3e33605253a0 manifest_sha256=3534fdcb3b8f546a631c81b56821d0f3e2b4c54bc7d3c958b1671193ab118de1
[P38.GCS] RUNTIME_SOURCE_PASS expected=af006872b64c2d6327588b4d4cef757242ddc222 observed=af006872b64c2d6327588b4d4cef757242ddc222
[M15.WIDE.SHARD] STAGED sequence=26 pairs=32 bytes=4505057
[P38.ARCHIVE] CREATED path=/tmp/canon-state/canon-v1-apc-m15-on-d35-af006872/p38_m15_wide_shards/round-000000/000026.tar logical_files=65 sha256=88c909c1355fccc7db260eb456ea796ef061f33b3c4e24a65bcd9605d6244e30
[P38.ARCHIVE] VERIFIED path=/tmp/tmp.8WRufS2nH7/SHARD_ARCHIVE.tar logical_files=65 sha256=88c909c1355fccc7db260eb456ea796ef061f33b3c4e24a65bcd9605d6244e30
[P38.GCS] M15_SHARD_COMPLETE sequence=000026 round=0 pairs=32 archive_sha256=88c909c1355fccc7db260eb456ea796ef061f33b3c4e24a65bcd9605d6244e30 manifest_sha256=42434cc6a25922cb9f84ac0c123f3a76094d966e7f658e3e0cf169baa4ca3eca
[P38.GCS] RUNTIME_SOURCE_PASS expected=af006872b64c2d6327588b4d4cef757242ddc222 observed=af006872b64c2d6327588b4d4cef757242ddc222
[M15.WIDE.SHARD] STAGED sequence=27 pairs=32 bytes=4713388
[P38.ARCHIVE] CREATED path=/tmp/canon-state/canon-v1-apc-m15-on-d35-af006872/p38_m15_wide_shards/round-000000/000027.tar logical_files=65 sha256=e77edc38d4e74fee8a4c438bc03a14754ed6046e05628d41ec35737db9709e3d
[P38.ARCHIVE] VERIFIED path=/tmp/tmp.15Cm4QXyFw/SHARD_ARCHIVE.tar logical_files=65 sha256=e77edc38d4e74fee8a4c438bc03a14754ed6046e05628d41ec35737db9709e3d
[P38.GCS] M15_SHARD_COMPLETE sequence=000027 round=0 pairs=32 archive_sha256=e77edc38d4e74fee8a4c438bc03a14754ed6046e05628d41ec35737db9709e3d manifest_sha256=288effa2c95bf179b7a4fa545e52d0a2b3e3a8fb14a27f75dc97f5b099276057
[P38.GCS] RUNTIME_SOURCE_PASS expected=af006872b64c2d6327588b4d4cef757242ddc222 observed=af006872b64c2d6327588b4d4cef757242ddc222
[M15.WIDE.SHARD] STAGED sequence=28 pairs=32 bytes=4897564
[P38.ARCHIVE] CREATED path=/tmp/canon-state/canon-v1-apc-m15-on-d35-af006872/p38_m15_wide_shards/round-000000/000028.tar logical_files=65 sha256=ca8050c6a293a0e1bdc93194cce3a20ab9bbf0f2f60c49062cbefb3753bc7851
[P38.ARCHIVE] VERIFIED path=/tmp/tmp.rHsN8E1Re1/SHARD_ARCHIVE.tar logical_files=65 sha256=ca8050c6a293a0e1bdc93194cce3a20ab9bbf0f2f60c49062cbefb3753bc7851
[P38.GCS] M15_SHARD_COMPLETE sequence=000028 round=0 pairs=32 archive_sha256=ca8050c6a293a0e1bdc93194cce3a20ab9bbf0f2f60c49062cbefb3753bc7851 manifest_sha256=2744deb5877b985c5fd45ae4ee81ca1137aa10054c28786cd3fd9174679d8cea
[P38.GCS] RUNTIME_SOURCE_PASS expected=af006872b64c2d6327588b4d4cef757242ddc222 observed=af006872b64c2d6327588b4d4cef757242ddc222
[M15.WIDE.SHARD] STAGED sequence=29 pairs=32 bytes=4682076
[P38.ARCHIVE] CREATED path=/tmp/canon-state/canon-v1-apc-m15-on-d35-af006872/p38_m15_wide_shards/round-000000/000029.tar logical_files=65 sha256=94555e0f10de11a1e01fb7a5dd80af7300ac107794c70718aab0f2a6c305f175
[P38.ARCHIVE] VERIFIED path=/tmp/tmp.V9YwqFfvDz/SHARD_ARCHIVE.tar logical_files=65 sha256=94555e0f10de11a1e01fb7a5dd80af7300ac107794c70718aab0f2a6c305f175
[P38.GCS] M15_SHARD_COMPLETE sequence=000029 round=0 pairs=32 archive_sha256=94555e0f10de11a1e01fb7a5dd80af7300ac107794c70718aab0f2a6c305f175 manifest_sha256=3f6e1d8b4c5ff99408d7151ef5792b1b631115390eaedef370cbd22a4a3823c2
[P38.GCS] RUNTIME_SOURCE_PASS expected=af006872b64c2d6327588b4d4cef757242ddc222 observed=af006872b64c2d6327588b4d4cef757242ddc222
[M15.WIDE.SHARD] STAGED sequence=30 pairs=32 bytes=4392164
[P38.ARCHIVE] CREATED path=/tmp/canon-state/canon-v1-apc-m15-on-d35-af006872/p38_m15_wide_shards/round-000000/000030.tar logical_files=65 sha256=3c074932f5e26cff53824a71a3e4c08c6e665bb5f0da60c0b6058ecc613c4dfa
[P38.ARCHIVE] VERIFIED path=/tmp/tmp.82vyPXXSu6/SHARD_ARCHIVE.tar logical_files=65 sha256=3c074932f5e26cff53824a71a3e4c08c6e665bb5f0da60c0b6058ecc613c4dfa
[P38.GCS] M15_SHARD_COMPLETE sequence=000030 round=0 pairs=32 archive_sha256=3c074932f5e26cff53824a71a3e4c08c6e665bb5f0da60c0b6058ecc613c4dfa manifest_sha256=5debfabf907a0391f7d9cd6fecf9e414dcf1101a9d1cbbf9af3fce2c24722d2c
[P38.GCS] RUNTIME_SOURCE_PASS expected=af006872b64c2d6327588b4d4cef757242ddc222 observed=af006872b64c2d6327588b4d4cef757242ddc222
[M15.WIDE.SHARD] STAGED sequence=31 pairs=32 bytes=4549263
[P38.ARCHIVE] CREATED path=/tmp/canon-state/canon-v1-apc-m15-on-d35-af006872/p38_m15_wide_shards/round-000000/000031.tar logical_files=65 sha256=11e7800e31e83c51d3107abca0ee2c1590ceed6adb13ff142e49b6fc201c7ad7
[P38.ARCHIVE] VERIFIED path=/tmp/tmp.hmf5QQWZsu/SHARD_ARCHIVE.tar logical_files=65 sha256=11e7800e31e83c51d3107abca0ee2c1590ceed6adb13ff142e49b6fc201c7ad7
[P38.GCS] M15_SHARD_COMPLETE sequence=000031 round=0 pairs=32 archive_sha256=11e7800e31e83c51d3107abca0ee2c1590ceed6adb13ff142e49b6fc201c7ad7 manifest_sha256=6f9f4dc1fa054284492f516fb1dd36f9c3a6e328e16446b148ada5e142f470f3
[P38.GCS] RUNTIME_SOURCE_PASS expected=af006872b64c2d6327588b4d4cef757242ddc222 observed=af006872b64c2d6327588b4d4cef757242ddc222
[M15.WIDE.SHARD] STAGED sequence=32 pairs=32 bytes=4474087
[P38.ARCHIVE] CREATED path=/tmp/canon-state/canon-v1-apc-m15-on-d35-af006872/p38_m15_wide_shards/round-000000/000032.tar logical_files=65 sha256=4b69bccbb416a3c66ba2fd713ebcab1131559749f55e2ceed7482a34241bcd45
[P38.ARCHIVE] VERIFIED path=/tmp/tmp.P11IXWK3sw/SHARD_ARCHIVE.tar logical_files=65 sha256=4b69bccbb416a3c66ba2fd713ebcab1131559749f55e2ceed7482a34241bcd45
[P38.GCS] M15_SHARD_COMPLETE sequence=000032 round=0 pairs=32 archive_sha256=4b69bccbb416a3c66ba2fd713ebcab1131559749f55e2ceed7482a34241bcd45 manifest_sha256=8f7e6e30d34ba8be520958d36975f7c770f5a87683914aea5e389b183d135e4e
[P38.GCS] RUNTIME_SOURCE_PASS expected=af006872b64c2d6327588b4d4cef757242ddc222 observed=af006872b64c2d6327588b4d4cef757242ddc222
[M15.WIDE.SHARD] STAGED sequence=33 pairs=32 bytes=4464639
[P38.ARCHIVE] CREATED path=/tmp/canon-state/canon-v1-apc-m15-on-d35-af006872/p38_m15_wide_shards/round-000000/000033.tar logical_files=65 sha256=e9df89a36867ba0a1ff06f75767b9708babcee4db8565ba8781fbd534b63c1da
[P38.ARCHIVE] VERIFIED path=/tmp/tmp.OWI75txwjN/SHARD_ARCHIVE.tar logical_files=65 sha256=e9df89a36867ba0a1ff06f75767b9708babcee4db8565ba8781fbd534b63c1da
[P38.GCS] M15_SHARD_COMPLETE sequence=000033 round=0 pairs=32 archive_sha256=e9df89a36867ba0a1ff06f75767b9708babcee4db8565ba8781fbd534b63c1da manifest_sha256=ce0cd0b59b607291e074cd9a2c49cac181447597b7b063aac3c2253d8a539175
[P38.GCS] RUNTIME_SOURCE_PASS expected=af006872b64c2d6327588b4d4cef757242ddc222 observed=af006872b64c2d6327588b4d4cef757242ddc222
[M15.WIDE.SHARD] STAGED sequence=34 pairs=32 bytes=4532652
[P38.ARCHIVE] CREATED path=/tmp/canon-state/canon-v1-apc-m15-on-d35-af006872/p38_m15_wide_shards/round-000000/000034.tar logical_files=65 sha256=22078c923772a03043dec0e22e2a87d557534c5780684d3ca2c6c8c2443ae7ae
[P38.ARCHIVE] VERIFIED path=/tmp/tmp.dnJtG0MmkM/SHARD_ARCHIVE.tar logical_files=65 sha256=22078c923772a03043dec0e22e2a87d557534c5780684d3ca2c6c8c2443ae7ae
[P38.GCS] M15_SHARD_COMPLETE sequence=000034 round=0 pairs=32 archive_sha256=22078c923772a03043dec0e22e2a87d557534c5780684d3ca2c6c8c2443ae7ae manifest_sha256=8d9d5b34d68805881491f2d1f4764ee2e5e2d1e1815108a8c00cd42ab006ca69
[P38.GCS] RUNTIME_SOURCE_PASS expected=af006872b64c2d6327588b4d4cef757242ddc222 observed=af006872b64c2d6327588b4d4cef757242ddc222
[M15.WIDE.SHARD] STAGED sequence=35 pairs=32 bytes=4532463
[P38.ARCHIVE] CREATED path=/tmp/canon-state/canon-v1-apc-m15-on-d35-af006872/p38_m15_wide_shards/round-000000/000035.tar logical_files=65 sha256=d477cbfe0cd9f2e7a0602d25b0877ed1f8d1b869c4c3a9bd060dc2867e92f26f
[P38.ARCHIVE] VERIFIED path=/tmp/tmp.ZmuZcpBczy/SHARD_ARCHIVE.tar logical_files=65 sha256=d477cbfe0cd9f2e7a0602d25b0877ed1f8d1b869c4c3a9bd060dc2867e92f26f
[P38.GCS] M15_SHARD_COMPLETE sequence=000035 round=0 pairs=32 archive_sha256=d477cbfe0cd9f2e7a0602d25b0877ed1f8d1b869c4c3a9bd060dc2867e92f26f manifest_sha256=3c55b1bdcc1b643a2e30ce929a0dcd35958fa3b3e157b40163ae7107f2aebeb4
[P38.GCS] RUNTIME_SOURCE_PASS expected=af006872b64c2d6327588b4d4cef757242ddc222 observed=af006872b64c2d6327588b4d4cef757242ddc222
[M15.WIDE.SHARD] STAGED sequence=36 pairs=32 bytes=4580491
[P38.ARCHIVE] CREATED path=/tmp/canon-state/canon-v1-apc-m15-on-d35-af006872/p38_m15_wide_shards/round-000000/000036.tar logical_files=65 sha256=bfc60e33e73423155970f49653cb6fca9de12e32c3e5b0664bd5254d970cafef
[P38.ARCHIVE] VERIFIED path=/tmp/tmp.J2RnOYsoSQ/SHARD_ARCHIVE.tar logical_files=65 sha256=bfc60e33e73423155970f49653cb6fca9de12e32c3e5b0664bd5254d970cafef
[P38.GCS] M15_SHARD_COMPLETE sequence=000036 round=0 pairs=32 archive_sha256=bfc60e33e73423155970f49653cb6fca9de12e32c3e5b0664bd5254d970cafef manifest_sha256=42875d27038f80d6717d0cd90346bde46503a61a2f6d4424104359468e154419
[P38.GCS] RUNTIME_SOURCE_PASS expected=af006872b64c2d6327588b4d4cef757242ddc222 observed=af006872b64c2d6327588b4d4cef757242ddc222
[M15.WIDE.SHARD] STAGED sequence=37 pairs=32 bytes=4723562
[P38.ARCHIVE] CREATED path=/tmp/canon-state/canon-v1-apc-m15-on-d35-af006872/p38_m15_wide_shards/round-000000/000037.tar logical_files=65 sha256=3addb7e7efc866d69c28dc8e79f5d7b03ceba4349a7c49caa7bbe1782598ea00
[P38.ARCHIVE] VERIFIED path=/tmp/tmp.EyOyIypbyb/SHARD_ARCHIVE.tar logical_files=65 sha256=3addb7e7efc866d69c28dc8e79f5d7b03ceba4349a7c49caa7bbe1782598ea00
[P38.GCS] M15_SHARD_COMPLETE sequence=000037 round=0 pairs=32 archive_sha256=3addb7e7efc866d69c28dc8e79f5d7b03ceba4349a7c49caa7bbe1782598ea00 manifest_sha256=49ac7492de19285afb683ac82a67d17b1e2ad370854b606da9a99103091f94ba
[P38.GCS] RUNTIME_SOURCE_PASS expected=af006872b64c2d6327588b4d4cef757242ddc222 observed=af006872b64c2d6327588b4d4cef757242ddc222
[M15.WIDE.SHARD] STAGED sequence=38 pairs=32 bytes=4673030
[P38.ARCHIVE] CREATED path=/tmp/canon-state/canon-v1-apc-m15-on-d35-af006872/p38_m15_wide_shards/round-000000/000038.tar logical_files=65 sha256=02443caf698982b376869e5706c77daee2c8d75dad36a169f6c89a3ada45d33c
[P38.ARCHIVE] VERIFIED path=/tmp/tmp.8QXeRx4j5H/SHARD_ARCHIVE.tar logical_files=65 sha256=02443caf698982b376869e5706c77daee2c8d75dad36a169f6c89a3ada45d33c
[P38.GCS] M15_SHARD_COMPLETE sequence=000038 round=0 pairs=32 archive_sha256=02443caf698982b376869e5706c77daee2c8d75dad36a169f6c89a3ada45d33c manifest_sha256=96ffbe0ff438f525c8cfec3b95beb1cf8e20493a384c61a2df018a040e02133f
[P38.GCS] RUNTIME_SOURCE_PASS expected=af006872b64c2d6327588b4d4cef757242ddc222 observed=af006872b64c2d6327588b4d4cef757242ddc222
[M15.WIDE.SHARD] STAGED sequence=39 pairs=32 bytes=4479244
[P38.ARCHIVE] CREATED path=/tmp/canon-state/canon-v1-apc-m15-on-d35-af006872/p38_m15_wide_shards/round-000000/000039.tar logical_files=65 sha256=86f8aa1f3877ea2c9b39064b0f03a9918415e0db0ce772bb4708ac1cd0cf9af8
[P38.ARCHIVE] VERIFIED path=/tmp/tmp.jTUEnQ7SSu/SHARD_ARCHIVE.tar logical_files=65 sha256=86f8aa1f3877ea2c9b39064b0f03a9918415e0db0ce772bb4708ac1cd0cf9af8
[P38.GCS] M15_SHARD_COMPLETE sequence=000039 round=0 pairs=32 archive_sha256=86f8aa1f3877ea2c9b39064b0f03a9918415e0db0ce772bb4708ac1cd0cf9af8 manifest_sha256=2d002cd5fd7fe7f22aa9c8acff634a513d976c353986dc3122a9e0b25b7f3d48
[P38.GCS] RUNTIME_SOURCE_PASS expected=af006872b64c2d6327588b4d4cef757242ddc222 observed=af006872b64c2d6327588b4d4cef757242ddc222
[M15.WIDE.SHARD] STAGED sequence=40 pairs=32 bytes=4564733
[P38.ARCHIVE] CREATED path=/tmp/canon-state/canon-v1-apc-m15-on-d35-af006872/p38_m15_wide_shards/round-000000/000040.tar logical_files=65 sha256=436364dc63ab5f02f74537f6b4d0912763c68468c3e54989ac42a5921627b1d2
[P38.ARCHIVE] VERIFIED path=/tmp/tmp.9xoQ4rW4T4/SHARD_ARCHIVE.tar logical_files=65 sha256=436364dc63ab5f02f74537f6b4d0912763c68468c3e54989ac42a5921627b1d2
[P38.GCS] M15_SHARD_COMPLETE sequence=000040 round=0 pairs=32 archive_sha256=436364dc63ab5f02f74537f6b4d0912763c68468c3e54989ac42a5921627b1d2 manifest_sha256=12b155cd35995ec4612c13b6e8acd95b4e5f8c6da278b48cb0259d4a4795bdf0
[P38.GCS] RUNTIME_SOURCE_PASS expected=af006872b64c2d6327588b4d4cef757242ddc222 observed=af006872b64c2d6327588b4d4cef757242ddc222
[M15.WIDE.SHARD] STAGED sequence=41 pairs=32 bytes=4604180
[P38.ARCHIVE] CREATED path=/tmp/canon-state/canon-v1-apc-m15-on-d35-af006872/p38_m15_wide_shards/round-000000/000041.tar logical_files=65 sha256=acd585999b64ff55a14794115b7d86cdd7b7949edd22e31c93363478efc6f3b0
[P38.ARCHIVE] VERIFIED path=/tmp/tmp.cukYxjXGpL/SHARD_ARCHIVE.tar logical_files=65 sha256=acd585999b64ff55a14794115b7d86cdd7b7949edd22e31c93363478efc6f3b0
[P38.GCS] M15_SHARD_COMPLETE sequence=000041 round=0 pairs=32 archive_sha256=acd585999b64ff55a14794115b7d86cdd7b7949edd22e31c93363478efc6f3b0 manifest_sha256=15155f65106d5de6906b4d6174349dac1f7804b697be38af91e33385b365fa01
[P38.GCS] RUNTIME_SOURCE_PASS expected=af006872b64c2d6327588b4d4cef757242ddc222 observed=af006872b64c2d6327588b4d4cef757242ddc222
[M15.WIDE.SHARD] STAGED sequence=42 pairs=32 bytes=4203580
[P38.ARCHIVE] CREATED path=/tmp/canon-state/canon-v1-apc-m15-on-d35-af006872/p38_m15_wide_shards/round-000000/000042.tar logical_files=65 sha256=a9269517df695c8a8867c0b1a3d77d971704266706854e1b318c3648ea9942bd
[P38.ARCHIVE] VERIFIED path=/tmp/tmp.QatZ6atsjc/SHARD_ARCHIVE.tar logical_files=65 sha256=a9269517df695c8a8867c0b1a3d77d971704266706854e1b318c3648ea9942bd
[P38.GCS] M15_SHARD_COMPLETE sequence=000042 round=0 pairs=32 archive_sha256=a9269517df695c8a8867c0b1a3d77d971704266706854e1b318c3648ea9942bd manifest_sha256=590a3c5163958435299baba549f739587dddc5a04886c77a63973081d8e7cba5
[P38.GCS] RUNTIME_SOURCE_PASS expected=af006872b64c2d6327588b4d4cef757242ddc222 observed=af006872b64c2d6327588b4d4cef757242ddc222
[M15.WIDE.SHARD] STAGED sequence=43 pairs=32 bytes=4471161
[P38.ARCHIVE] CREATED path=/tmp/canon-state/canon-v1-apc-m15-on-d35-af006872/p38_m15_wide_shards/round-000000/000043.tar logical_files=65 sha256=e37fa5450a28df7264360dc5badbbf780af45fd2720bcbb97ebab0c2df274021
[P38.ARCHIVE] VERIFIED path=/tmp/tmp.1VhSTfvKaL/SHARD_ARCHIVE.tar logical_files=65 sha256=e37fa5450a28df7264360dc5badbbf780af45fd2720bcbb97ebab0c2df274021
[P38.GCS] M15_SHARD_COMPLETE sequence=000043 round=0 pairs=32 archive_sha256=e37fa5450a28df7264360dc5badbbf780af45fd2720bcbb97ebab0c2df274021 manifest_sha256=45504b1cddc70ecabdef3ffb4544aa4b21246615ed5162806ce76761768ed45e
[P38.GCS] RUNTIME_SOURCE_PASS expected=af006872b64c2d6327588b4d4cef757242ddc222 observed=af006872b64c2d6327588b4d4cef757242ddc222
[M15.WIDE.SHARD] STAGED sequence=44 pairs=32 bytes=4502740
[P38.ARCHIVE] CREATED path=/tmp/canon-state/canon-v1-apc-m15-on-d35-af006872/p38_m15_wide_shards/round-000000/000044.tar logical_files=65 sha256=47f4616c9badcb34dc4ef135c72128f767de8df4c90e98fa4c138677303822eb
[P38.ARCHIVE] VERIFIED path=/tmp/tmp.Qb8ApzKXiX/SHARD_ARCHIVE.tar logical_files=65 sha256=47f4616c9badcb34dc4ef135c72128f767de8df4c90e98fa4c138677303822eb
[P38.GCS] M15_SHARD_COMPLETE sequence=000044 round=0 pairs=32 archive_sha256=47f4616c9badcb34dc4ef135c72128f767de8df4c90e98fa4c138677303822eb manifest_sha256=150b9fb02d1752eb08fe88766f34557471adbab3d9d593caa79d7bdaad137cd5
[P38.GCS] RUNTIME_SOURCE_PASS expected=af006872b64c2d6327588b4d4cef757242ddc222 observed=af006872b64c2d6327588b4d4cef757242ddc222
[M15.WIDE.SHARD] STAGED sequence=45 pairs=32 bytes=4396592
[P38.ARCHIVE] CREATED path=/tmp/canon-state/canon-v1-apc-m15-on-d35-af006872/p38_m15_wide_shards/round-000000/000045.tar logical_files=65 sha256=8a96730d505919a85adcf4e284089cd1cc7757fa3ed4f91952b455a7536018ca
[P38.ARCHIVE] VERIFIED path=/tmp/tmp.6ZXVnbWgOW/SHARD_ARCHIVE.tar logical_files=65 sha256=8a96730d505919a85adcf4e284089cd1cc7757fa3ed4f91952b455a7536018ca
[P38.GCS] M15_SHARD_COMPLETE sequence=000045 round=0 pairs=32 archive_sha256=8a96730d505919a85adcf4e284089cd1cc7757fa3ed4f91952b455a7536018ca manifest_sha256=50022ee0a774a912395186a6aef14bbe37bbda13f644be52135208615b63d1c4
[P38.GCS] RUNTIME_SOURCE_PASS expected=af006872b64c2d6327588b4d4cef757242ddc222 observed=af006872b64c2d6327588b4d4cef757242ddc222
[M15.WIDE.SHARD] STAGED sequence=46 pairs=32 bytes=4337722
[P38.ARCHIVE] CREATED path=/tmp/canon-state/canon-v1-apc-m15-on-d35-af006872/p38_m15_wide_shards/round-000000/000046.tar logical_files=65 sha256=773b45722f65c6f4f56dfb2c60a81f9f0a4635b88b37c0f478ba87eadc844a44
[P38.ARCHIVE] VERIFIED path=/tmp/tmp.lOtRtJ3hEP/SHARD_ARCHIVE.tar logical_files=65 sha256=773b45722f65c6f4f56dfb2c60a81f9f0a4635b88b37c0f478ba87eadc844a44
[P38.GCS] M15_SHARD_COMPLETE sequence=000046 round=0 pairs=32 archive_sha256=773b45722f65c6f4f56dfb2c60a81f9f0a4635b88b37c0f478ba87eadc844a44 manifest_sha256=e361d1854e5dffff89afe214031ae20477ca8906c66e4f257fe63fa8f71e57c1
[P38.GCS] RUNTIME_SOURCE_PASS expected=af006872b64c2d6327588b4d4cef757242ddc222 observed=af006872b64c2d6327588b4d4cef757242ddc222
[M15.WIDE.SHARD] STAGED sequence=47 pairs=32 bytes=4142195
[P38.ARCHIVE] CREATED path=/tmp/canon-state/canon-v1-apc-m15-on-d35-af006872/p38_m15_wide_shards/round-000000/000047.tar logical_files=65 sha256=b03789bfa81f022f9242587a6d6653ce4790dad73ec59f2481c29edc4f4e1061
[P38.ARCHIVE] VERIFIED path=/tmp/tmp.4Cu5TwQlWQ/SHARD_ARCHIVE.tar logical_files=65 sha256=b03789bfa81f022f9242587a6d6653ce4790dad73ec59f2481c29edc4f4e1061
[P38.GCS] M15_SHARD_COMPLETE sequence=000047 round=0 pairs=32 archive_sha256=b03789bfa81f022f9242587a6d6653ce4790dad73ec59f2481c29edc4f4e1061 manifest_sha256=a35c7bdc06f625d564fa9d7f92a57ae2a3ba0c925e92fe39af6402ca6502176a
[P38.GCS] RUNTIME_SOURCE_PASS expected=af006872b64c2d6327588b4d4cef757242ddc222 observed=af006872b64c2d6327588b4d4cef757242ddc222
[M15.WIDE.SHARD] STAGED sequence=48 pairs=32 bytes=4157936
[P38.ARCHIVE] CREATED path=/tmp/canon-state/canon-v1-apc-m15-on-d35-af006872/p38_m15_wide_shards/round-000000/000048.tar logical_files=65 sha256=8ad8e3a5492810add0f3e72104435a637486129918ee832164b2322725ee09a8
[P38.ARCHIVE] VERIFIED path=/tmp/tmp.G3lkWBQbSr/SHARD_ARCHIVE.tar logical_files=65 sha256=8ad8e3a5492810add0f3e72104435a637486129918ee832164b2322725ee09a8
[P38.GCS] M15_SHARD_COMPLETE sequence=000048 round=0 pairs=32 archive_sha256=8ad8e3a5492810add0f3e72104435a637486129918ee832164b2322725ee09a8 manifest_sha256=9c38eb048494c9ab31701fc6459bc07dc3c28b3b45178a16b646294964c525e3
[P38.GCS] RUNTIME_SOURCE_PASS expected=af006872b64c2d6327588b4d4cef757242ddc222 observed=af006872b64c2d6327588b4d4cef757242ddc222
[M15.WIDE.SHARD] STAGED sequence=49 pairs=32 bytes=3792437
[P38.ARCHIVE] CREATED path=/tmp/canon-state/canon-v1-apc-m15-on-d35-af006872/p38_m15_wide_shards/round-000000/000049.tar logical_files=65 sha256=29a37c65089d9135191c9d74009cebc0d850a7c6e42f1b5ac2aaa1eb28c40e72
[P38.ARCHIVE] VERIFIED path=/tmp/tmp.Rfhd87QR43/SHARD_ARCHIVE.tar logical_files=65 sha256=29a37c65089d9135191c9d74009cebc0d850a7c6e42f1b5ac2aaa1eb28c40e72
[P38.GCS] M15_SHARD_COMPLETE sequence=000049 round=0 pairs=32 archive_sha256=29a37c65089d9135191c9d74009cebc0d850a7c6e42f1b5ac2aaa1eb28c40e72 manifest_sha256=9ba589d5f7d16de2e1b8cee91440829589c0dfefb45bf246d11b027fb44b3131
[P38.GCS] RUNTIME_SOURCE_PASS expected=af006872b64c2d6327588b4d4cef757242ddc222 observed=af006872b64c2d6327588b4d4cef757242ddc222
[M15.WIDE.SHARD] STAGED sequence=50 pairs=32 bytes=3654991
[P38.ARCHIVE] CREATED path=/tmp/canon-state/canon-v1-apc-m15-on-d35-af006872/p38_m15_wide_shards/round-000000/000050.tar logical_files=65 sha256=f7c6b1d13be3aca38d399f4bd9da0d7100135ed6bf3f93a9a7962a0d2dd15889
[P38.ARCHIVE] VERIFIED path=/tmp/tmp.XkRq1RbBhk/SHARD_ARCHIVE.tar logical_files=65 sha256=f7c6b1d13be3aca38d399f4bd9da0d7100135ed6bf3f93a9a7962a0d2dd15889
[P38.GCS] M15_SHARD_COMPLETE sequence=000050 round=0 pairs=32 archive_sha256=f7c6b1d13be3aca38d399f4bd9da0d7100135ed6bf3f93a9a7962a0d2dd15889 manifest_sha256=ba1226e4a75de89b630704676403b499080ec50f50e8746adf1f121f46e43eed
[P38.GCS] RUNTIME_SOURCE_PASS expected=af006872b64c2d6327588b4d4cef757242ddc222 observed=af006872b64c2d6327588b4d4cef757242ddc222
[M15.WIDE.SHARD] STAGED sequence=51 pairs=32 bytes=3244435
[P38.ARCHIVE] CREATED path=/tmp/canon-state/canon-v1-apc-m15-on-d35-af006872/p38_m15_wide_shards/round-000000/000051.tar logical_files=65 sha256=fd7b1a0e37b4a54a48d90ce7854cdf1d83d7b0b0c80431b3df28fbea4c170e4b
[P38.ARCHIVE] VERIFIED path=/tmp/tmp.ljsdNcXapD/SHARD_ARCHIVE.tar logical_files=65 sha256=fd7b1a0e37b4a54a48d90ce7854cdf1d83d7b0b0c80431b3df28fbea4c170e4b
[P38.GCS] M15_SHARD_COMPLETE sequence=000051 round=0 pairs=32 archive_sha256=fd7b1a0e37b4a54a48d90ce7854cdf1d83d7b0b0c80431b3df28fbea4c170e4b manifest_sha256=13292db7e623015a355fc1edb062a6ad9c8069a4a5358930302384ebc4135d25
[P38.GCS] RUNTIME_SOURCE_PASS expected=af006872b64c2d6327588b4d4cef757242ddc222 observed=af006872b64c2d6327588b4d4cef757242ddc222
[M15.WIDE.SHARD] STAGED sequence=52 pairs=32 bytes=2518842
[P38.ARCHIVE] CREATED path=/tmp/canon-state/canon-v1-apc-m15-on-d35-af006872/p38_m15_wide_shards/round-000000/000052.tar logical_files=65 sha256=72731290041bf5cac15c5b9ea7959cb1c32ae2f2c5970ed05cc045c4ac98116d
[P38.ARCHIVE] VERIFIED path=/tmp/tmp.1LpuEY8kWD/SHARD_ARCHIVE.tar logical_files=65 sha256=72731290041bf5cac15c5b9ea7959cb1c32ae2f2c5970ed05cc045c4ac98116d
[P38.GCS] M15_SHARD_COMPLETE sequence=000052 round=0 pairs=32 archive_sha256=72731290041bf5cac15c5b9ea7959cb1c32ae2f2c5970ed05cc045c4ac98116d manifest_sha256=2b4bc234312cdb024fb7ffe823b6f066b79bb897b3a206f8b10c09b9c65a8604
[P38.GCS] RUNTIME_SOURCE_PASS expected=af006872b64c2d6327588b4d4cef757242ddc222 observed=af006872b64c2d6327588b4d4cef757242ddc222
[M15.WIDE.SHARD] STAGED sequence=53 pairs=32 bytes=2314970
[P38.ARCHIVE] CREATED path=/tmp/canon-state/canon-v1-apc-m15-on-d35-af006872/p38_m15_wide_shards/round-000000/000053.tar logical_files=65 sha256=866153845e2847381bfc8c89210573201978fb2118f199e86104837f16af219a
[P38.ARCHIVE] VERIFIED path=/tmp/tmp.z7zu5cN4lD/SHARD_ARCHIVE.tar logical_files=65 sha256=866153845e2847381bfc8c89210573201978fb2118f199e86104837f16af219a
[P38.GCS] M15_SHARD_COMPLETE sequence=000053 round=0 pairs=32 archive_sha256=866153845e2847381bfc8c89210573201978fb2118f199e86104837f16af219a manifest_sha256=c4d3c6d6b9ceb859627eb3c04213e040b25aa57d6ab99234adcea05cacc8c121
[P38.GCS] RUNTIME_SOURCE_PASS expected=af006872b64c2d6327588b4d4cef757242ddc222 observed=af006872b64c2d6327588b4d4cef757242ddc222
[M15.WIDE.SHARD] STAGED sequence=54 pairs=32 bytes=1680185
[P38.ARCHIVE] CREATED path=/tmp/canon-state/canon-v1-apc-m15-on-d35-af006872/p38_m15_wide_shards/round-000000/000054.tar logical_files=65 sha256=9a9fcb9498c197530d5e1eb0bbf2f4ca451e3eead0cae2d704f7f8b0e7d2cd5b
[P38.ARCHIVE] VERIFIED path=/tmp/tmp.osXnhUNtvs/SHARD_ARCHIVE.tar logical_files=65 sha256=9a9fcb9498c197530d5e1eb0bbf2f4ca451e3eead0cae2d704f7f8b0e7d2cd5b
[P38.GCS] M15_SHARD_COMPLETE sequence=000054 round=0 pairs=32 archive_sha256=9a9fcb9498c197530d5e1eb0bbf2f4ca451e3eead0cae2d704f7f8b0e7d2cd5b manifest_sha256=8f47fe4dfe596459e31a649951860b76bae4a899ad2bb99418fba4d76ce17a8e
[P38.GCS] RUNTIME_SOURCE_PASS expected=af006872b64c2d6327588b4d4cef757242ddc222 observed=af006872b64c2d6327588b4d4cef757242ddc222
[M15.WIDE.SHARD] STAGED sequence=55 pairs=32 bytes=1780067
[P38.ARCHIVE] CREATED path=/tmp/canon-state/canon-v1-apc-m15-on-d35-af006872/p38_m15_wide_shards/round-000000/000055.tar logical_files=65 sha256=72f986dcc9a9cd719b808b33d298fc119a3cc2635d65d709f37bcf65d94c14d2
[P38.ARCHIVE] VERIFIED path=/tmp/tmp.fiYiUQ9lQG/SHARD_ARCHIVE.tar logical_files=65 sha256=72f986dcc9a9cd719b808b33d298fc119a3cc2635d65d709f37bcf65d94c14d2
[P38.GCS] M15_SHARD_COMPLETE sequence=000055 round=0 pairs=32 archive_sha256=72f986dcc9a9cd719b808b33d298fc119a3cc2635d65d709f37bcf65d94c14d2 manifest_sha256=c0a49e2cc9ae97fb4ee4b4596d1dbd962eb65dcfcd03c05a79c6d66da5a6a220
[P38.GCS] RUNTIME_SOURCE_PASS expected=af006872b64c2d6327588b4d4cef757242ddc222 observed=af006872b64c2d6327588b4d4cef757242ddc222
[M15.WIDE.SHARD] STAGED sequence=56 pairs=32 bytes=1214050
[P38.ARCHIVE] CREATED path=/tmp/canon-state/canon-v1-apc-m15-on-d35-af006872/p38_m15_wide_shards/round-000000/000056.tar logical_files=65 sha256=20baa5cfa3be10d494ba9c78bde71cf8c8f412b39ef54d712d52ec72a53e687e
[P38.ARCHIVE] VERIFIED path=/tmp/tmp.yOcCV7rnXX/SHARD_ARCHIVE.tar logical_files=65 sha256=20baa5cfa3be10d494ba9c78bde71cf8c8f412b39ef54d712d52ec72a53e687e
[P38.GCS] M15_SHARD_COMPLETE sequence=000056 round=0 pairs=32 archive_sha256=20baa5cfa3be10d494ba9c78bde71cf8c8f412b39ef54d712d52ec72a53e687e manifest_sha256=39f06e853d013ce55bee104bf615e7c3e6031d9efa2655d77f8036d1a60545f1
[P38.GCS] RUNTIME_SOURCE_PASS expected=af006872b64c2d6327588b4d4cef757242ddc222 observed=af006872b64c2d6327588b4d4cef757242ddc222
[M15.WIDE.SHARD] STAGED sequence=57 pairs=32 bytes=950955
[P38.ARCHIVE] CREATED path=/tmp/canon-state/canon-v1-apc-m15-on-d35-af006872/p38_m15_wide_shards/round-000000/000057.tar logical_files=65 sha256=6214bbf80eda9fa6cfbea6aeb0ab63572384ea58807a5eb3b3f20c299f138e5e
[P38.ARCHIVE] VERIFIED path=/tmp/tmp.lUpONFtUlP/SHARD_ARCHIVE.tar logical_files=65 sha256=6214bbf80eda9fa6cfbea6aeb0ab63572384ea58807a5eb3b3f20c299f138e5e
[P38.GCS] M15_SHARD_COMPLETE sequence=000057 round=0 pairs=32 archive_sha256=6214bbf80eda9fa6cfbea6aeb0ab63572384ea58807a5eb3b3f20c299f138e5e manifest_sha256=f51c807f0f6304a2d59292b8075ac2b82d8b353267036b2b00421622812a40fc
[P38.GCS] RUNTIME_SOURCE_PASS expected=af006872b64c2d6327588b4d4cef757242ddc222 observed=af006872b64c2d6327588b4d4cef757242ddc222
[M15.WIDE.SHARD] STAGED sequence=58 pairs=32 bytes=5513727
[P38.ARCHIVE] CREATED path=/tmp/canon-state/canon-v1-apc-m15-on-d35-af006872/p38_m15_wide_shards/round-000000/000058.tar logical_files=65 sha256=2bf86fb1651253b0068de34f66808841486599fa88afe4b38eb4148364b4afa1
[P38.ARCHIVE] VERIFIED path=/tmp/tmp.4T362gyIqT/SHARD_ARCHIVE.tar logical_files=65 sha256=2bf86fb1651253b0068de34f66808841486599fa88afe4b38eb4148364b4afa1
[P38.GCS] M15_SHARD_COMPLETE sequence=000058 round=0 pairs=32 archive_sha256=2bf86fb1651253b0068de34f66808841486599fa88afe4b38eb4148364b4afa1 manifest_sha256=0d4396cee7a1b0ed942d9bfe3e8d97e40bfcae510ef6ac3fd7822121feaeb215
[P38.GCS] RUNTIME_SOURCE_PASS expected=af006872b64c2d6327588b4d4cef757242ddc222 observed=af006872b64c2d6327588b4d4cef757242ddc222
[M15.WIDE.SHARD] STAGED sequence=59 pairs=32 bytes=19868195
[P38.ARCHIVE] CREATED path=/tmp/canon-state/canon-v1-apc-m15-on-d35-af006872/p38_m15_wide_shards/round-000000/000059.tar logical_files=65 sha256=9903da5e5956780a57eeb398fdfc19cf6156788c68485e88a96c0be6cffb2c5a
[P38.ARCHIVE] VERIFIED path=/tmp/tmp.NbkAQCw2kg/SHARD_ARCHIVE.tar logical_files=65 sha256=9903da5e5956780a57eeb398fdfc19cf6156788c68485e88a96c0be6cffb2c5a
[P38.GCS] M15_SHARD_COMPLETE sequence=000059 round=0 pairs=32 archive_sha256=9903da5e5956780a57eeb398fdfc19cf6156788c68485e88a96c0be6cffb2c5a manifest_sha256=efa4b0c86ddf8f749ee45c68c90e837791f7e0a2f8d16cd86c7b9e9c1c6ba1ce
[P38.GCS] RUNTIME_SOURCE_PASS expected=af006872b64c2d6327588b4d4cef757242ddc222 observed=af006872b64c2d6327588b4d4cef757242ddc222
[M15.WIDE.SHARD] STAGED sequence=60 pairs=32 bytes=22153697
[P38.ARCHIVE] CREATED path=/tmp/canon-state/canon-v1-apc-m15-on-d35-af006872/p38_m15_wide_shards/round-000000/000060.tar logical_files=65 sha256=acdcfb39e7302f0f71e283ca4cd4998476bdb6b28718ba559f9abbed96a8d13d
[P38.ARCHIVE] VERIFIED path=/tmp/tmp.W0UvbvN2Zd/SHARD_ARCHIVE.tar logical_files=65 sha256=acdcfb39e7302f0f71e283ca4cd4998476bdb6b28718ba559f9abbed96a8d13d
[P38.GCS] M15_SHARD_COMPLETE sequence=000060 round=0 pairs=32 archive_sha256=acdcfb39e7302f0f71e283ca4cd4998476bdb6b28718ba559f9abbed96a8d13d manifest_sha256=415a8fe77e70eec7986e7aa6f60b4e09b08dad875773d5b5db89be604f6f1666
[P38.GCS] RUNTIME_SOURCE_PASS expected=af006872b64c2d6327588b4d4cef757242ddc222 observed=af006872b64c2d6327588b4d4cef757242ddc222
[M15.WIDE.SHARD] STAGED sequence=61 pairs=32 bytes=25047051
[P38.ARCHIVE] CREATED path=/tmp/canon-state/canon-v1-apc-m15-on-d35-af006872/p38_m15_wide_shards/round-000000/000061.tar logical_files=65 sha256=ab72664700ef3777987d3779a3cfa365a67765b2600bfe981d896a558d73610f
[P38.ARCHIVE] VERIFIED path=/tmp/tmp.TUtGtGtpfi/SHARD_ARCHIVE.tar logical_files=65 sha256=ab72664700ef3777987d3779a3cfa365a67765b2600bfe981d896a558d73610f
[P38.GCS] M15_SHARD_COMPLETE sequence=000061 round=0 pairs=32 archive_sha256=ab72664700ef3777987d3779a3cfa365a67765b2600bfe981d896a558d73610f manifest_sha256=ad8ba0fea170aaa6d6dfbcc644826978511a571896f1477c37ab17cc6214868b
[P38.GCS] RUNTIME_SOURCE_PASS expected=af006872b64c2d6327588b4d4cef757242ddc222 observed=af006872b64c2d6327588b4d4cef757242ddc222
[M15.WIDE.SHARD] STAGED sequence=62 pairs=32 bytes=24853626
[P38.ARCHIVE] CREATED path=/tmp/canon-state/canon-v1-apc-m15-on-d35-af006872/p38_m15_wide_shards/round-000000/000062.tar logical_files=65 sha256=76fc9304461cde6760297b37be99af7a5c0011528eefabbd0b47749be1e9f476
[P38.ARCHIVE] VERIFIED path=/tmp/tmp.pVsG3ob4zw/SHARD_ARCHIVE.tar logical_files=65 sha256=76fc9304461cde6760297b37be99af7a5c0011528eefabbd0b47749be1e9f476
[P38.GCS] M15_SHARD_COMPLETE sequence=000062 round=0 pairs=32 archive_sha256=76fc9304461cde6760297b37be99af7a5c0011528eefabbd0b47749be1e9f476 manifest_sha256=70ac38f2e7173c8fad0ebd4d96242ffe863fe78fdd81a1c9cfc94cda8db495c5
[P38.GCS] RUNTIME_SOURCE_PASS expected=af006872b64c2d6327588b4d4cef757242ddc222 observed=af006872b64c2d6327588b4d4cef757242ddc222
[M15.WIDE.SHARD] STAGED sequence=63 pairs=32 bytes=24932775
[P38.ARCHIVE] CREATED path=/tmp/canon-state/canon-v1-apc-m15-on-d35-af006872/p38_m15_wide_shards/round-000000/000063.tar logical_files=65 sha256=a8d54ae47c4a2119bbc8e7a464b1a09445e2e2ee7f451cfa66c618e17a3b34ba
[P38.ARCHIVE] VERIFIED path=/tmp/tmp.eXZz9uTLbB/SHARD_ARCHIVE.tar logical_files=65 sha256=a8d54ae47c4a2119bbc8e7a464b1a09445e2e2ee7f451cfa66c618e17a3b34ba
[P38.GCS] M15_SHARD_COMPLETE sequence=000063 round=0 pairs=32 archive_sha256=a8d54ae47c4a2119bbc8e7a464b1a09445e2e2ee7f451cfa66c618e17a3b34ba manifest_sha256=000804e3f08e2c396b4e287da4c911fa4b77ca3c435982189ca65b14cd38c680
[P38.GCS] RUNTIME_SOURCE_PASS expected=af006872b64c2d6327588b4d4cef757242ddc222 observed=af006872b64c2d6327588b4d4cef757242ddc222
[M15.WIDE.SHARD] STAGED sequence=64 pairs=32 bytes=26079687
[P38.ARCHIVE] CREATED path=/tmp/canon-state/canon-v1-apc-m15-on-d35-af006872/p38_m15_wide_shards/round-000000/000064.tar logical_files=65 sha256=45079738a1532e26272d003d1eafba00bab016469d5d4b699527fd02011f802c
[P38.ARCHIVE] VERIFIED path=/tmp/tmp.hg7o13EhOz/SHARD_ARCHIVE.tar logical_files=65 sha256=45079738a1532e26272d003d1eafba00bab016469d5d4b699527fd02011f802c
[P38.GCS] M15_SHARD_COMPLETE sequence=000064 round=0 pairs=32 archive_sha256=45079738a1532e26272d003d1eafba00bab016469d5d4b699527fd02011f802c manifest_sha256=9b9447e1e1ae2805360d687f5ad77acf4166211b80880066fe86ea354e74e60b
[P38.GCS] RUNTIME_SOURCE_PASS expected=af006872b64c2d6327588b4d4cef757242ddc222 observed=af006872b64c2d6327588b4d4cef757242ddc222
[M15.WIDE.SHARD] STAGED sequence=65 pairs=32 bytes=23205882
[P38.ARCHIVE] CREATED path=/tmp/canon-state/canon-v1-apc-m15-on-d35-af006872/p38_m15_wide_shards/round-000000/000065.tar logical_files=65 sha256=50cb89fa4f4675bc52a712cad26e6e8c817d131c349ee2ad39b031003cf11836
[P38.ARCHIVE] VERIFIED path=/tmp/tmp.NVpl6szLP5/SHARD_ARCHIVE.tar logical_files=65 sha256=50cb89fa4f4675bc52a712cad26e6e8c817d131c349ee2ad39b031003cf11836
[P38.GCS] M15_SHARD_COMPLETE sequence=000065 round=0 pairs=32 archive_sha256=50cb89fa4f4675bc52a712cad26e6e8c817d131c349ee2ad39b031003cf11836 manifest_sha256=86340f3775d7f721b0e08f6ae6af1b5704d3de49fc61daf4e33e57fa4a648543
[P38.GCS] RUNTIME_SOURCE_PASS expected=af006872b64c2d6327588b4d4cef757242ddc222 observed=af006872b64c2d6327588b4d4cef757242ddc222
[M15.WIDE.SHARD] STAGED sequence=66 pairs=32 bytes=22828207
[P38.ARCHIVE] CREATED path=/tmp/canon-state/canon-v1-apc-m15-on-d35-af006872/p38_m15_wide_shards/round-000000/000066.tar logical_files=65 sha256=603ad2292cc5db7988e3d78d4ca421c4c552de1a1cd739170bd6e253f71c00b6
[P38.ARCHIVE] VERIFIED path=/tmp/tmp.Xx605yZNRD/SHARD_ARCHIVE.tar logical_files=65 sha256=603ad2292cc5db7988e3d78d4ca421c4c552de1a1cd739170bd6e253f71c00b6
[P38.GCS] M15_SHARD_COMPLETE sequence=000066 round=0 pairs=32 archive_sha256=603ad2292cc5db7988e3d78d4ca421c4c552de1a1cd739170bd6e253f71c00b6 manifest_sha256=a9297f9bf134269e14022a30343f28b4b0041556f96f2cb49403bf1c9da1400f
[P38.GCS] RUNTIME_SOURCE_PASS expected=af006872b64c2d6327588b4d4cef757242ddc222 observed=af006872b64c2d6327588b4d4cef757242ddc222
[M15.WIDE.SHARD] STAGED sequence=67 pairs=32 bytes=22998077
[P38.ARCHIVE] CREATED path=/tmp/canon-state/canon-v1-apc-m15-on-d35-af006872/p38_m15_wide_shards/round-000000/000067.tar logical_files=65 sha256=3667a13158c761868612aa1c44fb0cbd196bbe54f07eb9483fef31121e25e678
[P38.ARCHIVE] VERIFIED path=/tmp/tmp.ainRhGtWK4/SHARD_ARCHIVE.tar logical_files=65 sha256=3667a13158c761868612aa1c44fb0cbd196bbe54f07eb9483fef31121e25e678
[P38.GCS] M15_SHARD_COMPLETE sequence=000067 round=0 pairs=32 archive_sha256=3667a13158c761868612aa1c44fb0cbd196bbe54f07eb9483fef31121e25e678 manifest_sha256=2d53ce363c9941586af6fc847ef9774f0dfc9d4aac4d46c8ec3fe8d4812aff14
[P38.GCS] RUNTIME_SOURCE_PASS expected=af006872b64c2d6327588b4d4cef757242ddc222 observed=af006872b64c2d6327588b4d4cef757242ddc222
[M15.WIDE.SHARD] STAGED sequence=68 pairs=32 bytes=19054866
[P38.ARCHIVE] CREATED path=/tmp/canon-state/canon-v1-apc-m15-on-d35-af006872/p38_m15_wide_shards/round-000000/000068.tar logical_files=65 sha256=94fbc2723421dc4c784c563f86efab30cc3fdb13c54875f90bd22680233af4ab
[P38.ARCHIVE] VERIFIED path=/tmp/tmp.NrfqPfiOQo/SHARD_ARCHIVE.tar logical_files=65 sha256=94fbc2723421dc4c784c563f86efab30cc3fdb13c54875f90bd22680233af4ab
[P38.GCS] M15_SHARD_COMPLETE sequence=000068 round=0 pairs=32 archive_sha256=94fbc2723421dc4c784c563f86efab30cc3fdb13c54875f90bd22680233af4ab manifest_sha256=b634a8e13146a202b75376d53d5c5ed6401ca5ff19797ca3edf594d5d7207489
[P38.GCS] RUNTIME_SOURCE_PASS expected=af006872b64c2d6327588b4d4cef757242ddc222 observed=af006872b64c2d6327588b4d4cef757242ddc222
[M15.WIDE.SHARD] STAGED sequence=69 pairs=6 bytes=883023
[P38.ARCHIVE] CREATED path=/tmp/canon-state/canon-v1-apc-m15-on-d35-af006872/p38_m15_wide_shards/round-000000/000069.tar logical_files=13 sha256=c4efd7194671ee708248edb82575531ec8156443e953199b9d1dae0e60bc5146
[P38.ARCHIVE] VERIFIED path=/tmp/tmp.cQREp4La08/SHARD_ARCHIVE.tar logical_files=13 sha256=c4efd7194671ee708248edb82575531ec8156443e953199b9d1dae0e60bc5146
[P38.GCS] M15_SHARD_COMPLETE sequence=000069 round=0 pairs=6 archive_sha256=c4efd7194671ee708248edb82575531ec8156443e953199b9d1dae0e60bc5146 manifest_sha256=1e010b62aad1de025c7d176c11f423719a9db41346fc64458496ebd7801afb3e
[P38.GCS] RUNTIME_SOURCE_PASS expected=af006872b64c2d6327588b4d4cef757242ddc222 observed=af006872b64c2d6327588b4d4cef757242ddc222
[M15.WIDE.SHARD] EMPTY
[P38.GCS] RUNTIME_SOURCE_PASS expected=af006872b64c2d6327588b4d4cef757242ddc222 observed=af006872b64c2d6327588b4d4cef757242ddc222
[P38.GCS] M15_ROUND_STAGE round=0 stage=assemble status=STARTED exit_code=0
[M15.WIDE.ROUND] INPUT_READY round=0 shards=70 pairs=2187
[P38.GCS] M15_ROUND_STAGE round=0 stage=assemble status=PASS exit_code=0
[P38.GCS] M15_ROUND_STAGE round=0 stage=classify status=STARTED exit_code=0
Traceback (most recent call last):
  File "/app/canon-zero-tim/tasks/v1-apc-m15-target-debug/scripts/classify_m15_apc_wide_seam.py", line 628, in <module>
    main()
  File "/app/canon-zero-tim/tasks/v1-apc-m15-target-debug/scripts/classify_m15_apc_wide_seam.py", line 612, in main
    report = classify(
             ^^^^^^^^^
  File "/app/canon-zero-tim/tasks/v1-apc-m15-target-debug/scripts/classify_m15_apc_wide_seam.py", line 469, in classify
    a = _resolve_aliases(seam[seam_keys[0]], f"A seam {base}")
        ^^^^^^^^^^^^^^^^^^^^^^^^^^^^^^^^^^^^^^^^^^^^^^^^^^^^^^
  File "/app/canon-zero-tim/tasks/v1-apc-m15-target-debug/scripts/classify_m15_apc_wide_seam.py", line 97, in _resolve_aliases
    _require(
  File "/app/canon-zero-tim/tasks/v1-apc-m15-target-debug/scripts/classify_m15_apc_wide_seam.py", line 70, in _require
    raise M15WideSeamError(message)
M15WideSeamError: numerically conflicting aliases for A seam (0, b'fde77c0f519800922348535c428c0b8aefc4e70db583ae5e6859df658acbf077')
[P38.GCS] M15_ROUND_STAGE round=0 stage=classify status=FAIL exit_code=1
