[PATHTRACE] CANON_PROMPT_PROCESSED_LOGPROBS on rows=2048 populated=2048
[CANON_P38_SEAM_OBSERVER_RECORD] record=2571 arm=B call=2747 rows=893 bucket=1024 npz_sha256=e6df7ae897e714a7b600991953340e3897ec9cacd121632b874511c552cb192d
[PATHTRACE] CANON_PROMPT_DIRECT_LOGPROBS on rows=2048 rows_per_dp=256 canonical_rows=256 chunks=1
[PATHTRACE] CANON_PROMPT_ABSOLUTE_TARGET_IDS on rows=2048
[PATHTRACE] CANON_PROMPT_PROCESSED_LOGPROBS on rows=2048 populated=2048
[CANON_P38_SEAM_OBSERVER_RECORD] record=2572 arm=B call=2748 rows=638 bucket=1024 npz_sha256=7a70804ab3cfe08a9b4fd2f4e67bec9f984fd13d0fbd6dcc9628121723a236b8
[PATHTRACE] CANON_PROMPT_DIRECT_LOGPROBS on rows=2048 rows_per_dp=256 canonical_rows=256 chunks=1
[PATHTRACE] CANON_PROMPT_ABSOLUTE_TARGET_IDS on rows=2048
[PATHTRACE] CANON_PROMPT_PROCESSED_LOGPROBS on rows=2048 populated=2048
[CANON_P38_SEAM_OBSERVER_RECORD] record=2573 arm=B call=2749 rows=503 bucket=512 npz_sha256=2fa2e8c53f4a390b0c019ddc5c65a207b94f992e351fed1b0923c48661c2cbda
[PATHTRACE] CANON_PROMPT_DIRECT_LOGPROBS on rows=2048 rows_per_dp=256 canonical_rows=256 chunks=1
[PATHTRACE] CANON_PROMPT_ABSOLUTE_TARGET_IDS on rows=2048
[PATHTRACE] CANON_PROMPT_PROCESSED_LOGPROBS on rows=2048 populated=2048
[CANON_P38_SEAM_OBSERVER_RECORD] record=2574 arm=B call=2750 rows=280 bucket=512 npz_sha256=0fe1ea8074b7e153ebdb3de41406dde558d9af0761546becd0aebfb8295d2e72
[PATHTRACE] CANON_PROMPT_DIRECT_LOGPROBS on rows=2048 rows_per_dp=256 canonical_rows=256 chunks=1
[PATHTRACE] CANON_PROMPT_ABSOLUTE_TARGET_IDS on rows=2048
[PATHTRACE] CANON_PROMPT_PROCESSED_LOGPROBS on rows=2048 populated=2048
[CANON_P38_SEAM_OBSERVER_RECORD] record=2575 arm=B call=2751 rows=407 bucket=512 npz_sha256=812d0ac6ce0c33436452b7b64bebde392d12bb8080c918a1b31f356ee687d72d
[PATHTRACE] CANON_PROMPT_DIRECT_LOGPROBS on rows=2048 rows_per_dp=256 canonical_rows=256 chunks=1
[PATHTRACE] CANON_PROMPT_ABSOLUTE_TARGET_IDS on rows=2048
[PATHTRACE] CANON_PROMPT_PROCESSED_LOGPROBS on rows=2048 populated=2048
[CANON_P38_SEAM_OBSERVER_RECORD] record=2576 arm=B call=2752 rows=512 bucket=512 npz_sha256=559f27a979d0ac52794441ab9ab2a75596f7608a8d173c76348c6b791ed0048b
[PATHTRACE] CANON_PROMPT_DIRECT_LOGPROBS on rows=2048 rows_per_dp=256 canonical_rows=256 chunks=1
[PATHTRACE] CANON_PROMPT_ABSOLUTE_TARGET_IDS on rows=2048
[PATHTRACE] CANON_PROMPT_PROCESSED_LOGPROBS on rows=2048 populated=2048
[CANON_P38_SEAM_OBSERVER_RECORD] record=2577 arm=B call=2753 rows=585 bucket=1024 npz_sha256=f0e122e5ff3395287040137daafb9fad9904de8c629a06a78639fe033364744a
[PATHTRACE] CANON_PROMPT_DIRECT_LOGPROBS on rows=2048 rows_per_dp=256 canonical_rows=256 chunks=1
[PATHTRACE] CANON_PROMPT_ABSOLUTE_TARGET_IDS on rows=2048
[PATHTRACE] CANON_PROMPT_PROCESSED_LOGPROBS on rows=2048 populated=2048
INFO 08-28 12:24:05 [loggers.py:273] Engine 000: Avg prompt throughput: 5668.0 tokens/s, Avg generation throughput: 1.2 tokens/s, Running: 8 reqs, Waiting: 46 reqs, GPU KV cache usage: 0.2%, Prefix cache hit rate: 0.0%
[CANON_P38_SEAM_OBSERVER_RECORD] record=2578 arm=B call=2754 rows=777 bucket=1024 npz_sha256=7f3f63ec6369c1b02a6c16bdf67e158803f384d1839d8e580f3730d7c2f960e1
[PATHTRACE] CANON_PROMPT_DIRECT_LOGPROBS on rows=2048 rows_per_dp=256 canonical_rows=256 chunks=1
[PATHTRACE] CANON_PROMPT_ABSOLUTE_TARGET_IDS on rows=2048
[PATHTRACE] CANON_PROMPT_PROCESSED_LOGPROBS on rows=2048 populated=2048
[CANON_P38_SEAM_OBSERVER_RECORD] record=2579 arm=B call=2755 rows=842 bucket=1024 npz_sha256=12ad7802f64aa95b3e0f3b4142f417d8748c112bab0e02a0fe1d87b7aa7c323d
[PATHTRACE] CANON_PROMPT_DIRECT_LOGPROBS on rows=2048 rows_per_dp=256 canonical_rows=256 chunks=1
[PATHTRACE] CANON_PROMPT_ABSOLUTE_TARGET_IDS on rows=2048
[PATHTRACE] CANON_PROMPT_PROCESSED_LOGPROBS on rows=2048 populated=2048
[CANON_P38_SEAM_OBSERVER_RECORD] record=2580 arm=B call=2756 rows=971 bucket=1024 npz_sha256=40beb4099bcd46b0195bb84a0742b6859b42d20fd96f471effac4d1ef00455b7
[PATHTRACE] CANON_PROMPT_DIRECT_LOGPROBS on rows=2048 rows_per_dp=256 canonical_rows=256 chunks=1
[PATHTRACE] CANON_PROMPT_ABSOLUTE_TARGET_IDS on rows=2048
[PATHTRACE] CANON_PROMPT_PROCESSED_LOGPROBS on rows=2048 populated=2048
INFO 08-28 12:24:06 [loggers.py:273] Engine 000: Avg prompt throughput: 8853.9 tokens/s, Avg generation throughput: 2.6 tokens/s, Running: 8 reqs, Waiting: 43 reqs, GPU KV cache usage: 0.2%, Prefix cache hit rate: 0.0%
[CANON_P38_SEAM_OBSERVER_RECORD] record=2581 arm=B call=2757 rows=1131 bucket=2048 npz_sha256=6b99085412a0388a592a418b65b115242c9157050830cf023309a8b5c09ead68
[PATHTRACE] CANON_PROMPT_DIRECT_LOGPROBS on rows=2048 rows_per_dp=256 canonical_rows=256 chunks=1
[PATHTRACE] CANON_PROMPT_ABSOLUTE_TARGET_IDS on rows=2048
[PATHTRACE] CANON_PROMPT_PROCESSED_LOGPROBS on rows=2048 populated=2048
[CANON_P38_SEAM_OBSERVER_RECORD] record=2582 arm=B call=2758 rows=1397 bucket=2048 npz_sha256=1b72394da4fb84df1417da3ec071ce132cfffd960f028dc48d3c8c175dfd74a9
[PATHTRACE] CANON_PROMPT_DIRECT_LOGPROBS on rows=2048 rows_per_dp=256 canonical_rows=256 chunks=1
[PATHTRACE] CANON_PROMPT_ABSOLUTE_TARGET_IDS on rows=2048
[PATHTRACE] CANON_PROMPT_PROCESSED_LOGPROBS on rows=2048 populated=2048
[CANON_P38_SEAM_OBSERVER_RECORD] record=2583 arm=B call=2759 rows=1371 bucket=2048 npz_sha256=c45072741e2d324d6f8b99752e0d4a6cb1327c8340c67a1c79cf18fe2c0aa42c
[PATHTRACE] CANON_PROMPT_DIRECT_LOGPROBS on rows=2048 rows_per_dp=256 canonical_rows=256 chunks=1
[PATHTRACE] CANON_PROMPT_ABSOLUTE_TARGET_IDS on rows=2048
[PATHTRACE] CANON_PROMPT_PROCESSED_LOGPROBS on rows=2048 populated=2048
[CANON_P38_SEAM_OBSERVER_RECORD] record=2584 arm=B call=2760 rows=1569 bucket=2048 npz_sha256=27f6ed0a9dafc124fc8c56e4693af60a2600af3eff8799700870064a7670ed6a
[PATHTRACE] CANON_PROMPT_DIRECT_LOGPROBS on rows=2048 rows_per_dp=256 canonical_rows=256 chunks=1
[PATHTRACE] CANON_PROMPT_ABSOLUTE_TARGET_IDS on rows=2048
[PATHTRACE] CANON_PROMPT_PROCESSED_LOGPROBS on rows=2048 populated=2048
[CANON_P38_SEAM_OBSERVER_RECORD] record=2585 arm=B call=2761 rows=1536 bucket=2048 npz_sha256=3a277a906375c93bf8d6a5164394592a6623806668cc4e05c5a6b2d416569250
[PATHTRACE] CANON_PROMPT_DIRECT_LOGPROBS on rows=2048 rows_per_dp=256 canonical_rows=256 chunks=1
[PATHTRACE] CANON_PROMPT_ABSOLUTE_TARGET_IDS on rows=2048
[PATHTRACE] CANON_PROMPT_PROCESSED_LOGPROBS on rows=2048 populated=2048
[CANON_P38_SEAM_OBSERVER_RECORD] record=2586 arm=B call=2762 rows=1536 bucket=2048 npz_sha256=55f0ef982758b6cc908aa50f77983fcfe9a3eed8e5de15146de8e2fb609e3cee
[PATHTRACE] CANON_PROMPT_DIRECT_LOGPROBS on rows=2048 rows_per_dp=256 canonical_rows=256 chunks=1
[PATHTRACE] CANON_PROMPT_ABSOLUTE_TARGET_IDS on rows=2048
[PATHTRACE] CANON_PROMPT_PROCESSED_LOGPROBS on rows=2048 populated=2048
[CANON_P38_SEAM_OBSERVER_RECORD] record=2587 arm=B call=2763 rows=1765 bucket=2048 npz_sha256=7491ca3f5e64cba80197ee8e1d831ea0e9cb8d3fd8c4f0292e034b8924cdb446
[PATHTRACE] CANON_PROMPT_DIRECT_LOGPROBS on rows=2048 rows_per_dp=256 canonical_rows=256 chunks=1
[PATHTRACE] CANON_PROMPT_ABSOLUTE_TARGET_IDS on rows=2048
[PATHTRACE] CANON_PROMPT_PROCESSED_LOGPROBS on rows=2048 populated=2048
[CANON_P38_SEAM_OBSERVER_RECORD] record=2588 arm=B call=2764 rows=1904 bucket=2048 npz_sha256=8225524b3cbdd46662bd6cc80ed7efb423857e968ab2c96314213567623d08bc
[PATHTRACE] CANON_PROMPT_DIRECT_LOGPROBS on rows=2048 rows_per_dp=256 canonical_rows=256 chunks=1
[PATHTRACE] CANON_PROMPT_ABSOLUTE_TARGET_IDS on rows=2048
[PATHTRACE] CANON_PROMPT_PROCESSED_LOGPROBS on rows=2048 populated=2048
[CANON_P38_SEAM_OBSERVER_RECORD] record=2589 arm=B call=2765 rows=1792 bucket=2048 npz_sha256=588841c67f6b0bb95471dee74fb0c63913d9fbffa4779a76e62a798262a2e109
[PATHTRACE] CANON_PROMPT_DIRECT_LOGPROBS on rows=2048 rows_per_dp=256 canonical_rows=256 chunks=1
[PATHTRACE] CANON_PROMPT_ABSOLUTE_TARGET_IDS on rows=2048
[PATHTRACE] CANON_PROMPT_PROCESSED_LOGPROBS on rows=2048 populated=2048
[CANON_P38_SEAM_OBSERVER_RECORD] record=2590 arm=B call=2766 rows=1792 bucket=2048 npz_sha256=4d33e1a243e3bc31acd89ca4eb876caa20cef29b558e558552837296892e6108
[PATHTRACE] CANON_PROMPT_DIRECT_LOGPROBS on rows=2048 rows_per_dp=256 canonical_rows=256 chunks=1
[PATHTRACE] CANON_PROMPT_ABSOLUTE_TARGET_IDS on rows=2048
[PATHTRACE] CANON_PROMPT_PROCESSED_LOGPROBS on rows=2048 populated=2048
[CANON_P38_SEAM_OBSERVER_RECORD] record=2591 arm=B call=2767 rows=1782 bucket=2048 npz_sha256=be921e4abf50a1051eb8a342e7b44dbc9e25edf3b9ddd650e8fd0ce9b48f74b5
[PATHTRACE] CANON_PROMPT_DIRECT_LOGPROBS on rows=2048 rows_per_dp=256 canonical_rows=256 chunks=1
[PATHTRACE] CANON_PROMPT_ABSOLUTE_TARGET_IDS on rows=2048
[PATHTRACE] CANON_PROMPT_PROCESSED_LOGPROBS on rows=2048 populated=2048
[CANON_P38_SEAM_OBSERVER_RECORD] record=2592 arm=B call=2768 rows=1694 bucket=2048 npz_sha256=b83549898f360ca6fafd402d9b4ec53cb9dd88e23d3adda36464243298a4c2e2
[PATHTRACE] CANON_PROMPT_DIRECT_LOGPROBS on rows=2048 rows_per_dp=256 canonical_rows=256 chunks=1
[PATHTRACE] CANON_PROMPT_ABSOLUTE_TARGET_IDS on rows=2048
[PATHTRACE] CANON_PROMPT_PROCESSED_LOGPROBS on rows=2048 populated=2048
[CANON_P38_SEAM_OBSERVER_RECORD] record=2593 arm=B call=2769 rows=1749 bucket=2048 npz_sha256=c7a6af18db35df32a6545124f4d6898f555513e26587c887e9412b3a68f81f67
[PATHTRACE] CANON_PROMPT_DIRECT_LOGPROBS on rows=2048 rows_per_dp=256 canonical_rows=256 chunks=1
[PATHTRACE] CANON_PROMPT_ABSOLUTE_TARGET_IDS on rows=2048
[PATHTRACE] CANON_PROMPT_PROCESSED_LOGPROBS on rows=2048 populated=2048
[CANON_P38_SEAM_OBSERVER_RECORD] record=2594 arm=B call=2770 rows=1483 bucket=2048 npz_sha256=516d424ec72ce984fc824496f5173e2d15c56d266d7bce35a18a86c287e68494
[PATHTRACE] CANON_PROMPT_DIRECT_LOGPROBS on rows=2048 rows_per_dp=256 canonical_rows=256 chunks=1
[PATHTRACE] CANON_PROMPT_ABSOLUTE_TARGET_IDS on rows=2048
[PATHTRACE] CANON_PROMPT_PROCESSED_LOGPROBS on rows=2048 populated=2048
[CANON_P38_SEAM_OBSERVER_RECORD] record=2595 arm=B call=2771 rows=1280 bucket=2048 npz_sha256=007909c731d0646a48074197fb21b573f71ece0767ac3c82f835fbfe4a699ba7
[PATHTRACE] CANON_PROMPT_DIRECT_LOGPROBS on rows=2048 rows_per_dp=256 canonical_rows=256 chunks=1
[PATHTRACE] CANON_PROMPT_ABSOLUTE_TARGET_IDS on rows=2048
[PATHTRACE] CANON_PROMPT_PROCESSED_LOGPROBS on rows=2048 populated=2048
[CANON_P38_SEAM_OBSERVER_RECORD] record=2596 arm=B call=2772 rows=1030 bucket=2048 npz_sha256=136350393db554322cb9c3f4f01be859d711b6b40bc525accad0fe5c74250393
[PATHTRACE] CANON_PROMPT_DIRECT_LOGPROBS on rows=2048 rows_per_dp=256 canonical_rows=256 chunks=1
[PATHTRACE] CANON_PROMPT_ABSOLUTE_TARGET_IDS on rows=2048
[PATHTRACE] CANON_PROMPT_PROCESSED_LOGPROBS on rows=2048 populated=2048
[CANON_P38_SEAM_OBSERVER_RECORD] record=2597 arm=B call=2773 rows=1024 bucket=1024 npz_sha256=f5809e9fb0d65a6414d04635b1a0b2c606b5dee5bb67026a05bf85a0ba197e27
[PATHTRACE] CANON_PROMPT_DIRECT_LOGPROBS on rows=2048 rows_per_dp=256 canonical_rows=256 chunks=1
[PATHTRACE] CANON_PROMPT_ABSOLUTE_TARGET_IDS on rows=2048
[PATHTRACE] CANON_PROMPT_PROCESSED_LOGPROBS on rows=2048 populated=2048
[CANON_P38_SEAM_OBSERVER_RECORD] record=2598 arm=B call=2774 rows=1024 bucket=1024 npz_sha256=70bfabd1ace43935fbdb48277ee250135515b899158b485db7ad29cfa3d9b753
[PATHTRACE] CANON_PROMPT_DIRECT_LOGPROBS on rows=2048 rows_per_dp=256 canonical_rows=256 chunks=1
[PATHTRACE] CANON_PROMPT_ABSOLUTE_TARGET_IDS on rows=2048
[PATHTRACE] CANON_PROMPT_PROCESSED_LOGPROBS on rows=2048 populated=2048
[CANON_P38_SEAM_OBSERVER_RECORD] record=2599 arm=B call=2775 rows=1111 bucket=2048 npz_sha256=c0f5ed4aca370ed53a89c3ef12bfda61182b4fca9932082e5727fddfe0e8d2d0
[PATHTRACE] CANON_PROMPT_DIRECT_LOGPROBS on rows=2048 rows_per_dp=256 canonical_rows=256 chunks=1
[PATHTRACE] CANON_PROMPT_ABSOLUTE_TARGET_IDS on rows=2048
[PATHTRACE] CANON_PROMPT_PROCESSED_LOGPROBS on rows=2048 populated=2048
INFO 08-28 12:24:15 [loggers.py:273] Engine 000: Avg prompt throughput: 3464.5 tokens/s, Avg generation throughput: 0.9 tokens/s, Running: 8 reqs, Waiting: 35 reqs, GPU KV cache usage: 0.3%, Prefix cache hit rate: 0.0%
[CANON_P38_SEAM_OBSERVER_RECORD] record=2600 arm=B call=2776 rows=1091 bucket=2048 npz_sha256=7c01fe1eea0c1ef7e04c7782b8ba86e71ae02e2e3e17fef15e582ede89c85f47
[PATHTRACE] CANON_PROMPT_DIRECT_LOGPROBS on rows=2048 rows_per_dp=256 canonical_rows=256 chunks=1
[PATHTRACE] CANON_PROMPT_ABSOLUTE_TARGET_IDS on rows=2048
[PATHTRACE] CANON_PROMPT_PROCESSED_LOGPROBS on rows=2048 populated=2048
[CANON_P38_SEAM_OBSERVER_RECORD] record=2601 arm=B call=2777 rows=1024 bucket=1024 npz_sha256=3d0122bccd75773f65312cb61bfa79be5a0c66e07561cd71808a57f88d57083c
[PATHTRACE] CANON_PROMPT_DIRECT_LOGPROBS on rows=2048 rows_per_dp=256 canonical_rows=256 chunks=1
[PATHTRACE] CANON_PROMPT_ABSOLUTE_TARGET_IDS on rows=2048
[PATHTRACE] CANON_PROMPT_PROCESSED_LOGPROBS on rows=2048 populated=2048
[CANON_P38_SEAM_OBSERVER_RECORD] record=2602 arm=B call=2778 rows=1189 bucket=2048 npz_sha256=65257488ed1546919e54535f0d99ad66422793b6218b58980a75e9d4912bd1f2
[PATHTRACE] CANON_PROMPT_DIRECT_LOGPROBS on rows=2048 rows_per_dp=256 canonical_rows=256 chunks=1
[PATHTRACE] CANON_PROMPT_ABSOLUTE_TARGET_IDS on rows=2048
[PATHTRACE] CANON_PROMPT_PROCESSED_LOGPROBS on rows=2048 populated=2048
[CANON_P38_SEAM_OBSERVER_RECORD] record=2603 arm=B call=2779 rows=1536 bucket=2048 npz_sha256=e6bdaf260e1b18759dbb83e600fd6e96adbdebb754f0f9ae234e39cc8530a162
[PATHTRACE] CANON_PROMPT_DIRECT_LOGPROBS on rows=2048 rows_per_dp=256 canonical_rows=256 chunks=1
[PATHTRACE] CANON_PROMPT_ABSOLUTE_TARGET_IDS on rows=2048
[PATHTRACE] CANON_PROMPT_PROCESSED_LOGPROBS on rows=2048 populated=2048
[CANON_P38_SEAM_OBSERVER_RECORD] record=2604 arm=B call=2780 rows=1421 bucket=2048 npz_sha256=03b3ad14ec1842eba891cb1f2fc83efdb68457b1d5e0be1d05f3f54041537992
[PATHTRACE] CANON_PROMPT_DIRECT_LOGPROBS on rows=2048 rows_per_dp=256 canonical_rows=256 chunks=1
[PATHTRACE] CANON_PROMPT_ABSOLUTE_TARGET_IDS on rows=2048
[PATHTRACE] CANON_PROMPT_PROCESSED_LOGPROBS on rows=2048 populated=2048
INFO 08-28 12:24:19 [loggers.py:273] Engine 000: Avg prompt throughput: 852.7 tokens/s, Avg generation throughput: 0.3 tokens/s, Running: 8 reqs, Waiting: 34 reqs, GPU KV cache usage: 0.5%, Prefix cache hit rate: 0.0%
[CANON_P38_SEAM_OBSERVER_RECORD] record=2605 arm=B call=2781 rows=1024 bucket=1024 npz_sha256=96ab895531a9aece4ea6de21e2897807ee9be1b700807f5de6f37f51e5542ef3
[PATHTRACE] CANON_PROMPT_DIRECT_LOGPROBS on rows=2048 rows_per_dp=256 canonical_rows=256 chunks=1
[PATHTRACE] CANON_PROMPT_ABSOLUTE_TARGET_IDS on rows=2048
[PATHTRACE] CANON_PROMPT_PROCESSED_LOGPROBS on rows=2048 populated=2048
[CANON_P38_SEAM_OBSERVER_RECORD] record=2606 arm=B call=2782 rows=1024 bucket=1024 npz_sha256=45cbab3b2c6ee07bc709c233217a977b84f8ba020c04ae867e575850eb7674fd
[PATHTRACE] CANON_PROMPT_DIRECT_LOGPROBS on rows=2048 rows_per_dp=256 canonical_rows=256 chunks=1
[PATHTRACE] CANON_PROMPT_ABSOLUTE_TARGET_IDS on rows=2048
[PATHTRACE] CANON_PROMPT_PROCESSED_LOGPROBS on rows=2048 populated=2048
[CANON_P38_SEAM_OBSERVER_RECORD] record=2607 arm=B call=2783 rows=834 bucket=1024 npz_sha256=fa48852a888b9bd34d67cf8c5f00bab48403c176b658b86843d4b682c9df9bbb
[PATHTRACE] CANON_PROMPT_DIRECT_LOGPROBS on rows=2048 rows_per_dp=256 canonical_rows=256 chunks=1
[PATHTRACE] CANON_PROMPT_ABSOLUTE_TARGET_IDS on rows=2048
[PATHTRACE] CANON_PROMPT_PROCESSED_LOGPROBS on rows=2048 populated=2048
[CANON_P38_SEAM_OBSERVER_RECORD] record=2608 arm=B call=2784 rows=752 bucket=1024 npz_sha256=d879d504284a4ba83042ebf95465e2de0b54c2eb56f57896ab19cc011e27a6c1
[PATHTRACE] CANON_PROMPT_DIRECT_LOGPROBS on rows=2048 rows_per_dp=256 canonical_rows=256 chunks=1
[PATHTRACE] CANON_PROMPT_ABSOLUTE_TARGET_IDS on rows=2048
[PATHTRACE] CANON_PROMPT_PROCESSED_LOGPROBS on rows=2048 populated=2048
[CANON_P38_SEAM_OBSERVER_RECORD] record=2609 arm=B call=2785 rows=768 bucket=1024 npz_sha256=9acf9303f290e45b2d868a43ae92f917feb34df052283043f0e20d3c88319e4f
[PATHTRACE] CANON_PROMPT_DIRECT_LOGPROBS on rows=2048 rows_per_dp=256 canonical_rows=256 chunks=1
[PATHTRACE] CANON_PROMPT_ABSOLUTE_TARGET_IDS on rows=2048
[PATHTRACE] CANON_PROMPT_PROCESSED_LOGPROBS on rows=2048 populated=2048
[CANON_P38_SEAM_OBSERVER_RECORD] record=2610 arm=B call=2786 rows=819 bucket=1024 npz_sha256=685a4b481bcfde2656129699ae216656dc9689452ab1b6e6c259d7d7930a5391
[PATHTRACE] CANON_PROMPT_DIRECT_LOGPROBS on rows=2048 rows_per_dp=256 canonical_rows=256 chunks=1
[PATHTRACE] CANON_PROMPT_ABSOLUTE_TARGET_IDS on rows=2048
[PATHTRACE] CANON_PROMPT_PROCESSED_LOGPROBS on rows=2048 populated=2048
[CANON_P38_SEAM_OBSERVER_RECORD] record=2611 arm=B call=2787 rows=1278 bucket=2048 npz_sha256=9b181a415667dfb6a08ea40d5e70ae9be4a50d092318b69f452a7267ea2f907d
[PATHTRACE] CANON_PROMPT_DIRECT_LOGPROBS on rows=2048 rows_per_dp=256 canonical_rows=256 chunks=1
[PATHTRACE] CANON_PROMPT_ABSOLUTE_TARGET_IDS on rows=2048
[PATHTRACE] CANON_PROMPT_PROCESSED_LOGPROBS on rows=2048 populated=2048
[CANON_P38_SEAM_OBSERVER_RECORD] record=2612 arm=B call=2788 rows=1327 bucket=2048 npz_sha256=ef4ff7711e97a3828ea3e6a1e479ab742073175fce1ce95dc9690128b3d0753d
[PATHTRACE] CANON_PROMPT_DIRECT_LOGPROBS on rows=2048 rows_per_dp=256 canonical_rows=256 chunks=1
[PATHTRACE] CANON_PROMPT_ABSOLUTE_TARGET_IDS on rows=2048
[PATHTRACE] CANON_PROMPT_PROCESSED_LOGPROBS on rows=2048 populated=2048
[CANON_P38_SEAM_OBSERVER_RECORD] record=2613 arm=B call=2789 rows=1536 bucket=2048 npz_sha256=9c72f3b322a4b7f30803e487568382035d558e4156b6f686381469cc7eca8d0a
[PATHTRACE] CANON_PROMPT_DIRECT_LOGPROBS on rows=2048 rows_per_dp=256 canonical_rows=256 chunks=1
[PATHTRACE] CANON_PROMPT_ABSOLUTE_TARGET_IDS on rows=2048
[PATHTRACE] CANON_PROMPT_PROCESSED_LOGPROBS on rows=2048 populated=2048
[CANON_P38_SEAM_OBSERVER_RECORD] record=2614 arm=B call=2790 rows=1367 bucket=2048 npz_sha256=71256104af254cc9364afa6d83a69b1d63996aa0237d3f30f0fa6357138cd58b
[PATHTRACE] CANON_PROMPT_DIRECT_LOGPROBS on rows=2048 rows_per_dp=256 canonical_rows=256 chunks=1
[PATHTRACE] CANON_PROMPT_ABSOLUTE_TARGET_IDS on rows=2048
[PATHTRACE] CANON_PROMPT_PROCESSED_LOGPROBS on rows=2048 populated=2048
[CANON_P38_SEAM_OBSERVER_RECORD] record=2615 arm=B call=2791 rows=1097 bucket=2048 npz_sha256=7e2c8d4ad585fd4a3f88f86eca7115383bd4c75422445c640660fe49d7d67cb4
[PATHTRACE] CANON_PROMPT_DIRECT_LOGPROBS on rows=2048 rows_per_dp=256 canonical_rows=256 chunks=1
[PATHTRACE] CANON_PROMPT_ABSOLUTE_TARGET_IDS on rows=2048
[PATHTRACE] CANON_PROMPT_PROCESSED_LOGPROBS on rows=2048 populated=2048
[CANON_P38_SEAM_OBSERVER_RECORD] record=2616 arm=B call=2792 rows=1280 bucket=2048 npz_sha256=edd3e210251fb9264c7cec3b4360db4e02c64602938906b0bf68d24b1d5f7fb6
[PATHTRACE] CANON_PROMPT_DIRECT_LOGPROBS on rows=2048 rows_per_dp=256 canonical_rows=256 chunks=1
[PATHTRACE] CANON_PROMPT_ABSOLUTE_TARGET_IDS on rows=2048
[PATHTRACE] CANON_PROMPT_PROCESSED_LOGPROBS on rows=2048 populated=2048
[CANON_P38_SEAM_OBSERVER_RECORD] record=2617 arm=B call=2793 rows=1121 bucket=2048 npz_sha256=f23abefdd84763ff173b88ef12442a9cfb2c93b0b5cb4a1fc753f05f5d873c95
[PATHTRACE] CANON_PROMPT_DIRECT_LOGPROBS on rows=2048 rows_per_dp=256 canonical_rows=256 chunks=1
[PATHTRACE] CANON_PROMPT_ABSOLUTE_TARGET_IDS on rows=2048
[PATHTRACE] CANON_PROMPT_PROCESSED_LOGPROBS on rows=2048 populated=2048
[CANON_P38_SEAM_OBSERVER_RECORD] record=2618 arm=B call=2794 rows=1342 bucket=2048 npz_sha256=3daafc587aa697e72b9152826358ee875cccdf14a2029242fbf767911c1c57fc
[PATHTRACE] CANON_PROMPT_DIRECT_LOGPROBS on rows=2048 rows_per_dp=256 canonical_rows=256 chunks=1
[PATHTRACE] CANON_PROMPT_ABSOLUTE_TARGET_IDS on rows=2048
[PATHTRACE] CANON_PROMPT_PROCESSED_LOGPROBS on rows=2048 populated=2048
[CANON_P38_SEAM_OBSERVER_RECORD] record=2619 arm=B call=2795 rows=1536 bucket=2048 npz_sha256=8a13fddc94020f4e43ebb1045ab74f321874ae23939a4729b8310d77ddbef3ed
[PATHTRACE] CANON_PROMPT_DIRECT_LOGPROBS on rows=2048 rows_per_dp=256 canonical_rows=256 chunks=1
[PATHTRACE] CANON_PROMPT_ABSOLUTE_TARGET_IDS on rows=2048
[PATHTRACE] CANON_PROMPT_PROCESSED_LOGPROBS on rows=2048 populated=2048
[CANON_P38_SEAM_OBSERVER_RECORD] record=2620 arm=B call=2796 rows=1515 bucket=2048 npz_sha256=591acc83b92741a505bb637a5a8f69c24fac673b4affe0b70ad30c282ba36b36
[PATHTRACE] CANON_PROMPT_DIRECT_LOGPROBS on rows=2048 rows_per_dp=256 canonical_rows=256 chunks=1
[PATHTRACE] CANON_PROMPT_ABSOLUTE_TARGET_IDS on rows=2048
[PATHTRACE] CANON_PROMPT_PROCESSED_LOGPROBS on rows=2048 populated=2048
INFO 08-28 12:24:25 [loggers.py:273] Engine 000: Avg prompt throughput: 5762.8 tokens/s, Avg generation throughput: 1.4 tokens/s, Running: 8 reqs, Waiting: 25 reqs, GPU KV cache usage: 0.3%, Prefix cache hit rate: 0.0%
[CANON_P38_SEAM_OBSERVER_RECORD] record=2621 arm=B call=2797 rows=1434 bucket=2048 npz_sha256=c7c45849903bd705f7daa574be11f21763510ff86db772667d17bf6b99b08d75
[PATHTRACE] CANON_PROMPT_DIRECT_LOGPROBS on rows=2048 rows_per_dp=256 canonical_rows=256 chunks=1
[PATHTRACE] CANON_PROMPT_ABSOLUTE_TARGET_IDS on rows=2048
[PATHTRACE] CANON_PROMPT_PROCESSED_LOGPROBS on rows=2048 populated=2048
[CANON_P38_SEAM_OBSERVER_RECORD] record=2622 arm=B call=2798 rows=1536 bucket=2048 npz_sha256=0fbe1ab783b62d0e86d31c608222db3887224bacb7c5fc24cab88a101889e082
[PATHTRACE] CANON_PROMPT_DIRECT_LOGPROBS on rows=2048 rows_per_dp=256 canonical_rows=256 chunks=1
[PATHTRACE] CANON_PROMPT_ABSOLUTE_TARGET_IDS on rows=2048
[PATHTRACE] CANON_PROMPT_PROCESSED_LOGPROBS on rows=2048 populated=2048
[CANON_P38_SEAM_OBSERVER_RECORD] record=2623 arm=B call=2799 rows=1103 bucket=2048 npz_sha256=e072df01dd323183562e38c329d558e368efd7b6d775fde68cee4df2b9fae074
[PATHTRACE] CANON_PROMPT_DIRECT_LOGPROBS on rows=2048 rows_per_dp=256 canonical_rows=256 chunks=1
[PATHTRACE] CANON_PROMPT_ABSOLUTE_TARGET_IDS on rows=2048
[PATHTRACE] CANON_PROMPT_PROCESSED_LOGPROBS on rows=2048 populated=2048
[CANON_P38_SEAM_OBSERVER_RECORD] record=2624 arm=B call=2800 rows=770 bucket=1024 npz_sha256=f99b6c06e2be196f628d72b2a4636deb9a5c37561075a8c272c7c3fd3e8cb3fa
[PATHTRACE] CANON_PROMPT_DIRECT_LOGPROBS on rows=2048 rows_per_dp=256 canonical_rows=256 chunks=1
[PATHTRACE] CANON_PROMPT_ABSOLUTE_TARGET_IDS on rows=2048
[PATHTRACE] CANON_PROMPT_PROCESSED_LOGPROBS on rows=2048 populated=2048
[CANON_P38_SEAM_OBSERVER_RECORD] record=2625 arm=B call=2801 rows=964 bucket=1024 npz_sha256=17e25516e3f5c667c7e164751174b1e903d74249a99e31ceb2025f0fa8714392
[PATHTRACE] CANON_PROMPT_DIRECT_LOGPROBS on rows=2048 rows_per_dp=256 canonical_rows=256 chunks=1
[PATHTRACE] CANON_PROMPT_ABSOLUTE_TARGET_IDS on rows=2048
[PATHTRACE] CANON_PROMPT_PROCESSED_LOGPROBS on rows=2048 populated=2048
[CANON_P38_SEAM_OBSERVER_RECORD] record=2626 arm=B call=2802 rows=809 bucket=1024 npz_sha256=319e3d94da4f6bf5f59f58705b29c9d107b7379e283059415ba7a5f9d14942a5
[PATHTRACE] CANON_PROMPT_DIRECT_LOGPROBS on rows=2048 rows_per_dp=256 canonical_rows=256 chunks=1
[PATHTRACE] CANON_PROMPT_ABSOLUTE_TARGET_IDS on rows=2048
[PATHTRACE] CANON_PROMPT_PROCESSED_LOGPROBS on rows=2048 populated=2048
[CANON_P38_SEAM_OBSERVER_RECORD] record=2627 arm=B call=2803 rows=830 bucket=1024 npz_sha256=aacdb7ae6573a2a12723200ab63ae8b63698978c49c7394e279a511cee4c3d52
[PATHTRACE] CANON_PROMPT_DIRECT_LOGPROBS on rows=2048 rows_per_dp=256 canonical_rows=256 chunks=1
[PATHTRACE] CANON_PROMPT_ABSOLUTE_TARGET_IDS on rows=2048
[PATHTRACE] CANON_PROMPT_PROCESSED_LOGPROBS on rows=2048 populated=2048
[CANON_P38_SEAM_OBSERVER_RECORD] record=2628 arm=B call=2804 rows=1175 bucket=2048 npz_sha256=5dd2b18d5d96a95999146834a16e5c42e04167aa55dbae9ba844d6d5fc254979
[PATHTRACE] CANON_PROMPT_DIRECT_LOGPROBS on rows=2048 rows_per_dp=256 canonical_rows=256 chunks=1
[PATHTRACE] CANON_PROMPT_ABSOLUTE_TARGET_IDS on rows=2048
[PATHTRACE] CANON_PROMPT_PROCESSED_LOGPROBS on rows=2048 populated=2048
INFO 08-28 12:24:29 [loggers.py:273] Engine 000: Avg prompt throughput: 4210.2 tokens/s, Avg generation throughput: 1.3 tokens/s, Running: 8 reqs, Waiting: 20 reqs, GPU KV cache usage: 0.4%, Prefix cache hit rate: 0.0%
[CANON_P38_SEAM_OBSERVER_RECORD] record=2629 arm=B call=2805 rows=1047 bucket=2048 npz_sha256=597b71223d50ba819f9dd4c8df7eef21701e45d2b919d67c3b1cfdb8acd297ce
[PATHTRACE] CANON_PROMPT_DIRECT_LOGPROBS on rows=2048 rows_per_dp=256 canonical_rows=256 chunks=1
[PATHTRACE] CANON_PROMPT_ABSOLUTE_TARGET_IDS on rows=2048
[PATHTRACE] CANON_PROMPT_PROCESSED_LOGPROBS on rows=2048 populated=2048
[CANON_P38_SEAM_OBSERVER_RECORD] record=2630 arm=B call=2806 rows=1280 bucket=2048 npz_sha256=85da4471d6b152c2b35893eb3b0d3372b677cebe7d95590b24187988bbee6dfb
[PATHTRACE] CANON_PROMPT_DIRECT_LOGPROBS on rows=2048 rows_per_dp=256 canonical_rows=256 chunks=1
[PATHTRACE] CANON_PROMPT_ABSOLUTE_TARGET_IDS on rows=2048
[PATHTRACE] CANON_PROMPT_PROCESSED_LOGPROBS on rows=2048 populated=2048
[CANON_P38_SEAM_OBSERVER_RECORD] record=2631 arm=B call=2807 rows=1280 bucket=2048 npz_sha256=36acc8913d37efd1bfe7cc7932175dfaa36b4ced35a327df5507ea06a95dcf65
[PATHTRACE] CANON_PROMPT_DIRECT_LOGPROBS on rows=2048 rows_per_dp=256 canonical_rows=256 chunks=1
[PATHTRACE] CANON_PROMPT_ABSOLUTE_TARGET_IDS on rows=2048
[PATHTRACE] CANON_PROMPT_PROCESSED_LOGPROBS on rows=2048 populated=2048
[CANON_P38_SEAM_OBSERVER_RECORD] record=2632 arm=B call=2808 rows=1257 bucket=2048 npz_sha256=014cdda8f466bac9af904cc471efbb35a1cbebf1ca2162c6f38298fe7b4939e3
[PATHTRACE] CANON_PROMPT_DIRECT_LOGPROBS on rows=2048 rows_per_dp=256 canonical_rows=256 chunks=1
[PATHTRACE] CANON_PROMPT_ABSOLUTE_TARGET_IDS on rows=2048
[PATHTRACE] CANON_PROMPT_PROCESSED_LOGPROBS on rows=2048 populated=2048
[CANON_P38_SEAM_OBSERVER_RECORD] record=2633 arm=B call=2809 rows=1280 bucket=2048 npz_sha256=b22b7ad199cb6d2026b9ba940882ee7c1252b78abb73852c337f57051fd29407
[PATHTRACE] CANON_PROMPT_DIRECT_LOGPROBS on rows=2048 rows_per_dp=256 canonical_rows=256 chunks=1
[PATHTRACE] CANON_PROMPT_ABSOLUTE_TARGET_IDS on rows=2048
[PATHTRACE] CANON_PROMPT_PROCESSED_LOGPROBS on rows=2048 populated=2048
[CANON_P38_SEAM_OBSERVER_RECORD] record=2634 arm=B call=2810 rows=1387 bucket=2048 npz_sha256=b2e57778b3d5c285dfd5ec8e51a27eab6dcf7f8757a5494d2aab085990bd8a65
[PATHTRACE] CANON_PROMPT_DIRECT_LOGPROBS on rows=2048 rows_per_dp=256 canonical_rows=256 chunks=1
[PATHTRACE] CANON_PROMPT_ABSOLUTE_TARGET_IDS on rows=2048
[PATHTRACE] CANON_PROMPT_PROCESSED_LOGPROBS on rows=2048 populated=2048
[CANON_P38_SEAM_OBSERVER_RECORD] record=2635 arm=B call=2811 rows=1644 bucket=2048 npz_sha256=5b6d7bfeae1e7f1d28276c992b106c53f81633a2800271cfb217d4f62f82e533
[PATHTRACE] CANON_PROMPT_DIRECT_LOGPROBS on rows=2048 rows_per_dp=256 canonical_rows=256 chunks=1
[PATHTRACE] CANON_PROMPT_ABSOLUTE_TARGET_IDS on rows=2048
[PATHTRACE] CANON_PROMPT_PROCESSED_LOGPROBS on rows=2048 populated=2048
[CANON_P38_SEAM_OBSERVER_RECORD] record=2636 arm=B call=2812 rows=1523 bucket=2048 npz_sha256=eb973c79c66022ae0b2c90897aeae9114a82b85363f57675700ce780c23b302a
[PATHTRACE] CANON_PROMPT_DIRECT_LOGPROBS on rows=2048 rows_per_dp=256 canonical_rows=256 chunks=1
[PATHTRACE] CANON_PROMPT_ABSOLUTE_TARGET_IDS on rows=2048
[PATHTRACE] CANON_PROMPT_PROCESSED_LOGPROBS on rows=2048 populated=2048
[CANON_P38_SEAM_OBSERVER_RECORD] record=2637 arm=B call=2813 rows=1404 bucket=2048 npz_sha256=5a459f7480c6de8a45aa7e8ef819a01516ce14b16dfbb0679da8cbd3a9766efb
[PATHTRACE] CANON_PROMPT_DIRECT_LOGPROBS on rows=2048 rows_per_dp=256 canonical_rows=256 chunks=1
[PATHTRACE] CANON_PROMPT_ABSOLUTE_TARGET_IDS on rows=2048
[PATHTRACE] CANON_PROMPT_PROCESSED_LOGPROBS on rows=2048 populated=2048
[CANON_P38_SEAM_OBSERVER_RECORD] record=2638 arm=B call=2814 rows=1123 bucket=2048 npz_sha256=2cbe4b5f5a1e4c0dbd46c2d9eca1c209cbe774774c5e1199b68a784895c0f903
[PATHTRACE] CANON_PROMPT_DIRECT_LOGPROBS on rows=2048 rows_per_dp=256 canonical_rows=256 chunks=1
[PATHTRACE] CANON_PROMPT_ABSOLUTE_TARGET_IDS on rows=2048
[PATHTRACE] CANON_PROMPT_PROCESSED_LOGPROBS on rows=2048 populated=2048
[CANON_P38_SEAM_OBSERVER_RECORD] record=2639 arm=B call=2815 rows=1211 bucket=2048 npz_sha256=25b9dd73ba2c0bac4bb312ccd31b19530e8e5dd096d7e4b0072dab40e7d98c9c
[PATHTRACE] CANON_PROMPT_DIRECT_LOGPROBS on rows=2048 rows_per_dp=256 canonical_rows=256 chunks=1
[PATHTRACE] CANON_PROMPT_ABSOLUTE_TARGET_IDS on rows=2048
[PATHTRACE] CANON_PROMPT_PROCESSED_LOGPROBS on rows=2048 populated=2048
[CANON_APC_M15_REPLAY_LEDGER] records=2816 call=2816 requests=8 bytes=160998377
[CANON_P38_SEAM_OBSERVER_RECORD] record=2640 arm=B call=2816 rows=1509 bucket=2048 npz_sha256=1523b5d5ca1bd50cdd65794f28433eddf6e9ab47cc48360876a71cbe1223810b
[PATHTRACE] CANON_PROMPT_DIRECT_LOGPROBS on rows=2048 rows_per_dp=256 canonical_rows=256 chunks=1
[PATHTRACE] CANON_PROMPT_ABSOLUTE_TARGET_IDS on rows=2048
[PATHTRACE] CANON_PROMPT_PROCESSED_LOGPROBS on rows=2048 populated=2048
[CANON_P38_SEAM_OBSERVER_RECORD] record=2641 arm=B call=2817 rows=1536 bucket=2048 npz_sha256=09161375cf252a94bccfca8a0fe3003b04720281475bbf901e2cc7365f2d449e
[PATHTRACE] CANON_PROMPT_DIRECT_LOGPROBS on rows=2048 rows_per_dp=256 canonical_rows=256 chunks=1
[PATHTRACE] CANON_PROMPT_ABSOLUTE_TARGET_IDS on rows=2048
[PATHTRACE] CANON_PROMPT_PROCESSED_LOGPROBS on rows=2048 populated=2048
INFO 08-28 12:24:35 [loggers.py:273] Engine 000: Avg prompt throughput: 4701.4 tokens/s, Avg generation throughput: 1.1 tokens/s, Running: 8 reqs, Waiting: 13 reqs, GPU KV cache usage: 0.2%, Prefix cache hit rate: 0.0%
[CANON_P38_SEAM_OBSERVER_RECORD] record=2642 arm=B call=2818 rows=1937 bucket=2048 npz_sha256=20f9ade250b6ca43fc70cc2506b38b99a24eec542a8fa94ef0c7f41625d58f35
[PATHTRACE] CANON_PROMPT_DIRECT_LOGPROBS on rows=2048 rows_per_dp=256 canonical_rows=256 chunks=1
[PATHTRACE] CANON_PROMPT_ABSOLUTE_TARGET_IDS on rows=2048
[PATHTRACE] CANON_PROMPT_PROCESSED_LOGPROBS on rows=2048 populated=2048
[CANON_P38_SEAM_OBSERVER_RECORD] record=2643 arm=B call=2819 rows=1867 bucket=2048 npz_sha256=11c38891a905b7184126282c5badbbb1be75fd1720d8691802b612db3db2cce7
[PATHTRACE] CANON_PROMPT_DIRECT_LOGPROBS on rows=2048 rows_per_dp=256 canonical_rows=256 chunks=1
[PATHTRACE] CANON_PROMPT_ABSOLUTE_TARGET_IDS on rows=2048
[PATHTRACE] CANON_PROMPT_PROCESSED_LOGPROBS on rows=2048 populated=2048
[CANON_P38_SEAM_OBSERVER_RECORD] record=2644 arm=B call=2820 rows=1791 bucket=2048 npz_sha256=0e2cee1d28bdb3b3a971590a202078a05677f08bcba2d2ffe5ba7e35b05678d9
[PATHTRACE] CANON_PROMPT_DIRECT_LOGPROBS on rows=2048 rows_per_dp=256 canonical_rows=256 chunks=1
[PATHTRACE] CANON_PROMPT_ABSOLUTE_TARGET_IDS on rows=2048
[PATHTRACE] CANON_PROMPT_PROCESSED_LOGPROBS on rows=2048 populated=2048
[CANON_P38_SEAM_OBSERVER_RECORD] record=2645 arm=B call=2821 rows=1292 bucket=2048 npz_sha256=0a5c1f3289be2cf8aa301bd4a533a851b70fc9cea8f45e5814a46f9ee7fcc16b
[PATHTRACE] CANON_PROMPT_DIRECT_LOGPROBS on rows=2048 rows_per_dp=256 canonical_rows=256 chunks=1
[PATHTRACE] CANON_PROMPT_ABSOLUTE_TARGET_IDS on rows=2048
[PATHTRACE] CANON_PROMPT_PROCESSED_LOGPROBS on rows=2048 populated=2048
[CANON_P38_SEAM_OBSERVER_RECORD] record=2646 arm=B call=2822 rows=981 bucket=1024 npz_sha256=efa73c3c59503431c4b79cf7e0cda630a17de4ab87ed2b876c6d3405decd5c37
[PATHTRACE] CANON_PROMPT_DIRECT_LOGPROBS on rows=2048 rows_per_dp=256 canonical_rows=256 chunks=1
[PATHTRACE] CANON_PROMPT_ABSOLUTE_TARGET_IDS on rows=2048
[PATHTRACE] CANON_PROMPT_PROCESSED_LOGPROBS on rows=2048 populated=2048
[CANON_P38_SEAM_OBSERVER_RECORD] record=2647 arm=B call=2823 rows=846 bucket=1024 npz_sha256=2a060830e3e39c19e09104dcb2c029f35b18d3ba94d20e4c9244770adc5b5d02
[PATHTRACE] CANON_PROMPT_DIRECT_LOGPROBS on rows=2048 rows_per_dp=256 canonical_rows=256 chunks=1
[PATHTRACE] CANON_PROMPT_ABSOLUTE_TARGET_IDS on rows=2048
[PATHTRACE] CANON_PROMPT_PROCESSED_LOGPROBS on rows=2048 populated=2048
[CANON_P38_SEAM_OBSERVER_RECORD] record=2648 arm=B call=2824 rows=680 bucket=1024 npz_sha256=117672dcd2a16711832a06ee721d09f2a933ab157d102536240679a61c13409a
[PATHTRACE] CANON_PROMPT_DIRECT_LOGPROBS on rows=2048 rows_per_dp=256 canonical_rows=256 chunks=1
[PATHTRACE] CANON_PROMPT_ABSOLUTE_TARGET_IDS on rows=2048
[PATHTRACE] CANON_PROMPT_PROCESSED_LOGPROBS on rows=2048 populated=2048
[CANON_P38_SEAM_OBSERVER_RECORD] record=2649 arm=B call=2825 rows=884 bucket=1024 npz_sha256=fcbca9ddb55aa08e1237d31a1f44de384e3e1b810a038fb5fdbd9be3dc918bdc
[PATHTRACE] CANON_PROMPT_DIRECT_LOGPROBS on rows=2048 rows_per_dp=256 canonical_rows=256 chunks=1
[PATHTRACE] CANON_PROMPT_ABSOLUTE_TARGET_IDS on rows=2048
[PATHTRACE] CANON_PROMPT_PROCESSED_LOGPROBS on rows=2048 populated=2048
[CANON_P38_SEAM_OBSERVER_RECORD] record=2650 arm=B call=2826 rows=1024 bucket=1024 npz_sha256=9ccecfb8ed19f1f41ef1ccad392f6557dfb81bb6dd82119548edb5d0195be9ac
[PATHTRACE] CANON_PROMPT_DIRECT_LOGPROBS on rows=2048 rows_per_dp=256 canonical_rows=256 chunks=1
[PATHTRACE] CANON_PROMPT_ABSOLUTE_TARGET_IDS on rows=2048
[PATHTRACE] CANON_PROMPT_PROCESSED_LOGPROBS on rows=2048 populated=2048
[CANON_P38_SEAM_OBSERVER_RECORD] record=2651 arm=B call=2827 rows=854 bucket=1024 npz_sha256=d1ae31ec895cc1732a9249b79644b322fc49d466904e72cc041eae99f4a2bc4e
[PATHTRACE] CANON_PROMPT_DIRECT_LOGPROBS on rows=2048 rows_per_dp=256 canonical_rows=256 chunks=1
[PATHTRACE] CANON_PROMPT_ABSOLUTE_TARGET_IDS on rows=2048
[PATHTRACE] CANON_PROMPT_PROCESSED_LOGPROBS on rows=2048 populated=2048
INFO 08-28 12:24:41 [loggers.py:273] Engine 000: Avg prompt throughput: 2397.5 tokens/s, Avg generation throughput: 1.0 tokens/s, Running: 8 reqs, Waiting: 8 reqs, GPU KV cache usage: 0.5%, Prefix cache hit rate: 0.0%
[CANON_P38_SEAM_OBSERVER_RECORD] record=2652 arm=B call=2828 rows=768 bucket=1024 npz_sha256=89f5f67d1a2904dabfb9684a11f3373dafee4e81037bf878502fef7099985334
[PATHTRACE] CANON_PROMPT_DIRECT_LOGPROBS on rows=2048 rows_per_dp=256 canonical_rows=256 chunks=1
[PATHTRACE] CANON_PROMPT_ABSOLUTE_TARGET_IDS on rows=2048
[PATHTRACE] CANON_PROMPT_PROCESSED_LOGPROBS on rows=2048 populated=2048
[CANON_P38_SEAM_OBSERVER_RECORD] record=2653 arm=B call=2829 rows=768 bucket=1024 npz_sha256=731205f5a7c4e775054f1dd342969bde0bd6775ca8cf370ad2957cbfed508236
[PATHTRACE] CANON_PROMPT_DIRECT_LOGPROBS on rows=2048 rows_per_dp=256 canonical_rows=256 chunks=1
[PATHTRACE] CANON_PROMPT_ABSOLUTE_TARGET_IDS on rows=2048
[PATHTRACE] CANON_PROMPT_PROCESSED_LOGPROBS on rows=2048 populated=2048
[CANON_P38_SEAM_OBSERVER_RECORD] record=2654 arm=B call=2830 rows=768 bucket=1024 npz_sha256=57f6153b86c5261186e88865ac2d542d3aada115e0dd1fae7e1ab747ce56db58
[PATHTRACE] CANON_PROMPT_DIRECT_LOGPROBS on rows=2048 rows_per_dp=256 canonical_rows=256 chunks=1
[PATHTRACE] CANON_PROMPT_ABSOLUTE_TARGET_IDS on rows=2048
[PATHTRACE] CANON_PROMPT_PROCESSED_LOGPROBS on rows=2048 populated=2048
[CANON_P38_SEAM_OBSERVER_RECORD] record=2655 arm=B call=2831 rows=714 bucket=1024 npz_sha256=9cbc8ced25ef9d6ea1e7e15c3048bcfa94d089b9683649509a13c28d00eaa1d5
[PATHTRACE] CANON_PROMPT_DIRECT_LOGPROBS on rows=2048 rows_per_dp=256 canonical_rows=256 chunks=1
[PATHTRACE] CANON_PROMPT_ABSOLUTE_TARGET_IDS on rows=2048
[PATHTRACE] CANON_PROMPT_PROCESSED_LOGPROBS on rows=2048 populated=2048
[CANON_P38_SEAM_OBSERVER_RECORD] record=2656 arm=B call=2832 rows=768 bucket=1024 npz_sha256=bf3676147940bc20715a5c99504a60605d48f855c918019fc6a680276f5a45fa
[PATHTRACE] CANON_PROMPT_DIRECT_LOGPROBS on rows=2048 rows_per_dp=256 canonical_rows=256 chunks=1
[PATHTRACE] CANON_PROMPT_ABSOLUTE_TARGET_IDS on rows=2048
[PATHTRACE] CANON_PROMPT_PROCESSED_LOGPROBS on rows=2048 populated=2048
[CANON_P38_SEAM_OBSERVER_RECORD] record=2657 arm=B call=2833 rows=828 bucket=1024 npz_sha256=443820b6261b6a9ce7dfb3db55529843edb866b9371cd2c077214690526551e6
[PATHTRACE] CANON_PROMPT_DIRECT_LOGPROBS on rows=2048 rows_per_dp=256 canonical_rows=256 chunks=1
[PATHTRACE] CANON_PROMPT_ABSOLUTE_TARGET_IDS on rows=2048
[PATHTRACE] CANON_PROMPT_PROCESSED_LOGPROBS on rows=2048 populated=2048
[CANON_P38_SEAM_OBSERVER_RECORD] record=2658 arm=B call=2834 rows=1211 bucket=2048 npz_sha256=1f098c95465ab412e26aa5b6872b514636bc5527088a5e6180814dad70fb91c3
[PATHTRACE] CANON_PROMPT_DIRECT_LOGPROBS on rows=2048 rows_per_dp=256 canonical_rows=256 chunks=1
[PATHTRACE] CANON_PROMPT_ABSOLUTE_TARGET_IDS on rows=2048
[PATHTRACE] CANON_PROMPT_PROCESSED_LOGPROBS on rows=2048 populated=2048
[CANON_P38_SEAM_OBSERVER_RECORD] record=2659 arm=B call=2835 rows=1059 bucket=2048 npz_sha256=bce9d5e0dfb78bcc969da0d6ff4ec0c1a78f2cb4ea3deba8f4da56d0a7019c06
[PATHTRACE] CANON_PROMPT_DIRECT_LOGPROBS on rows=2048 rows_per_dp=256 canonical_rows=256 chunks=1
[PATHTRACE] CANON_PROMPT_ABSOLUTE_TARGET_IDS on rows=2048
[PATHTRACE] CANON_PROMPT_PROCESSED_LOGPROBS on rows=2048 populated=2048
[CANON_P38_SEAM_OBSERVER_RECORD] record=2660 arm=B call=2836 rows=1223 bucket=2048 npz_sha256=c9ed08983dc2fba04135a620f04c881f990008864b76f9e4f61cd9fa4c0ab168
[PATHTRACE] CANON_PROMPT_DIRECT_LOGPROBS on rows=2048 rows_per_dp=256 canonical_rows=256 chunks=1
[PATHTRACE] CANON_PROMPT_ABSOLUTE_TARGET_IDS on rows=2048
[PATHTRACE] CANON_PROMPT_PROCESSED_LOGPROBS on rows=2048 populated=2048
[CANON_P38_SEAM_OBSERVER_RECORD] record=2661 arm=B call=2837 rows=1239 bucket=2048 npz_sha256=8d64351651ead425a280988ac3731f6b76bac46534db298877796b951f95ccef
[PATHTRACE] CANON_PROMPT_DIRECT_LOGPROBS on rows=2048 rows_per_dp=256 canonical_rows=256 chunks=1
[PATHTRACE] CANON_PROMPT_ABSOLUTE_TARGET_IDS on rows=2048
[PATHTRACE] CANON_PROMPT_PROCESSED_LOGPROBS on rows=2048 populated=2048
[CANON_P38_SEAM_OBSERVER_RECORD] record=2662 arm=B call=2838 rows=1190 bucket=2048 npz_sha256=757c6690cfba236b9b09f397ce6e013922421d6021d7ceda80a0ce4b1d11d333
[PATHTRACE] CANON_PROMPT_DIRECT_LOGPROBS on rows=2048 rows_per_dp=256 canonical_rows=256 chunks=1
[PATHTRACE] CANON_PROMPT_ABSOLUTE_TARGET_IDS on rows=2048
[PATHTRACE] CANON_PROMPT_PROCESSED_LOGPROBS on rows=2048 populated=2048
INFO 08-28 12:24:45 [loggers.py:273] Engine 000: Avg prompt throughput: 7073.3 tokens/s, Avg generation throughput: 1.7 tokens/s, Running: 8 reqs, Waiting: 0 reqs, GPU KV cache usage: 0.3%, Prefix cache hit rate: 0.0%
[CANON_P38_SEAM_OBSERVER_RECORD] record=2663 arm=B call=2839 rows=1536 bucket=2048 npz_sha256=0369be5d07c908d2e2d02377b1c91cde66b2a5d4fa4c68de70a47403f7bcf0d4
[PATHTRACE] CANON_PROMPT_DIRECT_LOGPROBS on rows=2048 rows_per_dp=256 canonical_rows=256 chunks=1
[PATHTRACE] CANON_PROMPT_ABSOLUTE_TARGET_IDS on rows=2048
[PATHTRACE] CANON_PROMPT_PROCESSED_LOGPROBS on rows=2048 populated=2048
[CANON_P38_SEAM_OBSERVER_RECORD] record=2664 arm=B call=2840 rows=1276 bucket=2048 npz_sha256=7e408f42d84574043af812a0b503bdbdec2bcb1bc79c53c6a673606466787698
[PATHTRACE] CANON_PROMPT_DIRECT_LOGPROBS on rows=2048 rows_per_dp=256 canonical_rows=256 chunks=1
[PATHTRACE] CANON_PROMPT_ABSOLUTE_TARGET_IDS on rows=2048
[PATHTRACE] CANON_PROMPT_PROCESSED_LOGPROBS on rows=2048 populated=2011
[CANON_P38_SEAM_OBSERVER_RECORD] record=2665 arm=B call=2841 rows=1129 bucket=2048 npz_sha256=42e8716de99393438d0eea6a6cf6fa46b70d8f03d76976b87e33641cc4d78101
[PATHTRACE] CANON_PROMPT_DIRECT_LOGPROBS on rows=2048 rows_per_dp=256 canonical_rows=256 chunks=1
[PATHTRACE] CANON_PROMPT_ABSOLUTE_TARGET_IDS on rows=2048
[PATHTRACE] CANON_PROMPT_PROCESSED_LOGPROBS on rows=2048 populated=1792
[CANON_P38_SEAM_OBSERVER_RECORD] record=2666 arm=B call=2842 rows=1347 bucket=2048 npz_sha256=7b4faf75dc3091403b740747e6a975fb8bb15090cd519df321c25756f89fb94d
[PATHTRACE] CANON_PROMPT_DIRECT_LOGPROBS on rows=2048 rows_per_dp=256 canonical_rows=256 chunks=1
[PATHTRACE] CANON_PROMPT_ABSOLUTE_TARGET_IDS on rows=2048
[PATHTRACE] CANON_PROMPT_PROCESSED_LOGPROBS on rows=2048 populated=1758
[CANON_P38_SEAM_OBSERVER_RECORD] record=2667 arm=B call=2843 rows=1220 bucket=2048 npz_sha256=ac2cafe619f67efe0b8ab66c5b144932d349f26052f2d6f6f44bffad2410b737
[PATHTRACE] CANON_PROMPT_DIRECT_LOGPROBS on rows=2048 rows_per_dp=256 canonical_rows=256 chunks=1
[PATHTRACE] CANON_PROMPT_ABSOLUTE_TARGET_IDS on rows=2048
[PATHTRACE] CANON_PROMPT_PROCESSED_LOGPROBS on rows=2048 populated=1298
[CANON_P38_SEAM_OBSERVER_RECORD] record=2668 arm=B call=2844 rows=1024 bucket=1024 npz_sha256=5825a0057abe58b710474a164a422a4f26ffc7c7e7c4e586a43ec345b773d463
[PATHTRACE] CANON_PROMPT_DIRECT_LOGPROBS on rows=2048 rows_per_dp=256 canonical_rows=256 chunks=1
[PATHTRACE] CANON_PROMPT_ABSOLUTE_TARGET_IDS on rows=2048
[PATHTRACE] CANON_PROMPT_PROCESSED_LOGPROBS on rows=2048 populated=1280
[CANON_P38_SEAM_OBSERVER_RECORD] record=2669 arm=B call=2845 rows=1024 bucket=1024 npz_sha256=2aa7a519bd6fb1374c8ec2caa89d8706ba10184c00259ae4ab98e5ca969ba742
[PATHTRACE] CANON_PROMPT_DIRECT_LOGPROBS on rows=2048 rows_per_dp=256 canonical_rows=256 chunks=1
[PATHTRACE] CANON_PROMPT_ABSOLUTE_TARGET_IDS on rows=2048
[PATHTRACE] CANON_PROMPT_PROCESSED_LOGPROBS on rows=2048 populated=1280
[CANON_P38_SEAM_OBSERVER_RECORD] record=2670 arm=B call=2846 rows=1024 bucket=1024 npz_sha256=e27058e8202a0676f96ece244c62dd896dd35c64c3826ae12344d8a98a6f5e79
[PATHTRACE] CANON_PROMPT_DIRECT_LOGPROBS on rows=2048 rows_per_dp=256 canonical_rows=256 chunks=1
[PATHTRACE] CANON_PROMPT_ABSOLUTE_TARGET_IDS on rows=2048
[PATHTRACE] CANON_PROMPT_PROCESSED_LOGPROBS on rows=2048 populated=1280
[CANON_P38_SEAM_OBSERVER_RECORD] record=2671 arm=B call=2847 rows=938 bucket=1024 npz_sha256=4c3d301778f56c9e17a6e6f413cc089f2167802aa5b48192a9e946d58ba2e125
[PATHTRACE] CANON_PROMPT_DIRECT_LOGPROBS on rows=2048 rows_per_dp=256 canonical_rows=256 chunks=1
[PATHTRACE] CANON_PROMPT_ABSOLUTE_TARGET_IDS on rows=2048
[PATHTRACE] CANON_PROMPT_PROCESSED_LOGPROBS on rows=2048 populated=1194
[CANON_P38_SEAM_OBSERVER_RECORD] record=2672 arm=B call=2848 rows=657 bucket=1024 npz_sha256=e87b4e3ee3798bbb29b0f40ce3ab12a4c111b693cc0952cf53de6e4efe6f41c7
[PATHTRACE] CANON_PROMPT_DIRECT_LOGPROBS on rows=2048 rows_per_dp=256 canonical_rows=256 chunks=1
[PATHTRACE] CANON_PROMPT_ABSOLUTE_TARGET_IDS on rows=2048
[PATHTRACE] CANON_PROMPT_PROCESSED_LOGPROBS on rows=2048 populated=913
[CANON_P38_SEAM_OBSERVER_RECORD] record=2673 arm=B call=2849 rows=512 bucket=512 npz_sha256=a2f58d4ae18b5a402aab4e6b57a54e29d34bed60ffe4245bd3ed197c91b3ef75
[PATHTRACE] CANON_PROMPT_DIRECT_LOGPROBS on rows=2048 rows_per_dp=256 canonical_rows=256 chunks=1
[PATHTRACE] CANON_PROMPT_ABSOLUTE_TARGET_IDS on rows=2048
[PATHTRACE] CANON_PROMPT_PROCESSED_LOGPROBS on rows=2048 populated=768
[CANON_P38_SEAM_OBSERVER_RECORD] record=2674 arm=B call=2850 rows=512 bucket=512 npz_sha256=257108417082b32da48514277f1f6cab3c77acc50a481afcd66ba4cacbc71ab4
[PATHTRACE] CANON_PROMPT_DIRECT_LOGPROBS on rows=2048 rows_per_dp=256 canonical_rows=256 chunks=1
[PATHTRACE] CANON_PROMPT_ABSOLUTE_TARGET_IDS on rows=2048
[PATHTRACE] CANON_PROMPT_PROCESSED_LOGPROBS on rows=2048 populated=768
[CANON_P38_SEAM_OBSERVER_RECORD] record=2675 arm=B call=2851 rows=512 bucket=512 npz_sha256=ec71b7d2a91b2a6bf506d2b6e2ce4cb347ecf1eeb9172f928d3e0349427ab5c0
[PATHTRACE] CANON_PROMPT_DIRECT_LOGPROBS on rows=2048 rows_per_dp=256 canonical_rows=256 chunks=1
[PATHTRACE] CANON_PROMPT_ABSOLUTE_TARGET_IDS on rows=2048
[PATHTRACE] CANON_PROMPT_PROCESSED_LOGPROBS on rows=2048 populated=768
[CANON_P38_SEAM_OBSERVER_RECORD] record=2676 arm=B call=2852 rows=512 bucket=512 npz_sha256=39b34131763ad54df84bd1c62b4645d8029b92ee54524fdc5ded3c34539a3857
[PATHTRACE] CANON_PROMPT_DIRECT_LOGPROBS on rows=2048 rows_per_dp=256 canonical_rows=256 chunks=1
[PATHTRACE] CANON_PROMPT_ABSOLUTE_TARGET_IDS on rows=2048
[PATHTRACE] CANON_PROMPT_PROCESSED_LOGPROBS on rows=2048 populated=768
[CANON_P38_SEAM_OBSERVER_RECORD] record=2677 arm=B call=2853 rows=471 bucket=512 npz_sha256=5f11920368cbdf9853c091545405b1e10d9a92b4829765108d12fee6896ad069
[PATHTRACE] CANON_PROMPT_DIRECT_LOGPROBS on rows=2048 rows_per_dp=256 canonical_rows=256 chunks=1
[PATHTRACE] CANON_PROMPT_ABSOLUTE_TARGET_IDS on rows=2048
[PATHTRACE] CANON_PROMPT_PROCESSED_LOGPROBS on rows=2048 populated=768
[CANON_P38_SEAM_OBSERVER_RECORD] record=2678 arm=B call=2854 rows=253 bucket=256 npz_sha256=55c6d2e5a62b5f7ce2d0b2afdc8d2634c97d18c1a5640e17593cf94c8eea5c7d
[PATHTRACE] CANON_PROMPT_DIRECT_LOGPROBS on rows=2048 rows_per_dp=256 canonical_rows=256 chunks=1
[PATHTRACE] CANON_PROMPT_ABSOLUTE_TARGET_IDS on rows=2048
[PATHTRACE] CANON_PROMPT_PROCESSED_LOGPROBS on rows=2048 populated=679
INFO 08-28 12:24:52 [loggers.py:273] Engine 000: Avg prompt throughput: 3608.3 tokens/s, Avg generation throughput: 0.9 tokens/s, Running: 2 reqs, Waiting: 0 reqs, GPU KV cache usage: 0.2%, Prefix cache hit rate: 0.0%
[PATHTRACE] CANON_PROMPT_DIRECT_LOGPROBS on rows=2048 rows_per_dp=256 canonical_rows=256 chunks=1
[PATHTRACE] CANON_PROMPT_ABSOLUTE_TARGET_IDS on rows=2048
[PATHTRACE] CANON_PROMPT_PROCESSED_LOGPROBS on rows=2048 populated=512
[PATHTRACE] CANON_PROMPT_DIRECT_LOGPROBS on rows=2048 rows_per_dp=256 canonical_rows=256 chunks=1
[PATHTRACE] CANON_PROMPT_ABSOLUTE_TARGET_IDS on rows=2048
[PATHTRACE] CANON_PROMPT_PROCESSED_LOGPROBS on rows=2048 populated=319
[PATHTRACE] CANON_PROMPT_DIRECT_LOGPROBS on rows=2048 rows_per_dp=256 canonical_rows=256 chunks=1
[PATHTRACE] CANON_PROMPT_ABSOLUTE_TARGET_IDS on rows=2048
[PATHTRACE] CANON_PROMPT_PROCESSED_LOGPROBS on rows=2048 populated=256
[PATHTRACE] CANON_PROMPT_DIRECT_LOGPROBS on rows=2048 rows_per_dp=256 canonical_rows=256 chunks=1
[PATHTRACE] CANON_PROMPT_ABSOLUTE_TARGET_IDS on rows=2048
[PATHTRACE] CANON_PROMPT_PROCESSED_LOGPROBS on rows=2048 populated=256
[PATHTRACE] CANON_PROMPT_DIRECT_LOGPROBS on rows=2048 rows_per_dp=256 canonical_rows=256 chunks=1
[PATHTRACE] CANON_PROMPT_ABSOLUTE_TARGET_IDS on rows=2048
[PATHTRACE] CANON_PROMPT_PROCESSED_LOGPROBS on rows=2048 populated=256
[PATHTRACE] CANON_PROMPT_DIRECT_LOGPROBS on rows=2048 rows_per_dp=256 canonical_rows=256 chunks=1
[PATHTRACE] CANON_PROMPT_ABSOLUTE_TARGET_IDS on rows=2048
[PATHTRACE] CANON_PROMPT_PROCESSED_LOGPROBS on rows=2048 populated=256
[PATHTRACE] CANON_PROMPT_DIRECT_LOGPROBS on rows=2048 rows_per_dp=256 canonical_rows=256 chunks=1
[PATHTRACE] CANON_PROMPT_ABSOLUTE_TARGET_IDS on rows=2048
[PATHTRACE] CANON_PROMPT_PROCESSED_LOGPROBS on rows=2048 populated=256
[PATHTRACE] CANON_PROMPT_DIRECT_LOGPROBS on rows=2048 rows_per_dp=256 canonical_rows=256 chunks=1
[PATHTRACE] CANON_PROMPT_ABSOLUTE_TARGET_IDS on rows=2048
[PATHTRACE] CANON_PROMPT_PROCESSED_LOGPROBS on rows=2048 populated=256
[PATHTRACE] CANON_PROMPT_DIRECT_LOGPROBS on rows=2048 rows_per_dp=256 canonical_rows=256 chunks=1
[PATHTRACE] CANON_PROMPT_ABSOLUTE_TARGET_IDS on rows=2048
[PATHTRACE] CANON_PROMPT_PROCESSED_LOGPROBS on rows=2048 populated=36
[CANON_APC_M15_B_CONTRACT] reset_prefix_cache=True all_num_cached_tokens_zero=True
[PERF] step=0 stage=rescore_b seconds=178.429 rows=256
INFO 08-28 12:24:55 [loggers.py:273] Engine 000: Avg prompt throughput: 3155.4 tokens/s, Avg generation throughput: 0.6 tokens/s, Running: 0 reqs, Waiting: 0 reqs, GPU KV cache usage: 0.0%, Prefix cache hit rate: 0.0%
2026-08-28 12:24:55 - INFO - [absl] [CANON_ALIGN] attached host sidecar rows=256 completion_width=8192
[CANON_APC_M15_PRODUCER_CARRIER] arm=off path=/tmp/canon-state/canon-v1-apc-m15-off-d34-57d9ab8e/p38_serving_capture/m15_producer_unit.round-000000.npz sha256=76a33289c8e43cdec71fabd53c30fb3dfc465ea5b5869c9ca5620f15b5cd367f rows=256 logical_bytes=42995712
[CANON_ALIGN_PRE_JSON] {"N_action":120889,"action_geometry":{"max_logical_kv_prefix_length":7220,"min_logical_kv_prefix_length":988,"rows_reaching_1686":176,"valid":true},"admission_policy":{"bounded_ab_only":false,"byte_fraction_limit":0.004,"claim_level":"strict-zero-tim","enabled":false,"id":"gsm8k-full-ab-report-v1","max_abs_limit":0.0001,"stage":"backward-no-commit","warning_boundaries":null,"warning_only":false,"workload":"frozenlake-dp8-tp8"},"all_compact_filtered":false,"blocking_reds":[],"boundaries":{"S_decode_vs_S_prefill":{"byte_fraction":0.0,"differing_bytes":0,"differing_elements":0,"element_fraction":0.0,"finite":true,"first_mismatch":null,"max_abs":0.0,"max_abs_mismatch":null,"mismatches":[],"mismatches_truncated":false,"reported_mismatches":0,"total_bytes":483556,"total_elements":120889,"valid":true},"S_prefill_vs_T_old":{"byte_fraction":0.0,"differing_bytes":0,"differing_elements":0,"element_fraction":0.0,"finite":true,"first_mismatch":null,"max_abs":0.0,"max_abs_mismatch":null,"mismatches":[],"mismatches_truncated":false,"reported_mismatches":0,"total_bytes":483556,"total_elements":120889,"valid":true}},"context":{"bucket":"2048","mesh":"8,8","run_stage":"backward-no-commit","source":"VllmRollout.get_prefill_rescore_logps"},"diagnostic_round":0,"hashes":{"S_decode":"03c89b0d9e0c27fe2517bb7a6e5bf6ac73a3a4fd3f25ae00bcd55c54334c5515","S_prefill":"82fe4b5aa6f58ceebdfd8a195adeb7321bf8f133663438878ad96a8b4f08a614","T_old":"82fe4b5aa6f58ceebdfd8a195adeb7321bf8f133663438878ad96a8b4f08a614","action_mask":"1e55500a1588f33affeff77bd63805f9a53d7f463f03c375d21087e9c3985031","policy_version":"5f70bf18a086007016e948b04aed3b82103a36bea41755b6cddfaf10ace3c6ef","tokens":"2d172077d375018fad7e80c8d8fa633d8e76001990d16ee69af5fd1438081d08"},"m15_producer_unit":{"logical_bytes":42995712,"path":"/tmp/canon-state/canon-v1-apc-m15-off-d34-57d9ab8e/p38_serving_capture/m15_producer_unit.round-000000.npz","rows":256,"sha256":"76a33289c8e43cdec71fabd53c30fb3dfc465ea5b5869c9ca5620f15b5cd367f"},"masked_hashes":{"S_decode":"22009ddd3aee8f63b2b631bd9e8c755d9fc7b5dcd1aec3dd416e47a0a82aeb90","S_prefill":"22009ddd3aee8f63b2b631bd9e8c755d9fc7b5dcd1aec3dd416e47a0a82aeb90","T_old":"22009ddd3aee8f63b2b631bd9e8c755d9fc7b5dcd1aec3dd416e47a0a82aeb90"},"no_signal_admitted":false,"reds":[],"reported_reds":[],"step":0,"timestamp":1787919895.986335,"verdict":"PASS","warning_reds":[]}
[CANON_ALIGN_PRE_EVIDENCE] path=/tmp/canon-state/canon-v1-apc-m15-off-d34-57d9ab8e/pre_alignment.jsonl sha256=a2c7322d1da2f01dcaabfec24176ca15c8f688c26370981d273c8d0fac5335a6
[CANON_ALIGN_PRE] step=0 verdict=PASS N_action=120889 bounds=[('S_decode_vs_S_prefill', 0), ('S_prefill_vs_T_old', 0)]
[CANON_P38] PRECHECK_ROUND_COMPLETE round=1/3 step=0 N_action=120889 verdict=PASS a_b_differing_bytes=0 backward=0 optimizer_commits=0
[CANON_P38] ROUND_SEAL_REQUESTED round=0 request=/tmp/canon-state/canon-v1-apc-m15-off-d34-57d9ab8e/p38_round_seal_requests/round-000000.request
INFO 08-28 12:25:05 [loggers.py:273] Engine 000: Avg prompt throughput: 0.0 tokens/s, Avg generation throughput: 0.0 tokens/s, Running: 0 reqs, Waiting: 0 reqs, GPU KV cache usage: 0.0%, Prefix cache hit rate: 0.0%
[rank0]: Traceback (most recent call last):
[rank0]:   File "<frozen runpy>", line 198, in _run_module_as_main
[rank0]:   File "<frozen runpy>", line 88, in _run_code
[rank0]:   File "/app/examples/frozenlake/train_frozenlake_qwen3.py", line 2124, in <module>
[rank0]:     grpo_trainer.train(
[rank0]:   File "/app/tunix/rl/agentic/agentic_rl_learner.py", line 3505, in train
[rank0]:     train_examples = self._batch_to_train_example(
[rank0]:                      ^^^^^^^^^^^^^^^^^^^^^^^^^^^^^
[rank0]:   File "/app/tunix/rl/agentic/agentic_rl_learner.py", line 2874, in _batch_to_train_example
[rank0]:     return self._process_results(
[rank0]:            ^^^^^^^^^^^^^^^^^^^^^^
[rank0]:   File "/app/tunix/rl/agentic/agentic_grpo_learner.py", line 1955, in _process_results
[rank0]:     alignment.stop_after_diagnostic_precheck(precheck_record)
[rank0]:   File "/app/tunix/rl/alignment.py", line 379, in stop_after_diagnostic_precheck
[rank0]:     _seal_p38_diagnostic_round(round_index)
[rank0]:   File "/app/tunix/rl/alignment.py", line 205, in _seal_p38_diagnostic_round
[rank0]:     raise AlignmentGateError(
[rank0]: tunix.rl.alignment.AlignmentGateError: P38 round-seal worker failed before acknowledgement: round=0 stage=assemble exit_code=2
