[PATHTRACE] CANON_PROMPT_ABSOLUTE_TARGET_IDS on rows=2048
[PATHTRACE] CANON_PROMPT_PROCESSED_LOGPROBS on rows=2048 populated=2048
[CANON_P38_SEAM_OBSERVER_RECORD] record=2324 arm=B call=3205 rows=992 bucket=1024 npz_sha256=d855991e55f944b660c55a5387f63795a682fff5da7f7b385db58ad2ef2245c2
[PATHTRACE] CANON_PROMPT_DIRECT_LOGPROBS on rows=2048 rows_per_dp=256 canonical_rows=256 chunks=1
[PATHTRACE] CANON_PROMPT_ABSOLUTE_TARGET_IDS on rows=2048
[PATHTRACE] CANON_PROMPT_PROCESSED_LOGPROBS on rows=2048 populated=2048
INFO 08-28 12:20:58 [loggers.py:273] Engine 000: Avg prompt throughput: 1394.2 tokens/s, Avg generation throughput: 0.4 tokens/s, Running: 8 reqs, Waiting: 51 reqs, GPU KV cache usage: 0.4%, Prefix cache hit rate: 93.2%
[CANON_P38_SEAM_OBSERVER_RECORD] record=2325 arm=B call=3206 rows=1024 bucket=1024 npz_sha256=fac1b030696fb91f39e282905afd8ab3926ca6f6ab7a4f2b88fbbccda100fdf7
[PATHTRACE] CANON_PROMPT_DIRECT_LOGPROBS on rows=2048 rows_per_dp=256 canonical_rows=256 chunks=1
[PATHTRACE] CANON_PROMPT_ABSOLUTE_TARGET_IDS on rows=2048
[PATHTRACE] CANON_PROMPT_PROCESSED_LOGPROBS on rows=2048 populated=2048
[CANON_P38_SEAM_OBSERVER_RECORD] record=2326 arm=B call=3207 rows=931 bucket=1024 npz_sha256=01b3a71a476d8644e82fcd9b46d3470781c01bfd41132356dcebfe383d4375c9
[PATHTRACE] CANON_PROMPT_DIRECT_LOGPROBS on rows=2048 rows_per_dp=256 canonical_rows=256 chunks=1
[PATHTRACE] CANON_PROMPT_ABSOLUTE_TARGET_IDS on rows=2048
[PATHTRACE] CANON_PROMPT_PROCESSED_LOGPROBS on rows=2048 populated=2048
[CANON_P38_SEAM_OBSERVER_RECORD] record=2327 arm=B call=3208 rows=768 bucket=1024 npz_sha256=56533a64f48742efb1fbf2eac3f0d0c3b0a5530a77cd459300db9874f5529666
[PATHTRACE] CANON_PROMPT_DIRECT_LOGPROBS on rows=2048 rows_per_dp=256 canonical_rows=256 chunks=1
[PATHTRACE] CANON_PROMPT_ABSOLUTE_TARGET_IDS on rows=2048
[PATHTRACE] CANON_PROMPT_PROCESSED_LOGPROBS on rows=2048 populated=2048
[CANON_P38_SEAM_OBSERVER_RECORD] record=2328 arm=B call=3209 rows=768 bucket=1024 npz_sha256=4b1dcbc8c221f0bc6a83e375eb0b69f517ad73421ad0cb498b7f8eb8e951ebeb
[PATHTRACE] CANON_PROMPT_DIRECT_LOGPROBS on rows=2048 rows_per_dp=256 canonical_rows=256 chunks=1
[PATHTRACE] CANON_PROMPT_ABSOLUTE_TARGET_IDS on rows=2048
[PATHTRACE] CANON_PROMPT_PROCESSED_LOGPROBS on rows=2048 populated=2048
[CANON_P38_SEAM_OBSERVER_RECORD] record=2329 arm=B call=3210 rows=768 bucket=1024 npz_sha256=cbae93788ce17eac1141a3cf3edba77eb2083f58dbd00393a69cd2aa4bcb5910
[PATHTRACE] CANON_PROMPT_DIRECT_LOGPROBS on rows=2048 rows_per_dp=256 canonical_rows=256 chunks=1
[PATHTRACE] CANON_PROMPT_ABSOLUTE_TARGET_IDS on rows=2048
[PATHTRACE] CANON_PROMPT_PROCESSED_LOGPROBS on rows=2048 populated=2048
[CANON_P38_SEAM_OBSERVER_RECORD] record=2330 arm=B call=3211 rows=1017 bucket=1024 npz_sha256=1777214a1298144ceeffba17608ea2524186b7d118729e376cf7dd21361080d9
[PATHTRACE] CANON_PROMPT_DIRECT_LOGPROBS on rows=2048 rows_per_dp=256 canonical_rows=256 chunks=1
[PATHTRACE] CANON_PROMPT_ABSOLUTE_TARGET_IDS on rows=2048
[PATHTRACE] CANON_PROMPT_PROCESSED_LOGPROBS on rows=2048 populated=2048
[CANON_P38_SEAM_OBSERVER_RECORD] record=2331 arm=B call=3212 rows=1280 bucket=2048 npz_sha256=90f01c091dd86d34696ea10c70addcb673875ce7ad5fd722a6e61a703f31b8cc
[PATHTRACE] CANON_PROMPT_DIRECT_LOGPROBS on rows=2048 rows_per_dp=256 canonical_rows=256 chunks=1
[PATHTRACE] CANON_PROMPT_ABSOLUTE_TARGET_IDS on rows=2048
[PATHTRACE] CANON_PROMPT_PROCESSED_LOGPROBS on rows=2048 populated=2048
[CANON_P38_SEAM_OBSERVER_RECORD] record=2332 arm=B call=3213 rows=1280 bucket=2048 npz_sha256=81e579dc084ecc4520a2fd22703e1611365b1975669d48b70fb498b1ec496968
[PATHTRACE] CANON_PROMPT_DIRECT_LOGPROBS on rows=2048 rows_per_dp=256 canonical_rows=256 chunks=1
[PATHTRACE] CANON_PROMPT_ABSOLUTE_TARGET_IDS on rows=2048
[PATHTRACE] CANON_PROMPT_PROCESSED_LOGPROBS on rows=2048 populated=2048
[CANON_P38_SEAM_OBSERVER_RECORD] record=2333 arm=B call=3214 rows=1280 bucket=2048 npz_sha256=15b2078c4561b7825372d16118697ae758540be65b64e99d32655f5b6793b917
[PATHTRACE] CANON_PROMPT_DIRECT_LOGPROBS on rows=2048 rows_per_dp=256 canonical_rows=256 chunks=1
[PATHTRACE] CANON_PROMPT_ABSOLUTE_TARGET_IDS on rows=2048
[PATHTRACE] CANON_PROMPT_PROCESSED_LOGPROBS on rows=2048 populated=2048
[CANON_P38_SEAM_OBSERVER_RECORD] record=2334 arm=B call=3215 rows=1273 bucket=2048 npz_sha256=1c3f17958821b431afe549efc338f7bbb45235b11364b1d427c1083bd925677b
[PATHTRACE] CANON_PROMPT_DIRECT_LOGPROBS on rows=2048 rows_per_dp=256 canonical_rows=256 chunks=1
[PATHTRACE] CANON_PROMPT_ABSOLUTE_TARGET_IDS on rows=2048
[PATHTRACE] CANON_PROMPT_PROCESSED_LOGPROBS on rows=2048 populated=2048
[CANON_P38_SEAM_OBSERVER_RECORD] record=2335 arm=B call=3216 rows=1188 bucket=2048 npz_sha256=8006becdeba8eb5ad8d24dc322cfa19e3a7fda3bf8ad348cee020f7aeb2a6295
[PATHTRACE] CANON_PROMPT_DIRECT_LOGPROBS on rows=2048 rows_per_dp=256 canonical_rows=256 chunks=1
[PATHTRACE] CANON_PROMPT_ABSOLUTE_TARGET_IDS on rows=2048
[PATHTRACE] CANON_PROMPT_PROCESSED_LOGPROBS on rows=2048 populated=2048
[CANON_P38_SEAM_OBSERVER_RECORD] record=2336 arm=B call=3217 rows=1420 bucket=2048 npz_sha256=2718d44633691a3fd4fc42de55648d3183946019b9c471f898774299b147723e
[PATHTRACE] CANON_PROMPT_DIRECT_LOGPROBS on rows=2048 rows_per_dp=256 canonical_rows=256 chunks=1
[PATHTRACE] CANON_PROMPT_ABSOLUTE_TARGET_IDS on rows=2048
[PATHTRACE] CANON_PROMPT_PROCESSED_LOGPROBS on rows=2048 populated=2048
INFO 08-28 12:21:04 [loggers.py:273] Engine 000: Avg prompt throughput: 6345.7 tokens/s, Avg generation throughput: 1.2 tokens/s, Running: 8 reqs, Waiting: 44 reqs, GPU KV cache usage: 0.3%, Prefix cache hit rate: 93.2%
[CANON_P38_SEAM_OBSERVER_RECORD] record=2337 arm=B call=3218 rows=1200 bucket=2048 npz_sha256=5234a77b3bd840b4465555ec82c75c75af7fd49be5b4b762b38a8c7bb43055f9
[PATHTRACE] CANON_PROMPT_DIRECT_LOGPROBS on rows=2048 rows_per_dp=256 canonical_rows=256 chunks=1
[PATHTRACE] CANON_PROMPT_ABSOLUTE_TARGET_IDS on rows=2048
[PATHTRACE] CANON_PROMPT_PROCESSED_LOGPROBS on rows=2048 populated=2048
[CANON_P38_SEAM_OBSERVER_RECORD] record=2338 arm=B call=3219 rows=856 bucket=1024 npz_sha256=bf8fe00f1a9bac783e45a8e9da069d60ee527c8e5227bef77dbfb6e9e9325c8f
[PATHTRACE] CANON_PROMPT_DIRECT_LOGPROBS on rows=2048 rows_per_dp=256 canonical_rows=256 chunks=1
[PATHTRACE] CANON_PROMPT_ABSOLUTE_TARGET_IDS on rows=2048
[PATHTRACE] CANON_PROMPT_PROCESSED_LOGPROBS on rows=2048 populated=2048
[CANON_P38_SEAM_OBSERVER_RECORD] record=2339 arm=B call=3220 rows=790 bucket=1024 npz_sha256=8410525a5f306868cc4f13ea1aa62ee14b2c19627af5f820eb6a40f055959acd
[PATHTRACE] CANON_PROMPT_DIRECT_LOGPROBS on rows=2048 rows_per_dp=256 canonical_rows=256 chunks=1
[PATHTRACE] CANON_PROMPT_ABSOLUTE_TARGET_IDS on rows=2048
[PATHTRACE] CANON_PROMPT_PROCESSED_LOGPROBS on rows=2048 populated=2048
[CANON_P38_SEAM_OBSERVER_RECORD] record=2340 arm=B call=3221 rows=1256 bucket=2048 npz_sha256=75fbf6c4a112dbc72898ea04140f2edc054f3473c1cfba3a90011726dc4c2d9c
[PATHTRACE] CANON_PROMPT_DIRECT_LOGPROBS on rows=2048 rows_per_dp=256 canonical_rows=256 chunks=1
[PATHTRACE] CANON_PROMPT_ABSOLUTE_TARGET_IDS on rows=2048
[PATHTRACE] CANON_PROMPT_PROCESSED_LOGPROBS on rows=2048 populated=2048
[CANON_P38_SEAM_OBSERVER_RECORD] record=2341 arm=B call=3222 rows=1530 bucket=2048 npz_sha256=a7eb7095b0c4af742f2f646af66d9b3fbc25efb2e5ef2b2277f78464cf1ffab8
[PATHTRACE] CANON_PROMPT_DIRECT_LOGPROBS on rows=2048 rows_per_dp=256 canonical_rows=256 chunks=1
[PATHTRACE] CANON_PROMPT_ABSOLUTE_TARGET_IDS on rows=2048
[PATHTRACE] CANON_PROMPT_PROCESSED_LOGPROBS on rows=2048 populated=2048
[CANON_P38_SEAM_OBSERVER_RECORD] record=2342 arm=B call=3223 rows=1771 bucket=2048 npz_sha256=5e6ee30c1c0093e9596506b1e4b476e66f640731099be80d88d074c53acc299c
[PATHTRACE] CANON_PROMPT_DIRECT_LOGPROBS on rows=2048 rows_per_dp=256 canonical_rows=256 chunks=1
[PATHTRACE] CANON_PROMPT_ABSOLUTE_TARGET_IDS on rows=2048
[PATHTRACE] CANON_PROMPT_PROCESSED_LOGPROBS on rows=2048 populated=2048
INFO 08-28 12:21:08 [loggers.py:273] Engine 000: Avg prompt throughput: 1699.0 tokens/s, Avg generation throughput: 0.7 tokens/s, Running: 8 reqs, Waiting: 41 reqs, GPU KV cache usage: 0.2%, Prefix cache hit rate: 93.2%
[CANON_P38_SEAM_OBSERVER_RECORD] record=2343 arm=B call=3224 rows=1095 bucket=2048 npz_sha256=6657e9c853d1df499846b349e85d798b5ec47f0fe0ae8c01eb27b1859af62be8
[PATHTRACE] CANON_PROMPT_DIRECT_LOGPROBS on rows=2048 rows_per_dp=256 canonical_rows=256 chunks=1
[PATHTRACE] CANON_PROMPT_ABSOLUTE_TARGET_IDS on rows=2048
[PATHTRACE] CANON_PROMPT_PROCESSED_LOGPROBS on rows=2048 populated=2048
[CANON_P38_SEAM_OBSERVER_RECORD] record=2344 arm=B call=3225 rows=795 bucket=1024 npz_sha256=3660c434d180510620c3a80173d8a894ffc236484a663f48f7a51ee24d2ec38c
[PATHTRACE] CANON_PROMPT_DIRECT_LOGPROBS on rows=2048 rows_per_dp=256 canonical_rows=256 chunks=1
[PATHTRACE] CANON_PROMPT_ABSOLUTE_TARGET_IDS on rows=2048
[PATHTRACE] CANON_PROMPT_PROCESSED_LOGPROBS on rows=2048 populated=2048
[CANON_P38_SEAM_OBSERVER_RECORD] record=2345 arm=B call=3226 rows=731 bucket=1024 npz_sha256=0adc95c6bca1e801b9ff957f4b5894cec823f83ac501cf5580da08f6d4e574ac
[PATHTRACE] CANON_PROMPT_DIRECT_LOGPROBS on rows=2048 rows_per_dp=256 canonical_rows=256 chunks=1
[PATHTRACE] CANON_PROMPT_ABSOLUTE_TARGET_IDS on rows=2048
[PATHTRACE] CANON_PROMPT_PROCESSED_LOGPROBS on rows=2048 populated=2048
[CANON_P38_SEAM_OBSERVER_RECORD] record=2346 arm=B call=3227 rows=512 bucket=512 npz_sha256=11f087c3b05ec6681c9a9b5ff6ee0a9646d40b5d9a678aae8cb4e5443d18cacd
[PATHTRACE] CANON_PROMPT_DIRECT_LOGPROBS on rows=2048 rows_per_dp=256 canonical_rows=256 chunks=1
[PATHTRACE] CANON_PROMPT_ABSOLUTE_TARGET_IDS on rows=2048
[PATHTRACE] CANON_PROMPT_PROCESSED_LOGPROBS on rows=2048 populated=2048
[CANON_P38_SEAM_OBSERVER_RECORD] record=2347 arm=B call=3228 rows=776 bucket=1024 npz_sha256=cd3c08af49ae8caaca15d70c93ac0aea5897400197eb005b5c9085994754804a
[PATHTRACE] CANON_PROMPT_DIRECT_LOGPROBS on rows=2048 rows_per_dp=256 canonical_rows=256 chunks=1
[PATHTRACE] CANON_PROMPT_ABSOLUTE_TARGET_IDS on rows=2048
[PATHTRACE] CANON_PROMPT_PROCESSED_LOGPROBS on rows=2048 populated=2048
[CANON_P38_SEAM_OBSERVER_RECORD] record=2348 arm=B call=3229 rows=1463 bucket=2048 npz_sha256=b6fa8332cb6c7b2461afee0b119e7ad653ffecfc6c4533bd3cb6972307186fa4
[PATHTRACE] CANON_PROMPT_DIRECT_LOGPROBS on rows=2048 rows_per_dp=256 canonical_rows=256 chunks=1
[PATHTRACE] CANON_PROMPT_ABSOLUTE_TARGET_IDS on rows=2048
[PATHTRACE] CANON_PROMPT_PROCESSED_LOGPROBS on rows=2048 populated=2048
[CANON_P38_SEAM_OBSERVER_RECORD] record=2349 arm=B call=3230 rows=1381 bucket=2048 npz_sha256=b88bca74d915b57b8653331d17a182e976d2251db37a81fed8c2e6148fc5ecc1
[PATHTRACE] CANON_PROMPT_DIRECT_LOGPROBS on rows=2048 rows_per_dp=256 canonical_rows=256 chunks=1
[PATHTRACE] CANON_PROMPT_ABSOLUTE_TARGET_IDS on rows=2048
[PATHTRACE] CANON_PROMPT_PROCESSED_LOGPROBS on rows=2048 populated=2048
[CANON_P38_SEAM_OBSERVER_RECORD] record=2350 arm=B call=3231 rows=1536 bucket=2048 npz_sha256=3e94f950d57063886491c96af25241d509c39fe67a75a67e7052d5312986c536
[PATHTRACE] CANON_PROMPT_DIRECT_LOGPROBS on rows=2048 rows_per_dp=256 canonical_rows=256 chunks=1
[PATHTRACE] CANON_PROMPT_ABSOLUTE_TARGET_IDS on rows=2048
[PATHTRACE] CANON_PROMPT_PROCESSED_LOGPROBS on rows=2048 populated=2048
[CANON_P38_SEAM_OBSERVER_RECORD] record=2351 arm=B call=3232 rows=1791 bucket=2048 npz_sha256=67ea180ae097365bc7ad601562bfe1543f28f04c2811c1fa08740cf7a1cda7fd
[PATHTRACE] CANON_PROMPT_DIRECT_LOGPROBS on rows=2048 rows_per_dp=256 canonical_rows=256 chunks=1
[PATHTRACE] CANON_PROMPT_ABSOLUTE_TARGET_IDS on rows=2048
[PATHTRACE] CANON_PROMPT_PROCESSED_LOGPROBS on rows=2048 populated=2048
[CANON_P38_SEAM_OBSERVER_RECORD] record=2352 arm=B call=3233 rows=1929 bucket=2048 npz_sha256=48654c67d8e46fb71f9c61b82f22576f61a8d29ef71151664bc169d47e4f93d8
[PATHTRACE] CANON_PROMPT_DIRECT_LOGPROBS on rows=2048 rows_per_dp=256 canonical_rows=256 chunks=1
[PATHTRACE] CANON_PROMPT_ABSOLUTE_TARGET_IDS on rows=2048
[PATHTRACE] CANON_PROMPT_PROCESSED_LOGPROBS on rows=2048 populated=2048
[CANON_P38_SEAM_OBSERVER_RECORD] record=2353 arm=B call=3234 rows=2048 bucket=2048 npz_sha256=bc780609a62ae2e5bb73ad3d622e776fd1cbda03e8887311aafdf6b9f21bb251
[PATHTRACE] CANON_PROMPT_DIRECT_LOGPROBS on rows=2048 rows_per_dp=256 canonical_rows=256 chunks=1
[PATHTRACE] CANON_PROMPT_ABSOLUTE_TARGET_IDS on rows=2048
[PATHTRACE] CANON_PROMPT_PROCESSED_LOGPROBS on rows=2048 populated=2048
[CANON_P38_SEAM_OBSERVER_RECORD] record=2354 arm=B call=3235 rows=2048 bucket=2048 npz_sha256=4aeee7f02b1f10a5e04ba4d53598a0c51465fdf4e8e5841fbbdfe88038e448bc
[PATHTRACE] CANON_PROMPT_DIRECT_LOGPROBS on rows=2048 rows_per_dp=256 canonical_rows=256 chunks=1
[PATHTRACE] CANON_PROMPT_ABSOLUTE_TARGET_IDS on rows=2048
[PATHTRACE] CANON_PROMPT_PROCESSED_LOGPROBS on rows=2048 populated=2048
INFO 08-28 12:21:14 [loggers.py:273] Engine 000: Avg prompt throughput: 4418.7 tokens/s, Avg generation throughput: 1.5 tokens/s, Running: 7 reqs, Waiting: 33 reqs, GPU KV cache usage: 0.4%, Prefix cache hit rate: 93.2%
[CANON_P38_SEAM_OBSERVER_RECORD] record=2355 arm=B call=3236 rows=1792 bucket=2048 npz_sha256=3cb78fee57c23afc66af8a74159407ce47bd29dbfda583d65d27b99fbae5dec4
[PATHTRACE] CANON_PROMPT_DIRECT_LOGPROBS on rows=2048 rows_per_dp=256 canonical_rows=256 chunks=1
[PATHTRACE] CANON_PROMPT_ABSOLUTE_TARGET_IDS on rows=2048
[PATHTRACE] CANON_PROMPT_PROCESSED_LOGPROBS on rows=2048 populated=2048
[CANON_P38_SEAM_OBSERVER_RECORD] record=2356 arm=B call=3237 rows=1792 bucket=2048 npz_sha256=17301d27f524d84c46c1756d737e183fbb91ba82a1d4718eb1d5be81d7bbc006
[PATHTRACE] CANON_PROMPT_DIRECT_LOGPROBS on rows=2048 rows_per_dp=256 canonical_rows=256 chunks=1
[PATHTRACE] CANON_PROMPT_ABSOLUTE_TARGET_IDS on rows=2048
[PATHTRACE] CANON_PROMPT_PROCESSED_LOGPROBS on rows=2048 populated=2048
[CANON_P38_SEAM_OBSERVER_RECORD] record=2357 arm=B call=3238 rows=1792 bucket=2048 npz_sha256=d5991e6bd7290dc0b0789466fed60e81abe869d8c1382783779fa8577f758264
[PATHTRACE] CANON_PROMPT_DIRECT_LOGPROBS on rows=2048 rows_per_dp=256 canonical_rows=256 chunks=1
[PATHTRACE] CANON_PROMPT_ABSOLUTE_TARGET_IDS on rows=2048
[PATHTRACE] CANON_PROMPT_PROCESSED_LOGPROBS on rows=2048 populated=2048
[CANON_P38_SEAM_OBSERVER_RECORD] record=2358 arm=B call=3239 rows=1665 bucket=2048 npz_sha256=32348c82fe3da0681f442fd3e5283454eeb515a702c3898c75612a66d6949477
[PATHTRACE] CANON_PROMPT_DIRECT_LOGPROBS on rows=2048 rows_per_dp=256 canonical_rows=256 chunks=1
[PATHTRACE] CANON_PROMPT_ABSOLUTE_TARGET_IDS on rows=2048
[PATHTRACE] CANON_PROMPT_PROCESSED_LOGPROBS on rows=2048 populated=2048
[CANON_P38_SEAM_OBSERVER_RECORD] record=2359 arm=B call=3240 rows=1792 bucket=2048 npz_sha256=8560f53ccc566ae9ad7c5bf7cfc5035e7cd8cb73fbf280f84aab2b205718822e
[PATHTRACE] CANON_PROMPT_DIRECT_LOGPROBS on rows=2048 rows_per_dp=256 canonical_rows=256 chunks=1
[PATHTRACE] CANON_PROMPT_ABSOLUTE_TARGET_IDS on rows=2048
[PATHTRACE] CANON_PROMPT_PROCESSED_LOGPROBS on rows=2048 populated=2048
[CANON_P38_SEAM_OBSERVER_RECORD] record=2360 arm=B call=3241 rows=1152 bucket=2048 npz_sha256=2686c17fa761cc5c1078a392819f8481158724823767b0687552a7d3c2f08f2d
[PATHTRACE] CANON_PROMPT_DIRECT_LOGPROBS on rows=2048 rows_per_dp=256 canonical_rows=256 chunks=1
[PATHTRACE] CANON_PROMPT_ABSOLUTE_TARGET_IDS on rows=2048
[PATHTRACE] CANON_PROMPT_PROCESSED_LOGPROBS on rows=2048 populated=2048
[CANON_P38_SEAM_OBSERVER_RECORD] record=2361 arm=B call=3242 rows=987 bucket=1024 npz_sha256=54de2b439765a732e4984983458ba0b44c95da79031e897a768360d3e438b799
[PATHTRACE] CANON_PROMPT_DIRECT_LOGPROBS on rows=2048 rows_per_dp=256 canonical_rows=256 chunks=1
[PATHTRACE] CANON_PROMPT_ABSOLUTE_TARGET_IDS on rows=2048
[PATHTRACE] CANON_PROMPT_PROCESSED_LOGPROBS on rows=2048 populated=2048
INFO 08-28 12:21:18 [loggers.py:273] Engine 000: Avg prompt throughput: 996.6 tokens/s, Avg generation throughput: 0.3 tokens/s, Running: 8 reqs, Waiting: 31 reqs, GPU KV cache usage: 0.5%, Prefix cache hit rate: 93.2%
[CANON_P38_SEAM_OBSERVER_RECORD] record=2362 arm=B call=3243 rows=1023 bucket=1024 npz_sha256=d29cbf0169c84e4642843f399d6097b1e49a07337899bb8d5f3b860ad9af47d2
[PATHTRACE] CANON_PROMPT_DIRECT_LOGPROBS on rows=2048 rows_per_dp=256 canonical_rows=256 chunks=1
[PATHTRACE] CANON_PROMPT_ABSOLUTE_TARGET_IDS on rows=2048
[PATHTRACE] CANON_PROMPT_PROCESSED_LOGPROBS on rows=2048 populated=2048
[CANON_P38_SEAM_OBSERVER_RECORD] record=2363 arm=B call=3244 rows=833 bucket=1024 npz_sha256=39b1e0630c9f6d7acad94c9319b934214e9f643327860b10b3aaaa37efdd694c
[PATHTRACE] CANON_PROMPT_DIRECT_LOGPROBS on rows=2048 rows_per_dp=256 canonical_rows=256 chunks=1
[PATHTRACE] CANON_PROMPT_ABSOLUTE_TARGET_IDS on rows=2048
[PATHTRACE] CANON_PROMPT_PROCESSED_LOGPROBS on rows=2048 populated=2048
[CANON_P38_SEAM_OBSERVER_RECORD] record=2364 arm=B call=3245 rows=695 bucket=1024 npz_sha256=2d16e6210fcdca82bcdb7fa1b9b7f5562147441b82f88ed6511221828ba617c3
[PATHTRACE] CANON_PROMPT_DIRECT_LOGPROBS on rows=2048 rows_per_dp=256 canonical_rows=256 chunks=1
[PATHTRACE] CANON_PROMPT_ABSOLUTE_TARGET_IDS on rows=2048
[PATHTRACE] CANON_PROMPT_PROCESSED_LOGPROBS on rows=2048 populated=2048
[CANON_P38_SEAM_OBSERVER_RECORD] record=2365 arm=B call=3246 rows=512 bucket=512 npz_sha256=aaaedf39eef8379f4ccfed70e284e5fff095a3eaf70ebdbf5c19c20960ce6d1c
[PATHTRACE] CANON_PROMPT_DIRECT_LOGPROBS on rows=2048 rows_per_dp=256 canonical_rows=256 chunks=1
[PATHTRACE] CANON_PROMPT_ABSOLUTE_TARGET_IDS on rows=2048
[PATHTRACE] CANON_PROMPT_PROCESSED_LOGPROBS on rows=2048 populated=2048
[CANON_P38_SEAM_OBSERVER_RECORD] record=2366 arm=B call=3247 rows=579 bucket=1024 npz_sha256=3fc2b8d777397207814f5c72e897a02c2ee884eb31ced0c6f5da12f6b8281456
[PATHTRACE] CANON_PROMPT_DIRECT_LOGPROBS on rows=2048 rows_per_dp=256 canonical_rows=256 chunks=1
[PATHTRACE] CANON_PROMPT_ABSOLUTE_TARGET_IDS on rows=2048
[PATHTRACE] CANON_PROMPT_PROCESSED_LOGPROBS on rows=2048 populated=2048
[CANON_P38_SEAM_OBSERVER_RECORD] record=2367 arm=B call=3248 rows=768 bucket=1024 npz_sha256=5caadabef3a6756faaa91d2281384bd7cbe8370d6a9c930e8779335e1c0226d3
[PATHTRACE] CANON_PROMPT_DIRECT_LOGPROBS on rows=2048 rows_per_dp=256 canonical_rows=256 chunks=1
[PATHTRACE] CANON_PROMPT_ABSOLUTE_TARGET_IDS on rows=2048
[PATHTRACE] CANON_PROMPT_PROCESSED_LOGPROBS on rows=2048 populated=2048
[CANON_P38_SEAM_OBSERVER_RECORD] record=2368 arm=B call=3249 rows=768 bucket=1024 npz_sha256=de57eb92ddb63682d6d5e7fd2cc54f64874e8289db9b93fae9ad7a57bf572828
[PATHTRACE] CANON_PROMPT_DIRECT_LOGPROBS on rows=2048 rows_per_dp=256 canonical_rows=256 chunks=1
[PATHTRACE] CANON_PROMPT_ABSOLUTE_TARGET_IDS on rows=2048
[PATHTRACE] CANON_PROMPT_PROCESSED_LOGPROBS on rows=2048 populated=2048
[CANON_P38_SEAM_OBSERVER_RECORD] record=2369 arm=B call=3250 rows=584 bucket=1024 npz_sha256=978a1e69ba878b48a3f80d0ba326583f1cc0346a3f8f2484347510702b116dcd
[PATHTRACE] CANON_PROMPT_DIRECT_LOGPROBS on rows=2048 rows_per_dp=256 canonical_rows=256 chunks=1
[PATHTRACE] CANON_PROMPT_ABSOLUTE_TARGET_IDS on rows=2048
[PATHTRACE] CANON_PROMPT_PROCESSED_LOGPROBS on rows=2048 populated=2048
[CANON_P38_SEAM_OBSERVER_RECORD] record=2370 arm=B call=3251 rows=792 bucket=1024 npz_sha256=af914c154d30780af6253c8a2670c93c47ecfc271914804523254eff8bd3c489
[PATHTRACE] CANON_PROMPT_DIRECT_LOGPROBS on rows=2048 rows_per_dp=256 canonical_rows=256 chunks=1
[PATHTRACE] CANON_PROMPT_ABSOLUTE_TARGET_IDS on rows=2048
[PATHTRACE] CANON_PROMPT_PROCESSED_LOGPROBS on rows=2048 populated=2048
[CANON_P38_SEAM_OBSERVER_RECORD] record=2371 arm=B call=3252 rows=835 bucket=1024 npz_sha256=1bb91c57f03e4b4ee35fc29d880adbbef4f722ed14ef017b62aed1f189f1430b
[PATHTRACE] CANON_PROMPT_DIRECT_LOGPROBS on rows=2048 rows_per_dp=256 canonical_rows=256 chunks=1
[PATHTRACE] CANON_PROMPT_ABSOLUTE_TARGET_IDS on rows=2048
[PATHTRACE] CANON_PROMPT_PROCESSED_LOGPROBS on rows=2048 populated=2048
[CANON_P38_SEAM_OBSERVER_RECORD] record=2372 arm=B call=3253 rows=1024 bucket=1024 npz_sha256=13c8bfb64c35aedc0d0e5c94f58e483d5e019d281542ae5a19a059f89d7d5b68
[PATHTRACE] CANON_PROMPT_DIRECT_LOGPROBS on rows=2048 rows_per_dp=256 canonical_rows=256 chunks=1
[PATHTRACE] CANON_PROMPT_ABSOLUTE_TARGET_IDS on rows=2048
[PATHTRACE] CANON_PROMPT_PROCESSED_LOGPROBS on rows=2048 populated=2048
[CANON_P38_SEAM_OBSERVER_RECORD] record=2373 arm=B call=3254 rows=1272 bucket=2048 npz_sha256=279bc2dd94280f0583ccf6b08b44e5632551e8f58cafcb7b05f923ed5c5a8d5e
[PATHTRACE] CANON_PROMPT_DIRECT_LOGPROBS on rows=2048 rows_per_dp=256 canonical_rows=256 chunks=1
[PATHTRACE] CANON_PROMPT_ABSOLUTE_TARGET_IDS on rows=2048
[PATHTRACE] CANON_PROMPT_PROCESSED_LOGPROBS on rows=2048 populated=2048
INFO 08-28 12:21:24 [loggers.py:273] Engine 000: Avg prompt throughput: 6041.0 tokens/s, Avg generation throughput: 1.1 tokens/s, Running: 8 reqs, Waiting: 24 reqs, GPU KV cache usage: 0.3%, Prefix cache hit rate: 93.2%
[CANON_P38_SEAM_OBSERVER_RECORD] record=2374 arm=B call=3255 rows=1349 bucket=2048 npz_sha256=efd82026f8863be9593fb3f7610a6a8763da9e959af152c0abdca83da9ae993d
[PATHTRACE] CANON_PROMPT_DIRECT_LOGPROBS on rows=2048 rows_per_dp=256 canonical_rows=256 chunks=1
[PATHTRACE] CANON_PROMPT_ABSOLUTE_TARGET_IDS on rows=2048
[PATHTRACE] CANON_PROMPT_PROCESSED_LOGPROBS on rows=2048 populated=2048
[CANON_P38_SEAM_OBSERVER_RECORD] record=2375 arm=B call=3256 rows=1536 bucket=2048 npz_sha256=1439b6eb1b44dde87470272c9f5adf9181be3e0d3049ddc076a7954922d95496
[PATHTRACE] CANON_PROMPT_DIRECT_LOGPROBS on rows=2048 rows_per_dp=256 canonical_rows=256 chunks=1
[PATHTRACE] CANON_PROMPT_ABSOLUTE_TARGET_IDS on rows=2048
[PATHTRACE] CANON_PROMPT_PROCESSED_LOGPROBS on rows=2048 populated=2048
[CANON_P38_SEAM_OBSERVER_RECORD] record=2376 arm=B call=3257 rows=1562 bucket=2048 npz_sha256=cfff05458e1fc42653783cd3ebe2121925362fbf3788da1dae889a77802dd489
[PATHTRACE] CANON_PROMPT_DIRECT_LOGPROBS on rows=2048 rows_per_dp=256 canonical_rows=256 chunks=1
[PATHTRACE] CANON_PROMPT_ABSOLUTE_TARGET_IDS on rows=2048
[PATHTRACE] CANON_PROMPT_PROCESSED_LOGPROBS on rows=2048 populated=2048
[CANON_P38_SEAM_OBSERVER_RECORD] record=2377 arm=B call=3258 rows=1792 bucket=2048 npz_sha256=8ca86ff712acda9a65103253d4af5f9aad1ea3f7a149ce65b1c1bd683f7d3ee6
[PATHTRACE] CANON_PROMPT_DIRECT_LOGPROBS on rows=2048 rows_per_dp=256 canonical_rows=256 chunks=1
[PATHTRACE] CANON_PROMPT_ABSOLUTE_TARGET_IDS on rows=2048
[PATHTRACE] CANON_PROMPT_PROCESSED_LOGPROBS on rows=2048 populated=2048
[CANON_P38_SEAM_OBSERVER_RECORD] record=2378 arm=B call=3259 rows=1789 bucket=2048 npz_sha256=8d4557166ca54edc17656f6c9134bcfa60f908f0d5603e9900bb4b0df3ae25e6
[PATHTRACE] CANON_PROMPT_DIRECT_LOGPROBS on rows=2048 rows_per_dp=256 canonical_rows=256 chunks=1
[PATHTRACE] CANON_PROMPT_ABSOLUTE_TARGET_IDS on rows=2048
[PATHTRACE] CANON_PROMPT_PROCESSED_LOGPROBS on rows=2048 populated=2048
[CANON_P38_SEAM_OBSERVER_RECORD] record=2379 arm=B call=3260 rows=1536 bucket=2048 npz_sha256=f1e4052669a31a67a5b57960812d965af8ef8cf04bca14c9c025f957de076cf9
[PATHTRACE] CANON_PROMPT_DIRECT_LOGPROBS on rows=2048 rows_per_dp=256 canonical_rows=256 chunks=1
[PATHTRACE] CANON_PROMPT_ABSOLUTE_TARGET_IDS on rows=2048
[PATHTRACE] CANON_PROMPT_PROCESSED_LOGPROBS on rows=2048 populated=2048
[CANON_P38_SEAM_OBSERVER_RECORD] record=2380 arm=B call=3261 rows=1536 bucket=2048 npz_sha256=1474fb2aa62d8446bb11806d647bc3a73ee5c5d28930c5e7a71891cb6a599f45
[PATHTRACE] CANON_PROMPT_DIRECT_LOGPROBS on rows=2048 rows_per_dp=256 canonical_rows=256 chunks=1
[PATHTRACE] CANON_PROMPT_ABSOLUTE_TARGET_IDS on rows=2048
[PATHTRACE] CANON_PROMPT_PROCESSED_LOGPROBS on rows=2048 populated=2048
[CANON_P38_SEAM_OBSERVER_RECORD] record=2381 arm=B call=3262 rows=1536 bucket=2048 npz_sha256=e3540c91abe7d1a9984dd91865a00839e9576261406243f540e4aae87bbf0f0b
[PATHTRACE] CANON_PROMPT_DIRECT_LOGPROBS on rows=2048 rows_per_dp=256 canonical_rows=256 chunks=1
[PATHTRACE] CANON_PROMPT_ABSOLUTE_TARGET_IDS on rows=2048
[PATHTRACE] CANON_PROMPT_PROCESSED_LOGPROBS on rows=2048 populated=2048
INFO 08-28 12:21:28 [loggers.py:273] Engine 000: Avg prompt throughput: 1631.9 tokens/s, Avg generation throughput: 0.3 tokens/s, Running: 8 reqs, Waiting: 23 reqs, GPU KV cache usage: 0.4%, Prefix cache hit rate: 93.2%
[CANON_P38_SEAM_OBSERVER_RECORD] record=2382 arm=B call=3263 rows=1384 bucket=2048 npz_sha256=7fbae8bdcfa97668ba152c3cdad0f2557f70b439f377fc609ede172485c63fef
[PATHTRACE] CANON_PROMPT_DIRECT_LOGPROBS on rows=2048 rows_per_dp=256 canonical_rows=256 chunks=1
[PATHTRACE] CANON_PROMPT_ABSOLUTE_TARGET_IDS on rows=2048
[PATHTRACE] CANON_PROMPT_PROCESSED_LOGPROBS on rows=2048 populated=2048
[CANON_P38_SEAM_OBSERVER_RECORD] record=2383 arm=B call=3264 rows=1207 bucket=2048 npz_sha256=4b34cf4f0dcc637c674a0a40ebdeaf41079ae229339e7cb096ddfc1325df1b97
[PATHTRACE] CANON_PROMPT_DIRECT_LOGPROBS on rows=2048 rows_per_dp=256 canonical_rows=256 chunks=1
[PATHTRACE] CANON_PROMPT_ABSOLUTE_TARGET_IDS on rows=2048
[PATHTRACE] CANON_PROMPT_PROCESSED_LOGPROBS on rows=2048 populated=2048
[CANON_P38_SEAM_OBSERVER_RECORD] record=2384 arm=B call=3265 rows=1024 bucket=1024 npz_sha256=adc85149f6e3a12421e8a1e5070cb1af388fead843be6ea28397aa2ea2d2b3f2
[PATHTRACE] CANON_PROMPT_DIRECT_LOGPROBS on rows=2048 rows_per_dp=256 canonical_rows=256 chunks=1
[PATHTRACE] CANON_PROMPT_ABSOLUTE_TARGET_IDS on rows=2048
[PATHTRACE] CANON_PROMPT_PROCESSED_LOGPROBS on rows=2048 populated=2048
[CANON_P38_SEAM_OBSERVER_RECORD] record=2385 arm=B call=3266 rows=840 bucket=1024 npz_sha256=96c2ad0eb8bd6dc322f0779af84dcd482088378dda1a0dc88528ff9485041b30
[PATHTRACE] CANON_PROMPT_DIRECT_LOGPROBS on rows=2048 rows_per_dp=256 canonical_rows=256 chunks=1
[PATHTRACE] CANON_PROMPT_ABSOLUTE_TARGET_IDS on rows=2048
[PATHTRACE] CANON_PROMPT_PROCESSED_LOGPROBS on rows=2048 populated=2048
[CANON_P38_SEAM_OBSERVER_RECORD] record=2386 arm=B call=3267 rows=777 bucket=1024 npz_sha256=90ffde94003009c878c9a5e530552efe652e2f176b117057b0dd54dec6d74058
[PATHTRACE] CANON_PROMPT_DIRECT_LOGPROBS on rows=2048 rows_per_dp=256 canonical_rows=256 chunks=1
[PATHTRACE] CANON_PROMPT_ABSOLUTE_TARGET_IDS on rows=2048
[PATHTRACE] CANON_PROMPT_PROCESSED_LOGPROBS on rows=2048 populated=2048
[CANON_P38_SEAM_OBSERVER_RECORD] record=2387 arm=B call=3268 rows=512 bucket=512 npz_sha256=a93b59145ab8c56f86b3101927097b1a1d26cf9e2a789eaac78950a8a6c43bc1
[PATHTRACE] CANON_PROMPT_DIRECT_LOGPROBS on rows=2048 rows_per_dp=256 canonical_rows=256 chunks=1
[PATHTRACE] CANON_PROMPT_ABSOLUTE_TARGET_IDS on rows=2048
[PATHTRACE] CANON_PROMPT_PROCESSED_LOGPROBS on rows=2048 populated=2048
[CANON_P38_SEAM_OBSERVER_RECORD] record=2388 arm=B call=3269 rows=512 bucket=512 npz_sha256=89d9843886bc76f4e6163165af262dd7e41f80bb208973fab6d01284f27ed182
[PATHTRACE] CANON_PROMPT_DIRECT_LOGPROBS on rows=2048 rows_per_dp=256 canonical_rows=256 chunks=1
[PATHTRACE] CANON_PROMPT_ABSOLUTE_TARGET_IDS on rows=2048
[PATHTRACE] CANON_PROMPT_PROCESSED_LOGPROBS on rows=2048 populated=2048
[CANON_P38_SEAM_OBSERVER_RECORD] record=2389 arm=B call=3270 rows=294 bucket=512 npz_sha256=3e208a5e9ca3a77ab9e3e20135f070fd162ecfcc157597752a38714cf2370486
[PATHTRACE] CANON_PROMPT_DIRECT_LOGPROBS on rows=2048 rows_per_dp=256 canonical_rows=256 chunks=1
[PATHTRACE] CANON_PROMPT_ABSOLUTE_TARGET_IDS on rows=2048
[PATHTRACE] CANON_PROMPT_PROCESSED_LOGPROBS on rows=2048 populated=2048
[CANON_P38_SEAM_OBSERVER_RECORD] record=2390 arm=B call=3271 rows=286 bucket=512 npz_sha256=04148ec5ef79c4c41e480dc9778862020ea885529635c8189efae18558523a37
[PATHTRACE] CANON_PROMPT_DIRECT_LOGPROBS on rows=2048 rows_per_dp=256 canonical_rows=256 chunks=1
[PATHTRACE] CANON_PROMPT_ABSOLUTE_TARGET_IDS on rows=2048
[PATHTRACE] CANON_PROMPT_PROCESSED_LOGPROBS on rows=2048 populated=2048
INFO 08-28 12:21:35 [loggers.py:273] Engine 000: Avg prompt throughput: 4426.8 tokens/s, Avg generation throughput: 1.0 tokens/s, Running: 8 reqs, Waiting: 16 reqs, GPU KV cache usage: 0.3%, Prefix cache hit rate: 93.2%
[CANON_P38_SEAM_OBSERVER_RECORD] record=2391 arm=B call=3272 rows=681 bucket=1024 npz_sha256=b6b31a168f3e3a50d172b916be17201d58b3bbb7c41324e69b6ac386f2cae596
[PATHTRACE] CANON_PROMPT_DIRECT_LOGPROBS on rows=2048 rows_per_dp=256 canonical_rows=256 chunks=1
[PATHTRACE] CANON_PROMPT_ABSOLUTE_TARGET_IDS on rows=2048
[PATHTRACE] CANON_PROMPT_PROCESSED_LOGPROBS on rows=2048 populated=2048
[CANON_P38_SEAM_OBSERVER_RECORD] record=2392 arm=B call=3273 rows=867 bucket=1024 npz_sha256=7e9564cdbc07a8bbcd78a23b796fd51c5817982ddd7f5c9d7555987aca176444
[PATHTRACE] CANON_PROMPT_DIRECT_LOGPROBS on rows=2048 rows_per_dp=256 canonical_rows=256 chunks=1
[PATHTRACE] CANON_PROMPT_ABSOLUTE_TARGET_IDS on rows=2048
[PATHTRACE] CANON_PROMPT_PROCESSED_LOGPROBS on rows=2048 populated=2048
[CANON_P38_SEAM_OBSERVER_RECORD] record=2393 arm=B call=3274 rows=1041 bucket=2048 npz_sha256=56c0ce8826d794bd0d4173e2ee54e3a4e208a49b981ebb663eb890b0d23913b7
[PATHTRACE] CANON_PROMPT_DIRECT_LOGPROBS on rows=2048 rows_per_dp=256 canonical_rows=256 chunks=1
[PATHTRACE] CANON_PROMPT_ABSOLUTE_TARGET_IDS on rows=2048
[PATHTRACE] CANON_PROMPT_PROCESSED_LOGPROBS on rows=2048 populated=2048
[CANON_P38_SEAM_OBSERVER_RECORD] record=2394 arm=B call=3275 rows=978 bucket=1024 npz_sha256=5350fd25d2f14800091411faf132f9c30b6b27468d52f51cf6035ca541d47213
[PATHTRACE] CANON_PROMPT_DIRECT_LOGPROBS on rows=2048 rows_per_dp=256 canonical_rows=256 chunks=1
[PATHTRACE] CANON_PROMPT_ABSOLUTE_TARGET_IDS on rows=2048
[PATHTRACE] CANON_PROMPT_PROCESSED_LOGPROBS on rows=2048 populated=2048
[CANON_P38_SEAM_OBSERVER_RECORD] record=2395 arm=B call=3276 rows=768 bucket=1024 npz_sha256=3b6c2eb55da2d891a04b2fb0a77c801306081be083294cb3010c8d00c75955b1
[PATHTRACE] CANON_PROMPT_DIRECT_LOGPROBS on rows=2048 rows_per_dp=256 canonical_rows=256 chunks=1
[PATHTRACE] CANON_PROMPT_ABSOLUTE_TARGET_IDS on rows=2048
[PATHTRACE] CANON_PROMPT_PROCESSED_LOGPROBS on rows=2048 populated=2048
INFO 08-28 12:21:38 [loggers.py:273] Engine 000: Avg prompt throughput: 3477.2 tokens/s, Avg generation throughput: 1.2 tokens/s, Running: 8 reqs, Waiting: 12 reqs, GPU KV cache usage: 0.2%, Prefix cache hit rate: 93.2%
[CANON_P38_SEAM_OBSERVER_RECORD] record=2396 arm=B call=3277 rows=747 bucket=1024 npz_sha256=534c5d3e6461eed4d414392c0ebaa4359c598526a7cad272204db9b2dadb09f7
[PATHTRACE] CANON_PROMPT_DIRECT_LOGPROBS on rows=2048 rows_per_dp=256 canonical_rows=256 chunks=1
[PATHTRACE] CANON_PROMPT_ABSOLUTE_TARGET_IDS on rows=2048
[PATHTRACE] CANON_PROMPT_PROCESSED_LOGPROBS on rows=2048 populated=2048
[CANON_P38_SEAM_OBSERVER_RECORD] record=2397 arm=B call=3278 rows=897 bucket=1024 npz_sha256=2e0a28df797b30b6752e740ab42bfd5c2cc4ba596ab6616349ee9e14d2fbd472
[PATHTRACE] CANON_PROMPT_DIRECT_LOGPROBS on rows=2048 rows_per_dp=256 canonical_rows=256 chunks=1
[PATHTRACE] CANON_PROMPT_ABSOLUTE_TARGET_IDS on rows=2048
[PATHTRACE] CANON_PROMPT_PROCESSED_LOGPROBS on rows=2048 populated=2048
[CANON_P38_SEAM_OBSERVER_RECORD] record=2398 arm=B call=3279 rows=1372 bucket=2048 npz_sha256=b21459d13ae960adee54d85fa96531726f2da93835924e5ee335b511070620c4
[PATHTRACE] CANON_PROMPT_DIRECT_LOGPROBS on rows=2048 rows_per_dp=256 canonical_rows=256 chunks=1
[PATHTRACE] CANON_PROMPT_ABSOLUTE_TARGET_IDS on rows=2048
[PATHTRACE] CANON_PROMPT_PROCESSED_LOGPROBS on rows=2048 populated=2048
[CANON_P38_SEAM_OBSERVER_RECORD] record=2399 arm=B call=3280 rows=1536 bucket=2048 npz_sha256=82f9e357bf31703266bcbcd8e5b406573cf55e7226b81b6daa1c912230694fb1
[PATHTRACE] CANON_PROMPT_DIRECT_LOGPROBS on rows=2048 rows_per_dp=256 canonical_rows=256 chunks=1
[PATHTRACE] CANON_PROMPT_ABSOLUTE_TARGET_IDS on rows=2048
[PATHTRACE] CANON_PROMPT_PROCESSED_LOGPROBS on rows=2048 populated=2048
[CANON_P38_SEAM_OBSERVER_RECORD] record=2400 arm=B call=3281 rows=1916 bucket=2048 npz_sha256=6b4e683eb4f9ee5358629a059eaf7082c1554f4ab3de78ad0189dc9501b19f73
[PATHTRACE] CANON_PROMPT_DIRECT_LOGPROBS on rows=2048 rows_per_dp=256 canonical_rows=256 chunks=1
[PATHTRACE] CANON_PROMPT_ABSOLUTE_TARGET_IDS on rows=2048
[PATHTRACE] CANON_PROMPT_PROCESSED_LOGPROBS on rows=2048 populated=2048
[CANON_P38_SEAM_OBSERVER_RECORD] record=2401 arm=B call=3282 rows=2048 bucket=2048 npz_sha256=382c71d7880a5daaff43de6156154d1eebb651117b191fa42bbb4ff7b6a10b37
[PATHTRACE] CANON_PROMPT_DIRECT_LOGPROBS on rows=2048 rows_per_dp=256 canonical_rows=256 chunks=1
[PATHTRACE] CANON_PROMPT_ABSOLUTE_TARGET_IDS on rows=2048
[PATHTRACE] CANON_PROMPT_PROCESSED_LOGPROBS on rows=2048 populated=2048
[CANON_P38_SEAM_OBSERVER_RECORD] record=2402 arm=B call=3283 rows=1856 bucket=2048 npz_sha256=eeac59278f8f8ae62b32316a8c00a39693480ed0d114c0f04fdbc60d7efc4f51
[PATHTRACE] CANON_PROMPT_DIRECT_LOGPROBS on rows=2048 rows_per_dp=256 canonical_rows=256 chunks=1
[PATHTRACE] CANON_PROMPT_ABSOLUTE_TARGET_IDS on rows=2048
[PATHTRACE] CANON_PROMPT_PROCESSED_LOGPROBS on rows=2048 populated=2048
[CANON_P38_SEAM_OBSERVER_RECORD] record=2403 arm=B call=3284 rows=1784 bucket=2048 npz_sha256=1559e46cf7562954aad29986912f82ecd7436e0c8425e828b9fcbace6d9b307d
[PATHTRACE] CANON_PROMPT_DIRECT_LOGPROBS on rows=2048 rows_per_dp=256 canonical_rows=256 chunks=1
[PATHTRACE] CANON_PROMPT_ABSOLUTE_TARGET_IDS on rows=2048
[PATHTRACE] CANON_PROMPT_PROCESSED_LOGPROBS on rows=2048 populated=2048
[CANON_P38_SEAM_OBSERVER_RECORD] record=2404 arm=B call=3285 rows=1536 bucket=2048 npz_sha256=7816faf087ebce90b98b14dd50c87e3ca829d81a9523fa9095129cad21327e6c
[PATHTRACE] CANON_PROMPT_DIRECT_LOGPROBS on rows=2048 rows_per_dp=256 canonical_rows=256 chunks=1
[PATHTRACE] CANON_PROMPT_ABSOLUTE_TARGET_IDS on rows=2048
[PATHTRACE] CANON_PROMPT_PROCESSED_LOGPROBS on rows=2048 populated=2048
[CANON_P38_SEAM_OBSERVER_RECORD] record=2405 arm=B call=3286 rows=1536 bucket=2048 npz_sha256=9982b030933c8503cb97eb1c0ae045f5694e5800ac46cd32eb8789bfe0596485
[PATHTRACE] CANON_PROMPT_DIRECT_LOGPROBS on rows=2048 rows_per_dp=256 canonical_rows=256 chunks=1
[PATHTRACE] CANON_PROMPT_ABSOLUTE_TARGET_IDS on rows=2048
[PATHTRACE] CANON_PROMPT_PROCESSED_LOGPROBS on rows=2048 populated=2048
[CANON_P38_SEAM_OBSERVER_RECORD] record=2406 arm=B call=3287 rows=1637 bucket=2048 npz_sha256=d1df9e6766f9ea08ec7373efad7c37608e0b7d6e508e34d0d317042eae2f2a2c
[PATHTRACE] CANON_PROMPT_DIRECT_LOGPROBS on rows=2048 rows_per_dp=256 canonical_rows=256 chunks=1
[PATHTRACE] CANON_PROMPT_ABSOLUTE_TARGET_IDS on rows=2048
[PATHTRACE] CANON_PROMPT_PROCESSED_LOGPROBS on rows=2048 populated=2048
[CANON_P38_SEAM_OBSERVER_RECORD] record=2407 arm=B call=3288 rows=1608 bucket=2048 npz_sha256=8221ebeec0b5278a17196055fd6844361bc9f552e54c7a9946dc87f5444123b7
[PATHTRACE] CANON_PROMPT_DIRECT_LOGPROBS on rows=2048 rows_per_dp=256 canonical_rows=256 chunks=1
[PATHTRACE] CANON_PROMPT_ABSOLUTE_TARGET_IDS on rows=2048
[PATHTRACE] CANON_PROMPT_PROCESSED_LOGPROBS on rows=2048 populated=2048
[CANON_P38_SEAM_OBSERVER_RECORD] record=2408 arm=B call=3289 rows=1792 bucket=2048 npz_sha256=2b633606971b301a01552b775b791066500411969f05c27a2dfd07649d690ac7
[PATHTRACE] CANON_PROMPT_DIRECT_LOGPROBS on rows=2048 rows_per_dp=256 canonical_rows=256 chunks=1
[PATHTRACE] CANON_PROMPT_ABSOLUTE_TARGET_IDS on rows=2048
[PATHTRACE] CANON_PROMPT_PROCESSED_LOGPROBS on rows=2048 populated=2048
[CANON_P38_SEAM_OBSERVER_RECORD] record=2409 arm=B call=3290 rows=1772 bucket=2048 npz_sha256=e209f01000e4ea5991085f799229e36db4a93c6a02ea5c311dc17f14785c6204
[PATHTRACE] CANON_PROMPT_DIRECT_LOGPROBS on rows=2048 rows_per_dp=256 canonical_rows=256 chunks=1
[PATHTRACE] CANON_PROMPT_ABSOLUTE_TARGET_IDS on rows=2048
[PATHTRACE] CANON_PROMPT_PROCESSED_LOGPROBS on rows=2048 populated=2048
[CANON_P38_SEAM_OBSERVER_RECORD] record=2410 arm=B call=3291 rows=1271 bucket=2048 npz_sha256=6a4dca9068047ba461ebe13303e6976d2aa449b6d848dd58ac60153a9f5d839a
[PATHTRACE] CANON_PROMPT_DIRECT_LOGPROBS on rows=2048 rows_per_dp=256 canonical_rows=256 chunks=1
[PATHTRACE] CANON_PROMPT_ABSOLUTE_TARGET_IDS on rows=2048
[PATHTRACE] CANON_PROMPT_PROCESSED_LOGPROBS on rows=2048 populated=2048
[CANON_P38_SEAM_OBSERVER_RECORD] record=2411 arm=B call=3292 rows=1024 bucket=1024 npz_sha256=ea5322ea93c718dd0b3ff43687d25e6ea3edf40a8c42d20d32026d796f1b6756
[PATHTRACE] CANON_PROMPT_DIRECT_LOGPROBS on rows=2048 rows_per_dp=256 canonical_rows=256 chunks=1
[PATHTRACE] CANON_PROMPT_ABSOLUTE_TARGET_IDS on rows=2048
[PATHTRACE] CANON_PROMPT_PROCESSED_LOGPROBS on rows=2048 populated=2048
[CANON_P38_SEAM_OBSERVER_RECORD] record=2412 arm=B call=3293 rows=772 bucket=1024 npz_sha256=7a1a68f8600e965e3b9f62f9a0369d16129e27eea6ba9e6272639ad92fada688
[PATHTRACE] CANON_PROMPT_DIRECT_LOGPROBS on rows=2048 rows_per_dp=256 canonical_rows=256 chunks=1
[PATHTRACE] CANON_PROMPT_ABSOLUTE_TARGET_IDS on rows=2048
[PATHTRACE] CANON_PROMPT_PROCESSED_LOGPROBS on rows=2048 populated=2048
[CANON_P38_SEAM_OBSERVER_RECORD] record=2413 arm=B call=3294 rows=512 bucket=512 npz_sha256=547f1fdda0850172f685382ba4a89a8dfbbf6179415039510d9a0ac37dcf03b5
[PATHTRACE] CANON_PROMPT_DIRECT_LOGPROBS on rows=2048 rows_per_dp=256 canonical_rows=256 chunks=1
[PATHTRACE] CANON_PROMPT_ABSOLUTE_TARGET_IDS on rows=2048
[PATHTRACE] CANON_PROMPT_PROCESSED_LOGPROBS on rows=2048 populated=2048
INFO 08-28 12:21:48 [loggers.py:273] Engine 000: Avg prompt throughput: 2434.7 tokens/s, Avg generation throughput: 0.6 tokens/s, Running: 8 reqs, Waiting: 6 reqs, GPU KV cache usage: 0.5%, Prefix cache hit rate: 93.2%
INFO 08-28 12:21:48 [loggers.py:273] Engine 000: Avg prompt throughput: 0.0 tokens/s, Avg generation throughput: 0.0 tokens/s, Running: 8 reqs, Waiting: 6 reqs, GPU KV cache usage: 0.5%, Prefix cache hit rate: 93.2%
[CANON_P38_SEAM_OBSERVER_RECORD] record=2414 arm=B call=3295 rows=512 bucket=512 npz_sha256=1cbe2e492eda387082d7e24975d413c4c4988b0b4bbd398fd994c56b47a60c6d
[PATHTRACE] CANON_PROMPT_DIRECT_LOGPROBS on rows=2048 rows_per_dp=256 canonical_rows=256 chunks=1
[PATHTRACE] CANON_PROMPT_ABSOLUTE_TARGET_IDS on rows=2048
[PATHTRACE] CANON_PROMPT_PROCESSED_LOGPROBS on rows=2048 populated=2048
[CANON_P38_SEAM_OBSERVER_RECORD] record=2415 arm=B call=3296 rows=512 bucket=512 npz_sha256=eccfe287f5e3355a21dbb67f6cc89ac5002dbea657cfe98ba5931860aa3079f1
[PATHTRACE] CANON_PROMPT_DIRECT_LOGPROBS on rows=2048 rows_per_dp=256 canonical_rows=256 chunks=1
[PATHTRACE] CANON_PROMPT_ABSOLUTE_TARGET_IDS on rows=2048
[PATHTRACE] CANON_PROMPT_PROCESSED_LOGPROBS on rows=2048 populated=2048
[CANON_P38_SEAM_OBSERVER_RECORD] record=2416 arm=B call=3297 rows=554 bucket=1024 npz_sha256=48fadb2f5a00eb5fc0ba07f83c2ab23248ba2aaa9fb0a5398ce84ea26d377890
[PATHTRACE] CANON_PROMPT_DIRECT_LOGPROBS on rows=2048 rows_per_dp=256 canonical_rows=256 chunks=1
[PATHTRACE] CANON_PROMPT_ABSOLUTE_TARGET_IDS on rows=2048
[PATHTRACE] CANON_PROMPT_PROCESSED_LOGPROBS on rows=2048 populated=2048
[CANON_P38_SEAM_OBSERVER_RECORD] record=2417 arm=B call=3298 rows=868 bucket=1024 npz_sha256=22f9acd4980d6e1fc18cc074b0ca8096e07f0afce39d8431142f6def830ecb11
[PATHTRACE] CANON_PROMPT_DIRECT_LOGPROBS on rows=2048 rows_per_dp=256 canonical_rows=256 chunks=1
[PATHTRACE] CANON_PROMPT_ABSOLUTE_TARGET_IDS on rows=2048
[PATHTRACE] CANON_PROMPT_PROCESSED_LOGPROBS on rows=2048 populated=2048
[CANON_P38_SEAM_OBSERVER_RECORD] record=2418 arm=B call=3299 rows=839 bucket=1024 npz_sha256=924f694769770349382e8c9ba2aab89b12051a6132036d8a366e8f72746e22d5
[PATHTRACE] CANON_PROMPT_DIRECT_LOGPROBS on rows=2048 rows_per_dp=256 canonical_rows=256 chunks=1
[PATHTRACE] CANON_PROMPT_ABSOLUTE_TARGET_IDS on rows=2048
[PATHTRACE] CANON_PROMPT_PROCESSED_LOGPROBS on rows=2048 populated=2048
[CANON_P38_SEAM_OBSERVER_RECORD] record=2419 arm=B call=3300 rows=754 bucket=1024 npz_sha256=663245c0b697b7fc84ddb5ff9a89173b68ff0e0acc7f9cf840037e4900aee56a
[PATHTRACE] CANON_PROMPT_DIRECT_LOGPROBS on rows=2048 rows_per_dp=256 canonical_rows=256 chunks=1
[PATHTRACE] CANON_PROMPT_ABSOLUTE_TARGET_IDS on rows=2048
[PATHTRACE] CANON_PROMPT_PROCESSED_LOGPROBS on rows=2048 populated=2048
[CANON_P38_SEAM_OBSERVER_RECORD] record=2420 arm=B call=3301 rows=441 bucket=512 npz_sha256=cfe6914d04cf9999db2c47e423defcb261d9cecaad5129c8f389eb6b611de562
[PATHTRACE] CANON_PROMPT_DIRECT_LOGPROBS on rows=2048 rows_per_dp=256 canonical_rows=256 chunks=1
[PATHTRACE] CANON_PROMPT_ABSOLUTE_TARGET_IDS on rows=2048
[PATHTRACE] CANON_PROMPT_PROCESSED_LOGPROBS on rows=2048 populated=2048
[CANON_P38_SEAM_OBSERVER_RECORD] record=2421 arm=B call=3302 rows=749 bucket=1024 npz_sha256=17b721ee13548c2886b34702d2cf58b4b0432292a021f3833bc78d96232ecee2
[PATHTRACE] CANON_PROMPT_DIRECT_LOGPROBS on rows=2048 rows_per_dp=256 canonical_rows=256 chunks=1
[PATHTRACE] CANON_PROMPT_ABSOLUTE_TARGET_IDS on rows=2048
[PATHTRACE] CANON_PROMPT_PROCESSED_LOGPROBS on rows=2048 populated=2048
[CANON_P38_SEAM_OBSERVER_RECORD] record=2422 arm=B call=3303 rows=768 bucket=1024 npz_sha256=f7f76a2beeef00e1df5c9b4f7c6e7649628f0ace4250ee838bd296f15455bd56
[PATHTRACE] CANON_PROMPT_DIRECT_LOGPROBS on rows=2048 rows_per_dp=256 canonical_rows=256 chunks=1
[PATHTRACE] CANON_PROMPT_ABSOLUTE_TARGET_IDS on rows=2048
[PATHTRACE] CANON_PROMPT_PROCESSED_LOGPROBS on rows=2048 populated=1795
[CANON_P38_SEAM_OBSERVER_RECORD] record=2423 arm=B call=3304 rows=1096 bucket=2048 npz_sha256=419d34fc29779048739117f5b9f1ab53d26bfa0c5193187e110a65966889e972
[PATHTRACE] CANON_PROMPT_DIRECT_LOGPROBS on rows=2048 rows_per_dp=256 canonical_rows=256 chunks=1
[PATHTRACE] CANON_PROMPT_ABSOLUTE_TARGET_IDS on rows=2048
[PATHTRACE] CANON_PROMPT_PROCESSED_LOGPROBS on rows=2048 populated=1752
[CANON_P38_SEAM_OBSERVER_RECORD] record=2424 arm=B call=3305 rows=825 bucket=1024 npz_sha256=72ae8d2800a4a711ecbd62ca2cb347b86db417f69d1553443ccf3e9a70dc60ac
[PATHTRACE] CANON_PROMPT_DIRECT_LOGPROBS on rows=2048 rows_per_dp=256 canonical_rows=256 chunks=1
[PATHTRACE] CANON_PROMPT_ABSOLUTE_TARGET_IDS on rows=2048
[PATHTRACE] CANON_PROMPT_PROCESSED_LOGPROBS on rows=2048 populated=1156
[CANON_P38_SEAM_OBSERVER_RECORD] record=2425 arm=B call=3306 rows=768 bucket=1024 npz_sha256=c1c2b0996508948724c241ded8546f6381119a6398a983a791069e809bf0eed5
[PATHTRACE] CANON_PROMPT_DIRECT_LOGPROBS on rows=2048 rows_per_dp=256 canonical_rows=256 chunks=1
[PATHTRACE] CANON_PROMPT_ABSOLUTE_TARGET_IDS on rows=2048
[PATHTRACE] CANON_PROMPT_PROCESSED_LOGPROBS on rows=2048 populated=1024
[CANON_P38_SEAM_OBSERVER_RECORD] record=2426 arm=B call=3307 rows=768 bucket=1024 npz_sha256=982907e4f5ff64442f69e0fe9d9bf6e6b28133a05ae017e919ed27387c3b24a4
[PATHTRACE] CANON_PROMPT_DIRECT_LOGPROBS on rows=2048 rows_per_dp=256 canonical_rows=256 chunks=1
[PATHTRACE] CANON_PROMPT_ABSOLUTE_TARGET_IDS on rows=2048
[PATHTRACE] CANON_PROMPT_PROCESSED_LOGPROBS on rows=2048 populated=1024
[CANON_P38_SEAM_OBSERVER_RECORD] record=2427 arm=B call=3308 rows=768 bucket=1024 npz_sha256=b741a73ec3246aaf823a29822ce5c47b4355f0ed0efcd95c44baf0f14cf9c210
[PATHTRACE] CANON_PROMPT_DIRECT_LOGPROBS on rows=2048 rows_per_dp=256 canonical_rows=256 chunks=1
[PATHTRACE] CANON_PROMPT_ABSOLUTE_TARGET_IDS on rows=2048
[PATHTRACE] CANON_PROMPT_PROCESSED_LOGPROBS on rows=2048 populated=1024
[CANON_P38_SEAM_OBSERVER_RECORD] record=2428 arm=B call=3309 rows=768 bucket=1024 npz_sha256=a7388e90aac0e7c65cb7ecaf69381ea990b951d2f929a4fca589d08c9923ab00
[PATHTRACE] CANON_PROMPT_DIRECT_LOGPROBS on rows=2048 rows_per_dp=256 canonical_rows=256 chunks=1
[PATHTRACE] CANON_PROMPT_ABSOLUTE_TARGET_IDS on rows=2048
[PATHTRACE] CANON_PROMPT_PROCESSED_LOGPROBS on rows=2048 populated=1024
[CANON_P38_SEAM_OBSERVER_RECORD] record=2429 arm=B call=3310 rows=768 bucket=1024 npz_sha256=9ca7008f7ca78fe9c39fa9f5c7e977232e5d60bb5e8db6f0f803182fcb62af56
[PATHTRACE] CANON_PROMPT_DIRECT_LOGPROBS on rows=2048 rows_per_dp=256 canonical_rows=256 chunks=1
[PATHTRACE] CANON_PROMPT_ABSOLUTE_TARGET_IDS on rows=2048
[PATHTRACE] CANON_PROMPT_PROCESSED_LOGPROBS on rows=2048 populated=1024
[CANON_P38_SEAM_OBSERVER_RECORD] record=2430 arm=B call=3311 rows=768 bucket=1024 npz_sha256=805a42ffb1e8fd9d73a1240d0906f48cb95f37abe4329280718bb150cde74ef2
[PATHTRACE] CANON_PROMPT_DIRECT_LOGPROBS on rows=2048 rows_per_dp=256 canonical_rows=256 chunks=1
[PATHTRACE] CANON_PROMPT_ABSOLUTE_TARGET_IDS on rows=2048
[PATHTRACE] CANON_PROMPT_PROCESSED_LOGPROBS on rows=2048 populated=1024
[CANON_P38_SEAM_OBSERVER_RECORD] record=2431 arm=B call=3312 rows=708 bucket=1024 npz_sha256=388dfeaa73a736585c52c27bc769e4815a678bb60e87bc0afbd2c4d735b00992
[PATHTRACE] CANON_PROMPT_DIRECT_LOGPROBS on rows=2048 rows_per_dp=256 canonical_rows=256 chunks=1
[PATHTRACE] CANON_PROMPT_ABSOLUTE_TARGET_IDS on rows=2048
[PATHTRACE] CANON_PROMPT_PROCESSED_LOGPROBS on rows=2048 populated=913
[CANON_P38_SEAM_OBSERVER_RECORD] record=2432 arm=B call=3313 rows=512 bucket=512 npz_sha256=62af1d87903ef93aec276f8e10f185e726c11d9a318129648e992ed34b57b7a2
[PATHTRACE] CANON_PROMPT_DIRECT_LOGPROBS on rows=2048 rows_per_dp=256 canonical_rows=256 chunks=1
[PATHTRACE] CANON_PROMPT_ABSOLUTE_TARGET_IDS on rows=2048
[PATHTRACE] CANON_PROMPT_PROCESSED_LOGPROBS on rows=2048 populated=512
[CANON_P38_SEAM_OBSERVER_RECORD] record=2433 arm=B call=3314 rows=260 bucket=512 npz_sha256=b3f5a77bd7891988db40bc0e316307d2d65f3aebfc28ff223a2d5264a4145801
[PATHTRACE] CANON_PROMPT_DIRECT_LOGPROBS on rows=2048 rows_per_dp=256 canonical_rows=256 chunks=1
[PATHTRACE] CANON_PROMPT_ABSOLUTE_TARGET_IDS on rows=2048
[PATHTRACE] CANON_PROMPT_PROCESSED_LOGPROBS on rows=2048 populated=260
[CANON_P38_SEAM_OBSERVER_RECORD] record=2434 arm=B call=3315 rows=256 bucket=256 npz_sha256=35891c93b79b3c3eea2180f217c93e3f623c92bd40042244f9a9c2db6d2b49ce
[PATHTRACE] CANON_PROMPT_DIRECT_LOGPROBS on rows=2048 rows_per_dp=256 canonical_rows=256 chunks=1
[PATHTRACE] CANON_PROMPT_ABSOLUTE_TARGET_IDS on rows=2048
[PATHTRACE] CANON_PROMPT_PROCESSED_LOGPROBS on rows=2048 populated=256
INFO 08-28 12:21:58 [loggers.py:273] Engine 000: Avg prompt throughput: 5101.6 tokens/s, Avg generation throughput: 1.3 tokens/s, Running: 1 reqs, Waiting: 0 reqs, GPU KV cache usage: 0.1%, Prefix cache hit rate: 93.2%
[CANON_P38_SEAM_OBSERVER_RECORD] record=2435 arm=B call=3316 rows=208 bucket=256 npz_sha256=f19d621753cc1a52a98e13dc937e38b35695deaf0ec2b9fe15242bf3af9b20cb
[PATHTRACE] CANON_PROMPT_DIRECT_LOGPROBS on rows=2048 rows_per_dp=256 canonical_rows=256 chunks=1
[PATHTRACE] CANON_PROMPT_ABSOLUTE_TARGET_IDS on rows=2048
[PATHTRACE] CANON_PROMPT_PROCESSED_LOGPROBS on rows=2048 populated=256
[PATHTRACE] CANON_PROMPT_DIRECT_LOGPROBS on rows=2048 rows_per_dp=256 canonical_rows=256 chunks=1
[PATHTRACE] CANON_PROMPT_ABSOLUTE_TARGET_IDS on rows=2048
[PATHTRACE] CANON_PROMPT_PROCESSED_LOGPROBS on rows=2048 populated=256
[PATHTRACE] CANON_PROMPT_DIRECT_LOGPROBS on rows=2048 rows_per_dp=256 canonical_rows=256 chunks=1
[PATHTRACE] CANON_PROMPT_ABSOLUTE_TARGET_IDS on rows=2048
[PATHTRACE] CANON_PROMPT_PROCESSED_LOGPROBS on rows=2048 populated=256
[PATHTRACE] CANON_PROMPT_DIRECT_LOGPROBS on rows=2048 rows_per_dp=256 canonical_rows=256 chunks=1
[PATHTRACE] CANON_PROMPT_ABSOLUTE_TARGET_IDS on rows=2048
[PATHTRACE] CANON_PROMPT_PROCESSED_LOGPROBS on rows=2048 populated=218
INFO 08-28 12:21:59 [loggers.py:273] Engine 000: Avg prompt throughput: 4437.4 tokens/s, Avg generation throughput: 0.9 tokens/s, Running: 0 reqs, Waiting: 0 reqs, GPU KV cache usage: 0.0%, Prefix cache hit rate: 93.2%
[CANON_APC_M15_B_CONTRACT] reset_prefix_cache=True all_num_cached_tokens_zero=True
[PERF] step=0 stage=rescore_b seconds=234.736 rows=256
2026-08-28 12:22:00 - INFO - [absl] [CANON_ALIGN] attached host sidecar rows=256 completion_width=8192
[CANON_APC_M15_PRODUCER_CARRIER] arm=on path=/tmp/canon-state/canon-v1-apc-m15-on-d34-57d9ab8e/p38_serving_capture/m15_producer_unit.round-000000.npz sha256=d20f4d6246146328dd6c1a7fbb4ccdf4fee82ebff7869ffe459df5040e996a17 rows=256 logical_bytes=42995712
[CANON_ALIGN_PRE_JSON] {"N_action":130468,"action_geometry":{"max_logical_kv_prefix_length":7124,"min_logical_kv_prefix_length":988,"rows_reaching_1686":191,"valid":true},"admission_policy":{"bounded_ab_only":false,"byte_fraction_limit":0.004,"claim_level":"strict-zero-tim","enabled":false,"id":"gsm8k-full-ab-report-v1","max_abs_limit":0.0001,"stage":"backward-no-commit","warning_boundaries":null,"warning_only":false,"workload":"frozenlake-dp8-tp8"},"all_compact_filtered":false,"blocking_reds":[],"boundaries":{"S_decode_vs_S_prefill":{"byte_fraction":0.0,"differing_bytes":0,"differing_elements":0,"element_fraction":0.0,"finite":true,"first_mismatch":null,"max_abs":0.0,"max_abs_mismatch":null,"mismatches":[],"mismatches_truncated":false,"reported_mismatches":0,"total_bytes":521872,"total_elements":130468,"valid":true},"S_prefill_vs_T_old":{"byte_fraction":0.0,"differing_bytes":0,"differing_elements":0,"element_fraction":0.0,"finite":true,"first_mismatch":null,"max_abs":0.0,"max_abs_mismatch":null,"mismatches":[],"mismatches_truncated":false,"reported_mismatches":0,"total_bytes":521872,"total_elements":130468,"valid":true}},"context":{"bucket":"2048","mesh":"8,8","run_stage":"backward-no-commit","source":"VllmRollout.get_prefill_rescore_logps"},"diagnostic_round":0,"hashes":{"S_decode":"10618697d80241b2beaf471e1f8cd9098c49b104be04d6ecb26638fc070a4be3","S_prefill":"4d89ee7d8c9829fa606335016dc25f17381d235e75dd1e89ed0bef2ba68b5878","T_old":"4d89ee7d8c9829fa606335016dc25f17381d235e75dd1e89ed0bef2ba68b5878","action_mask":"c8e7cd6d59b96a0e2f822818a2d1d05a734d552d436fab7b8751a31046c90ff3","policy_version":"5f70bf18a086007016e948b04aed3b82103a36bea41755b6cddfaf10ace3c6ef","tokens":"cced0a6f05f255a125ca53b6bc61b5520b0fa88dd4b839d002d6902511db2b55"},"m15_producer_unit":{"logical_bytes":42995712,"path":"/tmp/canon-state/canon-v1-apc-m15-on-d34-57d9ab8e/p38_serving_capture/m15_producer_unit.round-000000.npz","rows":256,"sha256":"d20f4d6246146328dd6c1a7fbb4ccdf4fee82ebff7869ffe459df5040e996a17"},"masked_hashes":{"S_decode":"80054d4f7f6b4e6660298765b89859c8049f062b31b64e7619e2f0b56479531d","S_prefill":"80054d4f7f6b4e6660298765b89859c8049f062b31b64e7619e2f0b56479531d","T_old":"80054d4f7f6b4e6660298765b89859c8049f062b31b64e7619e2f0b56479531d"},"no_signal_admitted":false,"reds":[],"reported_reds":[],"step":0,"timestamp":1787919720.133612,"verdict":"PASS","warning_reds":[]}
[CANON_ALIGN_PRE_EVIDENCE] path=/tmp/canon-state/canon-v1-apc-m15-on-d34-57d9ab8e/pre_alignment.jsonl sha256=f3473f6519e5a141309a8580d84af93fd2ba181be9f6c40b474f3419fc52c675
[CANON_ALIGN_PRE] step=0 verdict=PASS N_action=130468 bounds=[('S_decode_vs_S_prefill', 0), ('S_prefill_vs_T_old', 0)]
[CANON_P38] PRECHECK_ROUND_COMPLETE round=1/3 step=0 N_action=130468 verdict=PASS a_b_differing_bytes=0 backward=0 optimizer_commits=0
[CANON_P38] ROUND_SEAL_REQUESTED round=0 request=/tmp/canon-state/canon-v1-apc-m15-on-d34-57d9ab8e/p38_round_seal_requests/round-000000.request
INFO 08-28 12:22:08 [loggers.py:273] Engine 000: Avg prompt throughput: 0.0 tokens/s, Avg generation throughput: 0.0 tokens/s, Running: 0 reqs, Waiting: 0 reqs, GPU KV cache usage: 0.0%, Prefix cache hit rate: 93.2%
[rank0]: Traceback (most recent call last):
[rank0]:   File "<frozen runpy>", line 198, in _run_module_as_main
[rank0]:   File "<frozen runpy>", line 88, in _run_code
[rank0]:   File "/app/examples/frozenlake/train_frozenlake_qwen3.py", line 2124, in <module>
[rank0]:     grpo_trainer.train(
[rank0]:   File "/app/tunix/rl/agentic/agentic_rl_learner.py", line 3505, in train
[rank0]:     train_examples = self._batch_to_train_example(
[rank0]:                      ^^^^^^^^^^^^^^^^^^^^^^^^^^^^^
[rank0]:   File "/app/tunix/rl/agentic/agentic_rl_learner.py", line 2874, in _batch_to_train_example
[rank0]:     return self._process_results(
[rank0]:            ^^^^^^^^^^^^^^^^^^^^^^
[rank0]:   File "/app/tunix/rl/agentic/agentic_grpo_learner.py", line 1955, in _process_results
[rank0]:     alignment.stop_after_diagnostic_precheck(precheck_record)
[rank0]:   File "/app/tunix/rl/alignment.py", line 379, in stop_after_diagnostic_precheck
[rank0]:     _seal_p38_diagnostic_round(round_index)
[rank0]:   File "/app/tunix/rl/alignment.py", line 205, in _seal_p38_diagnostic_round
[rank0]:     raise AlignmentGateError(
[rank0]: tunix.rl.alignment.AlignmentGateError: P38 round-seal worker failed before acknowledgement: round=0 stage=assemble exit_code=2
