[P38.GCS] LIVE_WORKER_START interval=30 profile=m15-wide-v1
[P38.GCS] RUNTIME_SOURCE_PASS expected=57d9ab8e25de3b2404e983e9a139d78b151a58f8 observed=57d9ab8e25de3b2404e983e9a139d78b151a58f8
[M15.WIDE.SHARD] EMPTY
[P38.GCS] RUNTIME_SOURCE_PASS expected=57d9ab8e25de3b2404e983e9a139d78b151a58f8 observed=57d9ab8e25de3b2404e983e9a139d78b151a58f8
[M15.WIDE.SHARD] EMPTY
[P38.GCS] RUNTIME_SOURCE_PASS expected=57d9ab8e25de3b2404e983e9a139d78b151a58f8 observed=57d9ab8e25de3b2404e983e9a139d78b151a58f8
[M15.WIDE.SHARD] EMPTY
[P38.GCS] RUNTIME_SOURCE_PASS expected=57d9ab8e25de3b2404e983e9a139d78b151a58f8 observed=57d9ab8e25de3b2404e983e9a139d78b151a58f8
[M15.WIDE.SHARD] EMPTY
[P38.GCS] RUNTIME_SOURCE_PASS expected=57d9ab8e25de3b2404e983e9a139d78b151a58f8 observed=57d9ab8e25de3b2404e983e9a139d78b151a58f8
[M15.WIDE.SHARD] EMPTY
[P38.GCS] RUNTIME_SOURCE_PASS expected=57d9ab8e25de3b2404e983e9a139d78b151a58f8 observed=57d9ab8e25de3b2404e983e9a139d78b151a58f8
[M15.WIDE.SHARD] EMPTY
[P38.GCS] RUNTIME_SOURCE_PASS expected=57d9ab8e25de3b2404e983e9a139d78b151a58f8 observed=57d9ab8e25de3b2404e983e9a139d78b151a58f8
[M15.WIDE.SHARD] EMPTY
[P38.GCS] RUNTIME_SOURCE_PASS expected=57d9ab8e25de3b2404e983e9a139d78b151a58f8 observed=57d9ab8e25de3b2404e983e9a139d78b151a58f8
[M15.WIDE.SHARD] EMPTY
[P38.GCS] RUNTIME_SOURCE_PASS expected=57d9ab8e25de3b2404e983e9a139d78b151a58f8 observed=57d9ab8e25de3b2404e983e9a139d78b151a58f8
[M15.WIDE.SHARD] EMPTY
[P38.GCS] RUNTIME_SOURCE_PASS expected=57d9ab8e25de3b2404e983e9a139d78b151a58f8 observed=57d9ab8e25de3b2404e983e9a139d78b151a58f8
[M15.WIDE.SHARD] EMPTY
[P38.GCS] RUNTIME_SOURCE_PASS expected=57d9ab8e25de3b2404e983e9a139d78b151a58f8 observed=57d9ab8e25de3b2404e983e9a139d78b151a58f8
[M15.WIDE.SHARD] EMPTY
[P38.GCS] RUNTIME_SOURCE_PASS expected=57d9ab8e25de3b2404e983e9a139d78b151a58f8 observed=57d9ab8e25de3b2404e983e9a139d78b151a58f8
[M15.WIDE.SHARD] EMPTY
[P38.GCS] RUNTIME_SOURCE_PASS expected=57d9ab8e25de3b2404e983e9a139d78b151a58f8 observed=57d9ab8e25de3b2404e983e9a139d78b151a58f8
[M15.WIDE.SHARD] EMPTY
[P38.GCS] RUNTIME_SOURCE_PASS expected=57d9ab8e25de3b2404e983e9a139d78b151a58f8 observed=57d9ab8e25de3b2404e983e9a139d78b151a58f8
[M15.WIDE.SHARD] EMPTY
[P38.GCS] RUNTIME_SOURCE_PASS expected=57d9ab8e25de3b2404e983e9a139d78b151a58f8 observed=57d9ab8e25de3b2404e983e9a139d78b151a58f8
[M15.WIDE.SHARD] EMPTY
[P38.GCS] RUNTIME_SOURCE_PASS expected=57d9ab8e25de3b2404e983e9a139d78b151a58f8 observed=57d9ab8e25de3b2404e983e9a139d78b151a58f8
[M15.WIDE.SHARD] EMPTY
[P38.GCS] RUNTIME_SOURCE_PASS expected=57d9ab8e25de3b2404e983e9a139d78b151a58f8 observed=57d9ab8e25de3b2404e983e9a139d78b151a58f8
[M15.WIDE.SHARD] EMPTY
[P38.GCS] RUNTIME_SOURCE_PASS expected=57d9ab8e25de3b2404e983e9a139d78b151a58f8 observed=57d9ab8e25de3b2404e983e9a139d78b151a58f8
[M15.WIDE.SHARD] EMPTY
[P38.GCS] RUNTIME_SOURCE_PASS expected=57d9ab8e25de3b2404e983e9a139d78b151a58f8 observed=57d9ab8e25de3b2404e983e9a139d78b151a58f8
[M15.WIDE.SHARD] EMPTY
[P38.GCS] RUNTIME_SOURCE_PASS expected=57d9ab8e25de3b2404e983e9a139d78b151a58f8 observed=57d9ab8e25de3b2404e983e9a139d78b151a58f8
[M15.WIDE.SHARD] EMPTY
[P38.GCS] RUNTIME_SOURCE_PASS expected=57d9ab8e25de3b2404e983e9a139d78b151a58f8 observed=57d9ab8e25de3b2404e983e9a139d78b151a58f8
[M15.WIDE.SHARD] EMPTY
[P38.GCS] RUNTIME_SOURCE_PASS expected=57d9ab8e25de3b2404e983e9a139d78b151a58f8 observed=57d9ab8e25de3b2404e983e9a139d78b151a58f8
[M15.WIDE.SHARD] EMPTY
[P38.GCS] RUNTIME_SOURCE_PASS expected=57d9ab8e25de3b2404e983e9a139d78b151a58f8 observed=57d9ab8e25de3b2404e983e9a139d78b151a58f8
[M15.WIDE.SHARD] EMPTY
[P38.GCS] RUNTIME_SOURCE_PASS expected=57d9ab8e25de3b2404e983e9a139d78b151a58f8 observed=57d9ab8e25de3b2404e983e9a139d78b151a58f8
[M15.WIDE.SHARD] EMPTY
[P38.GCS] RUNTIME_SOURCE_PASS expected=57d9ab8e25de3b2404e983e9a139d78b151a58f8 observed=57d9ab8e25de3b2404e983e9a139d78b151a58f8
[M15.WIDE.SHARD] EMPTY
[P38.GCS] RUNTIME_SOURCE_PASS expected=57d9ab8e25de3b2404e983e9a139d78b151a58f8 observed=57d9ab8e25de3b2404e983e9a139d78b151a58f8
[M15.WIDE.SHARD] EMPTY
[P38.GCS] RUNTIME_SOURCE_PASS expected=57d9ab8e25de3b2404e983e9a139d78b151a58f8 observed=57d9ab8e25de3b2404e983e9a139d78b151a58f8
[M15.WIDE.SHARD] EMPTY
[P38.GCS] RUNTIME_SOURCE_PASS expected=57d9ab8e25de3b2404e983e9a139d78b151a58f8 observed=57d9ab8e25de3b2404e983e9a139d78b151a58f8
[M15.WIDE.SHARD] EMPTY
[P38.GCS] RUNTIME_SOURCE_PASS expected=57d9ab8e25de3b2404e983e9a139d78b151a58f8 observed=57d9ab8e25de3b2404e983e9a139d78b151a58f8
[M15.WIDE.SHARD] EMPTY
[P38.GCS] RUNTIME_SOURCE_PASS expected=57d9ab8e25de3b2404e983e9a139d78b151a58f8 observed=57d9ab8e25de3b2404e983e9a139d78b151a58f8
[M15.WIDE.SHARD] EMPTY
[P38.GCS] RUNTIME_SOURCE_PASS expected=57d9ab8e25de3b2404e983e9a139d78b151a58f8 observed=57d9ab8e25de3b2404e983e9a139d78b151a58f8
[M15.WIDE.SHARD] STAGED sequence=0 pairs=6 bytes=681067
[P38.ARCHIVE] CREATED path=/tmp/canon-state/canon-v1-apc-m15-on-d34-57d9ab8e/p38_m15_wide_shards/round-000000/000000.tar logical_files=13 sha256=ee70fba9497125b423d4dc39137014847bee78e8ba0f45a7537893111e0b234c
[P38.ARCHIVE] VERIFIED path=/tmp/tmp.xnZumojb92/SHARD_ARCHIVE.tar logical_files=13 sha256=ee70fba9497125b423d4dc39137014847bee78e8ba0f45a7537893111e0b234c
[P38.GCS] M15_SHARD_COMPLETE sequence=000000 round=0 pairs=6 archive_sha256=ee70fba9497125b423d4dc39137014847bee78e8ba0f45a7537893111e0b234c manifest_sha256=3ff7023b6c0178a777e2a2fab4c4e0f743a317ef8df0efe7981e0e60350d0c56
[P38.GCS] RUNTIME_SOURCE_PASS expected=57d9ab8e25de3b2404e983e9a139d78b151a58f8 observed=57d9ab8e25de3b2404e983e9a139d78b151a58f8
[M15.WIDE.SHARD] STAGED sequence=1 pairs=32 bytes=1481997
[P38.ARCHIVE] CREATED path=/tmp/canon-state/canon-v1-apc-m15-on-d34-57d9ab8e/p38_m15_wide_shards/round-000000/000001.tar logical_files=65 sha256=f1ff64cc64bfa95803eaacf9419992bc7fd951872708a046b456432a05c130ff
[P38.ARCHIVE] VERIFIED path=/tmp/tmp.Q8Tc8GLN13/SHARD_ARCHIVE.tar logical_files=65 sha256=f1ff64cc64bfa95803eaacf9419992bc7fd951872708a046b456432a05c130ff
[P38.GCS] M15_SHARD_COMPLETE sequence=000001 round=0 pairs=32 archive_sha256=f1ff64cc64bfa95803eaacf9419992bc7fd951872708a046b456432a05c130ff manifest_sha256=94ea4e1d5d9ef11e885023d58acea5d1e3cb8312b9077fd42a51746f67a1ad96
[P38.GCS] RUNTIME_SOURCE_PASS expected=57d9ab8e25de3b2404e983e9a139d78b151a58f8 observed=57d9ab8e25de3b2404e983e9a139d78b151a58f8
[M15.WIDE.SHARD] STAGED sequence=2 pairs=32 bytes=1801518
[P38.ARCHIVE] CREATED path=/tmp/canon-state/canon-v1-apc-m15-on-d34-57d9ab8e/p38_m15_wide_shards/round-000000/000002.tar logical_files=65 sha256=fe747a78c9eba6d0a63a6e23a6893939820bb2402af9df5ad63a605fe0e34316
[P38.ARCHIVE] VERIFIED path=/tmp/tmp.jH2iLRbzQB/SHARD_ARCHIVE.tar logical_files=65 sha256=fe747a78c9eba6d0a63a6e23a6893939820bb2402af9df5ad63a605fe0e34316
[P38.GCS] M15_SHARD_COMPLETE sequence=000002 round=0 pairs=32 archive_sha256=fe747a78c9eba6d0a63a6e23a6893939820bb2402af9df5ad63a605fe0e34316 manifest_sha256=2bbdb5d9e3f0f536861caf355c7f577281abfb078977980fbe86997053579480
[P38.GCS] RUNTIME_SOURCE_PASS expected=57d9ab8e25de3b2404e983e9a139d78b151a58f8 observed=57d9ab8e25de3b2404e983e9a139d78b151a58f8
[M15.WIDE.SHARD] STAGED sequence=3 pairs=32 bytes=1627309
[P38.ARCHIVE] CREATED path=/tmp/canon-state/canon-v1-apc-m15-on-d34-57d9ab8e/p38_m15_wide_shards/round-000000/000003.tar logical_files=65 sha256=ccca3d6d7406c97dd14d04f5e6ecda794309abe83782a593a4a64705dff1ac71
[P38.ARCHIVE] VERIFIED path=/tmp/tmp.xj8Z4FWtNz/SHARD_ARCHIVE.tar logical_files=65 sha256=ccca3d6d7406c97dd14d04f5e6ecda794309abe83782a593a4a64705dff1ac71
[P38.GCS] M15_SHARD_COMPLETE sequence=000003 round=0 pairs=32 archive_sha256=ccca3d6d7406c97dd14d04f5e6ecda794309abe83782a593a4a64705dff1ac71 manifest_sha256=dd80af64b577ed3b0b36a238b2d8eb70d0ade7af613a8294b1c6ed76b772a864
[P38.GCS] RUNTIME_SOURCE_PASS expected=57d9ab8e25de3b2404e983e9a139d78b151a58f8 observed=57d9ab8e25de3b2404e983e9a139d78b151a58f8
[M15.WIDE.SHARD] STAGED sequence=4 pairs=32 bytes=1800613
[P38.ARCHIVE] CREATED path=/tmp/canon-state/canon-v1-apc-m15-on-d34-57d9ab8e/p38_m15_wide_shards/round-000000/000004.tar logical_files=65 sha256=5f27d49d152c95ded44cba3ec3e07991a82681d60e4bfb59a8e28950b85380bb
[P38.ARCHIVE] VERIFIED path=/tmp/tmp.W3V8X37Qwa/SHARD_ARCHIVE.tar logical_files=65 sha256=5f27d49d152c95ded44cba3ec3e07991a82681d60e4bfb59a8e28950b85380bb
[P38.GCS] M15_SHARD_COMPLETE sequence=000004 round=0 pairs=32 archive_sha256=5f27d49d152c95ded44cba3ec3e07991a82681d60e4bfb59a8e28950b85380bb manifest_sha256=73abeb1730e04ede7507a91890b00dced9be8297622cbc420544f6212ef14891
[P38.GCS] RUNTIME_SOURCE_PASS expected=57d9ab8e25de3b2404e983e9a139d78b151a58f8 observed=57d9ab8e25de3b2404e983e9a139d78b151a58f8
[M15.WIDE.SHARD] STAGED sequence=5 pairs=32 bytes=1873059
[P38.ARCHIVE] CREATED path=/tmp/canon-state/canon-v1-apc-m15-on-d34-57d9ab8e/p38_m15_wide_shards/round-000000/000005.tar logical_files=65 sha256=2f129970d975efec4874fdb39ee4e69ae91dfbb38948686cb6b465bc49aada46
[P38.ARCHIVE] VERIFIED path=/tmp/tmp.c3vitHGwd1/SHARD_ARCHIVE.tar logical_files=65 sha256=2f129970d975efec4874fdb39ee4e69ae91dfbb38948686cb6b465bc49aada46
[P38.GCS] M15_SHARD_COMPLETE sequence=000005 round=0 pairs=32 archive_sha256=2f129970d975efec4874fdb39ee4e69ae91dfbb38948686cb6b465bc49aada46 manifest_sha256=aef7a01f5594dc58c27fb025c620a782669095659a5ae9499ddb3f37a63f2f94
[P38.GCS] RUNTIME_SOURCE_PASS expected=57d9ab8e25de3b2404e983e9a139d78b151a58f8 observed=57d9ab8e25de3b2404e983e9a139d78b151a58f8
[M15.WIDE.SHARD] STAGED sequence=6 pairs=32 bytes=1346538
[P38.ARCHIVE] CREATED path=/tmp/canon-state/canon-v1-apc-m15-on-d34-57d9ab8e/p38_m15_wide_shards/round-000000/000006.tar logical_files=65 sha256=5c9a650f55c0d9662a93bcc2bd1bff5cfecb4341d321b545091d817d172b49df
[P38.ARCHIVE] VERIFIED path=/tmp/tmp.EfswcDvwov/SHARD_ARCHIVE.tar logical_files=65 sha256=5c9a650f55c0d9662a93bcc2bd1bff5cfecb4341d321b545091d817d172b49df
[P38.GCS] M15_SHARD_COMPLETE sequence=000006 round=0 pairs=32 archive_sha256=5c9a650f55c0d9662a93bcc2bd1bff5cfecb4341d321b545091d817d172b49df manifest_sha256=bfa7a4123cb8f5006b4742f9db7d4d2ecd880e8b65728542c420607f14bfe81d
[P38.GCS] RUNTIME_SOURCE_PASS expected=57d9ab8e25de3b2404e983e9a139d78b151a58f8 observed=57d9ab8e25de3b2404e983e9a139d78b151a58f8
[M15.WIDE.SHARD] STAGED sequence=7 pairs=32 bytes=3904905
[P38.ARCHIVE] CREATED path=/tmp/canon-state/canon-v1-apc-m15-on-d34-57d9ab8e/p38_m15_wide_shards/round-000000/000007.tar logical_files=65 sha256=17308a0ace0d00ee600772ad11d45d4d8e2b1a80e34c0adbf9dfb7386617b566
[P38.ARCHIVE] VERIFIED path=/tmp/tmp.d6ycyp2kRU/SHARD_ARCHIVE.tar logical_files=65 sha256=17308a0ace0d00ee600772ad11d45d4d8e2b1a80e34c0adbf9dfb7386617b566
[P38.GCS] M15_SHARD_COMPLETE sequence=000007 round=0 pairs=32 archive_sha256=17308a0ace0d00ee600772ad11d45d4d8e2b1a80e34c0adbf9dfb7386617b566 manifest_sha256=cdadd162bc57c8d958ace49cc153995f2ce47a6916e8c93d0437416cf77e0f70
[P38.GCS] RUNTIME_SOURCE_PASS expected=57d9ab8e25de3b2404e983e9a139d78b151a58f8 observed=57d9ab8e25de3b2404e983e9a139d78b151a58f8
[M15.WIDE.SHARD] STAGED sequence=8 pairs=32 bytes=4062966
[P38.ARCHIVE] CREATED path=/tmp/canon-state/canon-v1-apc-m15-on-d34-57d9ab8e/p38_m15_wide_shards/round-000000/000008.tar logical_files=65 sha256=e1aa0dfd6ed9f4056242ce11c711434fee9a967261b63c46220c2ccfa55e30a3
[P38.ARCHIVE] VERIFIED path=/tmp/tmp.uodVd4k0Hv/SHARD_ARCHIVE.tar logical_files=65 sha256=e1aa0dfd6ed9f4056242ce11c711434fee9a967261b63c46220c2ccfa55e30a3
[P38.GCS] M15_SHARD_COMPLETE sequence=000008 round=0 pairs=32 archive_sha256=e1aa0dfd6ed9f4056242ce11c711434fee9a967261b63c46220c2ccfa55e30a3 manifest_sha256=9c6329e38bf7328bf3533fb4b01fd02d5f4777c5d18c971958054a6d7f81d779
[P38.GCS] RUNTIME_SOURCE_PASS expected=57d9ab8e25de3b2404e983e9a139d78b151a58f8 observed=57d9ab8e25de3b2404e983e9a139d78b151a58f8
[M15.WIDE.SHARD] STAGED sequence=9 pairs=32 bytes=4400249
[P38.ARCHIVE] CREATED path=/tmp/canon-state/canon-v1-apc-m15-on-d34-57d9ab8e/p38_m15_wide_shards/round-000000/000009.tar logical_files=65 sha256=d2dd76899ce1c7ffd9b63c3bcf7d7f48f526b360d9ac89543214ffcad575346b
[P38.ARCHIVE] VERIFIED path=/tmp/tmp.ZAO4wq9wI9/SHARD_ARCHIVE.tar logical_files=65 sha256=d2dd76899ce1c7ffd9b63c3bcf7d7f48f526b360d9ac89543214ffcad575346b
[P38.GCS] M15_SHARD_COMPLETE sequence=000009 round=0 pairs=32 archive_sha256=d2dd76899ce1c7ffd9b63c3bcf7d7f48f526b360d9ac89543214ffcad575346b manifest_sha256=883d27093967e7dea70157b996e45190a58126792b476629ec4bc4e104d74326
[P38.GCS] RUNTIME_SOURCE_PASS expected=57d9ab8e25de3b2404e983e9a139d78b151a58f8 observed=57d9ab8e25de3b2404e983e9a139d78b151a58f8
[M15.WIDE.SHARD] STAGED sequence=10 pairs=32 bytes=4490807
[P38.ARCHIVE] CREATED path=/tmp/canon-state/canon-v1-apc-m15-on-d34-57d9ab8e/p38_m15_wide_shards/round-000000/000010.tar logical_files=65 sha256=0223bbaad8c18761a469f679657a6c70ab6b3fc64e91620e7e723ae78b30a7b5
[P38.ARCHIVE] VERIFIED path=/tmp/tmp.kQ4n69af1s/SHARD_ARCHIVE.tar logical_files=65 sha256=0223bbaad8c18761a469f679657a6c70ab6b3fc64e91620e7e723ae78b30a7b5
[P38.GCS] M15_SHARD_COMPLETE sequence=000010 round=0 pairs=32 archive_sha256=0223bbaad8c18761a469f679657a6c70ab6b3fc64e91620e7e723ae78b30a7b5 manifest_sha256=1e5603652a9e194c6465f18fedfdee9ead18bd179374fe4c5a6b51e423f27e4c
[P38.GCS] RUNTIME_SOURCE_PASS expected=57d9ab8e25de3b2404e983e9a139d78b151a58f8 observed=57d9ab8e25de3b2404e983e9a139d78b151a58f8
[M15.WIDE.SHARD] STAGED sequence=11 pairs=32 bytes=4324847
[P38.ARCHIVE] CREATED path=/tmp/canon-state/canon-v1-apc-m15-on-d34-57d9ab8e/p38_m15_wide_shards/round-000000/000011.tar logical_files=65 sha256=09074bad65dcace6de41426fd83723396c4b69f7513e456c1dd5f84d24b5e0b7
[P38.ARCHIVE] VERIFIED path=/tmp/tmp.geLJuZtCXE/SHARD_ARCHIVE.tar logical_files=65 sha256=09074bad65dcace6de41426fd83723396c4b69f7513e456c1dd5f84d24b5e0b7
[P38.GCS] M15_SHARD_COMPLETE sequence=000011 round=0 pairs=32 archive_sha256=09074bad65dcace6de41426fd83723396c4b69f7513e456c1dd5f84d24b5e0b7 manifest_sha256=fd7f1fc5a177692553667d116f419eba05b680af137f22183e6e6dd97fc95504
[P38.GCS] RUNTIME_SOURCE_PASS expected=57d9ab8e25de3b2404e983e9a139d78b151a58f8 observed=57d9ab8e25de3b2404e983e9a139d78b151a58f8
[M15.WIDE.SHARD] STAGED sequence=12 pairs=32 bytes=4438908
[P38.ARCHIVE] CREATED path=/tmp/canon-state/canon-v1-apc-m15-on-d34-57d9ab8e/p38_m15_wide_shards/round-000000/000012.tar logical_files=65 sha256=7b63678ffe7e5a183e32df7dda5b7c0c4d18332355fa68a4b5cea2000743e8e4
[P38.ARCHIVE] VERIFIED path=/tmp/tmp.mRiK6NASwm/SHARD_ARCHIVE.tar logical_files=65 sha256=7b63678ffe7e5a183e32df7dda5b7c0c4d18332355fa68a4b5cea2000743e8e4
[P38.GCS] M15_SHARD_COMPLETE sequence=000012 round=0 pairs=32 archive_sha256=7b63678ffe7e5a183e32df7dda5b7c0c4d18332355fa68a4b5cea2000743e8e4 manifest_sha256=304cf3fb59c3b5fd23060366e1492d101d9a05c51ec91a6e590f56bf7d934885
[P38.GCS] RUNTIME_SOURCE_PASS expected=57d9ab8e25de3b2404e983e9a139d78b151a58f8 observed=57d9ab8e25de3b2404e983e9a139d78b151a58f8
[M15.WIDE.SHARD] STAGED sequence=13 pairs=32 bytes=4566575
[P38.ARCHIVE] CREATED path=/tmp/canon-state/canon-v1-apc-m15-on-d34-57d9ab8e/p38_m15_wide_shards/round-000000/000013.tar logical_files=65 sha256=28c99331627e2440a855dae129d90e1b9b295eca8e1a51c112209ec755d0a9e5
[P38.ARCHIVE] VERIFIED path=/tmp/tmp.HvEcWbjTud/SHARD_ARCHIVE.tar logical_files=65 sha256=28c99331627e2440a855dae129d90e1b9b295eca8e1a51c112209ec755d0a9e5
[P38.GCS] M15_SHARD_COMPLETE sequence=000013 round=0 pairs=32 archive_sha256=28c99331627e2440a855dae129d90e1b9b295eca8e1a51c112209ec755d0a9e5 manifest_sha256=0d2eccd0afc0a35f58abc39fad669360323cc790fba36c77f5fbe35dd5f908e5
[P38.GCS] RUNTIME_SOURCE_PASS expected=57d9ab8e25de3b2404e983e9a139d78b151a58f8 observed=57d9ab8e25de3b2404e983e9a139d78b151a58f8
[M15.WIDE.SHARD] STAGED sequence=14 pairs=32 bytes=4661483
[P38.ARCHIVE] CREATED path=/tmp/canon-state/canon-v1-apc-m15-on-d34-57d9ab8e/p38_m15_wide_shards/round-000000/000014.tar logical_files=65 sha256=2e580a9822f1de574f6263395ce8569776c3fb679a6d5d5da97257284d432fa2
[P38.ARCHIVE] VERIFIED path=/tmp/tmp.8irTY5EESa/SHARD_ARCHIVE.tar logical_files=65 sha256=2e580a9822f1de574f6263395ce8569776c3fb679a6d5d5da97257284d432fa2
[P38.GCS] M15_SHARD_COMPLETE sequence=000014 round=0 pairs=32 archive_sha256=2e580a9822f1de574f6263395ce8569776c3fb679a6d5d5da97257284d432fa2 manifest_sha256=093c471017026c95a07d2ba5f7eb6882d3961a0249cb9112202ca91a4480fb1b
[P38.GCS] RUNTIME_SOURCE_PASS expected=57d9ab8e25de3b2404e983e9a139d78b151a58f8 observed=57d9ab8e25de3b2404e983e9a139d78b151a58f8
[M15.WIDE.SHARD] STAGED sequence=15 pairs=32 bytes=4600120
[P38.ARCHIVE] CREATED path=/tmp/canon-state/canon-v1-apc-m15-on-d34-57d9ab8e/p38_m15_wide_shards/round-000000/000015.tar logical_files=65 sha256=bfa1982cc99bdcf3586f497134677df18bcffa600fda59531ea37305d0dcaa00
[P38.ARCHIVE] VERIFIED path=/tmp/tmp.8byjPE5ydX/SHARD_ARCHIVE.tar logical_files=65 sha256=bfa1982cc99bdcf3586f497134677df18bcffa600fda59531ea37305d0dcaa00
[P38.GCS] M15_SHARD_COMPLETE sequence=000015 round=0 pairs=32 archive_sha256=bfa1982cc99bdcf3586f497134677df18bcffa600fda59531ea37305d0dcaa00 manifest_sha256=b5d91a55fb58be226bb6ce6cfc0b96c79ac0925aedac4338d66af6df75671938
[P38.GCS] RUNTIME_SOURCE_PASS expected=57d9ab8e25de3b2404e983e9a139d78b151a58f8 observed=57d9ab8e25de3b2404e983e9a139d78b151a58f8
[M15.WIDE.SHARD] STAGED sequence=16 pairs=32 bytes=4843032
[P38.ARCHIVE] CREATED path=/tmp/canon-state/canon-v1-apc-m15-on-d34-57d9ab8e/p38_m15_wide_shards/round-000000/000016.tar logical_files=65 sha256=cd18df2bb56769eb0a055ae8725c655dea87bc8413d46330186fd75548200ed0
[P38.ARCHIVE] VERIFIED path=/tmp/tmp.IkE1mdBGIx/SHARD_ARCHIVE.tar logical_files=65 sha256=cd18df2bb56769eb0a055ae8725c655dea87bc8413d46330186fd75548200ed0
[P38.GCS] M15_SHARD_COMPLETE sequence=000016 round=0 pairs=32 archive_sha256=cd18df2bb56769eb0a055ae8725c655dea87bc8413d46330186fd75548200ed0 manifest_sha256=85112e14012c8a8227da19b71d9ba66f64351252cfa7b58b425cd7e6e0289d6e
[P38.GCS] RUNTIME_SOURCE_PASS expected=57d9ab8e25de3b2404e983e9a139d78b151a58f8 observed=57d9ab8e25de3b2404e983e9a139d78b151a58f8
[M15.WIDE.SHARD] STAGED sequence=17 pairs=32 bytes=4264480
[P38.ARCHIVE] CREATED path=/tmp/canon-state/canon-v1-apc-m15-on-d34-57d9ab8e/p38_m15_wide_shards/round-000000/000017.tar logical_files=65 sha256=38f18e0ba7539991f24d908037a5dfae5c23b02c491382ff870ddb5f9814d140
[P38.ARCHIVE] VERIFIED path=/tmp/tmp.58kuX3KSCz/SHARD_ARCHIVE.tar logical_files=65 sha256=38f18e0ba7539991f24d908037a5dfae5c23b02c491382ff870ddb5f9814d140
[P38.GCS] M15_SHARD_COMPLETE sequence=000017 round=0 pairs=32 archive_sha256=38f18e0ba7539991f24d908037a5dfae5c23b02c491382ff870ddb5f9814d140 manifest_sha256=c48be3dae059992a0569835de0633b1c4da2746660d482701a932bd0e79ee990
[P38.GCS] RUNTIME_SOURCE_PASS expected=57d9ab8e25de3b2404e983e9a139d78b151a58f8 observed=57d9ab8e25de3b2404e983e9a139d78b151a58f8
[M15.WIDE.SHARD] STAGED sequence=18 pairs=32 bytes=4478983
[P38.ARCHIVE] CREATED path=/tmp/canon-state/canon-v1-apc-m15-on-d34-57d9ab8e/p38_m15_wide_shards/round-000000/000018.tar logical_files=65 sha256=4a48c31980f57f25b877c11937309e14d6989501589409cef6c5d64ea61b55a9
[P38.ARCHIVE] VERIFIED path=/tmp/tmp.TXV6TDaLKo/SHARD_ARCHIVE.tar logical_files=65 sha256=4a48c31980f57f25b877c11937309e14d6989501589409cef6c5d64ea61b55a9
[P38.GCS] M15_SHARD_COMPLETE sequence=000018 round=0 pairs=32 archive_sha256=4a48c31980f57f25b877c11937309e14d6989501589409cef6c5d64ea61b55a9 manifest_sha256=08874bb8e85a9d666105ad84c8b67b2b27644269673689dcee1ee43442c5274d
[P38.GCS] RUNTIME_SOURCE_PASS expected=57d9ab8e25de3b2404e983e9a139d78b151a58f8 observed=57d9ab8e25de3b2404e983e9a139d78b151a58f8
[M15.WIDE.SHARD] STAGED sequence=19 pairs=32 bytes=4386474
[P38.ARCHIVE] CREATED path=/tmp/canon-state/canon-v1-apc-m15-on-d34-57d9ab8e/p38_m15_wide_shards/round-000000/000019.tar logical_files=65 sha256=b28738ea2c3c22df78d5a6d9bd070ae4fbb86dcfcee4df3efc6e2d75d0773d50
[P38.ARCHIVE] VERIFIED path=/tmp/tmp.0foIrEXBlE/SHARD_ARCHIVE.tar logical_files=65 sha256=b28738ea2c3c22df78d5a6d9bd070ae4fbb86dcfcee4df3efc6e2d75d0773d50
[P38.GCS] M15_SHARD_COMPLETE sequence=000019 round=0 pairs=32 archive_sha256=b28738ea2c3c22df78d5a6d9bd070ae4fbb86dcfcee4df3efc6e2d75d0773d50 manifest_sha256=d3b29f53aa9cd04195a0ad50d2f0a4336dac598f2f1b7103b34076966bf15fcf
[P38.GCS] RUNTIME_SOURCE_PASS expected=57d9ab8e25de3b2404e983e9a139d78b151a58f8 observed=57d9ab8e25de3b2404e983e9a139d78b151a58f8
[M15.WIDE.SHARD] STAGED sequence=20 pairs=32 bytes=4339065
[P38.ARCHIVE] CREATED path=/tmp/canon-state/canon-v1-apc-m15-on-d34-57d9ab8e/p38_m15_wide_shards/round-000000/000020.tar logical_files=65 sha256=82f6c2d424555e289284ecda804af797d8280df54fb69f4da6d053abe6b82c6f
[P38.ARCHIVE] VERIFIED path=/tmp/tmp.YwfR5pQ1uS/SHARD_ARCHIVE.tar logical_files=65 sha256=82f6c2d424555e289284ecda804af797d8280df54fb69f4da6d053abe6b82c6f
[P38.GCS] M15_SHARD_COMPLETE sequence=000020 round=0 pairs=32 archive_sha256=82f6c2d424555e289284ecda804af797d8280df54fb69f4da6d053abe6b82c6f manifest_sha256=114ac75a57e650b7f24e78835bf935a43509a240bdd8d8e1a5ace18ff0f5f199
[P38.GCS] RUNTIME_SOURCE_PASS expected=57d9ab8e25de3b2404e983e9a139d78b151a58f8 observed=57d9ab8e25de3b2404e983e9a139d78b151a58f8
[M15.WIDE.SHARD] STAGED sequence=21 pairs=32 bytes=4297610
[P38.ARCHIVE] CREATED path=/tmp/canon-state/canon-v1-apc-m15-on-d34-57d9ab8e/p38_m15_wide_shards/round-000000/000021.tar logical_files=65 sha256=6cec09244396f826906c65fd08ae8be0057820da9fa2905af392e2bde96c52d1
[P38.ARCHIVE] VERIFIED path=/tmp/tmp.A6lYMqWVkI/SHARD_ARCHIVE.tar logical_files=65 sha256=6cec09244396f826906c65fd08ae8be0057820da9fa2905af392e2bde96c52d1
[P38.GCS] M15_SHARD_COMPLETE sequence=000021 round=0 pairs=32 archive_sha256=6cec09244396f826906c65fd08ae8be0057820da9fa2905af392e2bde96c52d1 manifest_sha256=a20f6fc46b2a980c4716cfba82462d5635d7820ecea6edcb3f2fe535a745f2cd
[P38.GCS] RUNTIME_SOURCE_PASS expected=57d9ab8e25de3b2404e983e9a139d78b151a58f8 observed=57d9ab8e25de3b2404e983e9a139d78b151a58f8
[M15.WIDE.SHARD] STAGED sequence=22 pairs=32 bytes=4915819
[P38.ARCHIVE] CREATED path=/tmp/canon-state/canon-v1-apc-m15-on-d34-57d9ab8e/p38_m15_wide_shards/round-000000/000022.tar logical_files=65 sha256=6743124ae7f9e2f0b7aa2ef24410002f9d39d6fbae830ad01f56f9e39cf42fa4
[P38.ARCHIVE] VERIFIED path=/tmp/tmp.Mn7IrBLUMB/SHARD_ARCHIVE.tar logical_files=65 sha256=6743124ae7f9e2f0b7aa2ef24410002f9d39d6fbae830ad01f56f9e39cf42fa4
[P38.GCS] M15_SHARD_COMPLETE sequence=000022 round=0 pairs=32 archive_sha256=6743124ae7f9e2f0b7aa2ef24410002f9d39d6fbae830ad01f56f9e39cf42fa4 manifest_sha256=7d50a0e5a5867a50e135e334aca82244c2a5f7fbfd08467c7609603ceb5406a8
[P38.GCS] RUNTIME_SOURCE_PASS expected=57d9ab8e25de3b2404e983e9a139d78b151a58f8 observed=57d9ab8e25de3b2404e983e9a139d78b151a58f8
[M15.WIDE.SHARD] STAGED sequence=23 pairs=32 bytes=4545470
[P38.ARCHIVE] CREATED path=/tmp/canon-state/canon-v1-apc-m15-on-d34-57d9ab8e/p38_m15_wide_shards/round-000000/000023.tar logical_files=65 sha256=8e04b93ee8c55c0a49e1002cce73f48ceefecb347e7e82da719de16d89419acb
[P38.ARCHIVE] VERIFIED path=/tmp/tmp.ift0dZLKXm/SHARD_ARCHIVE.tar logical_files=65 sha256=8e04b93ee8c55c0a49e1002cce73f48ceefecb347e7e82da719de16d89419acb
[P38.GCS] M15_SHARD_COMPLETE sequence=000023 round=0 pairs=32 archive_sha256=8e04b93ee8c55c0a49e1002cce73f48ceefecb347e7e82da719de16d89419acb manifest_sha256=1d741d05ab9c53f2326299d4d266ce80c8382c48faf96b88f5fd581cf2b1ff91
[P38.GCS] RUNTIME_SOURCE_PASS expected=57d9ab8e25de3b2404e983e9a139d78b151a58f8 observed=57d9ab8e25de3b2404e983e9a139d78b151a58f8
[M15.WIDE.SHARD] STAGED sequence=24 pairs=32 bytes=4363776
[P38.ARCHIVE] CREATED path=/tmp/canon-state/canon-v1-apc-m15-on-d34-57d9ab8e/p38_m15_wide_shards/round-000000/000024.tar logical_files=65 sha256=0863ebacf9a32e0bc4f2565296eaa0ae4a7bcc48abe1ba350ffa1499769d0aa4
[P38.ARCHIVE] VERIFIED path=/tmp/tmp.webegig9nY/SHARD_ARCHIVE.tar logical_files=65 sha256=0863ebacf9a32e0bc4f2565296eaa0ae4a7bcc48abe1ba350ffa1499769d0aa4
[P38.GCS] M15_SHARD_COMPLETE sequence=000024 round=0 pairs=32 archive_sha256=0863ebacf9a32e0bc4f2565296eaa0ae4a7bcc48abe1ba350ffa1499769d0aa4 manifest_sha256=75f3c5311999a16caab057cda040d070ddc61a7d87a73fdf5014a74d8b9b40bf
[P38.GCS] RUNTIME_SOURCE_PASS expected=57d9ab8e25de3b2404e983e9a139d78b151a58f8 observed=57d9ab8e25de3b2404e983e9a139d78b151a58f8
[M15.WIDE.SHARD] STAGED sequence=25 pairs=32 bytes=4257407
[P38.ARCHIVE] CREATED path=/tmp/canon-state/canon-v1-apc-m15-on-d34-57d9ab8e/p38_m15_wide_shards/round-000000/000025.tar logical_files=65 sha256=cce6c9c6b7f865d5ea18533f68bb071b4fdd6d9353d3c124bcbc3534c69261d0
[P38.ARCHIVE] VERIFIED path=/tmp/tmp.YF0RYqlD7U/SHARD_ARCHIVE.tar logical_files=65 sha256=cce6c9c6b7f865d5ea18533f68bb071b4fdd6d9353d3c124bcbc3534c69261d0
[P38.GCS] M15_SHARD_COMPLETE sequence=000025 round=0 pairs=32 archive_sha256=cce6c9c6b7f865d5ea18533f68bb071b4fdd6d9353d3c124bcbc3534c69261d0 manifest_sha256=0c26b43853df7e8b2685a056767bfd0330e59f5bf3e01951136609b60e429b8f
[P38.GCS] RUNTIME_SOURCE_PASS expected=57d9ab8e25de3b2404e983e9a139d78b151a58f8 observed=57d9ab8e25de3b2404e983e9a139d78b151a58f8
[M15.WIDE.SHARD] STAGED sequence=26 pairs=32 bytes=4492609
[P38.ARCHIVE] CREATED path=/tmp/canon-state/canon-v1-apc-m15-on-d34-57d9ab8e/p38_m15_wide_shards/round-000000/000026.tar logical_files=65 sha256=a9fe23a3fb01401c7bfffa1fc681d713383b1858279736b1983bd0f712bdc8f8
[P38.ARCHIVE] VERIFIED path=/tmp/tmp.GqrEiAniTA/SHARD_ARCHIVE.tar logical_files=65 sha256=a9fe23a3fb01401c7bfffa1fc681d713383b1858279736b1983bd0f712bdc8f8
[P38.GCS] M15_SHARD_COMPLETE sequence=000026 round=0 pairs=32 archive_sha256=a9fe23a3fb01401c7bfffa1fc681d713383b1858279736b1983bd0f712bdc8f8 manifest_sha256=f4acdec8c93e75d40bb856a21c025beeed40ccfefe9f2fe4df7f36800859b035
[P38.GCS] RUNTIME_SOURCE_PASS expected=57d9ab8e25de3b2404e983e9a139d78b151a58f8 observed=57d9ab8e25de3b2404e983e9a139d78b151a58f8
[M15.WIDE.SHARD] STAGED sequence=27 pairs=32 bytes=4422539
[P38.ARCHIVE] CREATED path=/tmp/canon-state/canon-v1-apc-m15-on-d34-57d9ab8e/p38_m15_wide_shards/round-000000/000027.tar logical_files=65 sha256=bd8ea370ecb87c65a970e89a189b02dc99837aec047fb7a0c04b1c5264ba943f
[P38.ARCHIVE] VERIFIED path=/tmp/tmp.kqQa6XGpC2/SHARD_ARCHIVE.tar logical_files=65 sha256=bd8ea370ecb87c65a970e89a189b02dc99837aec047fb7a0c04b1c5264ba943f
[P38.GCS] M15_SHARD_COMPLETE sequence=000027 round=0 pairs=32 archive_sha256=bd8ea370ecb87c65a970e89a189b02dc99837aec047fb7a0c04b1c5264ba943f manifest_sha256=1d90d062e187c3d71a16ec52fdcfc2404d9ae63bc327e590517d73382faef473
[P38.GCS] RUNTIME_SOURCE_PASS expected=57d9ab8e25de3b2404e983e9a139d78b151a58f8 observed=57d9ab8e25de3b2404e983e9a139d78b151a58f8
[M15.WIDE.SHARD] STAGED sequence=28 pairs=32 bytes=4693894
[P38.ARCHIVE] CREATED path=/tmp/canon-state/canon-v1-apc-m15-on-d34-57d9ab8e/p38_m15_wide_shards/round-000000/000028.tar logical_files=65 sha256=41c9f8c94862661c7389c02b535d8797cf4758960a81c66f5873ec5a1256a7be
[P38.ARCHIVE] VERIFIED path=/tmp/tmp.5byN8yQLpR/SHARD_ARCHIVE.tar logical_files=65 sha256=41c9f8c94862661c7389c02b535d8797cf4758960a81c66f5873ec5a1256a7be
[P38.GCS] M15_SHARD_COMPLETE sequence=000028 round=0 pairs=32 archive_sha256=41c9f8c94862661c7389c02b535d8797cf4758960a81c66f5873ec5a1256a7be manifest_sha256=ffbd0ee3bdf95c4f8e78dbce302f0c2c2ed71ead07d9f2d0f0d6cf719ff90a17
[P38.GCS] RUNTIME_SOURCE_PASS expected=57d9ab8e25de3b2404e983e9a139d78b151a58f8 observed=57d9ab8e25de3b2404e983e9a139d78b151a58f8
[M15.WIDE.SHARD] STAGED sequence=29 pairs=32 bytes=4981992
[P38.ARCHIVE] CREATED path=/tmp/canon-state/canon-v1-apc-m15-on-d34-57d9ab8e/p38_m15_wide_shards/round-000000/000029.tar logical_files=65 sha256=6c660ca52d3a9490b32d4bd68b64774f66db86a33e153a4b9739b8439195169e
[P38.ARCHIVE] VERIFIED path=/tmp/tmp.3x6HI8lJIT/SHARD_ARCHIVE.tar logical_files=65 sha256=6c660ca52d3a9490b32d4bd68b64774f66db86a33e153a4b9739b8439195169e
[P38.GCS] M15_SHARD_COMPLETE sequence=000029 round=0 pairs=32 archive_sha256=6c660ca52d3a9490b32d4bd68b64774f66db86a33e153a4b9739b8439195169e manifest_sha256=14dd6d17f7ab1c39e68f9379bbb475170fd99619cf599851be62c067b5026ff2
[P38.GCS] RUNTIME_SOURCE_PASS expected=57d9ab8e25de3b2404e983e9a139d78b151a58f8 observed=57d9ab8e25de3b2404e983e9a139d78b151a58f8
[M15.WIDE.SHARD] STAGED sequence=30 pairs=32 bytes=4516856
[P38.ARCHIVE] CREATED path=/tmp/canon-state/canon-v1-apc-m15-on-d34-57d9ab8e/p38_m15_wide_shards/round-000000/000030.tar logical_files=65 sha256=a9592930d7d4f193d7a3d2428160fe5c8d522677b09eafce6b18815718892180
[P38.ARCHIVE] VERIFIED path=/tmp/tmp.x2x44WPTcY/SHARD_ARCHIVE.tar logical_files=65 sha256=a9592930d7d4f193d7a3d2428160fe5c8d522677b09eafce6b18815718892180
[P38.GCS] M15_SHARD_COMPLETE sequence=000030 round=0 pairs=32 archive_sha256=a9592930d7d4f193d7a3d2428160fe5c8d522677b09eafce6b18815718892180 manifest_sha256=bd7a3d9f0432be9cbed209ef7f5075ba4e62803b824d7dabd679ba0df22c693f
[P38.GCS] RUNTIME_SOURCE_PASS expected=57d9ab8e25de3b2404e983e9a139d78b151a58f8 observed=57d9ab8e25de3b2404e983e9a139d78b151a58f8
[M15.WIDE.SHARD] STAGED sequence=31 pairs=32 bytes=4093388
[P38.ARCHIVE] CREATED path=/tmp/canon-state/canon-v1-apc-m15-on-d34-57d9ab8e/p38_m15_wide_shards/round-000000/000031.tar logical_files=65 sha256=8e7445285556b0bbcf9a6070c59668e314eb272335ddd398319824ae00d32dd5
[P38.ARCHIVE] VERIFIED path=/tmp/tmp.wLBwcYiUny/SHARD_ARCHIVE.tar logical_files=65 sha256=8e7445285556b0bbcf9a6070c59668e314eb272335ddd398319824ae00d32dd5
[P38.GCS] M15_SHARD_COMPLETE sequence=000031 round=0 pairs=32 archive_sha256=8e7445285556b0bbcf9a6070c59668e314eb272335ddd398319824ae00d32dd5 manifest_sha256=03e2240245c956ce6b480f8e4bdc160c90474e01b9adcb5ecc899e2d0289504d
[P38.GCS] RUNTIME_SOURCE_PASS expected=57d9ab8e25de3b2404e983e9a139d78b151a58f8 observed=57d9ab8e25de3b2404e983e9a139d78b151a58f8
[M15.WIDE.SHARD] STAGED sequence=32 pairs=32 bytes=4460882
[P38.ARCHIVE] CREATED path=/tmp/canon-state/canon-v1-apc-m15-on-d34-57d9ab8e/p38_m15_wide_shards/round-000000/000032.tar logical_files=65 sha256=7de295d529a97c0e2418562879a373c32e8d381a5a47a15402dc4327468035fe
[P38.ARCHIVE] VERIFIED path=/tmp/tmp.97ErNGBsk6/SHARD_ARCHIVE.tar logical_files=65 sha256=7de295d529a97c0e2418562879a373c32e8d381a5a47a15402dc4327468035fe
[P38.GCS] M15_SHARD_COMPLETE sequence=000032 round=0 pairs=32 archive_sha256=7de295d529a97c0e2418562879a373c32e8d381a5a47a15402dc4327468035fe manifest_sha256=d4a90bbda8a7aca25dae41a8f631265a2aef971dcd2ebb39810d0ff74f1a0b11
[P38.GCS] RUNTIME_SOURCE_PASS expected=57d9ab8e25de3b2404e983e9a139d78b151a58f8 observed=57d9ab8e25de3b2404e983e9a139d78b151a58f8
[M15.WIDE.SHARD] STAGED sequence=33 pairs=32 bytes=4365779
[P38.ARCHIVE] CREATED path=/tmp/canon-state/canon-v1-apc-m15-on-d34-57d9ab8e/p38_m15_wide_shards/round-000000/000033.tar logical_files=65 sha256=e19f6076e2d2071d6df534843ee0757f685face8346a35d5ad0f6de80b26dd53
[P38.ARCHIVE] VERIFIED path=/tmp/tmp.RJC2HFVIVm/SHARD_ARCHIVE.tar logical_files=65 sha256=e19f6076e2d2071d6df534843ee0757f685face8346a35d5ad0f6de80b26dd53
[P38.GCS] M15_SHARD_COMPLETE sequence=000033 round=0 pairs=32 archive_sha256=e19f6076e2d2071d6df534843ee0757f685face8346a35d5ad0f6de80b26dd53 manifest_sha256=303a3725bb239c45aa258032322a19aeb754b0ff7cdbef51f6e53dca631c3c19
[P38.GCS] RUNTIME_SOURCE_PASS expected=57d9ab8e25de3b2404e983e9a139d78b151a58f8 observed=57d9ab8e25de3b2404e983e9a139d78b151a58f8
[M15.WIDE.SHARD] STAGED sequence=34 pairs=32 bytes=4447841
[P38.ARCHIVE] CREATED path=/tmp/canon-state/canon-v1-apc-m15-on-d34-57d9ab8e/p38_m15_wide_shards/round-000000/000034.tar logical_files=65 sha256=ef7438b52a99bbb7e55162f421672f163c60be82fa8b3405c4f33b5147362e97
[P38.ARCHIVE] VERIFIED path=/tmp/tmp.6JAaORNP9G/SHARD_ARCHIVE.tar logical_files=65 sha256=ef7438b52a99bbb7e55162f421672f163c60be82fa8b3405c4f33b5147362e97
[P38.GCS] M15_SHARD_COMPLETE sequence=000034 round=0 pairs=32 archive_sha256=ef7438b52a99bbb7e55162f421672f163c60be82fa8b3405c4f33b5147362e97 manifest_sha256=6bd7e540c3b0dd5cd74641ae3d92932136bf4039f0a1f73e449f7d88e20e8f51
[P38.GCS] RUNTIME_SOURCE_PASS expected=57d9ab8e25de3b2404e983e9a139d78b151a58f8 observed=57d9ab8e25de3b2404e983e9a139d78b151a58f8
[M15.WIDE.SHARD] STAGED sequence=35 pairs=32 bytes=4729356
[P38.ARCHIVE] CREATED path=/tmp/canon-state/canon-v1-apc-m15-on-d34-57d9ab8e/p38_m15_wide_shards/round-000000/000035.tar logical_files=65 sha256=3b3608b8f4a8d2296eecaa4010bda89f98b08bfd8fd7e7bfb9783bd28d88ccc3
[P38.ARCHIVE] VERIFIED path=/tmp/tmp.E2M6GurlDw/SHARD_ARCHIVE.tar logical_files=65 sha256=3b3608b8f4a8d2296eecaa4010bda89f98b08bfd8fd7e7bfb9783bd28d88ccc3
[P38.GCS] M15_SHARD_COMPLETE sequence=000035 round=0 pairs=32 archive_sha256=3b3608b8f4a8d2296eecaa4010bda89f98b08bfd8fd7e7bfb9783bd28d88ccc3 manifest_sha256=aa88be6e6917f6b7e30f97c7f77796830df18cde3ce9e7c73590283d10f0f433
[P38.GCS] RUNTIME_SOURCE_PASS expected=57d9ab8e25de3b2404e983e9a139d78b151a58f8 observed=57d9ab8e25de3b2404e983e9a139d78b151a58f8
[M15.WIDE.SHARD] STAGED sequence=36 pairs=32 bytes=4609686
[P38.ARCHIVE] CREATED path=/tmp/canon-state/canon-v1-apc-m15-on-d34-57d9ab8e/p38_m15_wide_shards/round-000000/000036.tar logical_files=65 sha256=fc39839747a7a30d6607371063df62c37303bb037f403bb8abd2e7ceeb2d324c
[P38.ARCHIVE] VERIFIED path=/tmp/tmp.CF3LbDOZRd/SHARD_ARCHIVE.tar logical_files=65 sha256=fc39839747a7a30d6607371063df62c37303bb037f403bb8abd2e7ceeb2d324c
[P38.GCS] M15_SHARD_COMPLETE sequence=000036 round=0 pairs=32 archive_sha256=fc39839747a7a30d6607371063df62c37303bb037f403bb8abd2e7ceeb2d324c manifest_sha256=4aa6a6ea175799eb985559ffe7b8fcdf6aa10ac52f6c813805d1d872badd8125
[P38.GCS] RUNTIME_SOURCE_PASS expected=57d9ab8e25de3b2404e983e9a139d78b151a58f8 observed=57d9ab8e25de3b2404e983e9a139d78b151a58f8
[M15.WIDE.SHARD] STAGED sequence=37 pairs=32 bytes=4306787
[P38.ARCHIVE] CREATED path=/tmp/canon-state/canon-v1-apc-m15-on-d34-57d9ab8e/p38_m15_wide_shards/round-000000/000037.tar logical_files=65 sha256=49b5ad5046382f72018ff163624811d3a3795f30bd5a5146c3d231c05f35c4fe
[P38.ARCHIVE] VERIFIED path=/tmp/tmp.IOmmQbkoGS/SHARD_ARCHIVE.tar logical_files=65 sha256=49b5ad5046382f72018ff163624811d3a3795f30bd5a5146c3d231c05f35c4fe
[P38.GCS] M15_SHARD_COMPLETE sequence=000037 round=0 pairs=32 archive_sha256=49b5ad5046382f72018ff163624811d3a3795f30bd5a5146c3d231c05f35c4fe manifest_sha256=a1a9661af02b2ed4b83e2ea3e13fb2db58d26cb1c2f7d7fc5ee9714b2552a4b2
[P38.GCS] RUNTIME_SOURCE_PASS expected=57d9ab8e25de3b2404e983e9a139d78b151a58f8 observed=57d9ab8e25de3b2404e983e9a139d78b151a58f8
[M15.WIDE.SHARD] STAGED sequence=38 pairs=32 bytes=4551497
[P38.ARCHIVE] CREATED path=/tmp/canon-state/canon-v1-apc-m15-on-d34-57d9ab8e/p38_m15_wide_shards/round-000000/000038.tar logical_files=65 sha256=bafccb6fb965c8e48407352215566dfad3ecbbea0aa4f34decc56fa8e309cb90
[P38.ARCHIVE] VERIFIED path=/tmp/tmp.phhmiyympH/SHARD_ARCHIVE.tar logical_files=65 sha256=bafccb6fb965c8e48407352215566dfad3ecbbea0aa4f34decc56fa8e309cb90
[P38.GCS] M15_SHARD_COMPLETE sequence=000038 round=0 pairs=32 archive_sha256=bafccb6fb965c8e48407352215566dfad3ecbbea0aa4f34decc56fa8e309cb90 manifest_sha256=63a38345c963edd8bff37dc15f3752995a311239274d81f7258284bb0a509bed
[P38.GCS] RUNTIME_SOURCE_PASS expected=57d9ab8e25de3b2404e983e9a139d78b151a58f8 observed=57d9ab8e25de3b2404e983e9a139d78b151a58f8
[M15.WIDE.SHARD] STAGED sequence=39 pairs=32 bytes=4611755
[P38.ARCHIVE] CREATED path=/tmp/canon-state/canon-v1-apc-m15-on-d34-57d9ab8e/p38_m15_wide_shards/round-000000/000039.tar logical_files=65 sha256=b6e9a296554088c1a3a4bc80525164a5f588f2722d034c41033f67b5d4afe6b2
[P38.ARCHIVE] VERIFIED path=/tmp/tmp.jgBRSENZbG/SHARD_ARCHIVE.tar logical_files=65 sha256=b6e9a296554088c1a3a4bc80525164a5f588f2722d034c41033f67b5d4afe6b2
[P38.GCS] M15_SHARD_COMPLETE sequence=000039 round=0 pairs=32 archive_sha256=b6e9a296554088c1a3a4bc80525164a5f588f2722d034c41033f67b5d4afe6b2 manifest_sha256=4cd7dbe760a8d39036422e3c4843a56e7c958d67fb861930296170b08bc68477
[P38.GCS] RUNTIME_SOURCE_PASS expected=57d9ab8e25de3b2404e983e9a139d78b151a58f8 observed=57d9ab8e25de3b2404e983e9a139d78b151a58f8
[M15.WIDE.SHARD] STAGED sequence=40 pairs=32 bytes=4771267
[P38.ARCHIVE] CREATED path=/tmp/canon-state/canon-v1-apc-m15-on-d34-57d9ab8e/p38_m15_wide_shards/round-000000/000040.tar logical_files=65 sha256=39fcd434e3a6048461bf2efe5c5eaee45c717dce5439e96066ae45f9693f7ad9
[P38.ARCHIVE] VERIFIED path=/tmp/tmp.kE63geiW7g/SHARD_ARCHIVE.tar logical_files=65 sha256=39fcd434e3a6048461bf2efe5c5eaee45c717dce5439e96066ae45f9693f7ad9
[P38.GCS] M15_SHARD_COMPLETE sequence=000040 round=0 pairs=32 archive_sha256=39fcd434e3a6048461bf2efe5c5eaee45c717dce5439e96066ae45f9693f7ad9 manifest_sha256=8928b45d2b4bd5e553c714d684e39b83379cd24276fd73740556bc9a38a9b9e8
[P38.GCS] RUNTIME_SOURCE_PASS expected=57d9ab8e25de3b2404e983e9a139d78b151a58f8 observed=57d9ab8e25de3b2404e983e9a139d78b151a58f8
[M15.WIDE.SHARD] STAGED sequence=41 pairs=32 bytes=4475681
[P38.ARCHIVE] CREATED path=/tmp/canon-state/canon-v1-apc-m15-on-d34-57d9ab8e/p38_m15_wide_shards/round-000000/000041.tar logical_files=65 sha256=509f53d5258333b117bc607d0b5912293eef1ece0b1cfe71294117c5b4a2c97f
[P38.ARCHIVE] VERIFIED path=/tmp/tmp.u4Yv4aeuZQ/SHARD_ARCHIVE.tar logical_files=65 sha256=509f53d5258333b117bc607d0b5912293eef1ece0b1cfe71294117c5b4a2c97f
[P38.GCS] M15_SHARD_COMPLETE sequence=000041 round=0 pairs=32 archive_sha256=509f53d5258333b117bc607d0b5912293eef1ece0b1cfe71294117c5b4a2c97f manifest_sha256=122fad21bec2d633d9f4ca291da3cdd387dc77e9f4790a7aa1fd6f08b139f912
[P38.GCS] RUNTIME_SOURCE_PASS expected=57d9ab8e25de3b2404e983e9a139d78b151a58f8 observed=57d9ab8e25de3b2404e983e9a139d78b151a58f8
[M15.WIDE.SHARD] STAGED sequence=42 pairs=32 bytes=4604744
[P38.ARCHIVE] CREATED path=/tmp/canon-state/canon-v1-apc-m15-on-d34-57d9ab8e/p38_m15_wide_shards/round-000000/000042.tar logical_files=65 sha256=3cdccd3bc7eb03fde299ccb0a5de565ff8c279ffeb214440107f3c7152c9a89a
[P38.ARCHIVE] VERIFIED path=/tmp/tmp.r1p1HvtFdx/SHARD_ARCHIVE.tar logical_files=65 sha256=3cdccd3bc7eb03fde299ccb0a5de565ff8c279ffeb214440107f3c7152c9a89a
[P38.GCS] M15_SHARD_COMPLETE sequence=000042 round=0 pairs=32 archive_sha256=3cdccd3bc7eb03fde299ccb0a5de565ff8c279ffeb214440107f3c7152c9a89a manifest_sha256=ec39780377b280b0fb5ccdbbd763c6d77ae29184e5948fce2a338afa848bfd3a
[P38.GCS] RUNTIME_SOURCE_PASS expected=57d9ab8e25de3b2404e983e9a139d78b151a58f8 observed=57d9ab8e25de3b2404e983e9a139d78b151a58f8
[M15.WIDE.SHARD] STAGED sequence=43 pairs=32 bytes=4552072
[P38.ARCHIVE] CREATED path=/tmp/canon-state/canon-v1-apc-m15-on-d34-57d9ab8e/p38_m15_wide_shards/round-000000/000043.tar logical_files=65 sha256=3d164d35c5f2d1bab5be3e770dba53338d19c212943ed74c4a3bec36922f1ce6
[P38.ARCHIVE] VERIFIED path=/tmp/tmp.7mDvvD2fpx/SHARD_ARCHIVE.tar logical_files=65 sha256=3d164d35c5f2d1bab5be3e770dba53338d19c212943ed74c4a3bec36922f1ce6
[P38.GCS] M15_SHARD_COMPLETE sequence=000043 round=0 pairs=32 archive_sha256=3d164d35c5f2d1bab5be3e770dba53338d19c212943ed74c4a3bec36922f1ce6 manifest_sha256=186825ed77ba35f64521e95be16fe09d070d02be535f73f0bcfbae9ef6f5cd40
[P38.GCS] RUNTIME_SOURCE_PASS expected=57d9ab8e25de3b2404e983e9a139d78b151a58f8 observed=57d9ab8e25de3b2404e983e9a139d78b151a58f8
[M15.WIDE.SHARD] STAGED sequence=44 pairs=32 bytes=4714485
[P38.ARCHIVE] CREATED path=/tmp/canon-state/canon-v1-apc-m15-on-d34-57d9ab8e/p38_m15_wide_shards/round-000000/000044.tar logical_files=65 sha256=0b3d3f1e33cd640478aed14b20d647e88551723bdbe97b782f2529d94e14a832
[P38.ARCHIVE] VERIFIED path=/tmp/tmp.0iKa7KilT1/SHARD_ARCHIVE.tar logical_files=65 sha256=0b3d3f1e33cd640478aed14b20d647e88551723bdbe97b782f2529d94e14a832
[P38.GCS] M15_SHARD_COMPLETE sequence=000044 round=0 pairs=32 archive_sha256=0b3d3f1e33cd640478aed14b20d647e88551723bdbe97b782f2529d94e14a832 manifest_sha256=1c67b9fc0177002a22752e28f57e1944120ccf55fd1031694f8ddaa59192e61a
[P38.GCS] RUNTIME_SOURCE_PASS expected=57d9ab8e25de3b2404e983e9a139d78b151a58f8 observed=57d9ab8e25de3b2404e983e9a139d78b151a58f8
[M15.WIDE.SHARD] STAGED sequence=45 pairs=32 bytes=4590798
[P38.ARCHIVE] CREATED path=/tmp/canon-state/canon-v1-apc-m15-on-d34-57d9ab8e/p38_m15_wide_shards/round-000000/000045.tar logical_files=65 sha256=1804998515fd4af5b5ce430da5ab905ec226ba05c9cfba7d66d81cd31a638cbc
[P38.ARCHIVE] VERIFIED path=/tmp/tmp.aThPaijice/SHARD_ARCHIVE.tar logical_files=65 sha256=1804998515fd4af5b5ce430da5ab905ec226ba05c9cfba7d66d81cd31a638cbc
[P38.GCS] M15_SHARD_COMPLETE sequence=000045 round=0 pairs=32 archive_sha256=1804998515fd4af5b5ce430da5ab905ec226ba05c9cfba7d66d81cd31a638cbc manifest_sha256=61c467e9246ed97546bc253c22349f671ecd4a048641a903460fb1da0f689693
[P38.GCS] RUNTIME_SOURCE_PASS expected=57d9ab8e25de3b2404e983e9a139d78b151a58f8 observed=57d9ab8e25de3b2404e983e9a139d78b151a58f8
[M15.WIDE.SHARD] STAGED sequence=46 pairs=32 bytes=4602749
[P38.ARCHIVE] CREATED path=/tmp/canon-state/canon-v1-apc-m15-on-d34-57d9ab8e/p38_m15_wide_shards/round-000000/000046.tar logical_files=65 sha256=fc9aa6e5f367f6b24a900261b21dff39f37eb025d677df430fa2167b40a3f537
[P38.ARCHIVE] VERIFIED path=/tmp/tmp.Zwv9sgV4Vf/SHARD_ARCHIVE.tar logical_files=65 sha256=fc9aa6e5f367f6b24a900261b21dff39f37eb025d677df430fa2167b40a3f537
[P38.GCS] M15_SHARD_COMPLETE sequence=000046 round=0 pairs=32 archive_sha256=fc9aa6e5f367f6b24a900261b21dff39f37eb025d677df430fa2167b40a3f537 manifest_sha256=6804144be26900f6ae1b4ad9e926255e0911be426d8eea976ff8dcb5b3b1c483
[P38.GCS] RUNTIME_SOURCE_PASS expected=57d9ab8e25de3b2404e983e9a139d78b151a58f8 observed=57d9ab8e25de3b2404e983e9a139d78b151a58f8
[M15.WIDE.SHARD] STAGED sequence=47 pairs=32 bytes=4651924
[P38.ARCHIVE] CREATED path=/tmp/canon-state/canon-v1-apc-m15-on-d34-57d9ab8e/p38_m15_wide_shards/round-000000/000047.tar logical_files=65 sha256=fd1082c8be43448ef927bd0ff6587d72dd87bac68ae1d460fd5f6b0bbe2ec4cc
[P38.ARCHIVE] VERIFIED path=/tmp/tmp.fxGsXA2sa6/SHARD_ARCHIVE.tar logical_files=65 sha256=fd1082c8be43448ef927bd0ff6587d72dd87bac68ae1d460fd5f6b0bbe2ec4cc
[P38.GCS] M15_SHARD_COMPLETE sequence=000047 round=0 pairs=32 archive_sha256=fd1082c8be43448ef927bd0ff6587d72dd87bac68ae1d460fd5f6b0bbe2ec4cc manifest_sha256=5d4c77e9efae82e1b18051865925663d199f2ea072f788dddc752f6315446234
[P38.GCS] RUNTIME_SOURCE_PASS expected=57d9ab8e25de3b2404e983e9a139d78b151a58f8 observed=57d9ab8e25de3b2404e983e9a139d78b151a58f8
[M15.WIDE.SHARD] STAGED sequence=48 pairs=32 bytes=4229246
[P38.ARCHIVE] CREATED path=/tmp/canon-state/canon-v1-apc-m15-on-d34-57d9ab8e/p38_m15_wide_shards/round-000000/000048.tar logical_files=65 sha256=e7a9efeb033f965992d1bf9f8f2f48f8c12ddfd139e7dadb37ee6ab5319aae54
[P38.ARCHIVE] VERIFIED path=/tmp/tmp.L54kytP0P4/SHARD_ARCHIVE.tar logical_files=65 sha256=e7a9efeb033f965992d1bf9f8f2f48f8c12ddfd139e7dadb37ee6ab5319aae54
[P38.GCS] M15_SHARD_COMPLETE sequence=000048 round=0 pairs=32 archive_sha256=e7a9efeb033f965992d1bf9f8f2f48f8c12ddfd139e7dadb37ee6ab5319aae54 manifest_sha256=69c0961db278cf1c4921f44303e33f8563c9007a46ef44083ec5d226a0a43856
[P38.GCS] RUNTIME_SOURCE_PASS expected=57d9ab8e25de3b2404e983e9a139d78b151a58f8 observed=57d9ab8e25de3b2404e983e9a139d78b151a58f8
[M15.WIDE.SHARD] STAGED sequence=49 pairs=32 bytes=4503533
[P38.ARCHIVE] CREATED path=/tmp/canon-state/canon-v1-apc-m15-on-d34-57d9ab8e/p38_m15_wide_shards/round-000000/000049.tar logical_files=65 sha256=4f519b65ce81121febe414e8497c59f69e513db2ff7b2479b0fe7f05118fe6ac
[P38.ARCHIVE] VERIFIED path=/tmp/tmp.PhYR3MJFL6/SHARD_ARCHIVE.tar logical_files=65 sha256=4f519b65ce81121febe414e8497c59f69e513db2ff7b2479b0fe7f05118fe6ac
[P38.GCS] M15_SHARD_COMPLETE sequence=000049 round=0 pairs=32 archive_sha256=4f519b65ce81121febe414e8497c59f69e513db2ff7b2479b0fe7f05118fe6ac manifest_sha256=833e68340a9ef9c9e5a0c1ad970a2bc5039b3a6bb197fcea0bcc03628b2ffe8d
[P38.GCS] RUNTIME_SOURCE_PASS expected=57d9ab8e25de3b2404e983e9a139d78b151a58f8 observed=57d9ab8e25de3b2404e983e9a139d78b151a58f8
[M15.WIDE.SHARD] STAGED sequence=50 pairs=32 bytes=3939887
[P38.ARCHIVE] CREATED path=/tmp/canon-state/canon-v1-apc-m15-on-d34-57d9ab8e/p38_m15_wide_shards/round-000000/000050.tar logical_files=65 sha256=75aaf7d857d8129748f04df9db74e547b5f7b31c65f0a1fc97865c297e1434e6
[P38.ARCHIVE] VERIFIED path=/tmp/tmp.D0NF9dkfBg/SHARD_ARCHIVE.tar logical_files=65 sha256=75aaf7d857d8129748f04df9db74e547b5f7b31c65f0a1fc97865c297e1434e6
[P38.GCS] M15_SHARD_COMPLETE sequence=000050 round=0 pairs=32 archive_sha256=75aaf7d857d8129748f04df9db74e547b5f7b31c65f0a1fc97865c297e1434e6 manifest_sha256=c7ca53b6b6be552c90634be9e07de7c9bf32b30c51f5658f13c3566c6083511c
[P38.GCS] RUNTIME_SOURCE_PASS expected=57d9ab8e25de3b2404e983e9a139d78b151a58f8 observed=57d9ab8e25de3b2404e983e9a139d78b151a58f8
[M15.WIDE.SHARD] STAGED sequence=51 pairs=32 bytes=3753450
[P38.ARCHIVE] CREATED path=/tmp/canon-state/canon-v1-apc-m15-on-d34-57d9ab8e/p38_m15_wide_shards/round-000000/000051.tar logical_files=65 sha256=ae3b4aa82f103be123ac66585b0195b52ea14321038783f148345a8f4be12128
[P38.ARCHIVE] VERIFIED path=/tmp/tmp.5BO1azXKOY/SHARD_ARCHIVE.tar logical_files=65 sha256=ae3b4aa82f103be123ac66585b0195b52ea14321038783f148345a8f4be12128
[P38.GCS] M15_SHARD_COMPLETE sequence=000051 round=0 pairs=32 archive_sha256=ae3b4aa82f103be123ac66585b0195b52ea14321038783f148345a8f4be12128 manifest_sha256=88493af2e41bdbad6244fb4e6e3bb067e9c06a28cc3e12bdc200ab0bca211ab4
[P38.GCS] RUNTIME_SOURCE_PASS expected=57d9ab8e25de3b2404e983e9a139d78b151a58f8 observed=57d9ab8e25de3b2404e983e9a139d78b151a58f8
[M15.WIDE.SHARD] STAGED sequence=52 pairs=32 bytes=3533999
[P38.ARCHIVE] CREATED path=/tmp/canon-state/canon-v1-apc-m15-on-d34-57d9ab8e/p38_m15_wide_shards/round-000000/000052.tar logical_files=65 sha256=84355a50bb02e637f3d90ef3873d410f1f8a5349c532728ad5d8cff7edbff5ce
[P38.ARCHIVE] VERIFIED path=/tmp/tmp.BLZczTdGyf/SHARD_ARCHIVE.tar logical_files=65 sha256=84355a50bb02e637f3d90ef3873d410f1f8a5349c532728ad5d8cff7edbff5ce
[P38.GCS] M15_SHARD_COMPLETE sequence=000052 round=0 pairs=32 archive_sha256=84355a50bb02e637f3d90ef3873d410f1f8a5349c532728ad5d8cff7edbff5ce manifest_sha256=bf8beda81e1a50a91fb21e1661412c1d536a6d86c7345408fe6bdfdd896d7356
[P38.GCS] RUNTIME_SOURCE_PASS expected=57d9ab8e25de3b2404e983e9a139d78b151a58f8 observed=57d9ab8e25de3b2404e983e9a139d78b151a58f8
[M15.WIDE.SHARD] STAGED sequence=53 pairs=32 bytes=3233851
[P38.ARCHIVE] CREATED path=/tmp/canon-state/canon-v1-apc-m15-on-d34-57d9ab8e/p38_m15_wide_shards/round-000000/000053.tar logical_files=65 sha256=bd61fb79336a288a8ed1133954e9316925f4dc1e5d5fb694ecf5b922ee7bd3a3
[P38.ARCHIVE] VERIFIED path=/tmp/tmp.P4ahD5zJo7/SHARD_ARCHIVE.tar logical_files=65 sha256=bd61fb79336a288a8ed1133954e9316925f4dc1e5d5fb694ecf5b922ee7bd3a3
[P38.GCS] M15_SHARD_COMPLETE sequence=000053 round=0 pairs=32 archive_sha256=bd61fb79336a288a8ed1133954e9316925f4dc1e5d5fb694ecf5b922ee7bd3a3 manifest_sha256=78011143acdc08138150c5458ec8827a9b5fb1fdfc2d4c8443f01590381e4fa8
[P38.GCS] RUNTIME_SOURCE_PASS expected=57d9ab8e25de3b2404e983e9a139d78b151a58f8 observed=57d9ab8e25de3b2404e983e9a139d78b151a58f8
[M15.WIDE.SHARD] STAGED sequence=54 pairs=32 bytes=2939634
[P38.ARCHIVE] CREATED path=/tmp/canon-state/canon-v1-apc-m15-on-d34-57d9ab8e/p38_m15_wide_shards/round-000000/000054.tar logical_files=65 sha256=c692990950edf178d6309a45a559ddad330ba6d16d58f2543a448c951ffdf93f
[P38.ARCHIVE] VERIFIED path=/tmp/tmp.RKoZ0mokY0/SHARD_ARCHIVE.tar logical_files=65 sha256=c692990950edf178d6309a45a559ddad330ba6d16d58f2543a448c951ffdf93f
[P38.GCS] M15_SHARD_COMPLETE sequence=000054 round=0 pairs=32 archive_sha256=c692990950edf178d6309a45a559ddad330ba6d16d58f2543a448c951ffdf93f manifest_sha256=929a36cec16937dc9501439cf165e641ddc0a815394584e46aa6a680dad56ca4
[P38.GCS] RUNTIME_SOURCE_PASS expected=57d9ab8e25de3b2404e983e9a139d78b151a58f8 observed=57d9ab8e25de3b2404e983e9a139d78b151a58f8
[M15.WIDE.SHARD] STAGED sequence=55 pairs=32 bytes=2595427
[P38.ARCHIVE] CREATED path=/tmp/canon-state/canon-v1-apc-m15-on-d34-57d9ab8e/p38_m15_wide_shards/round-000000/000055.tar logical_files=65 sha256=471f8aac653f2d48a809206e741251885899cdde8f935054c21705d112b3c05c
[P38.ARCHIVE] VERIFIED path=/tmp/tmp.6EAgPm9WGN/SHARD_ARCHIVE.tar logical_files=65 sha256=471f8aac653f2d48a809206e741251885899cdde8f935054c21705d112b3c05c
[P38.GCS] M15_SHARD_COMPLETE sequence=000055 round=0 pairs=32 archive_sha256=471f8aac653f2d48a809206e741251885899cdde8f935054c21705d112b3c05c manifest_sha256=a5100481b4833ea30a8602dfea37253fe214b545d22e44c255dc3b4aadf69c9a
[P38.GCS] RUNTIME_SOURCE_PASS expected=57d9ab8e25de3b2404e983e9a139d78b151a58f8 observed=57d9ab8e25de3b2404e983e9a139d78b151a58f8
[M15.WIDE.SHARD] STAGED sequence=56 pairs=32 bytes=2212192
[P38.ARCHIVE] CREATED path=/tmp/canon-state/canon-v1-apc-m15-on-d34-57d9ab8e/p38_m15_wide_shards/round-000000/000056.tar logical_files=65 sha256=1776bedecf1e02d25afd290f905102b115131c4c6ff18f7e3da0d6701f3a0c35
[P38.ARCHIVE] VERIFIED path=/tmp/tmp.kNc0hklfiM/SHARD_ARCHIVE.tar logical_files=65 sha256=1776bedecf1e02d25afd290f905102b115131c4c6ff18f7e3da0d6701f3a0c35
[P38.GCS] M15_SHARD_COMPLETE sequence=000056 round=0 pairs=32 archive_sha256=1776bedecf1e02d25afd290f905102b115131c4c6ff18f7e3da0d6701f3a0c35 manifest_sha256=6a5c4117e252323c2bbcaf63a9e266f8d8e87971503d4b1bc56541ad92c1fb22
[P38.GCS] RUNTIME_SOURCE_PASS expected=57d9ab8e25de3b2404e983e9a139d78b151a58f8 observed=57d9ab8e25de3b2404e983e9a139d78b151a58f8
[M15.WIDE.SHARD] STAGED sequence=57 pairs=32 bytes=1908090
[P38.ARCHIVE] CREATED path=/tmp/canon-state/canon-v1-apc-m15-on-d34-57d9ab8e/p38_m15_wide_shards/round-000000/000057.tar logical_files=65 sha256=fd047720bc230ab172d1137ba00ebe5447090aba4244a6cb5e613095e91bb31a
[P38.ARCHIVE] VERIFIED path=/tmp/tmp.E5saMgLyPl/SHARD_ARCHIVE.tar logical_files=65 sha256=fd047720bc230ab172d1137ba00ebe5447090aba4244a6cb5e613095e91bb31a
[P38.GCS] M15_SHARD_COMPLETE sequence=000057 round=0 pairs=32 archive_sha256=fd047720bc230ab172d1137ba00ebe5447090aba4244a6cb5e613095e91bb31a manifest_sha256=8436ce7c38482840b9f83d12847c29cc03d30bb1c8be97f9e6f1edc586952ba2
[P38.GCS] RUNTIME_SOURCE_PASS expected=57d9ab8e25de3b2404e983e9a139d78b151a58f8 observed=57d9ab8e25de3b2404e983e9a139d78b151a58f8
[M15.WIDE.SHARD] STAGED sequence=58 pairs=32 bytes=1767201
[P38.ARCHIVE] CREATED path=/tmp/canon-state/canon-v1-apc-m15-on-d34-57d9ab8e/p38_m15_wide_shards/round-000000/000058.tar logical_files=65 sha256=7cb5863746bccae8af1d836cb9c292b68eb420f45c43a504b8d85188e0eb3b18
[P38.ARCHIVE] VERIFIED path=/tmp/tmp.D6pmzOds8K/SHARD_ARCHIVE.tar logical_files=65 sha256=7cb5863746bccae8af1d836cb9c292b68eb420f45c43a504b8d85188e0eb3b18
[P38.GCS] M15_SHARD_COMPLETE sequence=000058 round=0 pairs=32 archive_sha256=7cb5863746bccae8af1d836cb9c292b68eb420f45c43a504b8d85188e0eb3b18 manifest_sha256=228e8cbf25cb585f431f4873fe539f158e1bd9ceec3f4b912ec314da3cc27d6f
[P38.GCS] RUNTIME_SOURCE_PASS expected=57d9ab8e25de3b2404e983e9a139d78b151a58f8 observed=57d9ab8e25de3b2404e983e9a139d78b151a58f8
[M15.WIDE.SHARD] STAGED sequence=59 pairs=32 bytes=1807216
[P38.ARCHIVE] CREATED path=/tmp/canon-state/canon-v1-apc-m15-on-d34-57d9ab8e/p38_m15_wide_shards/round-000000/000059.tar logical_files=65 sha256=8cecabddd4c2fc070d9fa4f6246f887d606e29de4fbd0864c93018f238d0d053
[P38.ARCHIVE] VERIFIED path=/tmp/tmp.1TTw3ZvXaA/SHARD_ARCHIVE.tar logical_files=65 sha256=8cecabddd4c2fc070d9fa4f6246f887d606e29de4fbd0864c93018f238d0d053
[P38.GCS] M15_SHARD_COMPLETE sequence=000059 round=0 pairs=32 archive_sha256=8cecabddd4c2fc070d9fa4f6246f887d606e29de4fbd0864c93018f238d0d053 manifest_sha256=c65f93391aceef1170df57cfa60c1654b9327c154f9143163552734c931f60e2
[P38.GCS] RUNTIME_SOURCE_PASS expected=57d9ab8e25de3b2404e983e9a139d78b151a58f8 observed=57d9ab8e25de3b2404e983e9a139d78b151a58f8
[M15.WIDE.SHARD] STAGED sequence=60 pairs=32 bytes=1588188
[P38.ARCHIVE] CREATED path=/tmp/canon-state/canon-v1-apc-m15-on-d34-57d9ab8e/p38_m15_wide_shards/round-000000/000060.tar logical_files=65 sha256=83ffff451b653688b65b3abab824a9a0845d156bf2b4144c0eb0708f0056ab02
[P38.ARCHIVE] VERIFIED path=/tmp/tmp.Fc4EU6TfLD/SHARD_ARCHIVE.tar logical_files=65 sha256=83ffff451b653688b65b3abab824a9a0845d156bf2b4144c0eb0708f0056ab02
[P38.GCS] M15_SHARD_COMPLETE sequence=000060 round=0 pairs=32 archive_sha256=83ffff451b653688b65b3abab824a9a0845d156bf2b4144c0eb0708f0056ab02 manifest_sha256=84ee83d4f23e364bdc153c2ac9a804d0e3c696bec7a96980bdfa58aaafb6d0c7
[P38.GCS] RUNTIME_SOURCE_PASS expected=57d9ab8e25de3b2404e983e9a139d78b151a58f8 observed=57d9ab8e25de3b2404e983e9a139d78b151a58f8
[M15.WIDE.SHARD] STAGED sequence=61 pairs=32 bytes=1195510
[P38.ARCHIVE] CREATED path=/tmp/canon-state/canon-v1-apc-m15-on-d34-57d9ab8e/p38_m15_wide_shards/round-000000/000061.tar logical_files=65 sha256=a00233d836256823b08df05cfbae2227dcf7b0fc0f480563b4383492934a5f46
[P38.ARCHIVE] VERIFIED path=/tmp/tmp.akFRBmeWAy/SHARD_ARCHIVE.tar logical_files=65 sha256=a00233d836256823b08df05cfbae2227dcf7b0fc0f480563b4383492934a5f46
[P38.GCS] M15_SHARD_COMPLETE sequence=000061 round=0 pairs=32 archive_sha256=a00233d836256823b08df05cfbae2227dcf7b0fc0f480563b4383492934a5f46 manifest_sha256=907d8bb65de61a40999bb8228f90470eb608aa2d611d8a3c5197c07a3d49d4f8
[P38.GCS] RUNTIME_SOURCE_PASS expected=57d9ab8e25de3b2404e983e9a139d78b151a58f8 observed=57d9ab8e25de3b2404e983e9a139d78b151a58f8
[M15.WIDE.SHARD] STAGED sequence=62 pairs=32 bytes=1043906
[P38.ARCHIVE] CREATED path=/tmp/canon-state/canon-v1-apc-m15-on-d34-57d9ab8e/p38_m15_wide_shards/round-000000/000062.tar logical_files=65 sha256=d44edb64f512216aeda3441c4539bf26e59370c1758e90ed1751d384f72d50db
[P38.ARCHIVE] VERIFIED path=/tmp/tmp.s6Jevkt8Uk/SHARD_ARCHIVE.tar logical_files=65 sha256=d44edb64f512216aeda3441c4539bf26e59370c1758e90ed1751d384f72d50db
[P38.GCS] M15_SHARD_COMPLETE sequence=000062 round=0 pairs=32 archive_sha256=d44edb64f512216aeda3441c4539bf26e59370c1758e90ed1751d384f72d50db manifest_sha256=a3cae15e17b764b0fc01a18c678afbc800c2b7c85deccb49b2ba74e6a40b7a51
[P38.GCS] RUNTIME_SOURCE_PASS expected=57d9ab8e25de3b2404e983e9a139d78b151a58f8 observed=57d9ab8e25de3b2404e983e9a139d78b151a58f8
[M15.WIDE.SHARD] STAGED sequence=63 pairs=32 bytes=930779
[P38.ARCHIVE] CREATED path=/tmp/canon-state/canon-v1-apc-m15-on-d34-57d9ab8e/p38_m15_wide_shards/round-000000/000063.tar logical_files=65 sha256=ddff5cc72ff9fb62eb3a8acffc2f2d7830dba52ceced75727d388060499341d2
[P38.ARCHIVE] VERIFIED path=/tmp/tmp.Q1dEGfepke/SHARD_ARCHIVE.tar logical_files=65 sha256=ddff5cc72ff9fb62eb3a8acffc2f2d7830dba52ceced75727d388060499341d2
[P38.GCS] M15_SHARD_COMPLETE sequence=000063 round=0 pairs=32 archive_sha256=ddff5cc72ff9fb62eb3a8acffc2f2d7830dba52ceced75727d388060499341d2 manifest_sha256=fbaaab808004506a4bc63f709a5dad141c9c63cc8d998f01e578d79776331b04
[P38.GCS] RUNTIME_SOURCE_PASS expected=57d9ab8e25de3b2404e983e9a139d78b151a58f8 observed=57d9ab8e25de3b2404e983e9a139d78b151a58f8
[M15.WIDE.SHARD] STAGED sequence=64 pairs=32 bytes=815135
[P38.ARCHIVE] CREATED path=/tmp/canon-state/canon-v1-apc-m15-on-d34-57d9ab8e/p38_m15_wide_shards/round-000000/000064.tar logical_files=65 sha256=47b0a69cf0fda16eacdd94ec158ac3179188db8bba6e8e6a4add46e1a7a622a4
[P38.ARCHIVE] VERIFIED path=/tmp/tmp.X7AKtSUkLo/SHARD_ARCHIVE.tar logical_files=65 sha256=47b0a69cf0fda16eacdd94ec158ac3179188db8bba6e8e6a4add46e1a7a622a4
[P38.GCS] M15_SHARD_COMPLETE sequence=000064 round=0 pairs=32 archive_sha256=47b0a69cf0fda16eacdd94ec158ac3179188db8bba6e8e6a4add46e1a7a622a4 manifest_sha256=a8480d964543c70d9f5894f91e189397c1cb0b70ce941e4c7a7c1827530e2ce6
[P38.GCS] RUNTIME_SOURCE_PASS expected=57d9ab8e25de3b2404e983e9a139d78b151a58f8 observed=57d9ab8e25de3b2404e983e9a139d78b151a58f8
[M15.WIDE.SHARD] STAGED sequence=65 pairs=32 bytes=5460704
[P38.ARCHIVE] CREATED path=/tmp/canon-state/canon-v1-apc-m15-on-d34-57d9ab8e/p38_m15_wide_shards/round-000000/000065.tar logical_files=65 sha256=3610b9e35b765dfd265ad6e3dd38a4692a46aa9847e46cc2337c6e834f597722
[P38.ARCHIVE] VERIFIED path=/tmp/tmp.oij0OVFpEf/SHARD_ARCHIVE.tar logical_files=65 sha256=3610b9e35b765dfd265ad6e3dd38a4692a46aa9847e46cc2337c6e834f597722
[P38.GCS] M15_SHARD_COMPLETE sequence=000065 round=0 pairs=32 archive_sha256=3610b9e35b765dfd265ad6e3dd38a4692a46aa9847e46cc2337c6e834f597722 manifest_sha256=dbf9a839aabc82c9bf8475c02e97eb21f907f77acfb7f1544cd6cf4d3a3c7984
[P38.GCS] RUNTIME_SOURCE_PASS expected=57d9ab8e25de3b2404e983e9a139d78b151a58f8 observed=57d9ab8e25de3b2404e983e9a139d78b151a58f8
[M15.WIDE.SHARD] STAGED sequence=66 pairs=32 bytes=22601234
[P38.ARCHIVE] CREATED path=/tmp/canon-state/canon-v1-apc-m15-on-d34-57d9ab8e/p38_m15_wide_shards/round-000000/000066.tar logical_files=65 sha256=c7bb27c8468f76661b807690ae60d2cd9b205b2a299673e3f236eb110d758933
[P38.ARCHIVE] VERIFIED path=/tmp/tmp.CpoMTxUX3A/SHARD_ARCHIVE.tar logical_files=65 sha256=c7bb27c8468f76661b807690ae60d2cd9b205b2a299673e3f236eb110d758933
[P38.GCS] M15_SHARD_COMPLETE sequence=000066 round=0 pairs=32 archive_sha256=c7bb27c8468f76661b807690ae60d2cd9b205b2a299673e3f236eb110d758933 manifest_sha256=cc2f0c0933fd2454e9e53613df2ef215ac95a719d4300d902a1ebbf8af707ef3
[P38.GCS] RUNTIME_SOURCE_PASS expected=57d9ab8e25de3b2404e983e9a139d78b151a58f8 observed=57d9ab8e25de3b2404e983e9a139d78b151a58f8
[M15.WIDE.SHARD] STAGED sequence=67 pairs=32 bytes=24042408
[P38.ARCHIVE] CREATED path=/tmp/canon-state/canon-v1-apc-m15-on-d34-57d9ab8e/p38_m15_wide_shards/round-000000/000067.tar logical_files=65 sha256=8bb7052deb5e9642037469f57fd1e8e4bc7d1ef43b61d2438269b636f43eac6f
[P38.ARCHIVE] VERIFIED path=/tmp/tmp.CMaMJ1QXCu/SHARD_ARCHIVE.tar logical_files=65 sha256=8bb7052deb5e9642037469f57fd1e8e4bc7d1ef43b61d2438269b636f43eac6f
[P38.GCS] M15_SHARD_COMPLETE sequence=000067 round=0 pairs=32 archive_sha256=8bb7052deb5e9642037469f57fd1e8e4bc7d1ef43b61d2438269b636f43eac6f manifest_sha256=e0d738fc11de38b0fedbf9be92f3a413e2e1c3ebbc6d194a0ec754016c23bc5f
[P38.GCS] RUNTIME_SOURCE_PASS expected=57d9ab8e25de3b2404e983e9a139d78b151a58f8 observed=57d9ab8e25de3b2404e983e9a139d78b151a58f8
[M15.WIDE.SHARD] STAGED sequence=68 pairs=32 bytes=25539003
[P38.ARCHIVE] CREATED path=/tmp/canon-state/canon-v1-apc-m15-on-d34-57d9ab8e/p38_m15_wide_shards/round-000000/000068.tar logical_files=65 sha256=26cdf71785a162faa5de77921077b1f2e46afe490a963953db67aeb4db4aa4fb
[P38.ARCHIVE] VERIFIED path=/tmp/tmp.cT0eTWwmO5/SHARD_ARCHIVE.tar logical_files=65 sha256=26cdf71785a162faa5de77921077b1f2e46afe490a963953db67aeb4db4aa4fb
[P38.GCS] M15_SHARD_COMPLETE sequence=000068 round=0 pairs=32 archive_sha256=26cdf71785a162faa5de77921077b1f2e46afe490a963953db67aeb4db4aa4fb manifest_sha256=15a915fac80b6f03cda0f74da15e3f010bd183fb8524fe005d37a02ca5cd2678
[P38.GCS] RUNTIME_SOURCE_PASS expected=57d9ab8e25de3b2404e983e9a139d78b151a58f8 observed=57d9ab8e25de3b2404e983e9a139d78b151a58f8
[M15.WIDE.SHARD] STAGED sequence=69 pairs=32 bytes=24023853
[P38.ARCHIVE] CREATED path=/tmp/canon-state/canon-v1-apc-m15-on-d34-57d9ab8e/p38_m15_wide_shards/round-000000/000069.tar logical_files=65 sha256=edee9a22dfe20f07ec9b54ebc6d9162f7eef8539c6092c9e2631996dd7d37afc
[P38.ARCHIVE] VERIFIED path=/tmp/tmp.T5SBgeMSmG/SHARD_ARCHIVE.tar logical_files=65 sha256=edee9a22dfe20f07ec9b54ebc6d9162f7eef8539c6092c9e2631996dd7d37afc
[P38.GCS] M15_SHARD_COMPLETE sequence=000069 round=0 pairs=32 archive_sha256=edee9a22dfe20f07ec9b54ebc6d9162f7eef8539c6092c9e2631996dd7d37afc manifest_sha256=7c895dbad5813dba17cf0019ce436e043761fa49e47482ec89275ccd48c7a3b0
[P38.GCS] RUNTIME_SOURCE_PASS expected=57d9ab8e25de3b2404e983e9a139d78b151a58f8 observed=57d9ab8e25de3b2404e983e9a139d78b151a58f8
[M15.WIDE.SHARD] STAGED sequence=70 pairs=32 bytes=23449996
[P38.ARCHIVE] CREATED path=/tmp/canon-state/canon-v1-apc-m15-on-d34-57d9ab8e/p38_m15_wide_shards/round-000000/000070.tar logical_files=65 sha256=170db2eb010a76fb09d4a0f948353a0a9fd4182861d21201a54c6f9dbeacc520
[P38.ARCHIVE] VERIFIED path=/tmp/tmp.XUeZbwtU1S/SHARD_ARCHIVE.tar logical_files=65 sha256=170db2eb010a76fb09d4a0f948353a0a9fd4182861d21201a54c6f9dbeacc520
[P38.GCS] M15_SHARD_COMPLETE sequence=000070 round=0 pairs=32 archive_sha256=170db2eb010a76fb09d4a0f948353a0a9fd4182861d21201a54c6f9dbeacc520 manifest_sha256=3a582f75dace025c25dd924ffb8176df6626ed41411b1fdbfe22f1d1cd8518d5
[P38.GCS] RUNTIME_SOURCE_PASS expected=57d9ab8e25de3b2404e983e9a139d78b151a58f8 observed=57d9ab8e25de3b2404e983e9a139d78b151a58f8
[M15.WIDE.SHARD] STAGED sequence=71 pairs=32 bytes=20096851
[P38.ARCHIVE] CREATED path=/tmp/canon-state/canon-v1-apc-m15-on-d34-57d9ab8e/p38_m15_wide_shards/round-000000/000071.tar logical_files=65 sha256=de044716da5bdd4662f3b09412bce9a05391439ae882b74afa8343f5fca8d662
[P38.ARCHIVE] VERIFIED path=/tmp/tmp.sOnjZEijw5/SHARD_ARCHIVE.tar logical_files=65 sha256=de044716da5bdd4662f3b09412bce9a05391439ae882b74afa8343f5fca8d662
[P38.GCS] M15_SHARD_COMPLETE sequence=000071 round=0 pairs=32 archive_sha256=de044716da5bdd4662f3b09412bce9a05391439ae882b74afa8343f5fca8d662 manifest_sha256=83a6030b9eecafa1fe30bc918dfd4e50952a2e7a06286214e775424650fd78f7
[P38.GCS] RUNTIME_SOURCE_PASS expected=57d9ab8e25de3b2404e983e9a139d78b151a58f8 observed=57d9ab8e25de3b2404e983e9a139d78b151a58f8
[M15.WIDE.SHARD] STAGED sequence=72 pairs=32 bytes=21178651
[P38.ARCHIVE] CREATED path=/tmp/canon-state/canon-v1-apc-m15-on-d34-57d9ab8e/p38_m15_wide_shards/round-000000/000072.tar logical_files=65 sha256=bee149bbb83f5888174cc8bd968d06ff3dd4b7fdf9ff781904e8a477499d3b33
[P38.ARCHIVE] VERIFIED path=/tmp/tmp.SsFpRB2fiS/SHARD_ARCHIVE.tar logical_files=65 sha256=bee149bbb83f5888174cc8bd968d06ff3dd4b7fdf9ff781904e8a477499d3b33
[P38.GCS] M15_SHARD_COMPLETE sequence=000072 round=0 pairs=32 archive_sha256=bee149bbb83f5888174cc8bd968d06ff3dd4b7fdf9ff781904e8a477499d3b33 manifest_sha256=ab263d377c427b63eb06d5e06a5aa1bb67ba505dde3b95d638f445d10a6584e6
[P38.GCS] RUNTIME_SOURCE_PASS expected=57d9ab8e25de3b2404e983e9a139d78b151a58f8 observed=57d9ab8e25de3b2404e983e9a139d78b151a58f8
[M15.WIDE.SHARD] STAGED sequence=73 pairs=32 bytes=24463905
[P38.ARCHIVE] CREATED path=/tmp/canon-state/canon-v1-apc-m15-on-d34-57d9ab8e/p38_m15_wide_shards/round-000000/000073.tar logical_files=65 sha256=6673d421a857be233537cf7e80a02c7a895c1db207aee6cf001e892aebf2fde8
[P38.ARCHIVE] VERIFIED path=/tmp/tmp.xCExF59V5G/SHARD_ARCHIVE.tar logical_files=65 sha256=6673d421a857be233537cf7e80a02c7a895c1db207aee6cf001e892aebf2fde8
[P38.GCS] M15_SHARD_COMPLETE sequence=000073 round=0 pairs=32 archive_sha256=6673d421a857be233537cf7e80a02c7a895c1db207aee6cf001e892aebf2fde8 manifest_sha256=8755631339dad010fb0ac67db94e6b6f26d2faaafc99d6e6481ddba461d600ba
[P38.GCS] RUNTIME_SOURCE_PASS expected=57d9ab8e25de3b2404e983e9a139d78b151a58f8 observed=57d9ab8e25de3b2404e983e9a139d78b151a58f8
[M15.WIDE.SHARD] STAGED sequence=74 pairs=32 bytes=23037941
[P38.ARCHIVE] CREATED path=/tmp/canon-state/canon-v1-apc-m15-on-d34-57d9ab8e/p38_m15_wide_shards/round-000000/000074.tar logical_files=65 sha256=82e3647ee14a8061b767dd1a1132d17902b354629782c527559d3a0af35c4394
[P38.ARCHIVE] VERIFIED path=/tmp/tmp.VDldr8UHIE/SHARD_ARCHIVE.tar logical_files=65 sha256=82e3647ee14a8061b767dd1a1132d17902b354629782c527559d3a0af35c4394
[P38.GCS] M15_SHARD_COMPLETE sequence=000074 round=0 pairs=32 archive_sha256=82e3647ee14a8061b767dd1a1132d17902b354629782c527559d3a0af35c4394 manifest_sha256=c3a6c6223570ed7e9ffd871acc0a07dae6625f9ebd672f97d6566546381ee049
[P38.GCS] RUNTIME_SOURCE_PASS expected=57d9ab8e25de3b2404e983e9a139d78b151a58f8 observed=57d9ab8e25de3b2404e983e9a139d78b151a58f8
[M15.WIDE.SHARD] STAGED sequence=75 pairs=32 bytes=23335136
[P38.ARCHIVE] CREATED path=/tmp/canon-state/canon-v1-apc-m15-on-d34-57d9ab8e/p38_m15_wide_shards/round-000000/000075.tar logical_files=65 sha256=aec00761d8be47bc41d1c73380fed901c1b4fda85d8d8f7d5fb05261cf5c603d
[P38.ARCHIVE] VERIFIED path=/tmp/tmp.UV5QTpI3rH/SHARD_ARCHIVE.tar logical_files=65 sha256=aec00761d8be47bc41d1c73380fed901c1b4fda85d8d8f7d5fb05261cf5c603d
[P38.GCS] M15_SHARD_COMPLETE sequence=000075 round=0 pairs=32 archive_sha256=aec00761d8be47bc41d1c73380fed901c1b4fda85d8d8f7d5fb05261cf5c603d manifest_sha256=1b8df3dfe4f32face5de932f1f370ff5917dd170beb8553977f0a02ac4d5c16d
[P38.GCS] RUNTIME_SOURCE_PASS expected=57d9ab8e25de3b2404e983e9a139d78b151a58f8 observed=57d9ab8e25de3b2404e983e9a139d78b151a58f8
[M15.WIDE.SHARD] STAGED sequence=76 pairs=30 bytes=14902226
[P38.ARCHIVE] CREATED path=/tmp/canon-state/canon-v1-apc-m15-on-d34-57d9ab8e/p38_m15_wide_shards/round-000000/000076.tar logical_files=61 sha256=883d1a3c982a33f88fb827fe1a85353700d0433b4704232d312537d46562cf59
[P38.ARCHIVE] VERIFIED path=/tmp/tmp.HIFJt8g0wl/SHARD_ARCHIVE.tar logical_files=61 sha256=883d1a3c982a33f88fb827fe1a85353700d0433b4704232d312537d46562cf59
[P38.GCS] M15_SHARD_COMPLETE sequence=000076 round=0 pairs=30 archive_sha256=883d1a3c982a33f88fb827fe1a85353700d0433b4704232d312537d46562cf59 manifest_sha256=dfe0b75861ccbd4187205df468c2765c9fa3c94d2695a3b98b12667821badaeb
[P38.GCS] RUNTIME_SOURCE_PASS expected=57d9ab8e25de3b2404e983e9a139d78b151a58f8 observed=57d9ab8e25de3b2404e983e9a139d78b151a58f8
[M15.WIDE.SHARD] EMPTY
[P38.GCS] RUNTIME_SOURCE_PASS expected=57d9ab8e25de3b2404e983e9a139d78b151a58f8 observed=57d9ab8e25de3b2404e983e9a139d78b151a58f8
[P38.GCS] M15_ROUND_STAGE round=0 stage=assemble status=STARTED exit_code=0
[M15.WIDE.ROUND] RED replay round is invalid at line 1
[P38.GCS] M15_ROUND_STAGE round=0 stage=assemble status=FAIL exit_code=2
