[P38.GCS] LIVE_WORKER_START interval=30 profile=m15-wide-v1
[P38.GCS] RUNTIME_SOURCE_PASS expected=57d9ab8e25de3b2404e983e9a139d78b151a58f8 observed=57d9ab8e25de3b2404e983e9a139d78b151a58f8
[M15.WIDE.SHARD] EMPTY
[P38.GCS] RUNTIME_SOURCE_PASS expected=57d9ab8e25de3b2404e983e9a139d78b151a58f8 observed=57d9ab8e25de3b2404e983e9a139d78b151a58f8
[M15.WIDE.SHARD] EMPTY
[P38.GCS] RUNTIME_SOURCE_PASS expected=57d9ab8e25de3b2404e983e9a139d78b151a58f8 observed=57d9ab8e25de3b2404e983e9a139d78b151a58f8
[M15.WIDE.SHARD] EMPTY
[P38.GCS] RUNTIME_SOURCE_PASS expected=57d9ab8e25de3b2404e983e9a139d78b151a58f8 observed=57d9ab8e25de3b2404e983e9a139d78b151a58f8
[M15.WIDE.SHARD] EMPTY
[P38.GCS] RUNTIME_SOURCE_PASS expected=57d9ab8e25de3b2404e983e9a139d78b151a58f8 observed=57d9ab8e25de3b2404e983e9a139d78b151a58f8
[M15.WIDE.SHARD] EMPTY
[P38.GCS] RUNTIME_SOURCE_PASS expected=57d9ab8e25de3b2404e983e9a139d78b151a58f8 observed=57d9ab8e25de3b2404e983e9a139d78b151a58f8
[M15.WIDE.SHARD] EMPTY
[P38.GCS] RUNTIME_SOURCE_PASS expected=57d9ab8e25de3b2404e983e9a139d78b151a58f8 observed=57d9ab8e25de3b2404e983e9a139d78b151a58f8
[M15.WIDE.SHARD] EMPTY
[P38.GCS] RUNTIME_SOURCE_PASS expected=57d9ab8e25de3b2404e983e9a139d78b151a58f8 observed=57d9ab8e25de3b2404e983e9a139d78b151a58f8
[M15.WIDE.SHARD] EMPTY
[P38.GCS] RUNTIME_SOURCE_PASS expected=57d9ab8e25de3b2404e983e9a139d78b151a58f8 observed=57d9ab8e25de3b2404e983e9a139d78b151a58f8
[M15.WIDE.SHARD] EMPTY
[P38.GCS] RUNTIME_SOURCE_PASS expected=57d9ab8e25de3b2404e983e9a139d78b151a58f8 observed=57d9ab8e25de3b2404e983e9a139d78b151a58f8
[M15.WIDE.SHARD] EMPTY
[P38.GCS] RUNTIME_SOURCE_PASS expected=57d9ab8e25de3b2404e983e9a139d78b151a58f8 observed=57d9ab8e25de3b2404e983e9a139d78b151a58f8
[M15.WIDE.SHARD] EMPTY
[P38.GCS] RUNTIME_SOURCE_PASS expected=57d9ab8e25de3b2404e983e9a139d78b151a58f8 observed=57d9ab8e25de3b2404e983e9a139d78b151a58f8
[M15.WIDE.SHARD] EMPTY
[P38.GCS] RUNTIME_SOURCE_PASS expected=57d9ab8e25de3b2404e983e9a139d78b151a58f8 observed=57d9ab8e25de3b2404e983e9a139d78b151a58f8
[M15.WIDE.SHARD] EMPTY
[P38.GCS] RUNTIME_SOURCE_PASS expected=57d9ab8e25de3b2404e983e9a139d78b151a58f8 observed=57d9ab8e25de3b2404e983e9a139d78b151a58f8
[M15.WIDE.SHARD] EMPTY
[P38.GCS] RUNTIME_SOURCE_PASS expected=57d9ab8e25de3b2404e983e9a139d78b151a58f8 observed=57d9ab8e25de3b2404e983e9a139d78b151a58f8
[M15.WIDE.SHARD] EMPTY
[P38.GCS] RUNTIME_SOURCE_PASS expected=57d9ab8e25de3b2404e983e9a139d78b151a58f8 observed=57d9ab8e25de3b2404e983e9a139d78b151a58f8
[M15.WIDE.SHARD] EMPTY
[P38.GCS] RUNTIME_SOURCE_PASS expected=57d9ab8e25de3b2404e983e9a139d78b151a58f8 observed=57d9ab8e25de3b2404e983e9a139d78b151a58f8
[M15.WIDE.SHARD] EMPTY
[P38.GCS] RUNTIME_SOURCE_PASS expected=57d9ab8e25de3b2404e983e9a139d78b151a58f8 observed=57d9ab8e25de3b2404e983e9a139d78b151a58f8
[M15.WIDE.SHARD] EMPTY
[P38.GCS] RUNTIME_SOURCE_PASS expected=57d9ab8e25de3b2404e983e9a139d78b151a58f8 observed=57d9ab8e25de3b2404e983e9a139d78b151a58f8
[M15.WIDE.SHARD] EMPTY
[P38.GCS] RUNTIME_SOURCE_PASS expected=57d9ab8e25de3b2404e983e9a139d78b151a58f8 observed=57d9ab8e25de3b2404e983e9a139d78b151a58f8
[M15.WIDE.SHARD] EMPTY
[P38.GCS] RUNTIME_SOURCE_PASS expected=57d9ab8e25de3b2404e983e9a139d78b151a58f8 observed=57d9ab8e25de3b2404e983e9a139d78b151a58f8
[M15.WIDE.SHARD] EMPTY
[P38.GCS] RUNTIME_SOURCE_PASS expected=57d9ab8e25de3b2404e983e9a139d78b151a58f8 observed=57d9ab8e25de3b2404e983e9a139d78b151a58f8
[M15.WIDE.SHARD] EMPTY
[P38.GCS] RUNTIME_SOURCE_PASS expected=57d9ab8e25de3b2404e983e9a139d78b151a58f8 observed=57d9ab8e25de3b2404e983e9a139d78b151a58f8
[M15.WIDE.SHARD] EMPTY
[P38.GCS] RUNTIME_SOURCE_PASS expected=57d9ab8e25de3b2404e983e9a139d78b151a58f8 observed=57d9ab8e25de3b2404e983e9a139d78b151a58f8
[M15.WIDE.SHARD] EMPTY
[P38.GCS] RUNTIME_SOURCE_PASS expected=57d9ab8e25de3b2404e983e9a139d78b151a58f8 observed=57d9ab8e25de3b2404e983e9a139d78b151a58f8
[M15.WIDE.SHARD] EMPTY
[P38.GCS] RUNTIME_SOURCE_PASS expected=57d9ab8e25de3b2404e983e9a139d78b151a58f8 observed=57d9ab8e25de3b2404e983e9a139d78b151a58f8
[M15.WIDE.SHARD] EMPTY
[P38.GCS] RUNTIME_SOURCE_PASS expected=57d9ab8e25de3b2404e983e9a139d78b151a58f8 observed=57d9ab8e25de3b2404e983e9a139d78b151a58f8
[M15.WIDE.SHARD] EMPTY
[P38.GCS] RUNTIME_SOURCE_PASS expected=57d9ab8e25de3b2404e983e9a139d78b151a58f8 observed=57d9ab8e25de3b2404e983e9a139d78b151a58f8
[M15.WIDE.SHARD] EMPTY
[P38.GCS] RUNTIME_SOURCE_PASS expected=57d9ab8e25de3b2404e983e9a139d78b151a58f8 observed=57d9ab8e25de3b2404e983e9a139d78b151a58f8
[M15.WIDE.SHARD] EMPTY
[P38.GCS] RUNTIME_SOURCE_PASS expected=57d9ab8e25de3b2404e983e9a139d78b151a58f8 observed=57d9ab8e25de3b2404e983e9a139d78b151a58f8
[M15.WIDE.SHARD] EMPTY
[P38.GCS] RUNTIME_SOURCE_PASS expected=57d9ab8e25de3b2404e983e9a139d78b151a58f8 observed=57d9ab8e25de3b2404e983e9a139d78b151a58f8
[M15.WIDE.SHARD] EMPTY
[P38.GCS] RUNTIME_SOURCE_PASS expected=57d9ab8e25de3b2404e983e9a139d78b151a58f8 observed=57d9ab8e25de3b2404e983e9a139d78b151a58f8
[M15.WIDE.SHARD] EMPTY
[P38.GCS] RUNTIME_SOURCE_PASS expected=57d9ab8e25de3b2404e983e9a139d78b151a58f8 observed=57d9ab8e25de3b2404e983e9a139d78b151a58f8
[M15.WIDE.SHARD] EMPTY
[P38.GCS] RUNTIME_SOURCE_PASS expected=57d9ab8e25de3b2404e983e9a139d78b151a58f8 observed=57d9ab8e25de3b2404e983e9a139d78b151a58f8
[M15.WIDE.SHARD] STAGED sequence=0 pairs=18 bytes=2746684
[P38.ARCHIVE] CREATED path=/tmp/canon-state/canon-v1-apc-m15-off-d34-57d9ab8e/p38_m15_wide_shards/round-000000/000000.tar logical_files=37 sha256=c81b073cc0410006dc0cf11b57671cd81fec26256f9328f84a024bebfed53db8
[P38.ARCHIVE] VERIFIED path=/tmp/tmp.x7zFQWJjI9/SHARD_ARCHIVE.tar logical_files=37 sha256=c81b073cc0410006dc0cf11b57671cd81fec26256f9328f84a024bebfed53db8
[P38.GCS] M15_SHARD_COMPLETE sequence=000000 round=0 pairs=18 archive_sha256=c81b073cc0410006dc0cf11b57671cd81fec26256f9328f84a024bebfed53db8 manifest_sha256=a5d50575ecbde4e3e03ff3eb67ad86e594b7eccdce3a139f0b4b063bab17d7a9
[P38.GCS] RUNTIME_SOURCE_PASS expected=57d9ab8e25de3b2404e983e9a139d78b151a58f8 observed=57d9ab8e25de3b2404e983e9a139d78b151a58f8
[M15.WIDE.SHARD] STAGED sequence=1 pairs=32 bytes=7286080
[P38.ARCHIVE] CREATED path=/tmp/canon-state/canon-v1-apc-m15-off-d34-57d9ab8e/p38_m15_wide_shards/round-000000/000001.tar logical_files=65 sha256=ab6537a7543313b8e5ae2589dbb8d754e021b1e669914b9da723e4143a5f197c
[P38.ARCHIVE] VERIFIED path=/tmp/tmp.v2gSwZnDpF/SHARD_ARCHIVE.tar logical_files=65 sha256=ab6537a7543313b8e5ae2589dbb8d754e021b1e669914b9da723e4143a5f197c
[P38.GCS] M15_SHARD_COMPLETE sequence=000001 round=0 pairs=32 archive_sha256=ab6537a7543313b8e5ae2589dbb8d754e021b1e669914b9da723e4143a5f197c manifest_sha256=ca8b2e1f84c10e21f176a752035b1d63c75dad7de99b46ae1c196b7329adf661
[P38.GCS] RUNTIME_SOURCE_PASS expected=57d9ab8e25de3b2404e983e9a139d78b151a58f8 observed=57d9ab8e25de3b2404e983e9a139d78b151a58f8
[M15.WIDE.SHARD] STAGED sequence=2 pairs=32 bytes=7847708
[P38.ARCHIVE] CREATED path=/tmp/canon-state/canon-v1-apc-m15-off-d34-57d9ab8e/p38_m15_wide_shards/round-000000/000002.tar logical_files=65 sha256=33470daca60be469181e88b020a52ecd2d0f420160ed669808687cdf0200f890
[P38.ARCHIVE] VERIFIED path=/tmp/tmp.O730Niz0D7/SHARD_ARCHIVE.tar logical_files=65 sha256=33470daca60be469181e88b020a52ecd2d0f420160ed669808687cdf0200f890
[P38.GCS] M15_SHARD_COMPLETE sequence=000002 round=0 pairs=32 archive_sha256=33470daca60be469181e88b020a52ecd2d0f420160ed669808687cdf0200f890 manifest_sha256=6cc035d345928e0b78a86c3c93e1e6ecd10ea88360aac9572ebdcf5d519ba6a0
[P38.GCS] RUNTIME_SOURCE_PASS expected=57d9ab8e25de3b2404e983e9a139d78b151a58f8 observed=57d9ab8e25de3b2404e983e9a139d78b151a58f8
[M15.WIDE.SHARD] STAGED sequence=3 pairs=32 bytes=9403349
[P38.ARCHIVE] CREATED path=/tmp/canon-state/canon-v1-apc-m15-off-d34-57d9ab8e/p38_m15_wide_shards/round-000000/000003.tar logical_files=65 sha256=18cda0eed6a339c8802d32f9ca099c356e7b43325e7eb93132a3101baf957cb4
[P38.ARCHIVE] VERIFIED path=/tmp/tmp.FAfJzZSF9N/SHARD_ARCHIVE.tar logical_files=65 sha256=18cda0eed6a339c8802d32f9ca099c356e7b43325e7eb93132a3101baf957cb4
[P38.GCS] M15_SHARD_COMPLETE sequence=000003 round=0 pairs=32 archive_sha256=18cda0eed6a339c8802d32f9ca099c356e7b43325e7eb93132a3101baf957cb4 manifest_sha256=8c5fbadcbac38c9aa933f56c3fff70b4765ece1e0d32005a17c7a41a6de5fd6e
[P38.GCS] RUNTIME_SOURCE_PASS expected=57d9ab8e25de3b2404e983e9a139d78b151a58f8 observed=57d9ab8e25de3b2404e983e9a139d78b151a58f8
[M15.WIDE.SHARD] STAGED sequence=4 pairs=32 bytes=10390888
[P38.ARCHIVE] CREATED path=/tmp/canon-state/canon-v1-apc-m15-off-d34-57d9ab8e/p38_m15_wide_shards/round-000000/000004.tar logical_files=65 sha256=e1d65411d35c5ec1955678c5a5a9cbddb0aad22ec46a8f79928be0c3a94173c7
[P38.ARCHIVE] VERIFIED path=/tmp/tmp.EdPc3z09iR/SHARD_ARCHIVE.tar logical_files=65 sha256=e1d65411d35c5ec1955678c5a5a9cbddb0aad22ec46a8f79928be0c3a94173c7
[P38.GCS] M15_SHARD_COMPLETE sequence=000004 round=0 pairs=32 archive_sha256=e1d65411d35c5ec1955678c5a5a9cbddb0aad22ec46a8f79928be0c3a94173c7 manifest_sha256=a0f460559ce4f797f50037a0e6019fd49ed1228b38cefcfc0b784bd7d83f83e6
[P38.GCS] RUNTIME_SOURCE_PASS expected=57d9ab8e25de3b2404e983e9a139d78b151a58f8 observed=57d9ab8e25de3b2404e983e9a139d78b151a58f8
[M15.WIDE.SHARD] STAGED sequence=5 pairs=32 bytes=16076074
[P38.ARCHIVE] CREATED path=/tmp/canon-state/canon-v1-apc-m15-off-d34-57d9ab8e/p38_m15_wide_shards/round-000000/000005.tar logical_files=65 sha256=db29fe2e367f2ae12a9c0a739413d47a23674bada77617208c1a7dc093aaf157
[P38.ARCHIVE] VERIFIED path=/tmp/tmp.zH01Tmxl6s/SHARD_ARCHIVE.tar logical_files=65 sha256=db29fe2e367f2ae12a9c0a739413d47a23674bada77617208c1a7dc093aaf157
[P38.GCS] M15_SHARD_COMPLETE sequence=000005 round=0 pairs=32 archive_sha256=db29fe2e367f2ae12a9c0a739413d47a23674bada77617208c1a7dc093aaf157 manifest_sha256=060a47c39c8af26ce68cce283099d26de37ddeca357cc9957b634543cc8b69e5
[P38.GCS] RUNTIME_SOURCE_PASS expected=57d9ab8e25de3b2404e983e9a139d78b151a58f8 observed=57d9ab8e25de3b2404e983e9a139d78b151a58f8
[M15.WIDE.SHARD] STAGED sequence=6 pairs=32 bytes=15031327
[P38.ARCHIVE] CREATED path=/tmp/canon-state/canon-v1-apc-m15-off-d34-57d9ab8e/p38_m15_wide_shards/round-000000/000006.tar logical_files=65 sha256=214a75b0fc1a44477cc0af9e88491acc95a87a386ec726da55dfb45b8c115f54
[P38.ARCHIVE] VERIFIED path=/tmp/tmp.hsw3WRU9cn/SHARD_ARCHIVE.tar logical_files=65 sha256=214a75b0fc1a44477cc0af9e88491acc95a87a386ec726da55dfb45b8c115f54
[P38.GCS] M15_SHARD_COMPLETE sequence=000006 round=0 pairs=32 archive_sha256=214a75b0fc1a44477cc0af9e88491acc95a87a386ec726da55dfb45b8c115f54 manifest_sha256=f4c91bb02cef98ad3f6740c35334a64f3cd3fbf774452bdc940eeb2edc1168f0
[P38.GCS] RUNTIME_SOURCE_PASS expected=57d9ab8e25de3b2404e983e9a139d78b151a58f8 observed=57d9ab8e25de3b2404e983e9a139d78b151a58f8
[M15.WIDE.SHARD] STAGED sequence=7 pairs=32 bytes=14452929
[P38.ARCHIVE] CREATED path=/tmp/canon-state/canon-v1-apc-m15-off-d34-57d9ab8e/p38_m15_wide_shards/round-000000/000007.tar logical_files=65 sha256=756c297f4ae7c343e6b3d7349717ffb36821ee3cf4434e93d8bed2a6b536b64c
[P38.ARCHIVE] VERIFIED path=/tmp/tmp.luLHshx29f/SHARD_ARCHIVE.tar logical_files=65 sha256=756c297f4ae7c343e6b3d7349717ffb36821ee3cf4434e93d8bed2a6b536b64c
[P38.GCS] M15_SHARD_COMPLETE sequence=000007 round=0 pairs=32 archive_sha256=756c297f4ae7c343e6b3d7349717ffb36821ee3cf4434e93d8bed2a6b536b64c manifest_sha256=c9e8bd50ff9cbe0466c7b72616c57f33970a767802a838f74bb54ee2e15c0837
[P38.GCS] RUNTIME_SOURCE_PASS expected=57d9ab8e25de3b2404e983e9a139d78b151a58f8 observed=57d9ab8e25de3b2404e983e9a139d78b151a58f8
[M15.WIDE.SHARD] STAGED sequence=8 pairs=32 bytes=15114363
[P38.ARCHIVE] CREATED path=/tmp/canon-state/canon-v1-apc-m15-off-d34-57d9ab8e/p38_m15_wide_shards/round-000000/000008.tar logical_files=65 sha256=370838f7228444f97f2c897a4b731688014c26631eac6ab767f0a2bce783c332
[P38.ARCHIVE] VERIFIED path=/tmp/tmp.0dCQR0XkBA/SHARD_ARCHIVE.tar logical_files=65 sha256=370838f7228444f97f2c897a4b731688014c26631eac6ab767f0a2bce783c332
[P38.GCS] M15_SHARD_COMPLETE sequence=000008 round=0 pairs=32 archive_sha256=370838f7228444f97f2c897a4b731688014c26631eac6ab767f0a2bce783c332 manifest_sha256=5d56aff5e58bf28079bf8015e027e5d6606f3b4cbbd3632f378f13dc6f3d09be
[P38.GCS] RUNTIME_SOURCE_PASS expected=57d9ab8e25de3b2404e983e9a139d78b151a58f8 observed=57d9ab8e25de3b2404e983e9a139d78b151a58f8
[M15.WIDE.SHARD] STAGED sequence=9 pairs=32 bytes=15771100
[P38.ARCHIVE] CREATED path=/tmp/canon-state/canon-v1-apc-m15-off-d34-57d9ab8e/p38_m15_wide_shards/round-000000/000009.tar logical_files=65 sha256=409b5a887dd4b43ee79974f06a443ff7bc2d92020ed34d4dfca4ad4f7dbdd025
[P38.ARCHIVE] VERIFIED path=/tmp/tmp.u8tXpFTv20/SHARD_ARCHIVE.tar logical_files=65 sha256=409b5a887dd4b43ee79974f06a443ff7bc2d92020ed34d4dfca4ad4f7dbdd025
[P38.GCS] M15_SHARD_COMPLETE sequence=000009 round=0 pairs=32 archive_sha256=409b5a887dd4b43ee79974f06a443ff7bc2d92020ed34d4dfca4ad4f7dbdd025 manifest_sha256=32eb4e8dc79e5a15501044b650842c8a92583d14731154969078b389b1c7e80a
[P38.GCS] RUNTIME_SOURCE_PASS expected=57d9ab8e25de3b2404e983e9a139d78b151a58f8 observed=57d9ab8e25de3b2404e983e9a139d78b151a58f8
[M15.WIDE.SHARD] STAGED sequence=10 pairs=32 bytes=17906738
[P38.ARCHIVE] CREATED path=/tmp/canon-state/canon-v1-apc-m15-off-d34-57d9ab8e/p38_m15_wide_shards/round-000000/000010.tar logical_files=65 sha256=3b077dacf9e2fff05e5bab6db3fd454461dd2906b7f32a32c36775d9e0a8a8a1
[P38.ARCHIVE] VERIFIED path=/tmp/tmp.C3Ksp1A3Dy/SHARD_ARCHIVE.tar logical_files=65 sha256=3b077dacf9e2fff05e5bab6db3fd454461dd2906b7f32a32c36775d9e0a8a8a1
[P38.GCS] M15_SHARD_COMPLETE sequence=000010 round=0 pairs=32 archive_sha256=3b077dacf9e2fff05e5bab6db3fd454461dd2906b7f32a32c36775d9e0a8a8a1 manifest_sha256=fd3bf3fe7bec72df76bc68224aaaa877656302aa05c52f3307e83bc32df0d109
[P38.GCS] RUNTIME_SOURCE_PASS expected=57d9ab8e25de3b2404e983e9a139d78b151a58f8 observed=57d9ab8e25de3b2404e983e9a139d78b151a58f8
[M15.WIDE.SHARD] STAGED sequence=11 pairs=32 bytes=16880736
[P38.ARCHIVE] CREATED path=/tmp/canon-state/canon-v1-apc-m15-off-d34-57d9ab8e/p38_m15_wide_shards/round-000000/000011.tar logical_files=65 sha256=30ddd7fdeff8f8241723d918fc231616500bde3408329a455a71db9684779ed9
[P38.ARCHIVE] VERIFIED path=/tmp/tmp.WbBIIiFeu9/SHARD_ARCHIVE.tar logical_files=65 sha256=30ddd7fdeff8f8241723d918fc231616500bde3408329a455a71db9684779ed9
[P38.GCS] M15_SHARD_COMPLETE sequence=000011 round=0 pairs=32 archive_sha256=30ddd7fdeff8f8241723d918fc231616500bde3408329a455a71db9684779ed9 manifest_sha256=999e2bba642ff6b156f8d5afad675f07335c5199291d12187441d28e59c921f7
[P38.GCS] RUNTIME_SOURCE_PASS expected=57d9ab8e25de3b2404e983e9a139d78b151a58f8 observed=57d9ab8e25de3b2404e983e9a139d78b151a58f8
[M15.WIDE.SHARD] STAGED sequence=12 pairs=32 bytes=18536906
[P38.ARCHIVE] CREATED path=/tmp/canon-state/canon-v1-apc-m15-off-d34-57d9ab8e/p38_m15_wide_shards/round-000000/000012.tar logical_files=65 sha256=afc49b6253ed0c07be8cc755570813031cd713e377ba3ea4955e6021d7ba08e1
[P38.ARCHIVE] VERIFIED path=/tmp/tmp.4oF6hbKvY4/SHARD_ARCHIVE.tar logical_files=65 sha256=afc49b6253ed0c07be8cc755570813031cd713e377ba3ea4955e6021d7ba08e1
[P38.GCS] M15_SHARD_COMPLETE sequence=000012 round=0 pairs=32 archive_sha256=afc49b6253ed0c07be8cc755570813031cd713e377ba3ea4955e6021d7ba08e1 manifest_sha256=582148c5bc6b62b6bbdde9fa322b5cee72235911d65eebc623473771cb2a5a80
[P38.GCS] RUNTIME_SOURCE_PASS expected=57d9ab8e25de3b2404e983e9a139d78b151a58f8 observed=57d9ab8e25de3b2404e983e9a139d78b151a58f8
[M15.WIDE.SHARD] STAGED sequence=13 pairs=32 bytes=18634414
[P38.ARCHIVE] CREATED path=/tmp/canon-state/canon-v1-apc-m15-off-d34-57d9ab8e/p38_m15_wide_shards/round-000000/000013.tar logical_files=65 sha256=4dd511f3e9a1597e06ecbd53531d70b384effd3fc95707f98ccf9b1cd06c0b49
[P38.ARCHIVE] VERIFIED path=/tmp/tmp.Bwf2WDwklP/SHARD_ARCHIVE.tar logical_files=65 sha256=4dd511f3e9a1597e06ecbd53531d70b384effd3fc95707f98ccf9b1cd06c0b49
[P38.GCS] M15_SHARD_COMPLETE sequence=000013 round=0 pairs=32 archive_sha256=4dd511f3e9a1597e06ecbd53531d70b384effd3fc95707f98ccf9b1cd06c0b49 manifest_sha256=0c247111916b80e95f9417241e38c3a9879a7a5faa38f813d2c14922eeec0d44
[P38.GCS] RUNTIME_SOURCE_PASS expected=57d9ab8e25de3b2404e983e9a139d78b151a58f8 observed=57d9ab8e25de3b2404e983e9a139d78b151a58f8
[M15.WIDE.SHARD] STAGED sequence=14 pairs=32 bytes=18733762
[P38.ARCHIVE] CREATED path=/tmp/canon-state/canon-v1-apc-m15-off-d34-57d9ab8e/p38_m15_wide_shards/round-000000/000014.tar logical_files=65 sha256=1d7708cb8a7135236313949efd2f99d53390c7925ca4ba4cb9d620ccc9da2c16
[P38.ARCHIVE] VERIFIED path=/tmp/tmp.PaAyKtpI02/SHARD_ARCHIVE.tar logical_files=65 sha256=1d7708cb8a7135236313949efd2f99d53390c7925ca4ba4cb9d620ccc9da2c16
[P38.GCS] M15_SHARD_COMPLETE sequence=000014 round=0 pairs=32 archive_sha256=1d7708cb8a7135236313949efd2f99d53390c7925ca4ba4cb9d620ccc9da2c16 manifest_sha256=f7e966609616ad0e2d679a84aad8c8d6dd4d8a3858f70c9630054e06cc940715
[P38.GCS] RUNTIME_SOURCE_PASS expected=57d9ab8e25de3b2404e983e9a139d78b151a58f8 observed=57d9ab8e25de3b2404e983e9a139d78b151a58f8
[M15.WIDE.SHARD] STAGED sequence=15 pairs=32 bytes=20881938
[P38.ARCHIVE] CREATED path=/tmp/canon-state/canon-v1-apc-m15-off-d34-57d9ab8e/p38_m15_wide_shards/round-000000/000015.tar logical_files=65 sha256=c120f036f60a12d55347b95a7af9d519e16e3e0308412b269ec27f28e65d1675
[P38.ARCHIVE] VERIFIED path=/tmp/tmp.FcCzOH4EZm/SHARD_ARCHIVE.tar logical_files=65 sha256=c120f036f60a12d55347b95a7af9d519e16e3e0308412b269ec27f28e65d1675
[P38.GCS] M15_SHARD_COMPLETE sequence=000015 round=0 pairs=32 archive_sha256=c120f036f60a12d55347b95a7af9d519e16e3e0308412b269ec27f28e65d1675 manifest_sha256=1e3c5580265fff6aa6347a60fa86ae0c29736809fb1548879c1d413656f27e74
[P38.GCS] RUNTIME_SOURCE_PASS expected=57d9ab8e25de3b2404e983e9a139d78b151a58f8 observed=57d9ab8e25de3b2404e983e9a139d78b151a58f8
[M15.WIDE.SHARD] STAGED sequence=16 pairs=32 bytes=19774379
[P38.ARCHIVE] CREATED path=/tmp/canon-state/canon-v1-apc-m15-off-d34-57d9ab8e/p38_m15_wide_shards/round-000000/000016.tar logical_files=65 sha256=30c0be761ba5a1ddd99513d2d5702a904d5eb6947c9dc7e5d2d9ba0a59a41b3e
[P38.ARCHIVE] VERIFIED path=/tmp/tmp.Xf2GhOtR3a/SHARD_ARCHIVE.tar logical_files=65 sha256=30c0be761ba5a1ddd99513d2d5702a904d5eb6947c9dc7e5d2d9ba0a59a41b3e
[P38.GCS] M15_SHARD_COMPLETE sequence=000016 round=0 pairs=32 archive_sha256=30c0be761ba5a1ddd99513d2d5702a904d5eb6947c9dc7e5d2d9ba0a59a41b3e manifest_sha256=75de885e9aeca0609b082cd9ee28444cb454d59e8e4d746502dc98d997ac6f6e
[P38.GCS] RUNTIME_SOURCE_PASS expected=57d9ab8e25de3b2404e983e9a139d78b151a58f8 observed=57d9ab8e25de3b2404e983e9a139d78b151a58f8
[M15.WIDE.SHARD] STAGED sequence=17 pairs=32 bytes=21006670
[P38.ARCHIVE] CREATED path=/tmp/canon-state/canon-v1-apc-m15-off-d34-57d9ab8e/p38_m15_wide_shards/round-000000/000017.tar logical_files=65 sha256=26c54f8635bd0ccd6927b49b72294a09af7376d4c5cd0a561da412b1b9c22092
[P38.ARCHIVE] VERIFIED path=/tmp/tmp.EudwC96TNl/SHARD_ARCHIVE.tar logical_files=65 sha256=26c54f8635bd0ccd6927b49b72294a09af7376d4c5cd0a561da412b1b9c22092
[P38.GCS] M15_SHARD_COMPLETE sequence=000017 round=0 pairs=32 archive_sha256=26c54f8635bd0ccd6927b49b72294a09af7376d4c5cd0a561da412b1b9c22092 manifest_sha256=4e659c028409ce84a75532765dbd38066748df40b81240cb31abee97f9b5d781
[P38.GCS] RUNTIME_SOURCE_PASS expected=57d9ab8e25de3b2404e983e9a139d78b151a58f8 observed=57d9ab8e25de3b2404e983e9a139d78b151a58f8
[M15.WIDE.SHARD] STAGED sequence=18 pairs=32 bytes=22111417
[P38.ARCHIVE] CREATED path=/tmp/canon-state/canon-v1-apc-m15-off-d34-57d9ab8e/p38_m15_wide_shards/round-000000/000018.tar logical_files=65 sha256=db4faecee3253be134e98e53f7d5c6012667fb2b10acbb372a6e15437ffb0a1d
[P38.ARCHIVE] VERIFIED path=/tmp/tmp.bR5Nu1md5s/SHARD_ARCHIVE.tar logical_files=65 sha256=db4faecee3253be134e98e53f7d5c6012667fb2b10acbb372a6e15437ffb0a1d
[P38.GCS] M15_SHARD_COMPLETE sequence=000018 round=0 pairs=32 archive_sha256=db4faecee3253be134e98e53f7d5c6012667fb2b10acbb372a6e15437ffb0a1d manifest_sha256=e4bcb5f777c84309ec0e0a84f23e0fdb8128b73b27bf8bbdbba555cfc16fad2b
[P38.GCS] RUNTIME_SOURCE_PASS expected=57d9ab8e25de3b2404e983e9a139d78b151a58f8 observed=57d9ab8e25de3b2404e983e9a139d78b151a58f8
[M15.WIDE.SHARD] STAGED sequence=19 pairs=32 bytes=21653773
[P38.ARCHIVE] CREATED path=/tmp/canon-state/canon-v1-apc-m15-off-d34-57d9ab8e/p38_m15_wide_shards/round-000000/000019.tar logical_files=65 sha256=125a30eddff48e2881f6c818dc997b7e4dc2a7191f65f4b461b30be73f90f720
[P38.ARCHIVE] VERIFIED path=/tmp/tmp.kEcd043eT6/SHARD_ARCHIVE.tar logical_files=65 sha256=125a30eddff48e2881f6c818dc997b7e4dc2a7191f65f4b461b30be73f90f720
[P38.GCS] M15_SHARD_COMPLETE sequence=000019 round=0 pairs=32 archive_sha256=125a30eddff48e2881f6c818dc997b7e4dc2a7191f65f4b461b30be73f90f720 manifest_sha256=42f76cd591e4253c55452b7a2fe6d0600f2dbb826ccafdede0d8e75187e7dc24
[P38.GCS] RUNTIME_SOURCE_PASS expected=57d9ab8e25de3b2404e983e9a139d78b151a58f8 observed=57d9ab8e25de3b2404e983e9a139d78b151a58f8
[M15.WIDE.SHARD] STAGED sequence=20 pairs=32 bytes=22119096
[P38.ARCHIVE] CREATED path=/tmp/canon-state/canon-v1-apc-m15-off-d34-57d9ab8e/p38_m15_wide_shards/round-000000/000020.tar logical_files=65 sha256=98a229f93b188af2c579d45ac8b897ca353169f4ac2ed33a346ae7783b008958
[P38.ARCHIVE] VERIFIED path=/tmp/tmp.Uwz5tHXIrx/SHARD_ARCHIVE.tar logical_files=65 sha256=98a229f93b188af2c579d45ac8b897ca353169f4ac2ed33a346ae7783b008958
[P38.GCS] M15_SHARD_COMPLETE sequence=000020 round=0 pairs=32 archive_sha256=98a229f93b188af2c579d45ac8b897ca353169f4ac2ed33a346ae7783b008958 manifest_sha256=8934c37eaea1281265925c855fe088d46f0e2b3150aa988bce3500364cd76f0c
[P38.GCS] RUNTIME_SOURCE_PASS expected=57d9ab8e25de3b2404e983e9a139d78b151a58f8 observed=57d9ab8e25de3b2404e983e9a139d78b151a58f8
[M15.WIDE.SHARD] STAGED sequence=21 pairs=32 bytes=22181181
[P38.ARCHIVE] CREATED path=/tmp/canon-state/canon-v1-apc-m15-off-d34-57d9ab8e/p38_m15_wide_shards/round-000000/000021.tar logical_files=65 sha256=4b35af1a4847f8d3b7c2ccae71e608945e56bfcf5c81b42bb668e689f9fa9c68
[P38.ARCHIVE] VERIFIED path=/tmp/tmp.nBbTyCK1Ta/SHARD_ARCHIVE.tar logical_files=65 sha256=4b35af1a4847f8d3b7c2ccae71e608945e56bfcf5c81b42bb668e689f9fa9c68
[P38.GCS] M15_SHARD_COMPLETE sequence=000021 round=0 pairs=32 archive_sha256=4b35af1a4847f8d3b7c2ccae71e608945e56bfcf5c81b42bb668e689f9fa9c68 manifest_sha256=a724b0a5141d0a3ea62637023833decad7f264c1204d57e3a419afbade96e0aa
[P38.GCS] RUNTIME_SOURCE_PASS expected=57d9ab8e25de3b2404e983e9a139d78b151a58f8 observed=57d9ab8e25de3b2404e983e9a139d78b151a58f8
[M15.WIDE.SHARD] STAGED sequence=22 pairs=32 bytes=23979940
[P38.ARCHIVE] CREATED path=/tmp/canon-state/canon-v1-apc-m15-off-d34-57d9ab8e/p38_m15_wide_shards/round-000000/000022.tar logical_files=65 sha256=ff27346bc67026817b65351fa1bbbd2ffb41bc1995055b8606796ff70176349c
[P38.ARCHIVE] VERIFIED path=/tmp/tmp.XxnVgb1bte/SHARD_ARCHIVE.tar logical_files=65 sha256=ff27346bc67026817b65351fa1bbbd2ffb41bc1995055b8606796ff70176349c
[P38.GCS] M15_SHARD_COMPLETE sequence=000022 round=0 pairs=32 archive_sha256=ff27346bc67026817b65351fa1bbbd2ffb41bc1995055b8606796ff70176349c manifest_sha256=ef8846054a415e2e8b526efc0188acabfb31459d230645aeb1e2f50986b0e435
[P38.GCS] RUNTIME_SOURCE_PASS expected=57d9ab8e25de3b2404e983e9a139d78b151a58f8 observed=57d9ab8e25de3b2404e983e9a139d78b151a58f8
[M15.WIDE.SHARD] STAGED sequence=23 pairs=32 bytes=23698333
[P38.ARCHIVE] CREATED path=/tmp/canon-state/canon-v1-apc-m15-off-d34-57d9ab8e/p38_m15_wide_shards/round-000000/000023.tar logical_files=65 sha256=f75d50538adc628ee201345383491e9ba28f32add23c4dfe31bc730687bf4fca
[P38.ARCHIVE] VERIFIED path=/tmp/tmp.CeWbitqOjn/SHARD_ARCHIVE.tar logical_files=65 sha256=f75d50538adc628ee201345383491e9ba28f32add23c4dfe31bc730687bf4fca
[P38.GCS] M15_SHARD_COMPLETE sequence=000023 round=0 pairs=32 archive_sha256=f75d50538adc628ee201345383491e9ba28f32add23c4dfe31bc730687bf4fca manifest_sha256=8fe182c67c05656ce718bb6d866659501f44a475d730f937d0f6aef61d7eba1b
[P38.GCS] RUNTIME_SOURCE_PASS expected=57d9ab8e25de3b2404e983e9a139d78b151a58f8 observed=57d9ab8e25de3b2404e983e9a139d78b151a58f8
[M15.WIDE.SHARD] STAGED sequence=24 pairs=32 bytes=23919143
[P38.ARCHIVE] CREATED path=/tmp/canon-state/canon-v1-apc-m15-off-d34-57d9ab8e/p38_m15_wide_shards/round-000000/000024.tar logical_files=65 sha256=255c1abde0261e6c55be7d676ce7d3879c3dde98506c49422afc980e65cefce0
[P38.ARCHIVE] VERIFIED path=/tmp/tmp.uVOfyGjtaJ/SHARD_ARCHIVE.tar logical_files=65 sha256=255c1abde0261e6c55be7d676ce7d3879c3dde98506c49422afc980e65cefce0
[P38.GCS] M15_SHARD_COMPLETE sequence=000024 round=0 pairs=32 archive_sha256=255c1abde0261e6c55be7d676ce7d3879c3dde98506c49422afc980e65cefce0 manifest_sha256=bee517060a35c8cf7eb5ba15da4a5c0c788e92525202eba834cb9386fdfcc0d0
[P38.GCS] RUNTIME_SOURCE_PASS expected=57d9ab8e25de3b2404e983e9a139d78b151a58f8 observed=57d9ab8e25de3b2404e983e9a139d78b151a58f8
[M15.WIDE.SHARD] STAGED sequence=25 pairs=32 bytes=23355936
[P38.ARCHIVE] CREATED path=/tmp/canon-state/canon-v1-apc-m15-off-d34-57d9ab8e/p38_m15_wide_shards/round-000000/000025.tar logical_files=65 sha256=e3bc67f9d81ea8577071a0feb6bf0ca2ec915ac199d76ecd5b4a047d9760f708
[P38.ARCHIVE] VERIFIED path=/tmp/tmp.jS8rJj1XQj/SHARD_ARCHIVE.tar logical_files=65 sha256=e3bc67f9d81ea8577071a0feb6bf0ca2ec915ac199d76ecd5b4a047d9760f708
[P38.GCS] M15_SHARD_COMPLETE sequence=000025 round=0 pairs=32 archive_sha256=e3bc67f9d81ea8577071a0feb6bf0ca2ec915ac199d76ecd5b4a047d9760f708 manifest_sha256=d17555c485ad08334e5c9eed72cb94cf893a02cfc07ff35bbe6c859b3d10b84d
[P38.GCS] RUNTIME_SOURCE_PASS expected=57d9ab8e25de3b2404e983e9a139d78b151a58f8 observed=57d9ab8e25de3b2404e983e9a139d78b151a58f8
[M15.WIDE.SHARD] STAGED sequence=26 pairs=32 bytes=25575772
[P38.ARCHIVE] CREATED path=/tmp/canon-state/canon-v1-apc-m15-off-d34-57d9ab8e/p38_m15_wide_shards/round-000000/000026.tar logical_files=65 sha256=d23727c889a83892095e11d2871f67f26b7cb63669e587f1eaa863aad655950e
[P38.ARCHIVE] VERIFIED path=/tmp/tmp.LnmV83LbZt/SHARD_ARCHIVE.tar logical_files=65 sha256=d23727c889a83892095e11d2871f67f26b7cb63669e587f1eaa863aad655950e
[P38.GCS] M15_SHARD_COMPLETE sequence=000026 round=0 pairs=32 archive_sha256=d23727c889a83892095e11d2871f67f26b7cb63669e587f1eaa863aad655950e manifest_sha256=8c9cb51ecfc773d36c1d85e6363991eb4b5a88264e63640164fa62b7ee88b64d
[P38.GCS] RUNTIME_SOURCE_PASS expected=57d9ab8e25de3b2404e983e9a139d78b151a58f8 observed=57d9ab8e25de3b2404e983e9a139d78b151a58f8
[M15.WIDE.SHARD] STAGED sequence=27 pairs=32 bytes=25150388
[P38.ARCHIVE] CREATED path=/tmp/canon-state/canon-v1-apc-m15-off-d34-57d9ab8e/p38_m15_wide_shards/round-000000/000027.tar logical_files=65 sha256=039c4c3468bbabc741addc12076bba61c4585b6eba4bcaa9b08a83b20cda0faf
[P38.ARCHIVE] VERIFIED path=/tmp/tmp.jYohpcBVtn/SHARD_ARCHIVE.tar logical_files=65 sha256=039c4c3468bbabc741addc12076bba61c4585b6eba4bcaa9b08a83b20cda0faf
[P38.GCS] M15_SHARD_COMPLETE sequence=000027 round=0 pairs=32 archive_sha256=039c4c3468bbabc741addc12076bba61c4585b6eba4bcaa9b08a83b20cda0faf manifest_sha256=3270fa213aaae864206ba6fc5b26c21e6138a0d613e2564cb8fbf6a22955b3a7
[P38.GCS] RUNTIME_SOURCE_PASS expected=57d9ab8e25de3b2404e983e9a139d78b151a58f8 observed=57d9ab8e25de3b2404e983e9a139d78b151a58f8
[M15.WIDE.SHARD] STAGED sequence=28 pairs=32 bytes=24871708
[P38.ARCHIVE] CREATED path=/tmp/canon-state/canon-v1-apc-m15-off-d34-57d9ab8e/p38_m15_wide_shards/round-000000/000028.tar logical_files=65 sha256=0f4624de99d7ddfd7f0fd9971d82bb26d079f208fee690f196d8471795c22197
[P38.ARCHIVE] VERIFIED path=/tmp/tmp.A6FVgTV2nN/SHARD_ARCHIVE.tar logical_files=65 sha256=0f4624de99d7ddfd7f0fd9971d82bb26d079f208fee690f196d8471795c22197
[P38.GCS] M15_SHARD_COMPLETE sequence=000028 round=0 pairs=32 archive_sha256=0f4624de99d7ddfd7f0fd9971d82bb26d079f208fee690f196d8471795c22197 manifest_sha256=7be4f9450a6d97b9b17f4842409fd44202adca45e20452a54fa5b0a0f2c01c6b
[P38.GCS] RUNTIME_SOURCE_PASS expected=57d9ab8e25de3b2404e983e9a139d78b151a58f8 observed=57d9ab8e25de3b2404e983e9a139d78b151a58f8
[M15.WIDE.SHARD] STAGED sequence=29 pairs=32 bytes=25248542
[P38.ARCHIVE] CREATED path=/tmp/canon-state/canon-v1-apc-m15-off-d34-57d9ab8e/p38_m15_wide_shards/round-000000/000029.tar logical_files=65 sha256=5bb35ae33d88febcb6d85b873873257ac96681ac7729aee7b9d647b98e028c51
[P38.ARCHIVE] VERIFIED path=/tmp/tmp.sgpnjZLefZ/SHARD_ARCHIVE.tar logical_files=65 sha256=5bb35ae33d88febcb6d85b873873257ac96681ac7729aee7b9d647b98e028c51
[P38.GCS] M15_SHARD_COMPLETE sequence=000029 round=0 pairs=32 archive_sha256=5bb35ae33d88febcb6d85b873873257ac96681ac7729aee7b9d647b98e028c51 manifest_sha256=4de14e88450a79e71d3caea9c2bdde00baf4381a05929c3010094fceb2a55514
[P38.GCS] RUNTIME_SOURCE_PASS expected=57d9ab8e25de3b2404e983e9a139d78b151a58f8 observed=57d9ab8e25de3b2404e983e9a139d78b151a58f8
[M15.WIDE.SHARD] STAGED sequence=30 pairs=32 bytes=25801658
[P38.ARCHIVE] CREATED path=/tmp/canon-state/canon-v1-apc-m15-off-d34-57d9ab8e/p38_m15_wide_shards/round-000000/000030.tar logical_files=65 sha256=a0aeb63d787e076c9e39a8fbb75e30948c03f5a9090b269a3250fc65843b8bd2
[P38.ARCHIVE] VERIFIED path=/tmp/tmp.wn9p3258kq/SHARD_ARCHIVE.tar logical_files=65 sha256=a0aeb63d787e076c9e39a8fbb75e30948c03f5a9090b269a3250fc65843b8bd2
[P38.GCS] M15_SHARD_COMPLETE sequence=000030 round=0 pairs=32 archive_sha256=a0aeb63d787e076c9e39a8fbb75e30948c03f5a9090b269a3250fc65843b8bd2 manifest_sha256=75845f9fdf3d32887a08c58776492f8475cf615b79099492e221d20d0bef7500
[P38.GCS] RUNTIME_SOURCE_PASS expected=57d9ab8e25de3b2404e983e9a139d78b151a58f8 observed=57d9ab8e25de3b2404e983e9a139d78b151a58f8
[M15.WIDE.SHARD] STAGED sequence=31 pairs=32 bytes=26805192
[P38.ARCHIVE] CREATED path=/tmp/canon-state/canon-v1-apc-m15-off-d34-57d9ab8e/p38_m15_wide_shards/round-000000/000031.tar logical_files=65 sha256=f5fa272e7bbf7f05e832e120837ec82ae607a6e2f598e3cbe5ad637734ec86df
[P38.ARCHIVE] VERIFIED path=/tmp/tmp.TgbhXdyveJ/SHARD_ARCHIVE.tar logical_files=65 sha256=f5fa272e7bbf7f05e832e120837ec82ae607a6e2f598e3cbe5ad637734ec86df
[P38.GCS] M15_SHARD_COMPLETE sequence=000031 round=0 pairs=32 archive_sha256=f5fa272e7bbf7f05e832e120837ec82ae607a6e2f598e3cbe5ad637734ec86df manifest_sha256=87a6a0ca3726b4b18f59dd03337be67a6b560f91df34de3dd8a9da59d19fd404
[P38.GCS] RUNTIME_SOURCE_PASS expected=57d9ab8e25de3b2404e983e9a139d78b151a58f8 observed=57d9ab8e25de3b2404e983e9a139d78b151a58f8
[M15.WIDE.SHARD] STAGED sequence=32 pairs=32 bytes=26578362
[P38.ARCHIVE] CREATED path=/tmp/canon-state/canon-v1-apc-m15-off-d34-57d9ab8e/p38_m15_wide_shards/round-000000/000032.tar logical_files=65 sha256=e1838ba171b303724ab7feea1c529d25a7aac7ce6485d884af54821e88773ce2
[P38.ARCHIVE] VERIFIED path=/tmp/tmp.f24oQ6Myfm/SHARD_ARCHIVE.tar logical_files=65 sha256=e1838ba171b303724ab7feea1c529d25a7aac7ce6485d884af54821e88773ce2
[P38.GCS] M15_SHARD_COMPLETE sequence=000032 round=0 pairs=32 archive_sha256=e1838ba171b303724ab7feea1c529d25a7aac7ce6485d884af54821e88773ce2 manifest_sha256=f6c2e599959cc38512ac5c89f33b6ffcbf61b0619730e03b0306621dd663b28d
[P38.GCS] RUNTIME_SOURCE_PASS expected=57d9ab8e25de3b2404e983e9a139d78b151a58f8 observed=57d9ab8e25de3b2404e983e9a139d78b151a58f8
[M15.WIDE.SHARD] STAGED sequence=33 pairs=32 bytes=25992290
[P38.ARCHIVE] CREATED path=/tmp/canon-state/canon-v1-apc-m15-off-d34-57d9ab8e/p38_m15_wide_shards/round-000000/000033.tar logical_files=65 sha256=4f7c04932b990b1b4c1e18ce565cc929ca2fb72558e32372a51e5837c9ddf575
[P38.ARCHIVE] VERIFIED path=/tmp/tmp.gm2pr4piQB/SHARD_ARCHIVE.tar logical_files=65 sha256=4f7c04932b990b1b4c1e18ce565cc929ca2fb72558e32372a51e5837c9ddf575
[P38.GCS] M15_SHARD_COMPLETE sequence=000033 round=0 pairs=32 archive_sha256=4f7c04932b990b1b4c1e18ce565cc929ca2fb72558e32372a51e5837c9ddf575 manifest_sha256=4df4682abc765a4b3ba0265025f6c682ac40e99272b833b63e65e84320a82a7f
[P38.GCS] RUNTIME_SOURCE_PASS expected=57d9ab8e25de3b2404e983e9a139d78b151a58f8 observed=57d9ab8e25de3b2404e983e9a139d78b151a58f8
[M15.WIDE.SHARD] STAGED sequence=34 pairs=32 bytes=26187230
[P38.ARCHIVE] CREATED path=/tmp/canon-state/canon-v1-apc-m15-off-d34-57d9ab8e/p38_m15_wide_shards/round-000000/000034.tar logical_files=65 sha256=217944fcc8d79299512af0d7008343c7c3629c2125f2b932244a9d3e0d465536
[P38.ARCHIVE] VERIFIED path=/tmp/tmp.dvcb9lj6lF/SHARD_ARCHIVE.tar logical_files=65 sha256=217944fcc8d79299512af0d7008343c7c3629c2125f2b932244a9d3e0d465536
[P38.GCS] M15_SHARD_COMPLETE sequence=000034 round=0 pairs=32 archive_sha256=217944fcc8d79299512af0d7008343c7c3629c2125f2b932244a9d3e0d465536 manifest_sha256=c2a0550f770df8d2590df7a567fba5170914a9f4074774e7e9e2b2cd8183920a
[P38.GCS] RUNTIME_SOURCE_PASS expected=57d9ab8e25de3b2404e983e9a139d78b151a58f8 observed=57d9ab8e25de3b2404e983e9a139d78b151a58f8
[M15.WIDE.SHARD] STAGED sequence=35 pairs=32 bytes=28223468
[P38.ARCHIVE] CREATED path=/tmp/canon-state/canon-v1-apc-m15-off-d34-57d9ab8e/p38_m15_wide_shards/round-000000/000035.tar logical_files=65 sha256=c29fee1ae623c937f86ad26fde6a80a051363700671b071a3eee82bbcb7f55fb
[P38.ARCHIVE] VERIFIED path=/tmp/tmp.3WCOejf6tm/SHARD_ARCHIVE.tar logical_files=65 sha256=c29fee1ae623c937f86ad26fde6a80a051363700671b071a3eee82bbcb7f55fb
[P38.GCS] M15_SHARD_COMPLETE sequence=000035 round=0 pairs=32 archive_sha256=c29fee1ae623c937f86ad26fde6a80a051363700671b071a3eee82bbcb7f55fb manifest_sha256=9b1c64a8aa0911003d71e2c9b8f8e2e2fe9bb03cc2422883615ed8d082b0c142
[P38.GCS] RUNTIME_SOURCE_PASS expected=57d9ab8e25de3b2404e983e9a139d78b151a58f8 observed=57d9ab8e25de3b2404e983e9a139d78b151a58f8
[M15.WIDE.SHARD] STAGED sequence=36 pairs=32 bytes=27864030
[P38.ARCHIVE] CREATED path=/tmp/canon-state/canon-v1-apc-m15-off-d34-57d9ab8e/p38_m15_wide_shards/round-000000/000036.tar logical_files=65 sha256=786546212f2a796c6eb19eb7ec9fe9002ce77fd462f61f7438d97bdbe5c37b4b
[P38.ARCHIVE] VERIFIED path=/tmp/tmp.fTY5idhkHN/SHARD_ARCHIVE.tar logical_files=65 sha256=786546212f2a796c6eb19eb7ec9fe9002ce77fd462f61f7438d97bdbe5c37b4b
[P38.GCS] M15_SHARD_COMPLETE sequence=000036 round=0 pairs=32 archive_sha256=786546212f2a796c6eb19eb7ec9fe9002ce77fd462f61f7438d97bdbe5c37b4b manifest_sha256=975ba167478042ac250162de707f64565e027373f8f524fcc188abda7c8095d1
[P38.GCS] RUNTIME_SOURCE_PASS expected=57d9ab8e25de3b2404e983e9a139d78b151a58f8 observed=57d9ab8e25de3b2404e983e9a139d78b151a58f8
[M15.WIDE.SHARD] STAGED sequence=37 pairs=32 bytes=27604798
[P38.ARCHIVE] CREATED path=/tmp/canon-state/canon-v1-apc-m15-off-d34-57d9ab8e/p38_m15_wide_shards/round-000000/000037.tar logical_files=65 sha256=8a5b676270bb2e56b91ef92e6f68258f607ce218051bdb215a7be714367691f3
[P38.ARCHIVE] VERIFIED path=/tmp/tmp.XMybxUfr3e/SHARD_ARCHIVE.tar logical_files=65 sha256=8a5b676270bb2e56b91ef92e6f68258f607ce218051bdb215a7be714367691f3
[P38.GCS] M15_SHARD_COMPLETE sequence=000037 round=0 pairs=32 archive_sha256=8a5b676270bb2e56b91ef92e6f68258f607ce218051bdb215a7be714367691f3 manifest_sha256=b4eee494e77c5b01ff6320e5052cbd2bcfd727c3650bd029ec3bb994c483cd74
[P38.GCS] RUNTIME_SOURCE_PASS expected=57d9ab8e25de3b2404e983e9a139d78b151a58f8 observed=57d9ab8e25de3b2404e983e9a139d78b151a58f8
[M15.WIDE.SHARD] STAGED sequence=38 pairs=32 bytes=27121491
[P38.ARCHIVE] CREATED path=/tmp/canon-state/canon-v1-apc-m15-off-d34-57d9ab8e/p38_m15_wide_shards/round-000000/000038.tar logical_files=65 sha256=7c03f2fe47e64833d4809ec04cafe87df09b6d80d46ac8a0ed5c3d68224b3c35
[P38.ARCHIVE] VERIFIED path=/tmp/tmp.lFNPgE3QRW/SHARD_ARCHIVE.tar logical_files=65 sha256=7c03f2fe47e64833d4809ec04cafe87df09b6d80d46ac8a0ed5c3d68224b3c35
[P38.GCS] M15_SHARD_COMPLETE sequence=000038 round=0 pairs=32 archive_sha256=7c03f2fe47e64833d4809ec04cafe87df09b6d80d46ac8a0ed5c3d68224b3c35 manifest_sha256=4d640b62d05526865299afc492ffeb832b908ce29632664c9150f2463c3731ab
[P38.GCS] RUNTIME_SOURCE_PASS expected=57d9ab8e25de3b2404e983e9a139d78b151a58f8 observed=57d9ab8e25de3b2404e983e9a139d78b151a58f8
[M15.WIDE.SHARD] STAGED sequence=39 pairs=32 bytes=28240654
[P38.ARCHIVE] CREATED path=/tmp/canon-state/canon-v1-apc-m15-off-d34-57d9ab8e/p38_m15_wide_shards/round-000000/000039.tar logical_files=65 sha256=b2c8bcfcb97a404ad88643da6903390fb5234b7b9baa72665afd7afc057f0ae9
[P38.ARCHIVE] VERIFIED path=/tmp/tmp.AV4hZr4P4o/SHARD_ARCHIVE.tar logical_files=65 sha256=b2c8bcfcb97a404ad88643da6903390fb5234b7b9baa72665afd7afc057f0ae9
[P38.GCS] M15_SHARD_COMPLETE sequence=000039 round=0 pairs=32 archive_sha256=b2c8bcfcb97a404ad88643da6903390fb5234b7b9baa72665afd7afc057f0ae9 manifest_sha256=5bdbf96c35316273611389b1bc690e15f0cb490fd3c45cc30ad10af1c84b7742
[P38.GCS] RUNTIME_SOURCE_PASS expected=57d9ab8e25de3b2404e983e9a139d78b151a58f8 observed=57d9ab8e25de3b2404e983e9a139d78b151a58f8
[M15.WIDE.SHARD] STAGED sequence=40 pairs=32 bytes=29060392
[P38.ARCHIVE] CREATED path=/tmp/canon-state/canon-v1-apc-m15-off-d34-57d9ab8e/p38_m15_wide_shards/round-000000/000040.tar logical_files=65 sha256=8e1157ebaca1877d39b9e79e16501e4a924c5e3b3abf90c2ca26cb38d5c8d8eb
[P38.ARCHIVE] VERIFIED path=/tmp/tmp.UOqc2Q8dQb/SHARD_ARCHIVE.tar logical_files=65 sha256=8e1157ebaca1877d39b9e79e16501e4a924c5e3b3abf90c2ca26cb38d5c8d8eb
[P38.GCS] M15_SHARD_COMPLETE sequence=000040 round=0 pairs=32 archive_sha256=8e1157ebaca1877d39b9e79e16501e4a924c5e3b3abf90c2ca26cb38d5c8d8eb manifest_sha256=0413bd27a8800b29e3909b26faa36ad0032a6191314123f95248d6011a48cb74
[P38.GCS] RUNTIME_SOURCE_PASS expected=57d9ab8e25de3b2404e983e9a139d78b151a58f8 observed=57d9ab8e25de3b2404e983e9a139d78b151a58f8
[M15.WIDE.SHARD] STAGED sequence=41 pairs=32 bytes=27485269
[P38.ARCHIVE] CREATED path=/tmp/canon-state/canon-v1-apc-m15-off-d34-57d9ab8e/p38_m15_wide_shards/round-000000/000041.tar logical_files=65 sha256=416363afb5e4eb7fcac862063578faa94aa4ae4b936a5f8e6579f67ec2f42971
[P38.ARCHIVE] VERIFIED path=/tmp/tmp.FftjWSY5en/SHARD_ARCHIVE.tar logical_files=65 sha256=416363afb5e4eb7fcac862063578faa94aa4ae4b936a5f8e6579f67ec2f42971
[P38.GCS] M15_SHARD_COMPLETE sequence=000041 round=0 pairs=32 archive_sha256=416363afb5e4eb7fcac862063578faa94aa4ae4b936a5f8e6579f67ec2f42971 manifest_sha256=738861424bb1eaf255fdd29524d9736fdb675fa8f3b105eb5269eda7d1dadd80
[P38.GCS] RUNTIME_SOURCE_PASS expected=57d9ab8e25de3b2404e983e9a139d78b151a58f8 observed=57d9ab8e25de3b2404e983e9a139d78b151a58f8
[M15.WIDE.SHARD] STAGED sequence=42 pairs=32 bytes=28075449
[P38.ARCHIVE] CREATED path=/tmp/canon-state/canon-v1-apc-m15-off-d34-57d9ab8e/p38_m15_wide_shards/round-000000/000042.tar logical_files=65 sha256=cd5e9e11913bc1a54f8c9311327623b96703523076f09f40268376a90bec864a
[P38.ARCHIVE] VERIFIED path=/tmp/tmp.sLDxZnLaHb/SHARD_ARCHIVE.tar logical_files=65 sha256=cd5e9e11913bc1a54f8c9311327623b96703523076f09f40268376a90bec864a
[P38.GCS] M15_SHARD_COMPLETE sequence=000042 round=0 pairs=32 archive_sha256=cd5e9e11913bc1a54f8c9311327623b96703523076f09f40268376a90bec864a manifest_sha256=a8105fedfd7713671d7d358d8bcbd29b3b07af5574b3a4d89733fe9b16e30e69
[P38.GCS] RUNTIME_SOURCE_PASS expected=57d9ab8e25de3b2404e983e9a139d78b151a58f8 observed=57d9ab8e25de3b2404e983e9a139d78b151a58f8
[M15.WIDE.SHARD] STAGED sequence=43 pairs=32 bytes=28436996
[P38.ARCHIVE] CREATED path=/tmp/canon-state/canon-v1-apc-m15-off-d34-57d9ab8e/p38_m15_wide_shards/round-000000/000043.tar logical_files=65 sha256=b08676a265017a666b6036e72b5661dc9d05cf316c8b9986f799199c9682db3f
[P38.ARCHIVE] VERIFIED path=/tmp/tmp.YPcqwelpfM/SHARD_ARCHIVE.tar logical_files=65 sha256=b08676a265017a666b6036e72b5661dc9d05cf316c8b9986f799199c9682db3f
[P38.GCS] M15_SHARD_COMPLETE sequence=000043 round=0 pairs=32 archive_sha256=b08676a265017a666b6036e72b5661dc9d05cf316c8b9986f799199c9682db3f manifest_sha256=0531d3491f2f70d0fd010efb3b7a452692316129cdb518d2802a026aaa3e392f
[P38.GCS] RUNTIME_SOURCE_PASS expected=57d9ab8e25de3b2404e983e9a139d78b151a58f8 observed=57d9ab8e25de3b2404e983e9a139d78b151a58f8
[M15.WIDE.SHARD] STAGED sequence=44 pairs=32 bytes=28950582
[P38.ARCHIVE] CREATED path=/tmp/canon-state/canon-v1-apc-m15-off-d34-57d9ab8e/p38_m15_wide_shards/round-000000/000044.tar logical_files=65 sha256=c13b8b6f96a3cfeec981c22ffeee3fca5167628b4fb3a1a2e97d0ba1e9327ca1
[P38.ARCHIVE] VERIFIED path=/tmp/tmp.Bocyk0PNDN/SHARD_ARCHIVE.tar logical_files=65 sha256=c13b8b6f96a3cfeec981c22ffeee3fca5167628b4fb3a1a2e97d0ba1e9327ca1
[P38.GCS] M15_SHARD_COMPLETE sequence=000044 round=0 pairs=32 archive_sha256=c13b8b6f96a3cfeec981c22ffeee3fca5167628b4fb3a1a2e97d0ba1e9327ca1 manifest_sha256=47ae5dc39b5e0b7a4432975144970af2df74a1b9db2ccc3b2c4a31caf63427e2
[P38.GCS] RUNTIME_SOURCE_PASS expected=57d9ab8e25de3b2404e983e9a139d78b151a58f8 observed=57d9ab8e25de3b2404e983e9a139d78b151a58f8
[M15.WIDE.SHARD] STAGED sequence=45 pairs=32 bytes=28083849
[P38.ARCHIVE] CREATED path=/tmp/canon-state/canon-v1-apc-m15-off-d34-57d9ab8e/p38_m15_wide_shards/round-000000/000045.tar logical_files=65 sha256=74c89c098b395880fa7fda1bebdc44fd4bc8dfedf0f754458e23486d87c73824
[P38.ARCHIVE] VERIFIED path=/tmp/tmp.9mS9IfdHDz/SHARD_ARCHIVE.tar logical_files=65 sha256=74c89c098b395880fa7fda1bebdc44fd4bc8dfedf0f754458e23486d87c73824
[P38.GCS] M15_SHARD_COMPLETE sequence=000045 round=0 pairs=32 archive_sha256=74c89c098b395880fa7fda1bebdc44fd4bc8dfedf0f754458e23486d87c73824 manifest_sha256=07e8c86814f667a48714d7ed00fade93149c566a48e4691d6bc7ad2aeffc162e
[P38.GCS] RUNTIME_SOURCE_PASS expected=57d9ab8e25de3b2404e983e9a139d78b151a58f8 observed=57d9ab8e25de3b2404e983e9a139d78b151a58f8
[M15.WIDE.SHARD] STAGED sequence=46 pairs=32 bytes=28252033
[P38.ARCHIVE] CREATED path=/tmp/canon-state/canon-v1-apc-m15-off-d34-57d9ab8e/p38_m15_wide_shards/round-000000/000046.tar logical_files=65 sha256=d868fc2729be8485787efb23e37b0b4e2a210bb6344b7c57ec18af6e2af6e0ff
[P38.ARCHIVE] VERIFIED path=/tmp/tmp.kUjfJqOTNV/SHARD_ARCHIVE.tar logical_files=65 sha256=d868fc2729be8485787efb23e37b0b4e2a210bb6344b7c57ec18af6e2af6e0ff
[P38.GCS] M15_SHARD_COMPLETE sequence=000046 round=0 pairs=32 archive_sha256=d868fc2729be8485787efb23e37b0b4e2a210bb6344b7c57ec18af6e2af6e0ff manifest_sha256=a50ed45a291fe1efbd1f56a60e4b99a2e50cd4a07f5985d1adb8027fa0b263d5
[P38.GCS] RUNTIME_SOURCE_PASS expected=57d9ab8e25de3b2404e983e9a139d78b151a58f8 observed=57d9ab8e25de3b2404e983e9a139d78b151a58f8
[M15.WIDE.SHARD] STAGED sequence=47 pairs=32 bytes=27585632
[P38.ARCHIVE] CREATED path=/tmp/canon-state/canon-v1-apc-m15-off-d34-57d9ab8e/p38_m15_wide_shards/round-000000/000047.tar logical_files=65 sha256=ee8dcf3021c020c182528bc3ce07349e2871f96884ca19b7439396f89a1ae198
[P38.ARCHIVE] VERIFIED path=/tmp/tmp.OFMM4o3Z18/SHARD_ARCHIVE.tar logical_files=65 sha256=ee8dcf3021c020c182528bc3ce07349e2871f96884ca19b7439396f89a1ae198
[P38.GCS] M15_SHARD_COMPLETE sequence=000047 round=0 pairs=32 archive_sha256=ee8dcf3021c020c182528bc3ce07349e2871f96884ca19b7439396f89a1ae198 manifest_sha256=bab6c0016dd40d8013d132c62bbd894f5bf840b571d69225cb5c9c98a5f9b5d2
[P38.GCS] RUNTIME_SOURCE_PASS expected=57d9ab8e25de3b2404e983e9a139d78b151a58f8 observed=57d9ab8e25de3b2404e983e9a139d78b151a58f8
[M15.WIDE.SHARD] STAGED sequence=48 pairs=32 bytes=28204647
[P38.ARCHIVE] CREATED path=/tmp/canon-state/canon-v1-apc-m15-off-d34-57d9ab8e/p38_m15_wide_shards/round-000000/000048.tar logical_files=65 sha256=44ffd7e39cb5f98f727756604a5266c287a55bcec413fe1ef05e079b26f2349f
[P38.ARCHIVE] VERIFIED path=/tmp/tmp.EwTuA4h6Lx/SHARD_ARCHIVE.tar logical_files=65 sha256=44ffd7e39cb5f98f727756604a5266c287a55bcec413fe1ef05e079b26f2349f
[P38.GCS] M15_SHARD_COMPLETE sequence=000048 round=0 pairs=32 archive_sha256=44ffd7e39cb5f98f727756604a5266c287a55bcec413fe1ef05e079b26f2349f manifest_sha256=40ba6c60f517c3ad4deddf47648f00aa576e27047aa780fd878628431643fedd
[P38.GCS] RUNTIME_SOURCE_PASS expected=57d9ab8e25de3b2404e983e9a139d78b151a58f8 observed=57d9ab8e25de3b2404e983e9a139d78b151a58f8
[M15.WIDE.SHARD] STAGED sequence=49 pairs=32 bytes=26531333
[P38.ARCHIVE] CREATED path=/tmp/canon-state/canon-v1-apc-m15-off-d34-57d9ab8e/p38_m15_wide_shards/round-000000/000049.tar logical_files=65 sha256=2766e2b9fdecfd258a7321a08c8419eb76f39de6c5db40ba03ce6b36119d2d76
[P38.ARCHIVE] VERIFIED path=/tmp/tmp.0yM0tHn8pv/SHARD_ARCHIVE.tar logical_files=65 sha256=2766e2b9fdecfd258a7321a08c8419eb76f39de6c5db40ba03ce6b36119d2d76
[P38.GCS] M15_SHARD_COMPLETE sequence=000049 round=0 pairs=32 archive_sha256=2766e2b9fdecfd258a7321a08c8419eb76f39de6c5db40ba03ce6b36119d2d76 manifest_sha256=45d88a34221f179ce6724006f167c81975e05826a9090ad6cfbfd37a7c82b808
[P38.GCS] RUNTIME_SOURCE_PASS expected=57d9ab8e25de3b2404e983e9a139d78b151a58f8 observed=57d9ab8e25de3b2404e983e9a139d78b151a58f8
[M15.WIDE.SHARD] STAGED sequence=50 pairs=32 bytes=27361096
[P38.ARCHIVE] CREATED path=/tmp/canon-state/canon-v1-apc-m15-off-d34-57d9ab8e/p38_m15_wide_shards/round-000000/000050.tar logical_files=65 sha256=d901a00bff3cd3bcf17e25565340480f795235ec54d62cfa46f51ee14c090372
[P38.ARCHIVE] VERIFIED path=/tmp/tmp.Pqw80P3BP3/SHARD_ARCHIVE.tar logical_files=65 sha256=d901a00bff3cd3bcf17e25565340480f795235ec54d62cfa46f51ee14c090372
[P38.GCS] M15_SHARD_COMPLETE sequence=000050 round=0 pairs=32 archive_sha256=d901a00bff3cd3bcf17e25565340480f795235ec54d62cfa46f51ee14c090372 manifest_sha256=58c91fee1e631d84a56ae527fb6a1dbe690fdff819edb98cc0133d5dc270ed09
[P38.GCS] RUNTIME_SOURCE_PASS expected=57d9ab8e25de3b2404e983e9a139d78b151a58f8 observed=57d9ab8e25de3b2404e983e9a139d78b151a58f8
[M15.WIDE.SHARD] STAGED sequence=51 pairs=32 bytes=25953985
[P38.ARCHIVE] CREATED path=/tmp/canon-state/canon-v1-apc-m15-off-d34-57d9ab8e/p38_m15_wide_shards/round-000000/000051.tar logical_files=65 sha256=1f0827d863c5fb378bd55057b3f77363f0a9acf1a00197a8e2e385e81d76acc1
[P38.ARCHIVE] VERIFIED path=/tmp/tmp.n5m8iSOLO4/SHARD_ARCHIVE.tar logical_files=65 sha256=1f0827d863c5fb378bd55057b3f77363f0a9acf1a00197a8e2e385e81d76acc1
[P38.GCS] M15_SHARD_COMPLETE sequence=000051 round=0 pairs=32 archive_sha256=1f0827d863c5fb378bd55057b3f77363f0a9acf1a00197a8e2e385e81d76acc1 manifest_sha256=6c9a8466f5b7e911873355a2e02e165a199386243c656ae9b17597304aa30ae4
[P38.GCS] RUNTIME_SOURCE_PASS expected=57d9ab8e25de3b2404e983e9a139d78b151a58f8 observed=57d9ab8e25de3b2404e983e9a139d78b151a58f8
[M15.WIDE.SHARD] STAGED sequence=52 pairs=32 bytes=23922002
[P38.ARCHIVE] CREATED path=/tmp/canon-state/canon-v1-apc-m15-off-d34-57d9ab8e/p38_m15_wide_shards/round-000000/000052.tar logical_files=65 sha256=7bdde828d91c703d8dc02bcdfd1422c8e73c0b2862661bf2ee87e36f095dc478
[P38.ARCHIVE] VERIFIED path=/tmp/tmp.N8OFwDCqfo/SHARD_ARCHIVE.tar logical_files=65 sha256=7bdde828d91c703d8dc02bcdfd1422c8e73c0b2862661bf2ee87e36f095dc478
[P38.GCS] M15_SHARD_COMPLETE sequence=000052 round=0 pairs=32 archive_sha256=7bdde828d91c703d8dc02bcdfd1422c8e73c0b2862661bf2ee87e36f095dc478 manifest_sha256=d8dc7df0cc67b134f7ff87cac104fa73b7e4c63e2bce202b992d310b759c9f8c
[P38.GCS] RUNTIME_SOURCE_PASS expected=57d9ab8e25de3b2404e983e9a139d78b151a58f8 observed=57d9ab8e25de3b2404e983e9a139d78b151a58f8
[M15.WIDE.SHARD] STAGED sequence=53 pairs=32 bytes=25784120
[P38.ARCHIVE] CREATED path=/tmp/canon-state/canon-v1-apc-m15-off-d34-57d9ab8e/p38_m15_wide_shards/round-000000/000053.tar logical_files=65 sha256=4ab788d4f53c393c98080bbf9256197bc2b36bb34387598f73df4a8f9b345d97
[P38.ARCHIVE] VERIFIED path=/tmp/tmp.uEMa0y0Tzp/SHARD_ARCHIVE.tar logical_files=65 sha256=4ab788d4f53c393c98080bbf9256197bc2b36bb34387598f73df4a8f9b345d97
[P38.GCS] M15_SHARD_COMPLETE sequence=000053 round=0 pairs=32 archive_sha256=4ab788d4f53c393c98080bbf9256197bc2b36bb34387598f73df4a8f9b345d97 manifest_sha256=959c2beb056a3c45ae0857202ed4ac29b78574df60d10a0249267676d78d55cb
[P38.GCS] RUNTIME_SOURCE_PASS expected=57d9ab8e25de3b2404e983e9a139d78b151a58f8 observed=57d9ab8e25de3b2404e983e9a139d78b151a58f8
[M15.WIDE.SHARD] STAGED sequence=54 pairs=32 bytes=26793943
[P38.ARCHIVE] CREATED path=/tmp/canon-state/canon-v1-apc-m15-off-d34-57d9ab8e/p38_m15_wide_shards/round-000000/000054.tar logical_files=65 sha256=157c559fbb15171e7bbec607e515de02094d7672ec8e7a621a4e771fc4414d12
[P38.ARCHIVE] VERIFIED path=/tmp/tmp.P61SiZdvMo/SHARD_ARCHIVE.tar logical_files=65 sha256=157c559fbb15171e7bbec607e515de02094d7672ec8e7a621a4e771fc4414d12
[P38.GCS] M15_SHARD_COMPLETE sequence=000054 round=0 pairs=32 archive_sha256=157c559fbb15171e7bbec607e515de02094d7672ec8e7a621a4e771fc4414d12 manifest_sha256=ffddd232843a8ad65c6a7a3237933925742a82ff2b56657e2d208883826418fb
[P38.GCS] RUNTIME_SOURCE_PASS expected=57d9ab8e25de3b2404e983e9a139d78b151a58f8 observed=57d9ab8e25de3b2404e983e9a139d78b151a58f8
[M15.WIDE.SHARD] STAGED sequence=55 pairs=32 bytes=22290411
[P38.ARCHIVE] CREATED path=/tmp/canon-state/canon-v1-apc-m15-off-d34-57d9ab8e/p38_m15_wide_shards/round-000000/000055.tar logical_files=65 sha256=7349a8e3fb9fe01801781628b6ee310e5d247d1088653c64725ec0f26861b836
[P38.ARCHIVE] VERIFIED path=/tmp/tmp.vZP05eXcQu/SHARD_ARCHIVE.tar logical_files=65 sha256=7349a8e3fb9fe01801781628b6ee310e5d247d1088653c64725ec0f26861b836
[P38.GCS] M15_SHARD_COMPLETE sequence=000055 round=0 pairs=32 archive_sha256=7349a8e3fb9fe01801781628b6ee310e5d247d1088653c64725ec0f26861b836 manifest_sha256=aeb428ab2dde2bf6148e2643472342f510f8ba1910170a3e463fd7b5d06be430
[P38.GCS] RUNTIME_SOURCE_PASS expected=57d9ab8e25de3b2404e983e9a139d78b151a58f8 observed=57d9ab8e25de3b2404e983e9a139d78b151a58f8
[M15.WIDE.SHARD] STAGED sequence=56 pairs=32 bytes=23852897
[P38.ARCHIVE] CREATED path=/tmp/canon-state/canon-v1-apc-m15-off-d34-57d9ab8e/p38_m15_wide_shards/round-000000/000056.tar logical_files=65 sha256=31cd02fd0131845cac21ca420e1f1ce7259127ba1dbbb333419fca9297bce258
[P38.ARCHIVE] VERIFIED path=/tmp/tmp.pDyABhrfsL/SHARD_ARCHIVE.tar logical_files=65 sha256=31cd02fd0131845cac21ca420e1f1ce7259127ba1dbbb333419fca9297bce258
[P38.GCS] M15_SHARD_COMPLETE sequence=000056 round=0 pairs=32 archive_sha256=31cd02fd0131845cac21ca420e1f1ce7259127ba1dbbb333419fca9297bce258 manifest_sha256=f9de8195b28147c090483b814d86d6844434539a3e5761a1c2eccc3b28a804f3
[P38.GCS] RUNTIME_SOURCE_PASS expected=57d9ab8e25de3b2404e983e9a139d78b151a58f8 observed=57d9ab8e25de3b2404e983e9a139d78b151a58f8
[M15.WIDE.SHARD] STAGED sequence=57 pairs=32 bytes=10969240
[P38.ARCHIVE] CREATED path=/tmp/canon-state/canon-v1-apc-m15-off-d34-57d9ab8e/p38_m15_wide_shards/round-000000/000057.tar logical_files=65 sha256=13bc529d9b19ce4cfefea16583de33bbda8560983903745f86b47e2b1ecd986d
[P38.ARCHIVE] VERIFIED path=/tmp/tmp.GxYZFBMIbQ/SHARD_ARCHIVE.tar logical_files=65 sha256=13bc529d9b19ce4cfefea16583de33bbda8560983903745f86b47e2b1ecd986d
[P38.GCS] M15_SHARD_COMPLETE sequence=000057 round=0 pairs=32 archive_sha256=13bc529d9b19ce4cfefea16583de33bbda8560983903745f86b47e2b1ecd986d manifest_sha256=bfb31f293ede2bdf614aa8d44c7e827d0d292af64a6471945c52a4847bcfecd0
[P38.GCS] RUNTIME_SOURCE_PASS expected=57d9ab8e25de3b2404e983e9a139d78b151a58f8 observed=57d9ab8e25de3b2404e983e9a139d78b151a58f8
[M15.WIDE.SHARD] STAGED sequence=58 pairs=32 bytes=19370428
[P38.ARCHIVE] CREATED path=/tmp/canon-state/canon-v1-apc-m15-off-d34-57d9ab8e/p38_m15_wide_shards/round-000000/000058.tar logical_files=65 sha256=03fc042f1c67f13ad8b6ae67e43c8c53bbe3ffd705c665ab35eac5f960a547ae
[P38.ARCHIVE] VERIFIED path=/tmp/tmp.aTJj9yZzko/SHARD_ARCHIVE.tar logical_files=65 sha256=03fc042f1c67f13ad8b6ae67e43c8c53bbe3ffd705c665ab35eac5f960a547ae
[P38.GCS] M15_SHARD_COMPLETE sequence=000058 round=0 pairs=32 archive_sha256=03fc042f1c67f13ad8b6ae67e43c8c53bbe3ffd705c665ab35eac5f960a547ae manifest_sha256=65006ba890d81dcd54fcf4b4dc9f10b1111063b13f0684ae16e953a2e85b5aeb
[P38.GCS] RUNTIME_SOURCE_PASS expected=57d9ab8e25de3b2404e983e9a139d78b151a58f8 observed=57d9ab8e25de3b2404e983e9a139d78b151a58f8
[M15.WIDE.SHARD] STAGED sequence=59 pairs=32 bytes=23283220
[P38.ARCHIVE] CREATED path=/tmp/canon-state/canon-v1-apc-m15-off-d34-57d9ab8e/p38_m15_wide_shards/round-000000/000059.tar logical_files=65 sha256=0d3b6144b88f78aad15200a66e33d0e8403e4f68b8a92188b4705ab8e515dde8
[P38.ARCHIVE] VERIFIED path=/tmp/tmp.StilYybyXh/SHARD_ARCHIVE.tar logical_files=65 sha256=0d3b6144b88f78aad15200a66e33d0e8403e4f68b8a92188b4705ab8e515dde8
[P38.GCS] M15_SHARD_COMPLETE sequence=000059 round=0 pairs=32 archive_sha256=0d3b6144b88f78aad15200a66e33d0e8403e4f68b8a92188b4705ab8e515dde8 manifest_sha256=fdbb922af9bfdcef2201084671aeafad4de9f3f9bc54bcafd3886b90f5ec70af
[P38.GCS] RUNTIME_SOURCE_PASS expected=57d9ab8e25de3b2404e983e9a139d78b151a58f8 observed=57d9ab8e25de3b2404e983e9a139d78b151a58f8
[M15.WIDE.SHARD] STAGED sequence=60 pairs=32 bytes=8660893
[P38.ARCHIVE] CREATED path=/tmp/canon-state/canon-v1-apc-m15-off-d34-57d9ab8e/p38_m15_wide_shards/round-000000/000060.tar logical_files=65 sha256=25b2b253fdd89222788c230ae529606ed6f086ca6b4f54b40c7fd053c5dae7d4
[P38.ARCHIVE] VERIFIED path=/tmp/tmp.lqFcNyV8vg/SHARD_ARCHIVE.tar logical_files=65 sha256=25b2b253fdd89222788c230ae529606ed6f086ca6b4f54b40c7fd053c5dae7d4
[P38.GCS] M15_SHARD_COMPLETE sequence=000060 round=0 pairs=32 archive_sha256=25b2b253fdd89222788c230ae529606ed6f086ca6b4f54b40c7fd053c5dae7d4 manifest_sha256=740327ae448d63a0261a21fa72161d78b90cb888ace955e08dc6c93a02b83a8c
[P38.GCS] RUNTIME_SOURCE_PASS expected=57d9ab8e25de3b2404e983e9a139d78b151a58f8 observed=57d9ab8e25de3b2404e983e9a139d78b151a58f8
[M15.WIDE.SHARD] STAGED sequence=61 pairs=32 bytes=6224103
[P38.ARCHIVE] CREATED path=/tmp/canon-state/canon-v1-apc-m15-off-d34-57d9ab8e/p38_m15_wide_shards/round-000000/000061.tar logical_files=65 sha256=4f217d56a92a7069eebc28442f92192defb4519ddf5d18d68adb2339b962dc20
[P38.ARCHIVE] VERIFIED path=/tmp/tmp.umP0vinjq0/SHARD_ARCHIVE.tar logical_files=65 sha256=4f217d56a92a7069eebc28442f92192defb4519ddf5d18d68adb2339b962dc20
[P38.GCS] M15_SHARD_COMPLETE sequence=000061 round=0 pairs=32 archive_sha256=4f217d56a92a7069eebc28442f92192defb4519ddf5d18d68adb2339b962dc20 manifest_sha256=478133358b967b1b5e75f1e7d2c078828d733d9cf9ebb7170e5ffa54fc7c44c6
[P38.GCS] RUNTIME_SOURCE_PASS expected=57d9ab8e25de3b2404e983e9a139d78b151a58f8 observed=57d9ab8e25de3b2404e983e9a139d78b151a58f8
[M15.WIDE.SHARD] STAGED sequence=62 pairs=32 bytes=9077923
[P38.ARCHIVE] CREATED path=/tmp/canon-state/canon-v1-apc-m15-off-d34-57d9ab8e/p38_m15_wide_shards/round-000000/000062.tar logical_files=65 sha256=28e1ce70bec84fa421b95e27d2ddf2e150630a3f89a30b560910cfef1f05ab1d
[P38.ARCHIVE] VERIFIED path=/tmp/tmp.tjqMvmKSf7/SHARD_ARCHIVE.tar logical_files=65 sha256=28e1ce70bec84fa421b95e27d2ddf2e150630a3f89a30b560910cfef1f05ab1d
[P38.GCS] M15_SHARD_COMPLETE sequence=000062 round=0 pairs=32 archive_sha256=28e1ce70bec84fa421b95e27d2ddf2e150630a3f89a30b560910cfef1f05ab1d manifest_sha256=d820aea32c883bc75444c54c46ea7b3968aba6d00ca3f6c27d5731fbe0269e5b
[P38.GCS] RUNTIME_SOURCE_PASS expected=57d9ab8e25de3b2404e983e9a139d78b151a58f8 observed=57d9ab8e25de3b2404e983e9a139d78b151a58f8
[M15.WIDE.SHARD] STAGED sequence=63 pairs=32 bytes=9680440
[P38.ARCHIVE] CREATED path=/tmp/canon-state/canon-v1-apc-m15-off-d34-57d9ab8e/p38_m15_wide_shards/round-000000/000063.tar logical_files=65 sha256=4ad8a9b13a4c3b89eade18af746a581540f03049d0ee5822f5486963aceaa79d
[P38.ARCHIVE] VERIFIED path=/tmp/tmp.vvK5n6bPbX/SHARD_ARCHIVE.tar logical_files=65 sha256=4ad8a9b13a4c3b89eade18af746a581540f03049d0ee5822f5486963aceaa79d
[P38.GCS] M15_SHARD_COMPLETE sequence=000063 round=0 pairs=32 archive_sha256=4ad8a9b13a4c3b89eade18af746a581540f03049d0ee5822f5486963aceaa79d manifest_sha256=5b5f2b952ca947e3d0b720d6156a7817deb7fa09610bdc4da80dd6d0cb6aa336
[P38.GCS] RUNTIME_SOURCE_PASS expected=57d9ab8e25de3b2404e983e9a139d78b151a58f8 observed=57d9ab8e25de3b2404e983e9a139d78b151a58f8
[M15.WIDE.SHARD] STAGED sequence=64 pairs=32 bytes=4624302
[P38.ARCHIVE] CREATED path=/tmp/canon-state/canon-v1-apc-m15-off-d34-57d9ab8e/p38_m15_wide_shards/round-000000/000064.tar logical_files=65 sha256=53d85ac3024dcc5037f1d3ac66c953c3d05fffaac4cfb08a041b2472a91849be
[P38.ARCHIVE] VERIFIED path=/tmp/tmp.2bMEjTMAhB/SHARD_ARCHIVE.tar logical_files=65 sha256=53d85ac3024dcc5037f1d3ac66c953c3d05fffaac4cfb08a041b2472a91849be
[P38.GCS] M15_SHARD_COMPLETE sequence=000064 round=0 pairs=32 archive_sha256=53d85ac3024dcc5037f1d3ac66c953c3d05fffaac4cfb08a041b2472a91849be manifest_sha256=080330a0cad165e70a1eafc3a3705a7f04d90ebf5e2889df2928fb91d51c2b7d
[P38.GCS] RUNTIME_SOURCE_PASS expected=57d9ab8e25de3b2404e983e9a139d78b151a58f8 observed=57d9ab8e25de3b2404e983e9a139d78b151a58f8
[M15.WIDE.SHARD] STAGED sequence=65 pairs=32 bytes=5534562
[P38.ARCHIVE] CREATED path=/tmp/canon-state/canon-v1-apc-m15-off-d34-57d9ab8e/p38_m15_wide_shards/round-000000/000065.tar logical_files=65 sha256=c75629fd3ca81dc0a89801613b18b3d20e0bae930b03e10a8cdc458588d1821b
[P38.ARCHIVE] VERIFIED path=/tmp/tmp.2CZ5Avswsy/SHARD_ARCHIVE.tar logical_files=65 sha256=c75629fd3ca81dc0a89801613b18b3d20e0bae930b03e10a8cdc458588d1821b
[P38.GCS] M15_SHARD_COMPLETE sequence=000065 round=0 pairs=32 archive_sha256=c75629fd3ca81dc0a89801613b18b3d20e0bae930b03e10a8cdc458588d1821b manifest_sha256=291e31147e63f13a3e7ec645d3be15afc2ece44f59494fa290d0b94097682807
[P38.GCS] RUNTIME_SOURCE_PASS expected=57d9ab8e25de3b2404e983e9a139d78b151a58f8 observed=57d9ab8e25de3b2404e983e9a139d78b151a58f8
[M15.WIDE.SHARD] STAGED sequence=66 pairs=32 bytes=5564219
[P38.ARCHIVE] CREATED path=/tmp/canon-state/canon-v1-apc-m15-off-d34-57d9ab8e/p38_m15_wide_shards/round-000000/000066.tar logical_files=65 sha256=f0e19fdf9425bcf53df585e8402843bbd2a0edf26d0a7ac5c5a6a869612dfb6b
[P38.ARCHIVE] VERIFIED path=/tmp/tmp.DszD18cqo2/SHARD_ARCHIVE.tar logical_files=65 sha256=f0e19fdf9425bcf53df585e8402843bbd2a0edf26d0a7ac5c5a6a869612dfb6b
[P38.GCS] M15_SHARD_COMPLETE sequence=000066 round=0 pairs=32 archive_sha256=f0e19fdf9425bcf53df585e8402843bbd2a0edf26d0a7ac5c5a6a869612dfb6b manifest_sha256=f9d3f7c031b441629b25ca6968ec775f5ee372d949e7f465be4c084e81f3001f
[P38.GCS] RUNTIME_SOURCE_PASS expected=57d9ab8e25de3b2404e983e9a139d78b151a58f8 observed=57d9ab8e25de3b2404e983e9a139d78b151a58f8
[M15.WIDE.SHARD] STAGED sequence=67 pairs=32 bytes=9254392
[P38.ARCHIVE] CREATED path=/tmp/canon-state/canon-v1-apc-m15-off-d34-57d9ab8e/p38_m15_wide_shards/round-000000/000067.tar logical_files=65 sha256=247d675dcd8ef922a0a8a74167a1fe20fcca1f1ca837b3ebfd8ddd1420fdd4f3
[P38.ARCHIVE] VERIFIED path=/tmp/tmp.id9ZeR2UpI/SHARD_ARCHIVE.tar logical_files=65 sha256=247d675dcd8ef922a0a8a74167a1fe20fcca1f1ca837b3ebfd8ddd1420fdd4f3
[P38.GCS] M15_SHARD_COMPLETE sequence=000067 round=0 pairs=32 archive_sha256=247d675dcd8ef922a0a8a74167a1fe20fcca1f1ca837b3ebfd8ddd1420fdd4f3 manifest_sha256=1421e6528cde146a435452a426e05779f37972369a207e2e7f2175e6019d33f4
[P38.GCS] RUNTIME_SOURCE_PASS expected=57d9ab8e25de3b2404e983e9a139d78b151a58f8 observed=57d9ab8e25de3b2404e983e9a139d78b151a58f8
[M15.WIDE.SHARD] STAGED sequence=68 pairs=32 bytes=2297843
[P38.ARCHIVE] CREATED path=/tmp/canon-state/canon-v1-apc-m15-off-d34-57d9ab8e/p38_m15_wide_shards/round-000000/000068.tar logical_files=65 sha256=12583ec68faa6a6868e6fdaa995a45698d9bd5db9f46101b2e0c11764106eb96
[P38.ARCHIVE] VERIFIED path=/tmp/tmp.Cg8isiN28W/SHARD_ARCHIVE.tar logical_files=65 sha256=12583ec68faa6a6868e6fdaa995a45698d9bd5db9f46101b2e0c11764106eb96
[P38.GCS] M15_SHARD_COMPLETE sequence=000068 round=0 pairs=32 archive_sha256=12583ec68faa6a6868e6fdaa995a45698d9bd5db9f46101b2e0c11764106eb96 manifest_sha256=5283bff93b07564b37df190fcc775d645d6b07c889b9697983a11bad96a6a63d
[P38.GCS] RUNTIME_SOURCE_PASS expected=57d9ab8e25de3b2404e983e9a139d78b151a58f8 observed=57d9ab8e25de3b2404e983e9a139d78b151a58f8
[M15.WIDE.SHARD] STAGED sequence=69 pairs=32 bytes=8151637
[P38.ARCHIVE] CREATED path=/tmp/canon-state/canon-v1-apc-m15-off-d34-57d9ab8e/p38_m15_wide_shards/round-000000/000069.tar logical_files=65 sha256=0a801712559d74e8ffc7bdd1d786f12dbb056b1ddaa4766b0eed7fd0a54c7c5e
[P38.ARCHIVE] VERIFIED path=/tmp/tmp.e36RohQPm4/SHARD_ARCHIVE.tar logical_files=65 sha256=0a801712559d74e8ffc7bdd1d786f12dbb056b1ddaa4766b0eed7fd0a54c7c5e
[P38.GCS] M15_SHARD_COMPLETE sequence=000069 round=0 pairs=32 archive_sha256=0a801712559d74e8ffc7bdd1d786f12dbb056b1ddaa4766b0eed7fd0a54c7c5e manifest_sha256=4f4fd0c18109949d6ef5151dee5b8a4780d184eb585c1cca5c8387f0e15e44ad
[P38.GCS] RUNTIME_SOURCE_PASS expected=57d9ab8e25de3b2404e983e9a139d78b151a58f8 observed=57d9ab8e25de3b2404e983e9a139d78b151a58f8
[M15.WIDE.SHARD] STAGED sequence=70 pairs=32 bytes=3129699
[P38.ARCHIVE] CREATED path=/tmp/canon-state/canon-v1-apc-m15-off-d34-57d9ab8e/p38_m15_wide_shards/round-000000/000070.tar logical_files=65 sha256=b795d3c95dd66eca4a69c8e88178204ab79089aa6f93a9a1dc9022926c2a7e08
[P38.ARCHIVE] VERIFIED path=/tmp/tmp.BZ7ceFX8GO/SHARD_ARCHIVE.tar logical_files=65 sha256=b795d3c95dd66eca4a69c8e88178204ab79089aa6f93a9a1dc9022926c2a7e08
[P38.GCS] M15_SHARD_COMPLETE sequence=000070 round=0 pairs=32 archive_sha256=b795d3c95dd66eca4a69c8e88178204ab79089aa6f93a9a1dc9022926c2a7e08 manifest_sha256=5f68464a68fe6cc4680350c38d1a3527df8053e1e792dbb1dabf735d7cd78091
[P38.GCS] RUNTIME_SOURCE_PASS expected=57d9ab8e25de3b2404e983e9a139d78b151a58f8 observed=57d9ab8e25de3b2404e983e9a139d78b151a58f8
[M15.WIDE.SHARD] STAGED sequence=71 pairs=32 bytes=4727086
[P38.ARCHIVE] CREATED path=/tmp/canon-state/canon-v1-apc-m15-off-d34-57d9ab8e/p38_m15_wide_shards/round-000000/000071.tar logical_files=65 sha256=4bb6e6f8f983294ce27c474e57699a66dfb56ab17fb860a37c7637b5c5a1f921
[P38.ARCHIVE] VERIFIED path=/tmp/tmp.dvwkTwz5tI/SHARD_ARCHIVE.tar logical_files=65 sha256=4bb6e6f8f983294ce27c474e57699a66dfb56ab17fb860a37c7637b5c5a1f921
[P38.GCS] M15_SHARD_COMPLETE sequence=000071 round=0 pairs=32 archive_sha256=4bb6e6f8f983294ce27c474e57699a66dfb56ab17fb860a37c7637b5c5a1f921 manifest_sha256=236605ac5129982b481253a1589e6aa2cb0a69ee9895b44293da16fc959debf4
[P38.GCS] RUNTIME_SOURCE_PASS expected=57d9ab8e25de3b2404e983e9a139d78b151a58f8 observed=57d9ab8e25de3b2404e983e9a139d78b151a58f8
[M15.WIDE.SHARD] STAGED sequence=72 pairs=32 bytes=7243892
[P38.ARCHIVE] CREATED path=/tmp/canon-state/canon-v1-apc-m15-off-d34-57d9ab8e/p38_m15_wide_shards/round-000000/000072.tar logical_files=65 sha256=76a2b13753b9c171d8ddc1693f3d511e75a36150d0aa075cb4b8c58f4cbfbe49
[P38.ARCHIVE] VERIFIED path=/tmp/tmp.xx0pPR62cX/SHARD_ARCHIVE.tar logical_files=65 sha256=76a2b13753b9c171d8ddc1693f3d511e75a36150d0aa075cb4b8c58f4cbfbe49
[P38.GCS] M15_SHARD_COMPLETE sequence=000072 round=0 pairs=32 archive_sha256=76a2b13753b9c171d8ddc1693f3d511e75a36150d0aa075cb4b8c58f4cbfbe49 manifest_sha256=42414c681d8dfd13e9839ebb5c6c4da69f9328b4595c368272b3100a53a2bea9
[P38.GCS] RUNTIME_SOURCE_PASS expected=57d9ab8e25de3b2404e983e9a139d78b151a58f8 observed=57d9ab8e25de3b2404e983e9a139d78b151a58f8
[M15.WIDE.SHARD] STAGED sequence=73 pairs=32 bytes=10228088
[P38.ARCHIVE] CREATED path=/tmp/canon-state/canon-v1-apc-m15-off-d34-57d9ab8e/p38_m15_wide_shards/round-000000/000073.tar logical_files=65 sha256=b97952bb87fa8f0dca4028c7a0c609ef277fc14762bab5b3abf1ffdefd9a2e73
[P38.ARCHIVE] VERIFIED path=/tmp/tmp.9HzzThWAm2/SHARD_ARCHIVE.tar logical_files=65 sha256=b97952bb87fa8f0dca4028c7a0c609ef277fc14762bab5b3abf1ffdefd9a2e73
[P38.GCS] M15_SHARD_COMPLETE sequence=000073 round=0 pairs=32 archive_sha256=b97952bb87fa8f0dca4028c7a0c609ef277fc14762bab5b3abf1ffdefd9a2e73 manifest_sha256=58983c5ea645ac2c0a07da8b01bd4bbcc24b742b04007566e4745620b701e0c2
[P38.GCS] RUNTIME_SOURCE_PASS expected=57d9ab8e25de3b2404e983e9a139d78b151a58f8 observed=57d9ab8e25de3b2404e983e9a139d78b151a58f8
[M15.WIDE.SHARD] STAGED sequence=74 pairs=32 bytes=18165881
[P38.ARCHIVE] CREATED path=/tmp/canon-state/canon-v1-apc-m15-off-d34-57d9ab8e/p38_m15_wide_shards/round-000000/000074.tar logical_files=65 sha256=d51af1348d4a04cb4179348bae2e5a6424c567366cec3b5521bb652e133c89ed
[P38.ARCHIVE] VERIFIED path=/tmp/tmp.EaHo7ErkZb/SHARD_ARCHIVE.tar logical_files=65 sha256=d51af1348d4a04cb4179348bae2e5a6424c567366cec3b5521bb652e133c89ed
[P38.GCS] M15_SHARD_COMPLETE sequence=000074 round=0 pairs=32 archive_sha256=d51af1348d4a04cb4179348bae2e5a6424c567366cec3b5521bb652e133c89ed manifest_sha256=004513c0606e4cb4738545d3a617a761ba777a0f375c8753728b179b8b5b31df
[P38.GCS] RUNTIME_SOURCE_PASS expected=57d9ab8e25de3b2404e983e9a139d78b151a58f8 observed=57d9ab8e25de3b2404e983e9a139d78b151a58f8
[M15.WIDE.SHARD] STAGED sequence=75 pairs=32 bytes=23380718
[P38.ARCHIVE] CREATED path=/tmp/canon-state/canon-v1-apc-m15-off-d34-57d9ab8e/p38_m15_wide_shards/round-000000/000075.tar logical_files=65 sha256=48e88cd90e44643ebd072fe6ded272d20d362308afd9e2f0ace4f7db40eb97bd
[P38.ARCHIVE] VERIFIED path=/tmp/tmp.mPsBn2PJ2E/SHARD_ARCHIVE.tar logical_files=65 sha256=48e88cd90e44643ebd072fe6ded272d20d362308afd9e2f0ace4f7db40eb97bd
[P38.GCS] M15_SHARD_COMPLETE sequence=000075 round=0 pairs=32 archive_sha256=48e88cd90e44643ebd072fe6ded272d20d362308afd9e2f0ace4f7db40eb97bd manifest_sha256=f045d1150d801c0a413b5bde0bfd6e95eb710988c466f83e8383a6af92948e8b
[P38.GCS] RUNTIME_SOURCE_PASS expected=57d9ab8e25de3b2404e983e9a139d78b151a58f8 observed=57d9ab8e25de3b2404e983e9a139d78b151a58f8
[M15.WIDE.SHARD] STAGED sequence=76 pairs=32 bytes=21779152
[P38.ARCHIVE] CREATED path=/tmp/canon-state/canon-v1-apc-m15-off-d34-57d9ab8e/p38_m15_wide_shards/round-000000/000076.tar logical_files=65 sha256=f6d446922995384ddcfc6652482840b9c84bb9ccb3416dd47c03900df115ca44
[P38.ARCHIVE] VERIFIED path=/tmp/tmp.DrZI3SwJuP/SHARD_ARCHIVE.tar logical_files=65 sha256=f6d446922995384ddcfc6652482840b9c84bb9ccb3416dd47c03900df115ca44
[P38.GCS] M15_SHARD_COMPLETE sequence=000076 round=0 pairs=32 archive_sha256=f6d446922995384ddcfc6652482840b9c84bb9ccb3416dd47c03900df115ca44 manifest_sha256=9e2ae8b74d735c61f28ee374f4ed6125cfee3b9fbba7c1c912c454e840df7aae
[P38.GCS] RUNTIME_SOURCE_PASS expected=57d9ab8e25de3b2404e983e9a139d78b151a58f8 observed=57d9ab8e25de3b2404e983e9a139d78b151a58f8
[M15.WIDE.SHARD] STAGED sequence=77 pairs=32 bytes=21052366
[P38.ARCHIVE] CREATED path=/tmp/canon-state/canon-v1-apc-m15-off-d34-57d9ab8e/p38_m15_wide_shards/round-000000/000077.tar logical_files=65 sha256=2cd3e2bc43c25f0f237ae21fbbcd5e5d984799136778f972cef4f44b149e522d
[P38.ARCHIVE] VERIFIED path=/tmp/tmp.iYLszLNnK3/SHARD_ARCHIVE.tar logical_files=65 sha256=2cd3e2bc43c25f0f237ae21fbbcd5e5d984799136778f972cef4f44b149e522d
[P38.GCS] M15_SHARD_COMPLETE sequence=000077 round=0 pairs=32 archive_sha256=2cd3e2bc43c25f0f237ae21fbbcd5e5d984799136778f972cef4f44b149e522d manifest_sha256=62799d6c5a5225a86082db3bb98aff3816eafc0d3ce48690661e7aa5ffd98d4b
[P38.GCS] RUNTIME_SOURCE_PASS expected=57d9ab8e25de3b2404e983e9a139d78b151a58f8 observed=57d9ab8e25de3b2404e983e9a139d78b151a58f8
[M15.WIDE.SHARD] STAGED sequence=78 pairs=32 bytes=27533276
[P38.ARCHIVE] CREATED path=/tmp/canon-state/canon-v1-apc-m15-off-d34-57d9ab8e/p38_m15_wide_shards/round-000000/000078.tar logical_files=65 sha256=dabd3a167ff9569a9b70d6c9ba0ea1bf4e3983366a1ff4508c08541e5b5954ce
[P38.ARCHIVE] VERIFIED path=/tmp/tmp.cBmb36QJtC/SHARD_ARCHIVE.tar logical_files=65 sha256=dabd3a167ff9569a9b70d6c9ba0ea1bf4e3983366a1ff4508c08541e5b5954ce
[P38.GCS] M15_SHARD_COMPLETE sequence=000078 round=0 pairs=32 archive_sha256=dabd3a167ff9569a9b70d6c9ba0ea1bf4e3983366a1ff4508c08541e5b5954ce manifest_sha256=a603c61e2e70dc4c2f98d339d221725ff395f0da7fe525d3953c84ac34baf82d
[P38.GCS] RUNTIME_SOURCE_PASS expected=57d9ab8e25de3b2404e983e9a139d78b151a58f8 observed=57d9ab8e25de3b2404e983e9a139d78b151a58f8
[M15.WIDE.SHARD] STAGED sequence=79 pairs=32 bytes=26813589
[P38.ARCHIVE] CREATED path=/tmp/canon-state/canon-v1-apc-m15-off-d34-57d9ab8e/p38_m15_wide_shards/round-000000/000079.tar logical_files=65 sha256=8c563bc461da4314ffa31476b7435cbdcc5905809f70a3abe508f7d4b0788734
[P38.ARCHIVE] VERIFIED path=/tmp/tmp.jQ5ndqX8gs/SHARD_ARCHIVE.tar logical_files=65 sha256=8c563bc461da4314ffa31476b7435cbdcc5905809f70a3abe508f7d4b0788734
[P38.GCS] M15_SHARD_COMPLETE sequence=000079 round=0 pairs=32 archive_sha256=8c563bc461da4314ffa31476b7435cbdcc5905809f70a3abe508f7d4b0788734 manifest_sha256=810e01207eeaa3ad006545781b9b5ef5699ee1fa97ba9de35ea6b57ca6de0827
[P38.GCS] RUNTIME_SOURCE_PASS expected=57d9ab8e25de3b2404e983e9a139d78b151a58f8 observed=57d9ab8e25de3b2404e983e9a139d78b151a58f8
[M15.WIDE.SHARD] STAGED sequence=80 pairs=32 bytes=18789116
[P38.ARCHIVE] CREATED path=/tmp/canon-state/canon-v1-apc-m15-off-d34-57d9ab8e/p38_m15_wide_shards/round-000000/000080.tar logical_files=65 sha256=debd2b82d4a7c04f5947058ce7152ead72a52a502beceaacd70b8cbd68eff821
[P38.ARCHIVE] VERIFIED path=/tmp/tmp.sGZiIdRmJC/SHARD_ARCHIVE.tar logical_files=65 sha256=debd2b82d4a7c04f5947058ce7152ead72a52a502beceaacd70b8cbd68eff821
[P38.GCS] M15_SHARD_COMPLETE sequence=000080 round=0 pairs=32 archive_sha256=debd2b82d4a7c04f5947058ce7152ead72a52a502beceaacd70b8cbd68eff821 manifest_sha256=2ab7e0807b922e7f4430498fcb3f6630c069f2b024009b7c9a27f58183e24a48
[P38.GCS] RUNTIME_SOURCE_PASS expected=57d9ab8e25de3b2404e983e9a139d78b151a58f8 observed=57d9ab8e25de3b2404e983e9a139d78b151a58f8
[M15.WIDE.SHARD] STAGED sequence=81 pairs=32 bytes=24630470
[P38.ARCHIVE] CREATED path=/tmp/canon-state/canon-v1-apc-m15-off-d34-57d9ab8e/p38_m15_wide_shards/round-000000/000081.tar logical_files=65 sha256=039f91c80423fd93e366aa84b8fede3ea71aad047d63549befcdb569a3b66606
[P38.ARCHIVE] VERIFIED path=/tmp/tmp.1eT4nf1d6z/SHARD_ARCHIVE.tar logical_files=65 sha256=039f91c80423fd93e366aa84b8fede3ea71aad047d63549befcdb569a3b66606
[P38.GCS] M15_SHARD_COMPLETE sequence=000081 round=0 pairs=32 archive_sha256=039f91c80423fd93e366aa84b8fede3ea71aad047d63549befcdb569a3b66606 manifest_sha256=9bc765c777c30ae967d388d0b59b1a3f93e6972ee31621d233aa21e900bb4cad
[P38.GCS] RUNTIME_SOURCE_PASS expected=57d9ab8e25de3b2404e983e9a139d78b151a58f8 observed=57d9ab8e25de3b2404e983e9a139d78b151a58f8
[M15.WIDE.SHARD] STAGED sequence=82 pairs=32 bytes=24096262
[P38.ARCHIVE] CREATED path=/tmp/canon-state/canon-v1-apc-m15-off-d34-57d9ab8e/p38_m15_wide_shards/round-000000/000082.tar logical_files=65 sha256=e287d5cde6468490213262ad42b85f4231d76f2523265dc4e2f94f40f361d5a4
[P38.ARCHIVE] VERIFIED path=/tmp/tmp.nUfhDsX0yi/SHARD_ARCHIVE.tar logical_files=65 sha256=e287d5cde6468490213262ad42b85f4231d76f2523265dc4e2f94f40f361d5a4
[P38.GCS] M15_SHARD_COMPLETE sequence=000082 round=0 pairs=32 archive_sha256=e287d5cde6468490213262ad42b85f4231d76f2523265dc4e2f94f40f361d5a4 manifest_sha256=521e672cb83f02317ddd04e59b972a7b006664c576dbc2d5b24a12d628533841
[P38.GCS] RUNTIME_SOURCE_PASS expected=57d9ab8e25de3b2404e983e9a139d78b151a58f8 observed=57d9ab8e25de3b2404e983e9a139d78b151a58f8
[M15.WIDE.SHARD] STAGED sequence=83 pairs=32 bytes=20567431
[P38.ARCHIVE] CREATED path=/tmp/canon-state/canon-v1-apc-m15-off-d34-57d9ab8e/p38_m15_wide_shards/round-000000/000083.tar logical_files=65 sha256=a571ee37b11d16e24272292ba7b12c969f03a849085bb9a74749d42a72feb0a4
[P38.ARCHIVE] VERIFIED path=/tmp/tmp.Xw6LnwgL4o/SHARD_ARCHIVE.tar logical_files=65 sha256=a571ee37b11d16e24272292ba7b12c969f03a849085bb9a74749d42a72feb0a4
[P38.GCS] M15_SHARD_COMPLETE sequence=000083 round=0 pairs=32 archive_sha256=a571ee37b11d16e24272292ba7b12c969f03a849085bb9a74749d42a72feb0a4 manifest_sha256=5bcec43879cb807cbd2378f85a4cca5f9f45cbe1382e0984a61e33a9a0a84e3c
[P38.GCS] RUNTIME_SOURCE_PASS expected=57d9ab8e25de3b2404e983e9a139d78b151a58f8 observed=57d9ab8e25de3b2404e983e9a139d78b151a58f8
[M15.WIDE.SHARD] STAGED sequence=84 pairs=5 bytes=1362143
[P38.ARCHIVE] CREATED path=/tmp/canon-state/canon-v1-apc-m15-off-d34-57d9ab8e/p38_m15_wide_shards/round-000000/000084.tar logical_files=11 sha256=42cbf9c789b0975eaf1525be7b4ee18a7874599d665aa821f4bd24ed8855269c
[P38.ARCHIVE] VERIFIED path=/tmp/tmp.scyWA5L3Mw/SHARD_ARCHIVE.tar logical_files=11 sha256=42cbf9c789b0975eaf1525be7b4ee18a7874599d665aa821f4bd24ed8855269c
[P38.GCS] M15_SHARD_COMPLETE sequence=000084 round=0 pairs=5 archive_sha256=42cbf9c789b0975eaf1525be7b4ee18a7874599d665aa821f4bd24ed8855269c manifest_sha256=05221ef4732a045d71dc67ba5a445fb10e0e848c7b9f5960ee177365d9bac24d
[P38.GCS] RUNTIME_SOURCE_PASS expected=57d9ab8e25de3b2404e983e9a139d78b151a58f8 observed=57d9ab8e25de3b2404e983e9a139d78b151a58f8
[M15.WIDE.SHARD] EMPTY
[P38.GCS] RUNTIME_SOURCE_PASS expected=57d9ab8e25de3b2404e983e9a139d78b151a58f8 observed=57d9ab8e25de3b2404e983e9a139d78b151a58f8
[P38.GCS] M15_ROUND_STAGE round=0 stage=assemble status=STARTED exit_code=0
[M15.WIDE.ROUND] RED replay round is invalid at line 1
[P38.GCS] M15_ROUND_STAGE round=0 stage=assemble status=FAIL exit_code=2
