25m         Normal    QuotaReserved                            workload/jobset-canon-p58-ds4b-zero-hp-full-k03-36d94           Quota reserved in ClusterQueue cluster-queue, wait time since queued was 1s; Flavors considered: pathways-head: 0xv5p-8(NoFit;flavor 0xv5p-8 doesn't match node affinity)
25m         Normal    SuspendedJobs                            jobset/canon-p58-ds4b-zero-hp-full-k03                          jobset is suspended
25m         Normal    Admitted                                 workload/jobset-canon-p58-ds4b-zero-hp-full-k03-36d94           Admitted by ClusterQueue cluster-queue, wait time since reservation was 0s
25m         Normal    Suspended                                job/canon-p58-ds4b-zero-hp-full-k03-pathways-worker-0           Job suspended
25m         Normal    Suspended                                job/canon-p58-ds4b-zero-hp-full-k03-pathways-head-0             Job suspended
25m         Normal    CreatedWorkload                          jobset/canon-p58-ds4b-zero-hp-full-k03                          Created Workload: default/jobset-canon-p58-ds4b-zero-hp-full-k03-36d94
25m         Normal    InOrderStartupPolicyInProgress           jobset/canon-p58-ds4b-zero-hp-full-k03                          in order startup policy is in progress
25m         Normal    Started                                  jobset/canon-p58-ds4b-zero-hp-full-k03                          Admitted by clusterQueue cluster-queue
25m         Warning   FailedScheduling                         pod/canon-p58-ds4b-zero-hp-full-k03-pathways-head-0-0-t5nq5     0/137 nodes are available: 1 node(s) didn't match pod anti-affinity rules, 118 node(s) had untolerated taint(s), 13 node(s) didn't match Pod's node affinity/selector, 5 Insufficient memory.
25m         Normal    Resumed                                  job/canon-p58-ds4b-zero-hp-full-k03-pathways-head-0             Job resumed
25m         Normal    SuccessfulCreate                         job/canon-p58-ds4b-zero-hp-full-k03-pathways-head-0             Created pod: canon-p58-ds4b-zero-hp-full-k03-pathways-head-0-0-t5nq5
25m         Warning   FailedScheduling                         pod/canon-p58-ds4b-zero-hp-full-k03-pathways-head-0-0-t5nq5     0/137 nodes are available: 1 node(s) didn't match pod anti-affinity rules, 118 node(s) had untolerated taint(s), 13 node(s) didn't match Pod's node affinity/selector, 5 Insufficient memory. no new claims to deallocate, preemption: not eligible due to a terminating pod on the nominated node.
25m         Warning   FailedScheduling                         pod/canon-p58-ds4b-zero-hp-full-k03-pathways-head-0-0-t5nq5     0/137 nodes are available: 1 node(s) didn't match pod anti-affinity rules, 118 node(s) had untolerated taint(s), 13 node(s) didn't match Pod's node affinity/selector, 5 Insufficient memory. no new claims to deallocate, preemption: not eligible due to a terminating pod on the nominated node.
25m         Normal    Scheduled                                pod/canon-p58-ds4b-zero-hp-full-k03-pathways-head-0-0-t5nq5     Successfully assigned default/canon-p58-ds4b-zero-hp-full-k03-pathways-head-0-0-t5nq5 to gke-mlperf-v5p-cpu-np-ebb0f94d-cnk7
25m         Normal    SuccessfulAttachVolume                   pod/canon-p58-ds4b-zero-hp-full-k03-pathways-head-0-0-t5nq5     AttachVolume.Attach succeeded for volume "pvc-c7200196-20ab-4f46-90ce-f5501e37c167"
25m         Normal    Pulling                                  pod/canon-p58-ds4b-zero-hp-full-k03-pathways-head-0-0-t5nq5     Pulling image "us-docker.pkg.dev/cloud-tpu-v2-images/pathways/proxy_server@sha256:7bdf61492b723c970b597812a90335a87358d279f92770d3ca11fc86ad15e312"
25m         Normal    Created                                  pod/canon-p58-ds4b-zero-hp-full-k03-pathways-head-0-0-t5nq5     Container created
25m         Normal    Pulled                                   pod/canon-p58-ds4b-zero-hp-full-k03-pathways-head-0-0-t5nq5     Successfully pulled image "us-docker.pkg.dev/cloud-tpu-v2-images/pathways/proxy_server@sha256:7bdf61492b723c970b597812a90335a87358d279f92770d3ca11fc86ad15e312" in 2.135s (2.135s including waiting). Image size: 222533312 bytes.
25m         Normal    Pulling                                  pod/canon-p58-ds4b-zero-hp-full-k03-pathways-head-0-0-t5nq5     Pulling image "us-docker.pkg.dev/cloud-tpu-v2-images/pathways/server@sha256:3d9a6523f2262e6881c700542a9d89a4032103a79ee2851a72ca353d24ad5f95"
25m         Normal    Started                                  pod/canon-p58-ds4b-zero-hp-full-k03-pathways-head-0-0-t5nq5     Container started
25m         Normal    Created                                  pod/canon-p58-ds4b-zero-hp-full-k03-pathways-head-0-0-t5nq5     Container created
25m         Normal    Started                                  pod/canon-p58-ds4b-zero-hp-full-k03-pathways-head-0-0-t5nq5     Container started
25m         Normal    Pulled                                   pod/canon-p58-ds4b-zero-hp-full-k03-pathways-head-0-0-t5nq5     Successfully pulled image "us-docker.pkg.dev/cloud-tpu-v2-images/pathways/server@sha256:3d9a6523f2262e6881c700542a9d89a4032103a79ee2851a72ca353d24ad5f95" in 1.638s (1.638s including waiting). Image size: 225254227 bytes.
25m         Normal    Pulling                                  pod/canon-p58-ds4b-zero-hp-full-k03-pathways-head-0-0-t5nq5     Pulling image "europe-west4-docker.pkg.dev/cloud-tpu-multipod-dev/yuxzhang-repo/tunix_base_image@sha256:673f745e326bdf8c40437e15cca42105d4d52e2a47ac1887c009fa9bd29f4db4"
21m         Normal    Started                                  pod/canon-p58-ds4b-zero-hp-full-k03-pathways-head-0-0-t5nq5     Container started
21m         Normal    Created                                  pod/canon-p58-ds4b-zero-hp-full-k03-pathways-head-0-0-t5nq5     Container created
21m         Normal    Pulled                                   pod/canon-p58-ds4b-zero-hp-full-k03-pathways-head-0-0-t5nq5     Successfully pulled image "europe-west4-docker.pkg.dev/cloud-tpu-multipod-dev/yuxzhang-repo/tunix_base_image@sha256:673f745e326bdf8c40437e15cca42105d4d52e2a47ac1887c009fa9bd29f4db4" in 3m38.528s (3m38.528s including waiting). Image size: 12882233008 bytes.
21m         Normal    SuccessfulCreate                         job/canon-p58-ds4b-zero-hp-full-k03-pathways-worker-0           Created pod: canon-p58-ds4b-zero-hp-full-k03-pathways-worker-0-0-xf54m
21m         Warning   FailedScheduling                         pod/canon-p58-ds4b-zero-hp-full-k03-pathways-worker-0-0-xf54m   0/136 nodes are available: 1 node(s) had untolerated taint(s), 103 node(s) didn't match Pod's node affinity/selector, 32 Insufficient google.com/tpu. no new claims to deallocate, preemption: 0/136 nodes are available: 104 Preemption is not helpful for scheduling, 32 No preemption victims found for incoming pod.
21m         Warning   FailedCreate                             job/canon-p58-ds4b-zero-hp-full-k03-pathways-worker-0           Error creating: admission webhook "vpod.kb.io" denied the request: follower pod node selector for topology domain not found. missing selector: cloud.google.com/gke-nodepool
21m         Normal    Resumed                                  job/canon-p58-ds4b-zero-hp-full-k03-pathways-worker-0           Job resumed
21m         Normal    TriggeredScaleUp                         pod/canon-p58-ds4b-zero-hp-full-k03-pathways-worker-0-0-xf54m   Pod triggered scale-up: [{https://www.googleapis.com/compute/v1/projects/cloud-tpu-multipod-dev/zones/europe-west4-b/instanceGroups/nap-ct5p-hightp-4t-uemt09h4-temporary-mig-1j1bsb09-async-0 0->32 (max: 32)}]
21m         Warning   FailedScheduling                         pod/canon-p58-ds4b-zero-hp-full-k03-pathways-worker-0-0-xf54m   0/137 nodes are available: 103 node(s) didn't match Pod's node affinity/selector, 2 node(s) had untolerated taint(s), 32 Insufficient google.com/tpu. no new claims to deallocate, preemption: 0/137 nodes are available: 105 Preemption is not helpful for scheduling, 32 No preemption victims found for incoming pod.
21m         Normal    Killing                                  pod/canon-p58-ds4b-zero-hp-full-k03-pathways-head-0-0-t5nq5     Stopping container pathways-proxy
21m         Normal    Killing                                  pod/canon-p58-ds4b-zero-hp-full-k03-pathways-head-0-0-t5nq5     Stopping container pathways-rm
21m         Warning   FailedScheduling                         pod/canon-p58-ds4b-zero-hp-full-k03-pathways-worker-0-0-xf54m   0/137 nodes are available: 103 node(s) didn't match Pod's node affinity/selector, 2 node(s) had untolerated taint(s), 32 Insufficient google.com/tpu. no new claims to deallocate, preemption: 0/137 nodes are available: 105 Preemption is not helpful for scheduling, 32 No preemption victims found for incoming pod.
20m         Warning   FailedScheduling                         pod/canon-p58-ds4b-zero-hp-full-k03-pathways-worker-0-0-xf54m   0/137 nodes are available: 1 node(s) had untolerated taint(s), 104 node(s) didn't match Pod's node affinity/selector, 32 Insufficient google.com/tpu. no new claims to deallocate, preemption: 0/137 nodes are available: 105 Preemption is not helpful for scheduling, 32 No preemption victims found for incoming pod.
20m         Warning   BackoffLimitExceeded                     job/canon-p58-ds4b-zero-hp-full-k03-pathways-head-0             Job has reached the specified backoff limit
20m         Normal    DeletedWorkload                          jobset/canon-p58-ds4b-zero-hp-full-k03                          Deleted not matching Workload: default/jobset-canon-p58-ds4b-zero-hp-full-k03-36d94
20m         Normal    FinishedWorkload                         jobset/canon-p58-ds4b-zero-hp-full-k03                          Workload 'default/jobset-canon-p58-ds4b-zero-hp-full-k03-36d94' is declared finished
20m         Warning   ReachedMaxRestarts                       jobset/canon-p58-ds4b-zero-hp-full-k03                          jobset failed due to reaching max number of restarts (first failed job: canon-p58-ds4b-zero-hp-full-k03-pathways-head-0)
7m44s       Normal    TaintManagerEviction                     pod/canon-p58-ds4b-zero-hp-full-k03-pathways-head-0-0-t5nq5     Cancelling deletion of Pod default/canon-p58-ds4b-zero-hp-full-k03-pathways-head-0-0-t5nq5
