A Google TPU may be present on this machine, but either a TPU-enabled jaxlib or libtpu is not installed. Falling back to cpu.
.....[P57.JOBSET] RENDERED arm=standard path=/tmp/tmpkpb46kei/jobset-p57-frozenlake-standard-300.yaml
P57_THREE_ARM_MANIFEST_PASS wave=standard workload=p45 arm=standard sampler_is=none updates=300 evaluation=1 checkpoint=1 path=/tmp/tmpkpb46kei/jobset-p57-frozenlake-standard-300.yaml
[P57.JOBSET] RENDERED arm=mismatch path=/tmp/tmpkpb46kei/native/jobset-p57-frozenlake-mismatch-300.yaml
[P57.JOBSET] RENDERED arm=standard path=/tmp/tmpp9eh0lrm/jobset-p57-frozenlake-standard-m15-main-300.yaml
P57_THREE_ARM_MANIFEST_PASS wave=standard workload=m15 arm=standard sampler_is=none updates=300 evaluation=1 checkpoint=1 path=/tmp/tmpp9eh0lrm/jobset-p57-frozenlake-standard-m15-main-300.yaml
........................[P57.JOBSET] RENDERED arm=mismatch path=/tmp/tmpp9eh0lrm/native/jobset-p57-frozenlake-mismatch-m15-main-300.yaml
[P57.JOBSET] RENDERED arm=standard path=/tmp/tmp3gukqwvf/jobset-p57-frozenlake-standard-300.yaml
[P57.JOBSET] RENDERED arm=standard path=/tmp/tmp98vgca2c/jobset-p57-frozenlake-standard-300.yaml
[P57.JOBSET] RENDERED arm=standard path=/tmp/tmp621ahxay/jobset-p57-frozenlake-standard-300.yaml
[P57.JOBSET] RENDERED arm=standard path=/tmp/tmp6izegc2u/jobset-p57-frozenlake-standard-300.yaml
[P57.JOBSET] RENDERED arm=zero path=/tmp/tmpclz5tlyq/render/jobset-p57-frozenlake-zero-300.yaml
[P57.JOBSET] RENDERED arm=zero path=/tmp/tmpc0a46os5/render/jobset-p57-frozenlake-zero-300.yaml
[P57.JOBSET] RENDERED arm=zero path=/tmp/tmpl5e5fsan/render/jobset-p57-frozenlake-zero-300.yaml
[P57.JOBSET] RENDERED arm=zero path=/tmp/tmp8fiktqxp/render/jobset-p57-frozenlake-zero-m15-main-300.yaml
[P57.CALIBRATION.JOBSET] RENDERED mode=stochastic path=/tmp/tmpvxwu5l8n/jobset-p57-frozenlake-calibration-stochastic.yaml
[P57.CALIBRATION.JOBSET] RENDERED mode=stochastic path=/tmp/tmp215pidk3/jobset-p57-frozenlake-calibration-stochastic.yaml
[P57.CALIBRATION.JOBSET] RENDERED mode=stochastic path=/tmp/tmpuykpwo66/jobset-p57-frozenlake-calibration-stochastic.yaml
[P57.CALIBRATION.JOBSET] RENDERED mode=stochastic path=/tmp/tmp910nxd24/rendered/jobset-p57-frozenlake-calibration-stochastic.yaml
[P57.JOBSET] RENDERED arm=zero path=/tmp/tmp3lqo7d9x/jobset-p57-frozenlake-zero-300.yaml
[P57.CALIBRATION.JOBSET] RENDERED mode=stochastic path=/tmp/tmp71iwaf_x/good/jobset-p57-frozenlake-calibration-stochastic.yaml
[P57.CALIBRATION.JOBSET] RENDERED mode=stochastic path=/tmp/tmpkua5vwea/good/jobset-p57-frozenlake-calibration-stochastic.yaml
[P57.STOCK] INTENT_PASS run_kind=train candidate=m15 split=selection fixed_lm_head=0
.......[P57.JOBSET] RENDERED arm=mismatch path=/tmp/tmpm9a5ib32/rendered/jobset-p57-frozenlake-mismatch-m15-selection-200.yaml
[P57.JOBSET] RENDERED arm=mismatch path=/tmp/tmp63qvkc_8/eval-300/jobset-p57-frozenlake-mismatch-eval-300.yaml
[P57.JOBSET] RENDERED arm=mismatch path=/tmp/tmp72g4mtbt/rendered/jobset-p57-frozenlake-mismatch-300.yaml
[P57.STOCK] INTENT_PASS run_kind=train candidate=m15 split=selection fixed_lm_head=0
..[P57.JOBSET] RENDERED arm=mismatch path=/tmp/tmpzkpe8m2_/jobset-p57-frozenlake-mismatch-m15-selection-200.yaml
[P57.JOBSET] RENDERED arm=mismatch path=/tmp/tmpx2xt1ma7/jobset-p57-frozenlake-mismatch-m15-main-300.yaml
[P57.STOCK] INTENT_PASS run_kind=train candidate=m15 split=selection fixed_lm_head=0
[P57.JOBSET] RENDERED arm=mismatch path=/tmp/tmp9am_u8qe/train/jobset-p57-frozenlake-mismatch-m15-selection-200.yaml
[P57.STOCK] INTENT_PASS run_kind=eval candidate=m15 split=selection fixed_lm_head=0
.[P57.JOBSET] RENDERED arm=mismatch path=/tmp/tmp9am_u8qe/eval/jobset-p57-frozenlake-mismatch-m15-selection-eval-0.yaml
[P57.STOCK] INTENT_PASS run_kind=train candidate=m15 split=selection fixed_lm_head=0
........................................[P57.JOBSET] RENDERED arm=mismatch path=/tmp/tmpgbwcylir/jobset-p57-frozenlake-mismatch-m15-selection-200.yaml
[P57.JOBSET] RENDERED arm=mismatch path=/tmp/tmpirtotb25/p45-mismatch/jobset-p57-frozenlake-mismatch-300.yaml
[P57.JOBSET] RENDERED arm=is path=/tmp/tmpirtotb25/p45-is/jobset-p57-frozenlake-is-300.yaml
[P57.JOBSET] RENDERED arm=zero path=/tmp/tmpirtotb25/p45-zero/jobset-p57-frozenlake-zero-300.yaml
[P57.JOBSET] RENDERED arm=mismatch path=/tmp/tmpirtotb25/m15-mismatch/jobset-p57-frozenlake-mismatch-m15-main-300.yaml
[P57.JOBSET] RENDERED arm=is path=/tmp/tmpirtotb25/m15-is/jobset-p57-frozenlake-is-m15-main-300.yaml
[P57.JOBSET] RENDERED arm=zero path=/tmp/tmpirtotb25/m15-zero/jobset-p57-frozenlake-zero-m15-main-300.yaml
P57_INPROCESS_EVAL_CLASSIFIER_PASS steps=7
..........................[CANON_ALIGN_PRE_JSON] {"N_action":3,"action_geometry":{"max_logical_kv_prefix_length":2,"min_logical_kv_prefix_length":0,"rows_reaching_1686":0,"valid":true},"admission_policy":{"bounded_ab_only":false,"byte_fraction_limit":null,"claim_level":"convergence-only","enabled":true,"id":"frozenlake-full-alignment-warning-v1","max_abs_limit":null,"stage":"full","warning_boundaries":["S_decode_vs_S_prefill"],"warning_items":["S_decode_vs_S_prefill","w_all_exactly_1","wr_all_exactly_1","clip_hits","tis_hits"],"warning_only":true,"workload":"frozenlake"},"all_compact_filtered":false,"blocking_reds":["S_prefill_vs_T_old"],"boundaries":{"S_decode_vs_S_prefill":{"byte_fraction":0.0,"differing_bytes":0,"differing_elements":0,"element_fraction":0.0,"finite":true,"first_mismatch":null,"max_abs":0.0,"max_abs_mismatch":null,"mismatches":[],"mismatches_truncated":false,"reported_mismatches":0,"total_bytes":12,"total_elements":3,"valid":true},"S_prefill_vs_T_old":{"byte_fraction":0.25,"differing_bytes":3,"differing_elements":1,"element_fraction":0.3333333333333333,"finite":true,"first_mismatch":{"a":0.25,"a_bits":"0x3e800000","abs_delta":0.19999998807907104,"action_run_end":false,"action_run_start":false,"b":0.44999998807907104,"b_bits":"0x3ee66666","completion_chunk_index":0,"completion_position":1,"completion_valid_length":3,"coordinate":[0,1],"differing_byte_offsets":[0,1,2],"distance_to_next_sequence_chunk":255,"logical_kv_prefix_length":1,"masked_index":1,"offset_in_action_run":1,"offset_in_sequence_chunk":1,"previous_token_is_environment":false,"prompt_length":0,"sequence_chunk_index":0,"sequence_row":0,"token_id":11,"turn_index":0,"ulp_distance":6710886,"xor_bits":"0x00666666"},"max_abs":0.19999998807907104,"max_abs_mismatch":{"a":0.25,"a_bits":"0x3e800000","abs_delta":0.19999998807907104,"action_run_end":false,"action_run_start":false,"b":0.44999998807907104,"b_bits":"0x3ee66666","completion_chunk_index":0,"completion_position":1,"completion_valid_length":3,"coordinate":[0,1],"differing_byte_offsets":[0,1,2],"distance_to_next_sequence_chunk":255,"logical_kv_prefix_length":1,"masked_index":1,"offset_in_action_run":1,"offset_in_sequence_chunk":1,"previous_token_is_environment":false,"prompt_length":0,"sequence_chunk_index":0,"sequence_row":0,"token_id":11,"turn_index":0,"ulp_distance":6710886,"xor_bits":"0x00666666"},"mismatches":[{"a":0.25,"a_bits":"0x3e800000","abs_delta":0.19999998807907104,"action_run_end":false,"action_run_start":false,"b":0.44999998807907104,"b_bits":"0x3ee66666","completion_chunk_index":0,"completion_position":1,"completion_valid_length":3,"coordinate":[0,1],"differing_byte_offsets":[0,1,2],"distance_to_next_sequence_chunk":255,"logical_kv_prefix_length":1,"masked_index":1,"offset_in_action_run":1,"offset_in_sequence_chunk":1,"previous_token_is_environment":false,"prompt_length":0,"sequence_chunk_index":0,"sequence_row":0,"token_id":11,"turn_index":0,"ulp_distance":6710886,"xor_bits":"0x00666666"}],"mismatches_truncated":false,"reported_mismatches":1,"total_bytes":12,"total_elements":3,"valid":true}},"context":{"bucket":"","mesh":"","run_stage":"full","source":"VllmRollout.get_prefill_rescore_logps"},"hashes":{"S_decode":"0e46b0f0450941b9cf7ce388df558a92c5d042dae3f9a46a64c946ea56f25415","S_prefill":"0e46b0f0450941b9cf7ce388df558a92c5d042dae3f9a46a64c946ea56f25415","T_old":"af43808a133cce38bb959475eaec59bac18f68f11ce1c1756cb4c49d80cfa408","action_mask":"75c8fd04ad916aec3e3d5cb76a452b116b3d4d0912a0a485e9fb8e3d240e210c","policy_version":"df3f619804a92fdb4057192dc43dd748ea778adc52bc498ce80524c014b81119","tokens":"a56d6bbbe254a23749343fb727e7f348b719bc6314763d6a792843e2f7c466ee"},"masked_hashes":{"S_decode":"0e46b0f0450941b9cf7ce388df558a92c5d042dae3f9a46a64c946ea56f25415","S_prefill":"0e46b0f0450941b9cf7ce388df558a92c5d042dae3f9a46a64c946ea56f25415","T_old":"af43808a133cce38bb959475eaec59bac18f68f11ce1c1756cb4c49d80cfa408"},"no_signal_admitted":false,"reds":["S_prefill_vs_T_old"],"reported_reds":[],"step":0,"timestamp":1789186568.7269614,"verdict":"FAIL","warning_reds":[]}
[CANON_ALIGN_PRE_EVIDENCE] path=/tmp/tmpteuevzqh/pre.jsonl sha256=72e232eb255b9ce8898ddbfb57708a6118d67b9bc2cdd7e7ef063fd51586bd4d
[CANON_ALIGN_PRE] step=0 verdict=FAIL N_action=3 bounds=[('S_decode_vs_S_prefill', 0), ('S_prefill_vs_T_old', 3)]
[CANON_ALIGN_PRE_JSON] {"N_action":3,"action_geometry":{"max_logical_kv_prefix_length":2,"min_logical_kv_prefix_length":0,"rows_reaching_1686":0,"valid":true},"admission_policy":{"bounded_ab_only":false,"byte_fraction_limit":null,"claim_level":"convergence-only","enabled":true,"id":"frozenlake-full-alignment-warning-v1","max_abs_limit":null,"stage":"full","warning_boundaries":["S_decode_vs_S_prefill"],"warning_items":["S_decode_vs_S_prefill","w_all_exactly_1","wr_all_exactly_1","clip_hits","tis_hits"],"warning_only":true,"workload":"frozenlake"},"all_compact_filtered":false,"blocking_reds":["S_decode_vs_S_prefill"],"boundaries":{"S_decode_vs_S_prefill":{"byte_fraction":0.16666666666666666,"differing_bytes":2,"differing_elements":1,"element_fraction":0.3333333333333333,"finite":false,"first_mismatch":{"a":"nan","a_bits":"0x7fc00000","abs_delta":"nan","action_run_end":false,"action_run_start":false,"b":0.25,"b_bits":"0x3e800000","completion_chunk_index":0,"completion_position":1,"completion_valid_length":3,"coordinate":[0,1],"differing_byte_offsets":[2,3],"distance_to_next_sequence_chunk":255,"logical_kv_prefix_length":1,"masked_index":1,"offset_in_action_run":1,"offset_in_sequence_chunk":1,"previous_token_is_environment":false,"prompt_length":0,"sequence_chunk_index":0,"sequence_row":0,"token_id":11,"turn_index":0,"ulp_distance":null,"xor_bits":"0x41400000"},"max_abs":"nan","max_abs_mismatch":{"a":"nan","a_bits":"0x7fc00000","abs_delta":"nan","action_run_end":false,"action_run_start":false,"b":0.25,"b_bits":"0x3e800000","completion_chunk_index":0,"completion_position":1,"completion_valid_length":3,"coordinate":[0,1],"differing_byte_offsets":[2,3],"distance_to_next_sequence_chunk":255,"logical_kv_prefix_length":1,"masked_index":1,"offset_in_action_run":1,"offset_in_sequence_chunk":1,"previous_token_is_environment":false,"prompt_length":0,"sequence_chunk_index":0,"sequence_row":0,"token_id":11,"turn_index":0,"ulp_distance":null,"xor_bits":"0x41400000"},"mismatches":[{"a":"nan","a_bits":"0x7fc00000","abs_delta":"nan","action_run_end":false,"action_run_start":false,"b":0.25,"b_bits":"0x3e800000","completion_chunk_index":0,"completion_position":1,"completion_valid_length":3,"coordinate":[0,1],"differing_byte_offsets":[2,3],"distance_to_next_sequence_chunk":255,"logical_kv_prefix_length":1,"masked_index":1,"offset_in_action_run":1,"offset_in_sequence_chunk":1,"previous_token_is_environment":false,"prompt_length":0,"sequence_chunk_index":0,"sequence_row":0,"token_id":11,"turn_index":0,"ulp_distance":null,"xor_bits":"0x41400000"}],"mismatches_truncated":false,"reported_mismatches":1,"total_bytes":12,"total_elements":3,"valid":true},"S_prefill_vs_T_old":{"byte_fraction":0.0,"differing_bytes":0,"differing_elements":0,"element_fraction":0.0,"finite":true,"first_mismatch":null,"max_abs":0.0,"max_abs_mismatch":null,"mismatches":[],"mismatches_truncated":false,"reported_mismatches":0,"total_bytes":12,"total_elements":3,"valid":true}},"context":{"bucket":"","mesh":"","run_stage":"full","source":"VllmRollout.get_prefill_rescore_logps"},"hashes":{"S_decode":"86bb4dbfd9d34a28f7559d8c2773bf54ccfe5c7500a5b5c59fd3b4ef8a754a1a","S_prefill":"0e46b0f0450941b9cf7ce388df558a92c5d042dae3f9a46a64c946ea56f25415","T_old":"0e46b0f0450941b9cf7ce388df558a92c5d042dae3f9a46a64c946ea56f25415","action_mask":"75c8fd04ad916aec3e3d5cb76a452b116b3d4d0912a0a485e9fb8e3d240e210c","policy_version":"df3f619804a92fdb4057192dc43dd748ea778adc52bc498ce80524c014b81119","tokens":"a56d6bbbe254a23749343fb727e7f348b719bc6314763d6a792843e2f7c466ee"},"masked_hashes":{"S_decode":"86bb4dbfd9d34a28f7559d8c2773bf54ccfe5c7500a5b5c59fd3b4ef8a754a1a","S_prefill":"0e46b0f0450941b9cf7ce388df558a92c5d042dae3f9a46a64c946ea56f25415","T_old":"0e46b0f0450941b9cf7ce388df558a92c5d042dae3f9a46a64c946ea56f25415"},"no_signal_admitted":false,"reds":["S_decode_vs_S_prefill"],"reported_reds":[],"step":0,"timestamp":1789186568.7311943,"verdict":"FAIL","warning_reds":[]}
[CANON_ALIGN_PRE_EVIDENCE] path=/tmp/tmp0vf7amep/pre.jsonl sha256=6e6646aa5c27e6e620e2c51c8b7e8b88b00c1324349d49eacde4995be453b23b
[CANON_ALIGN_PRE] step=0 verdict=FAIL N_action=3 bounds=[('S_decode_vs_S_prefill', 2), ('S_prefill_vs_T_old', 0)]
...[CANON_ALIGN_PRE_JSON] {"N_action":3,"action_geometry":{"max_logical_kv_prefix_length":2,"min_logical_kv_prefix_length":0,"rows_reaching_1686":0,"valid":true},"admission_policy":{"bounded_ab_only":false,"byte_fraction_limit":null,"claim_level":"convergence-only","enabled":true,"id":"frozenlake-full-alignment-warning-v1","max_abs_limit":null,"stage":"full","warning_boundaries":["S_decode_vs_S_prefill"],"warning_items":["S_decode_vs_S_prefill","w_all_exactly_1","wr_all_exactly_1","clip_hits","tis_hits"],"warning_only":true,"workload":"frozenlake"},"all_compact_filtered":false,"blocking_reds":[],"boundaries":{"S_decode_vs_S_prefill":{"byte_fraction":0.25,"differing_bytes":3,"differing_elements":1,"element_fraction":0.3333333333333333,"finite":true,"first_mismatch":{"a":0.3499999940395355,"a_bits":"0x3eb33333","abs_delta":0.09999999403953552,"action_run_end":false,"action_run_start":false,"b":0.25,"b_bits":"0x3e800000","completion_chunk_index":0,"completion_position":1,"completion_valid_length":3,"coordinate":[0,1],"differing_byte_offsets":[0,1,2],"distance_to_next_sequence_chunk":255,"logical_kv_prefix_length":1,"masked_index":1,"offset_in_action_run":1,"offset_in_sequence_chunk":1,"previous_token_is_environment":false,"prompt_length":0,"sequence_chunk_index":0,"sequence_row":0,"token_id":11,"turn_index":0,"ulp_distance":3355443,"xor_bits":"0x00333333"},"max_abs":0.09999999403953552,"max_abs_mismatch":{"a":0.3499999940395355,"a_bits":"0x3eb33333","abs_delta":0.09999999403953552,"action_run_end":false,"action_run_start":false,"b":0.25,"b_bits":"0x3e800000","completion_chunk_index":0,"completion_position":1,"completion_valid_length":3,"coordinate":[0,1],"differing_byte_offsets":[0,1,2],"distance_to_next_sequence_chunk":255,"logical_kv_prefix_length":1,"masked_index":1,"offset_in_action_run":1,"offset_in_sequence_chunk":1,"previous_token_is_environment":false,"prompt_length":0,"sequence_chunk_index":0,"sequence_row":0,"token_id":11,"turn_index":0,"ulp_distance":3355443,"xor_bits":"0x00333333"},"mismatches":[{"a":0.3499999940395355,"a_bits":"0x3eb33333","abs_delta":0.09999999403953552,"action_run_end":false,"action_run_start":false,"b":0.25,"b_bits":"0x3e800000","completion_chunk_index":0,"completion_position":1,"completion_valid_length":3,"coordinate":[0,1],"differing_byte_offsets":[0,1,2],"distance_to_next_sequence_chunk":255,"logical_kv_prefix_length":1,"masked_index":1,"offset_in_action_run":1,"offset_in_sequence_chunk":1,"previous_token_is_environment":false,"prompt_length":0,"sequence_chunk_index":0,"sequence_row":0,"token_id":11,"turn_index":0,"ulp_distance":3355443,"xor_bits":"0x00333333"}],"mismatches_truncated":false,"reported_mismatches":1,"total_bytes":12,"total_elements":3,"valid":true},"S_prefill_vs_T_old":{"byte_fraction":0.0,"differing_bytes":0,"differing_elements":0,"element_fraction":0.0,"finite":true,"first_mismatch":null,"max_abs":0.0,"max_abs_mismatch":null,"mismatches":[],"mismatches_truncated":false,"reported_mismatches":0,"total_bytes":12,"total_elements":3,"valid":true}},"context":{"bucket":"","mesh":"","run_stage":"full","source":"VllmRollout.get_prefill_rescore_logps"},"hashes":{"S_decode":"a0263baf472490746da250e51d9850fd3d68d16cd43822919760438ee97da945","S_prefill":"0e46b0f0450941b9cf7ce388df558a92c5d042dae3f9a46a64c946ea56f25415","T_old":"0e46b0f0450941b9cf7ce388df558a92c5d042dae3f9a46a64c946ea56f25415","action_mask":"75c8fd04ad916aec3e3d5cb76a452b116b3d4d0912a0a485e9fb8e3d240e210c","policy_version":"df3f619804a92fdb4057192dc43dd748ea778adc52bc498ce80524c014b81119","tokens":"a56d6bbbe254a23749343fb727e7f348b719bc6314763d6a792843e2f7c466ee"},"masked_hashes":{"S_decode":"a0263baf472490746da250e51d9850fd3d68d16cd43822919760438ee97da945","S_prefill":"0e46b0f0450941b9cf7ce388df558a92c5d042dae3f9a46a64c946ea56f25415","T_old":"0e46b0f0450941b9cf7ce388df558a92c5d042dae3f9a46a64c946ea56f25415"},"no_signal_admitted":false,"reds":["S_decode_vs_S_prefill"],"reported_reds":[],"step":0,"timestamp":1789186568.7353055,"verdict":"PASS_WITH_ALIGNMENT_WARNINGS","warning_reds":["S_decode_vs_S_prefill"]}
[CANON_ALIGN_PRE_EVIDENCE] path=/tmp/tmpoxlurg2l/pre.jsonl sha256=1666e1a0d08666adf156900b5a2d9d1dba732c41b0a8faf669612aa5233c9f54
[CANON_ALIGN_PRE] step=0 verdict=PASS_WITH_ALIGNMENT_WARNINGS N_action=3 bounds=[('S_decode_vs_S_prefill', 3), ('S_prefill_vs_T_old', 0)]
[CANON_ALIGN_WARNING] boundary=pre_backward step=0 warnings=['S_decode_vs_S_prefill']
..[P57.TITO.UPDATE_SIDECAR] PASS step=0 rows=1 bytes=6084 logical_bytes=133 write_seconds=0.002218 sha256=116a2aef258226a84c1cdab95510f9ee71967b6242f820002d2db970c6a27328 path=/tmp/tmpih2ehagf/p57_tito_witness/update-sidecars/step-000000.npz
[CANON_ALIGN_PRE_JSON] {"N_action":3,"action_geometry":{"max_logical_kv_prefix_length":2,"min_logical_kv_prefix_length":0,"rows_reaching_1686":0,"valid":true},"admission_policy":{"bounded_ab_only":false,"byte_fraction_limit":null,"claim_level":"convergence-only","enabled":true,"id":"frozenlake-full-alignment-warning-v1","max_abs_limit":null,"stage":"full","warning_boundaries":["S_decode_vs_S_prefill"],"warning_items":["S_decode_vs_S_prefill","w_all_exactly_1","wr_all_exactly_1","clip_hits","tis_hits"],"warning_only":true,"workload":"frozenlake"},"all_compact_filtered":false,"blocking_reds":[],"boundaries":{"S_decode_vs_S_prefill":{"byte_fraction":0.0,"differing_bytes":0,"differing_elements":0,"element_fraction":0.0,"finite":true,"first_mismatch":null,"max_abs":0.0,"max_abs_mismatch":null,"mismatches":[],"mismatches_truncated":false,"reported_mismatches":0,"total_bytes":12,"total_elements":3,"valid":true},"S_prefill_vs_T_old":{"byte_fraction":0.0,"differing_bytes":0,"differing_elements":0,"element_fraction":0.0,"finite":true,"first_mismatch":null,"max_abs":0.0,"max_abs_mismatch":null,"mismatches":[],"mismatches_truncated":false,"reported_mismatches":0,"total_bytes":12,"total_elements":3,"valid":true}},"context":{"bucket":"","mesh":"","run_stage":"full","source":"VllmRollout.get_prefill_rescore_logps"},"hashes":{"S_decode":"0e46b0f0450941b9cf7ce388df558a92c5d042dae3f9a46a64c946ea56f25415","S_prefill":"0e46b0f0450941b9cf7ce388df558a92c5d042dae3f9a46a64c946ea56f25415","T_old":"0e46b0f0450941b9cf7ce388df558a92c5d042dae3f9a46a64c946ea56f25415","action_mask":"75c8fd04ad916aec3e3d5cb76a452b116b3d4d0912a0a485e9fb8e3d240e210c","policy_version":"df3f619804a92fdb4057192dc43dd748ea778adc52bc498ce80524c014b81119","tokens":"a56d6bbbe254a23749343fb727e7f348b719bc6314763d6a792843e2f7c466ee"},"masked_hashes":{"S_decode":"0e46b0f0450941b9cf7ce388df558a92c5d042dae3f9a46a64c946ea56f25415","S_prefill":"0e46b0f0450941b9cf7ce388df558a92c5d042dae3f9a46a64c946ea56f25415","T_old":"0e46b0f0450941b9cf7ce388df558a92c5d042dae3f9a46a64c946ea56f25415"},"no_signal_admitted":false,"reds":[],"reported_reds":[],"step":0,"timestamp":1789186568.738756,"tito_update_sidecar":{"bytes":6084,"logical_bytes":133,"path":"/tmp/tmpih2ehagf/p57_tito_witness/update-sidecars/step-000000.npz","rows":1,"schema":"canon.p57-tito-update-sidecar-receipt.v1","sha256":"116a2aef258226a84c1cdab95510f9ee71967b6242f820002d2db970c6a27328","step":0,"write_seconds":0.0022183710243552923},"verdict":"PASS","warning_reds":[]}
[CANON_ALIGN_PRE_EVIDENCE] path=/tmp/tmpih2ehagf/pre.jsonl sha256=1cce6942ac5cd181affa5474b266cdebfa111b0fcc7b1e23ff0d7afeef162500
[CANON_ALIGN_PRE] step=0 verdict=PASS N_action=3 bounds=[('S_decode_vs_S_prefill', 0), ('S_prefill_vs_T_old', 0)]
.[P57.TITO.ACTOR_SNAPSHOT_REQUEST] PASS step=0 categories=first-any max_abs=0.2 sha256=9aae2a467a62a6b273d7baf0b55ee2f70ca6b7b24fdb3d90c1cb1dd5f857b088 path=/tmp/tmpduu56x2r/p57_tito_witness/actor-snapshot-requests/step-000000.json
[P57.TITO.ACTOR_SNAPSHOT_REQUEST] PASS step=1 categories=first-ge-1 max_abs=2.0 sha256=539d3dfe20869b5aaa7493ae636500e18134ef433c227f8f325771f2378b8429 path=/tmp/tmpduu56x2r/p57_tito_witness/actor-snapshot-requests/step-000001.json
[P57.TITO.ACTOR_SNAPSHOT_REQUEST] PASS step=2 categories=first-ge-8 max_abs=9.0 sha256=d0bdce0bafb957a1d0d48927413bdb6a77bbf6eae425add5d5d4c3f1e147aaa7 path=/tmp/tmpduu56x2r/p57_tito_witness/actor-snapshot-requests/step-000002.json
[P57.TITO.ACTOR_SNAPSHOT_REQUEST] PASS step=3 categories=first-ge-32 max_abs=33.0 sha256=c96fe8f37ddf59db8d73d4619e06ad174419099701fa00e26b22576a2454969c path=/tmp/tmpduu56x2r/p57_tito_witness/actor-snapshot-requests/step-000003.json
.[P57.TITO.ACTOR_SNAPSHOT] status=PASS step=5 categories=first-any,first-ge-1,first-ge-8 optimizer_included=0 resumable=0 latest_step=5 save_seconds=0.000039 receipt_sha256=a0ccba4613bc23be0aae959ff90ace3a1278cbb99a7204d230b87f45309af859
..[P57.TITO.ACTOR_SNAPSHOT] status=PASS step=5 categories=first-any,first-ge-1,first-ge-8 optimizer_included=0 resumable=0 latest_step=5 save_seconds=0.000041 receipt_sha256=46cf3fb4f044d753608c457df3120f05391adf7f9d7ff97fc395835e556cea1d
.[P57.TITO.ORBAX_PROBE] PASS workload=p45 dp=4 tp=8 restored_equal=1 root_sha256=476845a21c2155330471259fca46b517a57ad8a327925ef9efc8b608ad9afb72
Traceback (most recent call last):
  File "/home/yuxuan/code_rl_repro/worktrees/gemma4_e2b_default_three_arm_0911/tunix/rl/agentic/token_continuity.py", line 522, in run_tito_orbax_admission_probe
    raise RuntimeError("Orbax admission probe restore differs")
RuntimeError: Orbax admission probe restore differs
[P57.TITO.ORBAX_PROBE] FAIL workload=p45 dp=4 tp=8 restored_equal=0 root_sha256=476845a21c2155330471259fca46b517a57ad8a327925ef9efc8b608ad9afb72
.............[P57.TITO.ORBAX_PROBE] PASS workload=p45 dp=8 tp=8 restored_equal=1 root_sha256=476845a21c2155330471259fca46b517a57ad8a327925ef9efc8b608ad9afb72
Traceback (most recent call last):
  File "/home/yuxuan/code_rl_repro/worktrees/gemma4_e2b_default_three_arm_0911/tunix/rl/agentic/token_continuity.py", line 522, in run_tito_orbax_admission_probe
    raise RuntimeError("Orbax admission probe restore differs")
RuntimeError: Orbax admission probe restore differs
[P57.TITO.ORBAX_PROBE] FAIL workload=p45 dp=8 tp=8 restored_equal=0 root_sha256=476845a21c2155330471259fca46b517a57ad8a327925ef9efc8b608ad9afb72
.....[P57.TITO.SINGLE_WRITER] PASS workload=p45 dp=8 tp=8 pid=9 path=/tmp/tmpxr0n9s9x/p57_tito_witness/single-writer.json
.[P57.TITO.SINGLE_WRITER] PASS workload=p45 dp=1 tp=4 pid=9 path=/tmp/tmpcb5nd02u/p57_tito_witness/single-writer.json
..[P57.TITO.SINGLE_WRITER] PASS workload=p45 dp=1 tp=4 pid=9 path=/tmp/tmpw_uojo4e/p57_tito_witness/single-writer.json
[P57.TITO.FIRST_UPDATE_TOKEN_GATE] PASS step=0 rows=2 different_rows=0 continue_training=1
[P57.TITO.FIRST_UPDATE_TOKEN_GATE] OBSERVED_DIFFERENT step=0 rows=1 different_rows=1 continue_training=1
...............................................................................................................................
----------------------------------------------------------------------
Ran 263 tests in 19.605s

OK
[P57.JOBSET] RENDERED arm=zero path=/tmp/tmp0ucekj7y/rendered/p45/jobset-p57-frozenlake-zero-tito-diagnostic.yaml
[P57.JOBSET] RENDERED arm=zero path=/tmp/tmp0ucekj7y/rendered/m15/jobset-p57-frozenlake-zero-m15-main-tito-diagnostic.yaml
[P57.JOBSET] RENDERED arm=zero path=/tmp/tmpiyoaj9jz/rendered/p45/jobset-p57-frozenlake-zero-tito-diagnostic.yaml
[P57.JOBSET] RENDERED arm=zero path=/tmp/tmpiyoaj9jz/rendered/m15/jobset-p57-frozenlake-zero-m15-main-tito-diagnostic.yaml
P57_FROZENLAKE_TIM_CPU_PASS
