2026-09-15T22:19:16.397720380Z [V2.REDUCE_ONCE.LAZY_ACCUMULATOR] enabled=1 leaves=0 logical_bytes=0 state=empty host_transfers=0
2026-09-15T23:02:31.209760922Z INFO:absl:[CANON_ALIGN] attached host sidecar rows=128 completion_width=16384
2026-09-15T23:02:31.352399249Z [CANON_P34_DP8] trajectory_microbatch total=128 size=8 chunks=16 grad_acc=16 segmented=1
2026-09-15T23:02:31.353716849Z [CANON_P34_DP8] accumulator_contract_ready trajectories=128 micro=8 groups=16 gradient_accumulation_steps=16
2026-09-15T23:02:31.622969453Z [P41.OPTIMIZER] before_reverse placement=device-resident memory_kind=device
2026-09-15T23:02:31.897696587Z [P32.LENGTH_SORT] enabled=1 rows=128 dp=8 groups=16 permutation_sha256=d01f0ba45b331b6e58ad654febe7555ebfb1f769d16765d81f24ea30f985d53f
2026-09-15T23:09:09.310145809Z [P33.DP8] staged_accumulate_done group=1/16 rows=(0, 16, 32, 48, 64, 80, 96, 112) rank_contributions=8 pullback_invocations=1 initial_cache_cotangent_nonzero=0
2026-09-15T23:11:37.977381691Z [V2.REDUCE_ONCE.REPORT_ACCUMULATE] enabled=1 group=2/16 leaves=398 buckets=1 executables=1 peak_local_bytes=2011920384 device_dependencies=0 host_transfers=0
2026-09-15T23:11:37.979440062Z [P33.DP8] staged_accumulate_done group=2/16 rows=(1, 17, 33, 49, 65, 81, 97, 113) rank_contributions=8 pullback_invocations=1 initial_cache_cotangent_nonzero=0
2026-09-15T23:11:46.664042375Z [V2.REDUCE_ONCE.REPORT_ACCUMULATE] enabled=1 group=3/16 leaves=398 buckets=1 executables=1 peak_local_bytes=2011920384 device_dependencies=0 host_transfers=0
2026-09-15T23:11:46.665719455Z [P33.DP8] staged_accumulate_done group=3/16 rows=(2, 18, 34, 50, 66, 82, 98, 114) rank_contributions=8 pullback_invocations=1 initial_cache_cotangent_nonzero=0
2026-09-15T23:11:54.080791218Z [V2.REDUCE_ONCE.REPORT_ACCUMULATE] enabled=1 group=4/16 leaves=398 buckets=1 executables=1 peak_local_bytes=2011920384 device_dependencies=0 host_transfers=0
2026-09-15T23:11:54.082888238Z [P33.DP8] staged_accumulate_done group=4/16 rows=(3, 19, 35, 51, 67, 83, 99, 115) rank_contributions=8 pullback_invocations=1 initial_cache_cotangent_nonzero=0
2026-09-15T23:12:01.065178780Z [V2.REDUCE_ONCE.REPORT_ACCUMULATE] enabled=1 group=5/16 leaves=398 buckets=1 executables=1 peak_local_bytes=2011920384 device_dependencies=0 host_transfers=0
2026-09-15T23:12:01.066842320Z [P33.DP8] staged_accumulate_done group=5/16 rows=(4, 20, 36, 52, 68, 84, 100, 116) rank_contributions=8 pullback_invocations=1 initial_cache_cotangent_nonzero=0
2026-09-15T23:12:07.442238926Z [V2.REDUCE_ONCE.REPORT_ACCUMULATE] enabled=1 group=6/16 leaves=398 buckets=1 executables=1 peak_local_bytes=2011920384 device_dependencies=0 host_transfers=0
2026-09-15T23:12:07.443798106Z [P33.DP8] staged_accumulate_done group=6/16 rows=(5, 21, 37, 53, 69, 85, 101, 117) rank_contributions=8 pullback_invocations=1 initial_cache_cotangent_nonzero=0
2026-09-15T23:12:13.475793790Z [V2.REDUCE_ONCE.REPORT_ACCUMULATE] enabled=1 group=7/16 leaves=398 buckets=1 executables=1 peak_local_bytes=2011920384 device_dependencies=0 host_transfers=0
2026-09-15T23:12:13.477467690Z [P33.DP8] staged_accumulate_done group=7/16 rows=(6, 22, 38, 54, 70, 86, 102, 118) rank_contributions=8 pullback_invocations=1 initial_cache_cotangent_nonzero=0
2026-09-15T23:12:19.334542037Z [V2.REDUCE_ONCE.REPORT_ACCUMULATE] enabled=1 group=8/16 leaves=398 buckets=1 executables=1 peak_local_bytes=2011920384 device_dependencies=0 host_transfers=0
2026-09-15T23:12:19.336069268Z [P33.DP8] staged_accumulate_done group=8/16 rows=(7, 23, 39, 55, 71, 87, 103, 119) rank_contributions=8 pullback_invocations=1 initial_cache_cotangent_nonzero=0
2026-09-15T23:12:24.880848852Z [V2.REDUCE_ONCE.REPORT_ACCUMULATE] enabled=1 group=9/16 leaves=398 buckets=1 executables=1 peak_local_bytes=2011920384 device_dependencies=0 host_transfers=0
2026-09-15T23:12:24.882878762Z [P33.DP8] staged_accumulate_done group=9/16 rows=(8, 24, 40, 56, 72, 88, 104, 120) rank_contributions=8 pullback_invocations=1 initial_cache_cotangent_nonzero=0
2026-09-15T23:12:30.057641295Z [V2.REDUCE_ONCE.REPORT_ACCUMULATE] enabled=1 group=10/16 leaves=398 buckets=1 executables=1 peak_local_bytes=2011920384 device_dependencies=0 host_transfers=0
2026-09-15T23:12:30.059087226Z [P33.DP8] staged_accumulate_done group=10/16 rows=(9, 25, 41, 57, 73, 89, 105, 121) rank_contributions=8 pullback_invocations=1 initial_cache_cotangent_nonzero=0
2026-09-15T23:12:34.888126516Z [V2.REDUCE_ONCE.REPORT_ACCUMULATE] enabled=1 group=11/16 leaves=398 buckets=1 executables=1 peak_local_bytes=2011920384 device_dependencies=0 host_transfers=0
2026-09-15T23:12:34.890010696Z [P33.DP8] staged_accumulate_done group=11/16 rows=(10, 26, 42, 58, 74, 90, 106, 122) rank_contributions=8 pullback_invocations=1 initial_cache_cotangent_nonzero=0
2026-09-15T23:12:39.403250795Z [V2.REDUCE_ONCE.REPORT_ACCUMULATE] enabled=1 group=12/16 leaves=398 buckets=1 executables=1 peak_local_bytes=2011920384 device_dependencies=0 host_transfers=0
2026-09-15T23:12:39.404767564Z [P33.DP8] staged_accumulate_done group=12/16 rows=(11, 27, 43, 59, 75, 91, 107, 123) rank_contributions=8 pullback_invocations=1 initial_cache_cotangent_nonzero=0
2026-09-15T23:12:43.715921987Z [V2.REDUCE_ONCE.REPORT_ACCUMULATE] enabled=1 group=13/16 leaves=398 buckets=1 executables=1 peak_local_bytes=2011920384 device_dependencies=0 host_transfers=0
2026-09-15T23:12:43.718484637Z [P33.DP8] staged_accumulate_done group=13/16 rows=(12, 28, 44, 60, 76, 92, 108, 124) rank_contributions=8 pullback_invocations=1 initial_cache_cotangent_nonzero=0
2026-09-15T23:12:47.690250397Z [V2.REDUCE_ONCE.REPORT_ACCUMULATE] enabled=1 group=14/16 leaves=398 buckets=1 executables=1 peak_local_bytes=2011920384 device_dependencies=0 host_transfers=0
2026-09-15T23:12:47.691551747Z [P33.DP8] staged_accumulate_done group=14/16 rows=(13, 29, 45, 61, 77, 93, 109, 125) rank_contributions=8 pullback_invocations=1 initial_cache_cotangent_nonzero=0
2026-09-15T23:12:51.213109108Z [V2.REDUCE_ONCE.REPORT_ACCUMULATE] enabled=1 group=15/16 leaves=398 buckets=1 executables=1 peak_local_bytes=2011920384 device_dependencies=0 host_transfers=0
2026-09-15T23:12:51.215348828Z [P33.DP8] staged_accumulate_done group=15/16 rows=(14, 30, 46, 62, 78, 94, 110, 126) rank_contributions=8 pullback_invocations=1 initial_cache_cotangent_nonzero=0
2026-09-15T23:12:52.692007974Z [V2.REDUCE_ONCE.REPORT_ACCUMULATE] enabled=1 group=16/16 leaves=398 buckets=1 executables=1 peak_local_bytes=2011920384 device_dependencies=0 host_transfers=0
2026-09-15T23:12:52.694042974Z [P33.DP8] staged_accumulate_done group=16/16 rows=(15, 31, 47, 63, 79, 95, 111, 127) rank_contributions=8 pullback_invocations=1 initial_cache_cotangent_nonzero=0
2026-09-15T23:14:24.236618787Z [CANON_ALIGN] step=0 verdict=PASS N_action=32154 bounds=[('S_decode_vs_S_prefill', 0), ('S_prefill_vs_T_old', 0), ('T_old_vs_T_current', 0)] w/r/wr={'w_all_exactly_1': True, 'r_all_exactly_1': True, 'wr_all_exactly_1': True} clip=0 tis=0 grad_norm=0
2026-09-15T23:14:24.259119946Z [CANON_ALIGN] step=1 verdict=PASS N_action=31917 bounds=[('S_decode_vs_S_prefill', 0), ('S_prefill_vs_T_old', 0), ('T_old_vs_T_current', 0)] w/r/wr={'w_all_exactly_1': True, 'r_all_exactly_1': True, 'wr_all_exactly_1': True} clip=0 tis=0 grad_norm=0
2026-09-15T23:14:24.280040656Z [CANON_ALIGN] step=2 verdict=PASS N_action=33718 bounds=[('S_decode_vs_S_prefill', 0), ('S_prefill_vs_T_old', 0), ('T_old_vs_T_current', 0)] w/r/wr={'w_all_exactly_1': True, 'r_all_exactly_1': True, 'wr_all_exactly_1': True} clip=0 tis=0 grad_norm=0
2026-09-15T23:14:24.301050185Z [CANON_ALIGN] step=3 verdict=PASS N_action=28295 bounds=[('S_decode_vs_S_prefill', 0), ('S_prefill_vs_T_old', 0), ('T_old_vs_T_current', 0)] w/r/wr={'w_all_exactly_1': True, 'r_all_exactly_1': True, 'wr_all_exactly_1': True} clip=0 tis=0 grad_norm=0
2026-09-15T23:14:24.321603885Z [CANON_ALIGN] step=4 verdict=PASS N_action=28853 bounds=[('S_decode_vs_S_prefill', 0), ('S_prefill_vs_T_old', 0), ('T_old_vs_T_current', 0)] w/r/wr={'w_all_exactly_1': True, 'r_all_exactly_1': True, 'wr_all_exactly_1': True} clip=0 tis=0 grad_norm=0.284777
2026-09-15T23:14:24.341530184Z [CANON_ALIGN] step=5 verdict=PASS N_action=28998 bounds=[('S_decode_vs_S_prefill', 0), ('S_prefill_vs_T_old', 0), ('T_old_vs_T_current', 0)] w/r/wr={'w_all_exactly_1': True, 'r_all_exactly_1': True, 'wr_all_exactly_1': True} clip=0 tis=0 grad_norm=0
2026-09-15T23:14:24.361234664Z [CANON_ALIGN] step=6 verdict=PASS N_action=29335 bounds=[('S_decode_vs_S_prefill', 0), ('S_prefill_vs_T_old', 0), ('T_old_vs_T_current', 0)] w/r/wr={'w_all_exactly_1': True, 'r_all_exactly_1': True, 'wr_all_exactly_1': True} clip=0 tis=0 grad_norm=0.271963
2026-09-15T23:14:24.381817693Z [CANON_ALIGN] step=7 verdict=PASS N_action=25782 bounds=[('S_decode_vs_S_prefill', 0), ('S_prefill_vs_T_old', 0), ('T_old_vs_T_current', 0)] w/r/wr={'w_all_exactly_1': True, 'r_all_exactly_1': True, 'wr_all_exactly_1': True} clip=0 tis=0 grad_norm=1.01317
2026-09-15T23:14:24.401821473Z [CANON_ALIGN] step=8 verdict=PASS N_action=24560 bounds=[('S_decode_vs_S_prefill', 0), ('S_prefill_vs_T_old', 0), ('T_old_vs_T_current', 0)] w/r/wr={'w_all_exactly_1': True, 'r_all_exactly_1': True, 'wr_all_exactly_1': True} clip=0 tis=0 grad_norm=0.726196
2026-09-15T23:14:24.421989683Z [CANON_ALIGN] step=9 verdict=PASS N_action=23316 bounds=[('S_decode_vs_S_prefill', 0), ('S_prefill_vs_T_old', 0), ('T_old_vs_T_current', 0)] w/r/wr={'w_all_exactly_1': True, 'r_all_exactly_1': True, 'wr_all_exactly_1': True} clip=0 tis=0 grad_norm=0
2026-09-15T23:14:24.441831072Z [CANON_ALIGN] step=10 verdict=PASS N_action=21546 bounds=[('S_decode_vs_S_prefill', 0), ('S_prefill_vs_T_old', 0), ('T_old_vs_T_current', 0)] w/r/wr={'w_all_exactly_1': True, 'r_all_exactly_1': True, 'wr_all_exactly_1': True} clip=0 tis=0 grad_norm=0.636027
2026-09-15T23:14:24.462266072Z [CANON_ALIGN] step=11 verdict=PASS N_action=20859 bounds=[('S_decode_vs_S_prefill', 0), ('S_prefill_vs_T_old', 0), ('T_old_vs_T_current', 0)] w/r/wr={'w_all_exactly_1': True, 'r_all_exactly_1': True, 'wr_all_exactly_1': True} clip=0 tis=0 grad_norm=0.237379
2026-09-15T23:14:24.482379481Z [CANON_ALIGN] step=12 verdict=PASS N_action=19539 bounds=[('S_decode_vs_S_prefill', 0), ('S_prefill_vs_T_old', 0), ('T_old_vs_T_current', 0)] w/r/wr={'w_all_exactly_1': True, 'r_all_exactly_1': True, 'wr_all_exactly_1': True} clip=0 tis=0 grad_norm=0.207439
2026-09-15T23:14:24.502129171Z [CANON_ALIGN] step=13 verdict=PASS N_action=17464 bounds=[('S_decode_vs_S_prefill', 0), ('S_prefill_vs_T_old', 0), ('T_old_vs_T_current', 0)] w/r/wr={'w_all_exactly_1': True, 'r_all_exactly_1': True, 'wr_all_exactly_1': True} clip=0 tis=0 grad_norm=0.243765
2026-09-15T23:14:24.521505580Z [CANON_ALIGN] step=14 verdict=PASS N_action=13831 bounds=[('S_decode_vs_S_prefill', 0), ('S_prefill_vs_T_old', 0), ('T_old_vs_T_current', 0)] w/r/wr={'w_all_exactly_1': True, 'r_all_exactly_1': True, 'wr_all_exactly_1': True} clip=0 tis=0 grad_norm=0.306444
2026-09-15T23:14:24.539909220Z [CANON_ALIGN] step=15 verdict=PASS N_action=6174 bounds=[('S_decode_vs_S_prefill', 0), ('S_prefill_vs_T_old', 0), ('T_old_vs_T_current', 0)] w/r/wr={'w_all_exactly_1': True, 'r_all_exactly_1': True, 'wr_all_exactly_1': True} clip=0 tis=0 grad_norm=0
2026-09-15T23:15:33.700299678Z [V2.REDUCE_ONCE.ACCUMULATOR_RESET] enabled=1 leaves=398 transition=committed-to-empty retired_handles=398 remaining_leaves=0 host_transfers=0
2026-09-15T23:15:33.734465927Z [P41.OPTIMIZER] after_commit placement=device-resident memory_kind=device
2026-09-15T23:15:33.734747537Z [CANON_P34_DP8] update_step_committed train_steps=1
2026-09-15T23:15:33.907159023Z [CANON_P34_DP8] post_update_snapshot verdict=PASS model_changed=12 optimizer_changed=12 parameter_changed_elements=3656885131 effective_lr=9.999999974752427e-07 reference_changed=0
2026-09-15T23:15:41.707985577Z [P28.G6] weight_sync_committed count=1 policy_version=1 global_steps=1
2026-09-15T23:54:43.770536823Z INFO:absl:[CANON_ALIGN] attached host sidecar rows=128 completion_width=16384
2026-09-15T23:54:43.909930320Z [CANON_P34_DP8] trajectory_microbatch total=128 size=8 chunks=16 grad_acc=16 segmented=1
2026-09-15T23:54:43.911154550Z [CANON_P34_DP8] accumulator_contract_ready trajectories=128 micro=8 groups=16 gradient_accumulation_steps=16
2026-09-15T23:54:44.057562557Z [P41.OPTIMIZER] before_reverse placement=device-resident memory_kind=device
2026-09-15T23:54:44.065103876Z [P32.LENGTH_SORT] enabled=1 rows=128 dp=8 groups=16 permutation_sha256=861e8c011b33adbdd5a41d394603691408a9777f80f2092deb62e8099d56c1b4
2026-09-15T23:55:06.525928409Z [P33.DP8] staged_accumulate_done group=1/16 rows=(0, 16, 32, 48, 64, 80, 96, 112) rank_contributions=8 pullback_invocations=1 initial_cache_cotangent_nonzero=0
2026-09-15T23:55:16.409980881Z [V2.REDUCE_ONCE.REPORT_ACCUMULATE] enabled=1 group=2/16 leaves=398 buckets=1 executables=1 peak_local_bytes=2011920384 device_dependencies=0 host_transfers=0
2026-09-15T23:55:16.411683161Z [P33.DP8] staged_accumulate_done group=2/16 rows=(1, 17, 33, 49, 65, 81, 97, 113) rank_contributions=8 pullback_invocations=1 initial_cache_cotangent_nonzero=0
2026-09-15T23:55:25.012339883Z [V2.REDUCE_ONCE.REPORT_ACCUMULATE] enabled=1 group=3/16 leaves=398 buckets=1 executables=1 peak_local_bytes=2011920384 device_dependencies=0 host_transfers=0
2026-09-15T23:55:25.013778933Z [P33.DP8] staged_accumulate_done group=3/16 rows=(2, 18, 34, 50, 66, 82, 98, 114) rank_contributions=8 pullback_invocations=1 initial_cache_cotangent_nonzero=0
2026-09-15T23:55:33.453465679Z [V2.REDUCE_ONCE.REPORT_ACCUMULATE] enabled=1 group=4/16 leaves=398 buckets=1 executables=1 peak_local_bytes=2011920384 device_dependencies=0 host_transfers=0
2026-09-15T23:55:33.455028058Z [P33.DP8] staged_accumulate_done group=4/16 rows=(3, 19, 35, 51, 67, 83, 99, 115) rank_contributions=8 pullback_invocations=1 initial_cache_cotangent_nonzero=0
2026-09-15T23:55:40.662341972Z [V2.REDUCE_ONCE.REPORT_ACCUMULATE] enabled=1 group=5/16 leaves=398 buckets=1 executables=1 peak_local_bytes=2011920384 device_dependencies=0 host_transfers=0
2026-09-15T23:55:40.663754522Z [P33.DP8] staged_accumulate_done group=5/16 rows=(4, 20, 36, 52, 68, 84, 100, 116) rank_contributions=8 pullback_invocations=1 initial_cache_cotangent_nonzero=0
2026-09-15T23:55:47.447188106Z [V2.REDUCE_ONCE.REPORT_ACCUMULATE] enabled=1 group=6/16 leaves=398 buckets=1 executables=1 peak_local_bytes=2011920384 device_dependencies=0 host_transfers=0
2026-09-15T23:55:47.448727546Z [P33.DP8] staged_accumulate_done group=6/16 rows=(5, 21, 37, 53, 69, 85, 101, 117) rank_contributions=8 pullback_invocations=1 initial_cache_cotangent_nonzero=0
2026-09-15T23:55:53.807744409Z [V2.REDUCE_ONCE.REPORT_ACCUMULATE] enabled=1 group=7/16 leaves=398 buckets=1 executables=1 peak_local_bytes=2011920384 device_dependencies=0 host_transfers=0
2026-09-15T23:55:53.809284930Z [P33.DP8] staged_accumulate_done group=7/16 rows=(6, 22, 38, 54, 70, 86, 102, 118) rank_contributions=8 pullback_invocations=1 initial_cache_cotangent_nonzero=0
2026-09-15T23:55:59.878313799Z [V2.REDUCE_ONCE.REPORT_ACCUMULATE] enabled=1 group=8/16 leaves=398 buckets=1 executables=1 peak_local_bytes=2011920384 device_dependencies=0 host_transfers=0
2026-09-15T23:55:59.879803010Z [P33.DP8] staged_accumulate_done group=8/16 rows=(7, 23, 39, 55, 71, 87, 103, 119) rank_contributions=8 pullback_invocations=1 initial_cache_cotangent_nonzero=0
2026-09-15T23:56:05.719342945Z [V2.REDUCE_ONCE.REPORT_ACCUMULATE] enabled=1 group=9/16 leaves=398 buckets=1 executables=1 peak_local_bytes=2011920384 device_dependencies=0 host_transfers=0
2026-09-15T23:56:05.721212925Z [P33.DP8] staged_accumulate_done group=9/16 rows=(8, 24, 40, 56, 72, 88, 104, 120) rank_contributions=8 pullback_invocations=1 initial_cache_cotangent_nonzero=0
2026-09-15T23:56:11.347217395Z [V2.REDUCE_ONCE.REPORT_ACCUMULATE] enabled=1 group=10/16 leaves=398 buckets=1 executables=1 peak_local_bytes=2011920384 device_dependencies=0 host_transfers=0
2026-09-15T23:56:11.348881705Z [P33.DP8] staged_accumulate_done group=10/16 rows=(9, 25, 41, 57, 73, 89, 105, 121) rank_contributions=8 pullback_invocations=1 initial_cache_cotangent_nonzero=0
2026-09-15T23:56:16.759540581Z [V2.REDUCE_ONCE.REPORT_ACCUMULATE] enabled=1 group=11/16 leaves=398 buckets=1 executables=1 peak_local_bytes=2011920384 device_dependencies=0 host_transfers=0
2026-09-15T23:56:16.761233170Z [P33.DP8] staged_accumulate_done group=11/16 rows=(10, 26, 42, 58, 74, 90, 106, 122) rank_contributions=8 pullback_invocations=1 initial_cache_cotangent_nonzero=0
2026-09-15T23:56:21.952581531Z [V2.REDUCE_ONCE.REPORT_ACCUMULATE] enabled=1 group=12/16 leaves=398 buckets=1 executables=1 peak_local_bytes=2011920384 device_dependencies=0 host_transfers=0
2026-09-15T23:56:21.954084661Z [P33.DP8] staged_accumulate_done group=12/16 rows=(11, 27, 43, 59, 75, 91, 107, 123) rank_contributions=8 pullback_invocations=1 initial_cache_cotangent_nonzero=0
2026-09-15T23:56:26.801088329Z [V2.REDUCE_ONCE.REPORT_ACCUMULATE] enabled=1 group=13/16 leaves=398 buckets=1 executables=1 peak_local_bytes=2011920384 device_dependencies=0 host_transfers=0
2026-09-15T23:56:26.803208009Z [P33.DP8] staged_accumulate_done group=13/16 rows=(12, 28, 44, 60, 76, 92, 108, 124) rank_contributions=8 pullback_invocations=1 initial_cache_cotangent_nonzero=0
2026-09-15T23:56:31.213165188Z [V2.REDUCE_ONCE.REPORT_ACCUMULATE] enabled=1 group=14/16 leaves=398 buckets=1 executables=1 peak_local_bytes=2011920384 device_dependencies=0 host_transfers=0
2026-09-15T23:56:31.214704437Z [P33.DP8] staged_accumulate_done group=14/16 rows=(13, 29, 45, 61, 77, 93, 109, 125) rank_contributions=8 pullback_invocations=1 initial_cache_cotangent_nonzero=0
2026-09-15T23:56:35.317355213Z [V2.REDUCE_ONCE.REPORT_ACCUMULATE] enabled=1 group=15/16 leaves=398 buckets=1 executables=1 peak_local_bytes=2011920384 device_dependencies=0 host_transfers=0
2026-09-15T23:56:35.318951543Z [P33.DP8] staged_accumulate_done group=15/16 rows=(14, 30, 46, 62, 78, 94, 110, 126) rank_contributions=8 pullback_invocations=1 initial_cache_cotangent_nonzero=0
2026-09-15T23:56:37.047711323Z [V2.REDUCE_ONCE.REPORT_ACCUMULATE] enabled=1 group=16/16 leaves=398 buckets=1 executables=1 peak_local_bytes=2011920384 device_dependencies=0 host_transfers=0
2026-09-15T23:56:37.049618333Z [P33.DP8] staged_accumulate_done group=16/16 rows=(15, 31, 47, 63, 79, 95, 111, 127) rank_contributions=8 pullback_invocations=1 initial_cache_cotangent_nonzero=0
2026-09-15T23:56:42.087984477Z [CANON_ALIGN] step=16 verdict=PASS N_action=35328 bounds=[('S_decode_vs_S_prefill', 0), ('S_prefill_vs_T_old', 0), ('T_old_vs_T_current', 0)] w/r/wr={'w_all_exactly_1': True, 'r_all_exactly_1': True, 'wr_all_exactly_1': True} clip=0 tis=0 grad_norm=0
2026-09-15T23:56:42.113266246Z [CANON_ALIGN] step=17 verdict=PASS N_action=44513 bounds=[('S_decode_vs_S_prefill', 0), ('S_prefill_vs_T_old', 0), ('T_old_vs_T_current', 0)] w/r/wr={'w_all_exactly_1': True, 'r_all_exactly_1': True, 'wr_all_exactly_1': True} clip=0 tis=0 grad_norm=1.41688
2026-09-15T23:56:42.136080626Z [CANON_ALIGN] step=18 verdict=PASS N_action=30477 bounds=[('S_decode_vs_S_prefill', 0), ('S_prefill_vs_T_old', 0), ('T_old_vs_T_current', 0)] w/r/wr={'w_all_exactly_1': True, 'r_all_exactly_1': True, 'wr_all_exactly_1': True} clip=0 tis=0 grad_norm=0.109538
2026-09-15T23:56:42.158730855Z [CANON_ALIGN] step=19 verdict=PASS N_action=31196 bounds=[('S_decode_vs_S_prefill', 0), ('S_prefill_vs_T_old', 0), ('T_old_vs_T_current', 0)] w/r/wr={'w_all_exactly_1': True, 'r_all_exactly_1': True, 'wr_all_exactly_1': True} clip=0 tis=0 grad_norm=0.232709
2026-09-15T23:56:42.180936115Z [CANON_ALIGN] step=20 verdict=PASS N_action=30652 bounds=[('S_decode_vs_S_prefill', 0), ('S_prefill_vs_T_old', 0), ('T_old_vs_T_current', 0)] w/r/wr={'w_all_exactly_1': True, 'r_all_exactly_1': True, 'wr_all_exactly_1': True} clip=0 tis=0 grad_norm=0.82476
2026-09-15T23:56:42.203280624Z [CANON_ALIGN] step=21 verdict=PASS N_action=25700 bounds=[('S_decode_vs_S_prefill', 0), ('S_prefill_vs_T_old', 0), ('T_old_vs_T_current', 0)] w/r/wr={'w_all_exactly_1': True, 'r_all_exactly_1': True, 'wr_all_exactly_1': True} clip=0 tis=0 grad_norm=0.191096
2026-09-15T23:56:42.225715174Z [CANON_ALIGN] step=22 verdict=PASS N_action=29101 bounds=[('S_decode_vs_S_prefill', 0), ('S_prefill_vs_T_old', 0), ('T_old_vs_T_current', 0)] w/r/wr={'w_all_exactly_1': True, 'r_all_exactly_1': True, 'wr_all_exactly_1': True} clip=0 tis=0 grad_norm=0.147464
2026-09-15T23:56:42.246231223Z [CANON_ALIGN] step=23 verdict=PASS N_action=27167 bounds=[('S_decode_vs_S_prefill', 0), ('S_prefill_vs_T_old', 0), ('T_old_vs_T_current', 0)] w/r/wr={'w_all_exactly_1': True, 'r_all_exactly_1': True, 'wr_all_exactly_1': True} clip=0 tis=0 grad_norm=0
2026-09-15T23:56:42.266508253Z [CANON_ALIGN] step=24 verdict=PASS N_action=24148 bounds=[('S_decode_vs_S_prefill', 0), ('S_prefill_vs_T_old', 0), ('T_old_vs_T_current', 0)] w/r/wr={'w_all_exactly_1': True, 'r_all_exactly_1': True, 'wr_all_exactly_1': True} clip=0 tis=0 grad_norm=0.131786
2026-09-15T23:56:42.288300012Z [CANON_ALIGN] step=25 verdict=PASS N_action=23339 bounds=[('S_decode_vs_S_prefill', 0), ('S_prefill_vs_T_old', 0), ('T_old_vs_T_current', 0)] w/r/wr={'w_all_exactly_1': True, 'r_all_exactly_1': True, 'wr_all_exactly_1': True} clip=0 tis=0 grad_norm=0.067455
2026-09-15T23:56:42.308862172Z [CANON_ALIGN] step=26 verdict=PASS N_action=25768 bounds=[('S_decode_vs_S_prefill', 0), ('S_prefill_vs_T_old', 0), ('T_old_vs_T_current', 0)] w/r/wr={'w_all_exactly_1': True, 'r_all_exactly_1': True, 'wr_all_exactly_1': True} clip=0 tis=0 grad_norm=0.112905
2026-09-15T23:56:42.328828831Z [CANON_ALIGN] step=27 verdict=PASS N_action=21769 bounds=[('S_decode_vs_S_prefill', 0), ('S_prefill_vs_T_old', 0), ('T_old_vs_T_current', 0)] w/r/wr={'w_all_exactly_1': True, 'r_all_exactly_1': True, 'wr_all_exactly_1': True} clip=0 tis=0 grad_norm=0.142045
2026-09-15T23:56:42.349828111Z [CANON_ALIGN] step=28 verdict=PASS N_action=21400 bounds=[('S_decode_vs_S_prefill', 0), ('S_prefill_vs_T_old', 0), ('T_old_vs_T_current', 0)] w/r/wr={'w_all_exactly_1': True, 'r_all_exactly_1': True, 'wr_all_exactly_1': True} clip=0 tis=0 grad_norm=0.786283
2026-09-15T23:56:42.368817480Z [CANON_ALIGN] step=29 verdict=PASS N_action=14176 bounds=[('S_decode_vs_S_prefill', 0), ('S_prefill_vs_T_old', 0), ('T_old_vs_T_current', 0)] w/r/wr={'w_all_exactly_1': True, 'r_all_exactly_1': True, 'wr_all_exactly_1': True} clip=0 tis=0 grad_norm=0.16437
2026-09-15T23:56:42.387655740Z [CANON_ALIGN] step=30 verdict=PASS N_action=14987 bounds=[('S_decode_vs_S_prefill', 0), ('S_prefill_vs_T_old', 0), ('T_old_vs_T_current', 0)] w/r/wr={'w_all_exactly_1': True, 'r_all_exactly_1': True, 'wr_all_exactly_1': True} clip=0 tis=0 grad_norm=0.160934
2026-09-15T23:56:42.406052260Z [CANON_ALIGN] step=31 verdict=PASS N_action=12561 bounds=[('S_decode_vs_S_prefill', 0), ('S_prefill_vs_T_old', 0), ('T_old_vs_T_current', 0)] w/r/wr={'w_all_exactly_1': True, 'r_all_exactly_1': True, 'wr_all_exactly_1': True} clip=0 tis=0 grad_norm=0.0975066
2026-09-15T23:56:43.526370934Z [V2.REDUCE_ONCE.ACCUMULATOR_RESET] enabled=1 leaves=398 transition=committed-to-empty retired_handles=398 remaining_leaves=0 host_transfers=0
2026-09-15T23:56:43.564019753Z [P41.OPTIMIZER] after_commit placement=device-resident memory_kind=device
2026-09-15T23:56:43.564160743Z [CANON_P34_DP8] update_step_committed train_steps=2
2026-09-15T23:56:43.749245259Z [CANON_P34_DP8] post_update_snapshot verdict=PASS model_changed=12 optimizer_changed=12 parameter_changed_elements=3672054571 effective_lr=9.999999974752427e-07 reference_changed=0
2026-09-15T23:56:53.404425826Z [P28.G6] weight_sync_committed count=1 policy_version=2 global_steps=2
