[P64.NUMERIC] profile_resolved workload=frozenlake-dp8-tp8 dp=8 tp=8 stage=backward-no-commit optimizer_commits=0 capsule_mode=capture
[P64.NUMERIC] profile_resolved workload=frozenlake-dp8-tp8 dp=8 tp=8 stage=backward-no-commit optimizer_commits=0 capsule_mode=capture
2026-08-25 19:53:51 - INFO - [absl] [CANON_ALIGN] attached host sidecar rows=256 completion_width=2048
[CANON_ALIGN_PRE_JSON] {"N_action":46276,"action_geometry":{"max_logical_kv_prefix_length":2884,"min_logical_kv_prefix_length":946,"rows_reaching_1686":43,"valid":true},"admission_policy":{"bounded_ab_only":false,"byte_fraction_limit":0.004,"claim_level":"strict-zero-tim","enabled":false,"id":"gsm8k-full-ab-report-v1","max_abs_limit":0.0001,"stage":"backward-no-commit","warning_boundaries":null,"warning_only":false,"workload":"frozenlake-dp8-tp8"},"all_compact_filtered":false,"blocking_reds":[],"boundaries":{"S_decode_vs_S_prefill":{"byte_fraction":0.0,"differing_bytes":0,"differing_elements":0,"element_fraction":0.0,"finite":true,"first_mismatch":null,"max_abs":0.0,"max_abs_mismatch":null,"mismatches":[],"mismatches_truncated":false,"reported_mismatches":0,"total_bytes":185104,"total_elements":46276,"valid":true},"S_prefill_vs_T_old":{"byte_fraction":0.0,"differing_bytes":0,"differing_elements":0,"element_fraction":0.0,"finite":true,"first_mismatch":null,"max_abs":0.0,"max_abs_mismatch":null,"mismatches":[],"mismatches_truncated":false,"reported_mismatches":0,"total_bytes":185104,"total_elements":46276,"valid":true}},"context":{"bucket":"2048","mesh":"8,8","run_stage":"backward-no-commit","source":"VllmRollout.get_prefill_rescore_logps"},"hashes":{"S_decode":"fcf3bf8a857070061b4a77dd7d1c3bbe93240949e50f311e3662e9f9069c9a20","S_prefill":"7108d59ce7f368d4bd847e4595efb47bcb527040a3c778df81029db7e0baf555","T_old":"7108d59ce7f368d4bd847e4595efb47bcb527040a3c778df81029db7e0baf555","action_mask":"68c3f9d138b662c2983ad817be0509b12966fc90e7490f4f70196e20e379059d","policy_version":"5f70bf18a086007016e948b04aed3b82103a36bea41755b6cddfaf10ace3c6ef","tokens":"8733cb55a55f977a5b233e58b75cb23c395c05953bde6b1fbd0e6fe106179af6"},"masked_hashes":{"S_decode":"9215a7c7dca806973d545a278616bbdc7e3d862613f51cd0d128fdb70a8814bc","S_prefill":"9215a7c7dca806973d545a278616bbdc7e3d862613f51cd0d128fdb70a8814bc","T_old":"9215a7c7dca806973d545a278616bbdc7e3d862613f51cd0d128fdb70a8814bc"},"no_signal_admitted":false,"reds":[],"reported_reds":[],"step":0,"timestamp":1787687631.078419,"verdict":"PASS","warning_reds":[]}
[CANON_ALIGN_PRE_EVIDENCE] path=/tmp/canon-state/canon-p64-p45-num-p64c11-a909fda1/pre_alignment.jsonl sha256=6a494f1d595b517da439e9dda6d35a62d545244f4511fa1bbda8087c1df06ddc
[CANON_ALIGN_PRE] step=0 verdict=PASS N_action=46276 bounds=[('S_decode_vs_S_prefill', 0), ('S_prefill_vs_T_old', 0)]
[P64.CAPSULE] capture_ready path=/tmp/canon-state/canon-p64-p45-num-p64c11-a909fda1/p64_training_capsule.npz sha256=af0dc4fc2f8dfb592682b70f752779b970fe9f47713f7fb0e05a5079d982e041 rows=256 arrays=17 logical_bytes=22551552 certification=strict-prealignment-source
[P64.CAPSULE] model_bound mode=capture capsule_sha256=af0dc4fc2f8dfb592682b70f752779b970fe9f47713f7fb0e05a5079d982e041 binding_sha256=71d7a3775656a4f58762ff97946a0c223dfbe1cef90b8a09a7a49e1129c70053 model_fingerprint_sha256=2ce1a32491755ca6e502839f9bd41c1169f80928c2c76f5963f8f7152e35ac56 sampled_model=1
[P64.NUMERIC] admission workload=frozenlake-dp8-tp8 dp=8 tp=8 global_trajectories=256 local_trajectories=32 global_M=2048 local_M=256 optimizer_commits=0
[P64.NUMERIC] {"advantage_abs_mean":0.20606176555156708,"advantage_max":1.0,"advantage_min":-1.0,"dp":8,"effective_rows":256.0,"expected_accumulator_denominator":32,"expected_streamed_multiplier":0.125,"global_M":2048,"global_trajectories":256,"gradient_groups":32,"is_ratio_max":1.0,"is_ratio_min":1.0,"local_M":256,"local_trajectories":32,"loss":4.656612873077393e-10,"loss_denominator":256.0,"loss_scale":0.00390625,"schema":"canon-p64-loss-scale-v1","stage":"loss_scale","tp":8,"valid_tokens":46276.0}
[P64.NUMERIC] {"all_finite":true,"any_nonzero":true,"first_nonfinite":null,"group":-1,"groups":32,"leaf_count":2,"max_abs":0.01190476305782795,"naive_norm":0.4302809238433838,"naive_norm_finite":true,"nonzero_leaf_count":1,"scaled_sumsq":1306.3597412109375,"schema":"canon-p64-tree-numeric-v1","stable_norm":0.43028101325035095,"stage":"loss_cotangent","top_leaves":[{"leaf":1,"max_abs":0.01190476305782795,"path":"['dlogps']"},{"leaf":0,"max_abs":0.0,"path":"['dentropy']"}],"total_elements":1048576}
[P64.NUMERIC] {"all_finite":true,"any_nonzero":true,"first_nonfinite":null,"first_nonfinite_rank":null,"group":0,"groups":32,"leaf_count":2,"max_abs":0.0057142856530845165,"naive_norm":0.06980957090854645,"naive_norm_finite":true,"nonzero_leaf_count":1,"rank_count":8,"rank_max_abs":[0.0,0.0,0.0,0.0057142856530845165,0.003913894761353731,0.0,0.0006802721763961017,0.0031746034510433674],"scaled_sumsq":149.2471466064453,"schema":"canon-p64-tree-numeric-v1","stable_norm":0.06980957090854645,"stage":"group_input_cotangent","top_leaves":[{"leaf":1,"max_abs":0.0057142856530845165,"path":"['dlogps']"},{"leaf":0,"max_abs":0.0,"path":"['dentropy']"}],"total_elements":32768}
[P64.NUMERIC] {"all_finite":false,"any_nonzero":true,"first_nonfinite":{"leaf":1,"path":"[1]"},"first_nonfinite_rank":{"leaf":1,"path":"[1]","rank":3},"group":0,"groups":32,"leaf_count":399,"max_abs":"nan","naive_norm":"nan","naive_norm_finite":false,"nonzero_leaf_count":399,"rank_count":8,"rank_max_abs":[0.0,0.0,0.0,"nan","nan",0.0,"nan","nan"],"scaled_sumsq":"nan","schema":"canon-p64-tree-numeric-v1","stable_norm":"nan","stage":"engine_vjp","top_leaves":[{"leaf":1,"max_abs":"nan","path":"[1]"},{"leaf":2,"max_abs":"nan","path":"[2]"},{"leaf":3,"max_abs":"nan","path":"[3]"}],"total_elements":65525882880}
[rank0]: Traceback (most recent call last):
[rank0]:   File "<frozen runpy>", line 198, in _run_module_as_main
[rank0]:   File "<frozen runpy>", line 88, in _run_code
[rank0]:   File "/app/examples/frozenlake/train_frozenlake_qwen3.py", line 2067, in <module>
[rank0]:     grpo_trainer.train(
[rank0]:   File "/app/tunix/rl/agentic/agentic_rl_learner.py", line 3145, in train
[rank0]:     segmented_result = self._run_p28_g6_update(
[rank0]:                        ^^^^^^^^^^^^^^^^^^^^^^^^
[rank0]:   File "/app/tunix/rl/agentic/agentic_rl_learner.py", line 1173, in _run_p28_g6_update
[rank0]:     result = adapter.segmented_dp_grpo_value_and_grad(
[rank0]:              ^^^^^^^^^^^^^^^^^^^^^^^^^^^^^^^^^^^^^^^^^
[rank0]:   File "/app/tunix/rl/canonical_qwen3_adapter.py", line 6816, in segmented_dp_grpo_value_and_grad
[rank0]:     one_gradient, report = reverse_reduce_group(index, spec)
[rank0]:                            ^^^^^^^^^^^^^^^^^^^^^^^^^^^^^^^^^
[rank0]:   File "/app/tunix/rl/canonical_qwen3_adapter.py", line 6559, in reverse_reduce_group
[rank0]:     _p62_emit_tree_receipt(
[rank0]:   File "/app/tunix/rl/canonical_qwen3_adapter.py", line 130, in _p62_emit_tree_receipt
[rank0]:     raise FunctionalMappingError(
[rank0]: tunix.rl.canonical_qwen3_adapter.FunctionalMappingError: P64 first non-finite numerical boundary: stage=engine_vjp group=0 first={'leaf': 1, 'path': '[1]'} rank={'rank': 3, 'leaf': 1, 'path': '[1]'}
